10:53:17 [조작] PlaceBook /place_book executor=sim profile=default tray_slots=6 status=/robot/status perception_bridge=True
10:53:17 [시뮬] 관측 자세 손목(관절 7) -59.2° → +30.8° 로 돌림 [SIM_HOME_J7_DEG=+90] (홈은 그대로)
10:53:17 [시뮬] 관측 자세 이동 [0.0, 0.0, 0.1] m: 손 [-0.389, 0.079, 0.573] → [-0.389, 0.079, 0.673], 관절 [2.811, -0.514, 0.102, -2.213, 0.051, 1.701, 0.538] → [2.094, -0.576, 0.563, -1.891, 0.3, 1.397, 0.278] (한계 여유 0.873) [SIM_HOME_SHIFT] (홈은
10:53:43 [FSM] FSM transition completed: PLANNING -> NAV_TO_RETURN
10:53:43 [FSM] Navigation succeeded: Navigation waypoint is already satisfied in simulation.
10:53:43 [FSM] FSM transition completed: NAV_TO_RETURN -> RECEIVE_TRAY
10:53:43 [FSM] FSM transition completed: RECEIVE_TRAY -> SELECT_BOOK
10:53:43 [FSM] FSM transition completed: SELECT_BOOK -> NAV_TO_SHELF
10:54:16 [시뮬] [주행] 도착 (-0.548, +1.225)
10:54:19 [시뮬] [주행] 회전 끝 — **실측** yaw +0.00° (목표 +0.00°)
10:54:20 [FSM] Navigation succeeded: Navigation completed.
10:54:20 [FSM] FSM transition completed: NAV_TO_SHELF -> DETECT_TARGET_SLOT
10:54:20 [조작] 베이스 회전 명령 전송 (목표 yaw +0°, 서가 거리 0.444)
10:54:20 [시뮬] [주행] 도착 (-0.548, +1.225)
10:54:20 [시뮬] 서가 앞면 0.443 m → 목표 0.444 m (앞뒤 -0.001), 서가 중심 팔기준 x -0.417 → 옆으로 -0.417: 차체를 0.417 m 옮긴다
10:54:25 [조작] 베이스 회전 완료
10:54:25 [시뮬] 서가 앞면 실측 0.444 m (목표 0.444), 서가 x 범위 팔기준 -0.71~+0.71
10:54:25 [시뮬] [스윕] 시작 자세 q=[2.811, -0.514, 0.102, -2.213, 0.051, 1.701, -1.033]
10:54:25 [시뮬] [스윕] 판 1.042 (팔기준 z 0.712, 앞면 0.444) 정지점 5/5 여유 0.171 rad 최대변화 0.06 길이 3.95
10:54:25 [시뮬] [스윕] 판 0.498 (팔기준 z 0.168, 앞면 0.444) 정지점 5/5 여유 0.225 rad 최대변화 0.05 길이 2.52
10:54:25 [시뮬] 스윕 시작: 판 [1.042, 0.498], 정지점 10개, 정지 1.2s
10:54:26 [시뮬] [판목록] 레벨 실측 [0.4976, 1.0417, 1.5812, 2.0582, 2.52] · 쓰는 값 [0.497, 0.498, 1.042] · 차이 [-0.3, -0.4, +0.6] mm  (그림자 — 판단은 상수 그대로)
10:54:34 [비전] ROI 밖 책: (0.023, 0.574, 0.394) @arm_base_link
10:54:34 [비전] ROI 밖 책: (-0.625, 0.536, 0.834) @arm_base_link
10:54:34 [비전] ROI 밖 책: (0.062, 0.574, 0.394) @arm_base_link
10:54:34 [비전] ROI 밖 책: (-0.204, 0.534, 0.402) @arm_base_link
10:54:34 [비전] ROI 밖 책: (-0.045, 0.529, 0.393) @arm_base_link
10:54:34 [비전] ROI 밖 책: (-0.071, 0.549, 0.395) @arm_base_link
10:54:34 [비전] ROI 밖 책: (-0.013, 0.578, 0.394) @arm_base_link
10:54:34 [비전] ROI 밖 책 7권 제외 (남은 0권). ROI [-0.4, -0.2, 0.0] ~ [-0.26, 0.4, 0.32] @arm_base_link
10:54:34 [비전] Empty center pixel=(276, 259), shelf_front_z=1.528m; Depth L/C/R=0.432/6.085/2.624m; center-left=5.653m, center-right=3.461m; contrast=PASS
10:54:34 [비전] Empty shelf target: xyz=(-0.562, 1.650, 0.917)
10:54:35 [비전] ROI 밖 책: (-0.057, 0.532, 0.395) @arm_base_link
10:54:35 [비전] ROI 밖 책: (0.316, 0.564, 0.360) @arm_base_link
10:54:35 [비전] ROI 밖 책: (0.058, 0.567, 0.394) @arm_base_link
10:54:35 [비전] ROI 밖 책 3권 제외 (남은 0권). ROI [-0.4, -0.2, 0.0] ~ [-0.26, 0.4, 0.32] @arm_base_link
10:54:35 [비전] ROI 밖 책: (0.484, 0.575, 0.394) @arm_base_link
10:54:35 [비전] ROI 밖 책: (0.333, 0.553, 0.370) @arm_base_link
10:54:35 [비전] ROI 밖 책: (0.368, 0.536, 0.396) @arm_base_link
10:54:35 [비전] ROI 밖 책: (0.407, 0.533, 0.395) @arm_base_link
10:54:35 [비전] ROI 밖 책: (0.191, 0.567, 0.398) @arm_base_link
10:54:35 [비전] ROI 밖 책: (0.177, 0.532, 0.397) @arm_base_link
10:54:35 [비전] ROI 밖 책: (0.134, 0.548, 0.393) @arm_base_link
10:54:35 [비전] ROI 밖 책: (0.095, 0.536, 0.396) @arm_base_link
10:54:35 [비전] ROI 밖 책 8권 제외 (남은 0권). ROI [-0.4, -0.2, 0.0] ~ [-0.26, 0.4, 0.32] @arm_base_link
10:54:37 [비전] ROI 밖 책: (0.335, 0.541, 0.386) @arm_base_link
10:54:37 [비전] ROI 밖 책: (0.374, 0.536, 0.396) @arm_base_link
10:54:37 [비전] ROI 밖 책: (0.495, 0.567, 0.394) @arm_base_link
10:54:37 [비전] ROI 밖 책: (0.414, 0.529, 0.395) @arm_base_link
10:54:37 [비전] ROI 밖 책: (0.472, 0.535, 0.394) @arm_base_link
10:54:37 [비전] ROI 밖 책: (0.467, 0.576, 0.394) @arm_base_link
10:54:37 [비전] ROI 밖 책 6권 제외 (남은 0권). ROI [-0.4, -0.2, 0.0] ~ [-0.26, 0.4, 0.32] @arm_base_link
10:54:39 [비전] ROI 밖 책: (0.210, 0.536, 0.827) @arm_base_link
10:54:39 [비전] ROI 밖 책: (0.506, 0.620, 0.392) @arm_base_link
10:54:39 [비전] ROI 밖 책: (0.432, 0.599, 0.394) @arm_base_link
10:54:39 [비전] ROI 밖 책: (0.385, 0.553, 0.396) @arm_base_link
10:54:39 [비전] ROI 밖 책: (-0.032, 0.578, 0.392) @arm_base_link
10:54:39 [비전] ROI 밖 책: (0.589, 0.618, 0.395) @arm_base_link
10:54:39 [비전] ROI 밖 책: (0.052, 0.576, 0.394) @arm_base_link
10:54:39 [비전] ROI 밖 책: (0.555, 0.535, 0.394) @arm_base_link
10:54:39 [비전] ROI 밖 책: (0.013, 0.573, 0.395) @arm_base_link
10:54:39 [비전] ROI 밖 책: (0.557, 0.619, 0.394) @arm_base_link
10:54:39 [비전] ROI 밖 책: (0.607, 0.575, 0.399) @arm_base_link
10:54:39 [비전] ROI 밖 책 11권 제외 (남은 0권). ROI [-0.4, -0.2, 0.0] ~ [-0.26, 0.4, 0.32] @arm_base_link
10:54:39 [비전] Empty center pixel=(286, 550), shelf_front_z=0.618m; Depth L/C/R=0.677/1.387/0.558m; center-left=0.709m, center-right=0.829m; contrast=PASS
10:54:39 [비전] Empty shelf target: xyz=(0.283, 0.625, 0.344)
10:54:42 [비전] ROI 밖 책: (-1.031, 0.184, -0.341) @arm_base_link
10:54:42 [비전] ROI 밖 책: (0.126, 0.509, 0.337) @arm_base_link
10:54:42 [비전] ROI 밖 책: (-0.247, -0.049, 0.156) @arm_base_link
10:54:42 [비전] ROI 밖 책 3권 제외 (남은 2권). ROI [-0.4, -0.2, 0.0] ~ [-0.26, 0.4, 0.32] @arm_base_link
10:54:42 [비전] Book picked(best): xyz=(-0.364, -0.017, 0.217), center=(309, 591), conf=0.87, depth=patch, yaw=0.000 rad (후보 2권)
10:54:42 [비전] Empty center pixel=(157, 340), shelf_front_z=0.839m; Depth L/C/R=0.911/1.051/0.766m; center-left=0.140m, center-right=0.285m; contrast=PASS
10:54:42 [비전] Empty shelf target: xyz=(-0.781, 0.503, 0.170)
10:54:44 [비전] ROI 밖 책: (0.174, 0.511, 0.340) @arm_base_link
10:54:44 [비전] ROI 밖 책: (-0.714, 0.091, -0.001) @arm_base_link
10:54:44 [비전] ROI 밖 책: (0.133, 0.511, 0.338) @arm_base_link
10:54:44 [비전] ROI 밖 책: (0.188, 0.512, 0.364) @arm_base_link
10:54:44 [비전] ROI 밖 책 4권 제외 (남은 1권). ROI [-0.4, -0.2, 0.0] ~ [-0.26, 0.4, 0.32] @arm_base_link
10:54:44 [비전] Book picked(best): xyz=(-0.358, -0.016, 0.216), center=(182, 590), conf=0.74, depth=patch, yaw=0.000 rad (후보 1권)
10:54:46 [비전] ROI 밖 책: (0.564, 0.183, -0.342) @arm_base_link
10:54:46 [비전] ROI 밖 책: (0.176, 0.512, 0.339) @arm_base_link
10:54:46 [비전] ROI 밖 책 2권 제외 (남은 1권). ROI [-0.4, -0.2, 0.0] ~ [-0.26, 0.4, 0.32] @arm_base_link
10:54:46 [비전] Book picked(best): xyz=(-0.313, -0.024, 0.189), center=(86, 602), conf=0.90, depth=patch, yaw=0.000 rad (후보 1권)
10:54:46 [비전] Empty center pixel=(433, 275), shelf_front_z=0.731m; Depth L/C/R=0.718/2.016/0.744m; center-left=1.298m, center-right=1.272m; contrast=PASS
10:54:46 [비전] Empty shelf target: xyz=(0.260, 0.521, 0.358)
10:54:47 [비전] ROI 밖 책: (0.592, 0.180, -0.341) @arm_base_link
10:54:47 [비전] ROI 밖 책 1권 제외 (남은 0권). ROI [-0.4, -0.2, 0.0] ~ [-0.26, 0.4, 0.32] @arm_base_link
10:54:48 [비전] Empty center pixel=(359, 274), shelf_front_z=0.713m; Depth L/C/R=0.690/2.043/0.735m; center-left=1.353m, center-right=1.308m; contrast=PASS
10:54:48 [비전] Empty shelf target: xyz=(0.262, 0.506, 0.370)
10:54:49 [비전] ROI 밖 책: (0.677, 0.183, -0.341) @arm_base_link
10:54:49 [비전] ROI 밖 책: (-0.315, 0.522, 0.355) @arm_base_link
10:54:49 [비전] ROI 밖 책: (0.487, 0.520, 0.360) @arm_base_link
10:54:49 [비전] ROI 밖 책 3권 제외 (남은 0권). ROI [-0.4, -0.2, 0.0] ~ [-0.26, 0.4, 0.32] @arm_base_link
10:54:49 [비전] Empty center pixel=(294, 273), shelf_front_z=0.748m; Depth L/C/R=0.784/2.052/0.713m; center-left=1.269m, center-right=1.339m; contrast=PASS
10:54:49 [비전] Empty shelf target: xyz=(0.288, 0.538, 0.352)
10:54:55 [FSM] Empty slot detected: frame_id=arm_base_link, x=-0.350, y=0.544, z=0.340, confidence=1.00, candidate_count=7
10:54:55 [FSM] FSM transition completed: DETECT_TARGET_SLOT -> PLACE_BOOK
10:54:55 [FSM] Book-placement goal was accepted.
10:54:55 [조작] 빈칸 관측 버림 (서가 밖): (-0.781, 0.503, 0.170) 서가 x -0.66~0.66 y 0.41~0.80 z -0.33~2.19
10:54:55 [조작] 빈칸 관측 버림 (서가 밖): (-0.781, 0.503, 0.170) 서가 x -0.66~0.66 y 0.41~0.80 z -0.33~2.19
10:54:55 [조작] 빈칸 선택: 책 사이 틈 관측 (0.273, 0.521, 0.358) → 칸 중심 y 0.544, z 0.340 (판 높이로 스냅); 꽂기 전 차체를 옆으로 +0.623 m 옮겨 틈을 x -0.35 에 둔다
10:54:55 [조작] 빈 슬롯 스캔 완료: (-0.35, 0.5439, 0.3399), 삽입깊이 0.300m
10:54:55 [조작] 베이스 회전 명령 전송 (목표 yaw +0°, 서가 거리 0.444)
10:54:55 [시뮬] 작업 job_e948bee203ec:scan SUCCEEDED {'phase': 'scan_done', 'message': '서가 스캔 완료', 'placement_verified': False, 'sim_steps': 2039, 'render_steps': 2039} (29.8s)
10:54:55 [시뮬] 서가 앞면 0.444 m → 목표 0.444 m (앞뒤 +0.000), 서가 중심 팔기준 x +0.623 → 옆으로 +0.623: 차체를 0.623 m 옮긴다
10:55:02 [조작] 베이스 회전 완료
10:55:02 [시뮬] 서가 앞면 실측 0.444 m (목표 0.444), 서가 x 범위 팔기준 -1.33~+0.08
10:55:03 [비전] ROI 밖 책: (-0.126, -0.705, -0.341) @arm_base_link
10:55:03 [비전] ROI 밖 책: (-0.232, 0.505, 0.206) @arm_base_link
10:55:03 [비전] ROI 밖 책: (0.485, 0.249, -0.341) @arm_base_link
10:55:03 [비전] ROI 밖 책: (-0.531, 0.505, 0.207) @arm_base_link
10:55:03 [비전] ROI 밖 책 4권 제외 (남은 1권). ROI [-0.4, -0.2, 0.0] ~ [-0.26, 0.4, 0.32] @arm_base_link
10:55:03 [비전] Book picked(best): xyz=(-0.363, -0.084, 0.212), center=(203, 310), conf=0.73, depth=patch, yaw=0.000 rad (후보 1권)
10:55:03 [비전] ROI 밖 책: (-0.126, -0.705, -0.341) @arm_base_link
10:55:03 [비전] ROI 밖 책: (-0.232, 0.505, 0.206) @arm_base_link
10:55:03 [비전] ROI 밖 책: (0.485, 0.246, -0.341) @arm_base_link
10:55:03 [비전] ROI 밖 책: (-0.531, 0.505, 0.207) @arm_base_link
10:55:03 [비전] ROI 밖 책 4권 제외 (남은 3권). ROI [-0.4, -0.2, 0.0] ~ [-0.26, 0.4, 0.32] @arm_base_link
10:55:03 [비전] Book picked(best): xyz=(-0.353, -0.084, 0.212), center=(203, 317), conf=0.81, depth=patch, yaw=0.000 rad (후보 3권)
10:55:03 [조작] 책 좌표 정함 (-0.3582, -0.0842, +0.2123) — 관측 2개 · 책 1권 · 고른 책 2개 (x 흔들림 10 mm) → 축마다 중앙값
10:55:03 [조작] 작업 job_e948bee203ec book=book_003 트레이 칸 0 파지 [-0.358208500740164, -0.08418502971759644, 0.1364493129131286] (vision) → (-0.35, 0.5438500024676323, 0.3399) 삽입 속도 0.030 m/s
10:55:16 [시뮬] [JUDGE] 손 안 어긋남(406) **판별불가** — 키네마틱 파지는 매 스텝 책을 손에 맞춰 다시 써 넣는다. 이 신호는 마찰 파지(SIM_GRASP_KINEMATIC=0)에서만 의미가 있다
10:55:23 [시뮬] [JUDGE] rise=16.9cm(ok) width=17.6mm = 지령 17.6mm (책 반두께 21.6) → **판별불가** [키네마틱 파지라 빈손이어도 같은 값이 나온다]
10:57:16 [FSM] FSM transition completed: PLACE_BOOK -> UPDATE_DATA
10:57:16 [FSM] FSM transition completed: UPDATE_DATA -> NEXT_BOOK
10:57:16 [FSM] FSM transition completed: NEXT_BOOK -> SELECT_BOOK
10:57:16 [FSM] FSM transition completed: SELECT_BOOK -> NAV_TO_SHELF
10:57:16 [FSM] Navigation succeeded: Navigation waypoint is already satisfied in simulation.
10:57:16 [FSM] FSM transition completed: NAV_TO_SHELF -> DETECT_TARGET_SLOT
10:57:16 [조작] PlaceBook 성공 job=job_e948bee203ec code=0(OK) phase= 배치 확인
10:57:16 [조작] 베이스 회전 명령 전송 (목표 yaw +0°, 서가 거리 0.444)
10:57:16 [시뮬] [JUDGE] width_hold=판별불가[키네마틱] (17.6 → 최소 17.6 mm, 한쪽 기준)
10:57:16 [시뮬] 작업 job_e948bee203ec SUCCEEDED {'phase': 'verify', 'message': '배치 확인', 'placement_verified': True, 'checks': {'upright': True, 'depth': True, 'spine': True, 'x': True, 'floor': True, 'skew': True, 'no_jam': True}, 'fallen
10:57:16 [시뮬] 서가 앞면 0.444 m → 목표 0.444 m (앞뒤 +0.000), 서가 중심 팔기준 x -0.623 → 옆으로 -0.623: 차체를 0.623 m 옮긴다
10:57:21 [조작] 베이스 회전 완료
10:57:21 [시뮬] 서가 앞면 실측 0.444 m (목표 0.444), 서가 x 범위 팔기준 -0.71~+0.71
10:57:21 [시뮬] [재측정] 스윕 없이 빈칸만 다시 재고 관측 자세로 돌아간다 — 서가 /World/bookshelves_main/shelf_brown__book_shelf_01 · 판 [1.042, 0.498] · 빈칸 4개 · 관측 자세까지 Δ최대 1.311 rad
10:57:26 [FSM] Empty slot detected: frame_id=arm_base_link, x=-0.350, y=0.544, z=0.884, confidence=1.00, candidate_count=7
10:57:26 [FSM] FSM transition completed: DETECT_TARGET_SLOT -> PLACE_BOOK
10:57:26 [FSM] Book-placement goal was accepted.
10:57:26 [조작] 빈칸 관측 버림 (서가 밖): (-0.781, 0.503, 0.170) 서가 x -0.66~0.66 y 0.41~0.80 z -0.33~2.19
10:57:26 [조작] 빈칸 관측 버림 (서가 밖): (-0.781, 0.503, 0.170) 서가 x -0.66~0.66 y 0.41~0.80 z -0.33~2.19
10:57:26 [조작] 빈칸 선택: 책 사이 틈 관측 (-0.401, 0.521, 0.358) → 칸 중심 y 0.544, z 0.884 (판 높이로 스냅); 꽂기 전 차체를 옆으로 -0.051 m 옮겨 틈을 x -0.35 에 둔다
10:57:26 [조작] 빈 슬롯 스캔 완료: (-0.35, 0.5439, 0.8839), 삽입깊이 0.300m
10:57:26 [조작] 베이스 회전 명령 전송 (목표 yaw +0°, 서가 거리 0.444)
10:57:26 [시뮬] 작업 job_e948bee203ec:scan SUCCEEDED {'phase': 'scan_done', 'message': '서가 스캔 완료', 'placement_verified': False, 'sim_steps': 324, 'render_steps': 324} (4.9s)
10:57:26 [시뮬] 서가 앞면 0.444 m → 목표 0.444 m (앞뒤 +0.000), 서가 중심 팔기준 x -0.051 → 옆으로 -0.051: 차체를 0.051 m 옮긴다
10:57:27 [비전] ROI 밖 책: (-0.126, -0.657, -0.341) @arm_base_link
10:57:27 [비전] ROI 밖 책: (-0.101, -0.768, -0.341) @arm_base_link
10:57:27 [비전] ROI 밖 책 2권 제외 (남은 0권). ROI [-0.4, -0.2, 0.0] ~ [-0.26, 0.4, 0.32] @arm_base_link
10:57:27 [조작] 베이스 회전 완료
10:57:27 [시뮬] 서가 앞면 실측 0.444 m (목표 0.444), 서가 x 범위 팔기준 -0.66~+0.76
10:57:28 [비전] ROI 밖 책: (-0.120, -0.654, -0.341) @arm_base_link
10:57:28 [비전] ROI 밖 책: (-0.101, -0.774, -0.341) @arm_base_link
10:57:28 [비전] ROI 밖 책 2권 제외 (남은 0권). ROI [-0.4, -0.2, 0.0] ~ [-0.26, 0.4, 0.32] @arm_base_link
10:57:28 [비전] ROI 밖 책: (-0.126, -0.654, -0.341) @arm_base_link
10:57:28 [비전] ROI 밖 책: (-0.104, -0.761, -0.341) @arm_base_link
10:57:28 [비전] ROI 밖 책 2권 제외 (남은 0권). ROI [-0.4, -0.2, 0.0] ~ [-0.26, 0.4, 0.32] @arm_base_link
10:57:29 [비전] ROI 밖 책: (-0.123, -0.654, -0.341) @arm_base_link
10:57:29 [비전] ROI 밖 책: (-0.101, -0.764, -0.341) @arm_base_link
10:57:29 [비전] ROI 밖 책 2권 제외 (남은 0권). ROI [-0.4, -0.2, 0.0] ~ [-0.26, 0.4, 0.32] @arm_base_link
10:57:29 [비전] ROI 밖 책: (-0.126, -0.654, -0.341) @arm_base_link
10:57:29 [비전] ROI 밖 책: (-0.101, -0.768, -0.341) @arm_base_link
10:57:29 [비전] ROI 밖 책 2권 제외 (남은 0권). ROI [-0.4, -0.2, 0.0] ~ [-0.26, 0.4, 0.32] @arm_base_link
10:57:30 [비전] ROI 밖 책: (-0.129, -0.657, -0.341) @arm_base_link
10:57:30 [비전] ROI 밖 책: (-0.104, -0.768, -0.341) @arm_base_link
10:57:30 [비전] ROI 밖 책: (-0.472, 0.523, 0.201) @arm_base_link
10:57:30 [비전] ROI 밖 책: (-0.496, 0.522, 0.198) @arm_base_link
10:57:30 [비전] ROI 밖 책 4권 제외 (남은 0권). ROI [-0.4, -0.2, 0.0] ~ [-0.26, 0.4, 0.32] @arm_base_link
10:57:30 [비전] ROI 밖 책: (-0.111, -0.705, -0.341) @arm_base_link
10:57:30 [비전] ROI 밖 책 1권 제외 (남은 0권). ROI [-0.4, -0.2, 0.0] ~ [-0.26, 0.4, 0.32] @arm_base_link
10:57:31 [비전] ROI 밖 책: (-0.107, -0.714, -0.341) @arm_base_link
10:57:31 [비전] ROI 밖 책 1권 제외 (남은 0권). ROI [-0.4, -0.2, 0.0] ~ [-0.26, 0.4, 0.32] @arm_base_link
10:57:31 [비전] ROI 밖 책: (-0.123, -0.654, -0.341) @arm_base_link
10:57:31 [비전] ROI 밖 책: (-0.101, -0.771, -0.341) @arm_base_link
10:57:31 [비전] ROI 밖 책: (-0.453, 0.156, 0.192) @arm_base_link
10:57:31 [비전] ROI 밖 책: (-0.472, 0.522, 0.200) @arm_base_link
10:57:31 [비전] ROI 밖 책 4권 제외 (남은 1권). ROI [-0.4, -0.2, 0.0] ~ [-0.26, 0.4, 0.32] @arm_base_link
10:57:31 [비전] Book picked(best): xyz=(-0.364, 0.160, 0.209), center=(377, 309), conf=0.70, depth=patch, yaw=0.000 rad (후보 1권)
10:57:32 [비전] ROI 밖 책: (-0.114, -0.705, -0.341) @arm_base_link
10:57:32 [비전] ROI 밖 책: (-0.452, 0.157, 0.195) @arm_base_link
10:57:32 [비전] ROI 밖 책 2권 제외 (남은 1권). ROI [-0.4, -0.2, 0.0] ~ [-0.26, 0.4, 0.32] @arm_base_link
10:57:32 [비전] Book picked(best): xyz=(-0.352, 0.162, 0.209), center=(378, 318), conf=0.68, depth=patch, yaw=0.000 rad (후보 1권)
10:57:32 [조작] 책 좌표 정함 (-0.3581, +0.1610, +0.2091) — 관측 2개 · 책 1권 · 고른 책 2개 (x 흔들림 13 mm) → 축마다 중앙값
10:57:32 [조작] 작업 job_e948bee203ec book=book_004 트레이 칸 1 파지 [-0.3580791799652847, 0.16095138153836402, 0.13322185670435066] (vision) → (-0.35, 0.5438500024676323, 0.8839) 삽입 속도 0.030 m/s
10:57:49 [시뮬] [JUDGE] 손 안 어긋남(406) **판별불가** — 키네마틱 파지는 매 스텝 책을 손에 맞춰 다시 써 넣는다. 이 신호는 마찰 파지(SIM_GRASP_KINEMATIC=0)에서만 의미가 있다
10:57:55 [시뮬] [JUDGE] rise=16.9cm(ok) width=12.8mm = 지령 12.8mm (책 반두께 16.8) → **판별불가** [키네마틱 파지라 빈손이어도 같은 값이 나온다]
10:59:50 [FSM] FSM transition completed: PLACE_BOOK -> UPDATE_DATA
10:59:50 [FSM] FSM transition completed: UPDATE_DATA -> NEXT_BOOK
10:59:50 [FSM] FSM transition completed: NEXT_BOOK -> SELECT_BOOK
10:59:50 [FSM] FSM transition completed: SELECT_BOOK -> NAV_TO_SHELF
10:59:50 [조작] PlaceBook 성공 job=job_e948bee203ec code=0(OK) phase= 배치 확인
10:59:50 [시뮬] [JUDGE] width_hold=판별불가[키네마틱] (12.8 → 최소 12.8 mm, 한쪽 기준)
10:59:50 [시뮬] 작업 job_e948bee203ec SUCCEEDED {'phase': 'verify', 'message': '배치 확인', 'placement_verified': True, 'checks': {'upright': True, 'depth': True, 'spine': True, 'x': True, 'floor': True, 'skew': True, 'no_jam': True}, 'fallen
11:00:17 [시뮬] [주행] 도착 (+2.535, -3.019)
11:00:19 [시뮬] [주행] 회전 끝 — **실측** yaw +0.00° (목표 +0.00°)
11:00:20 [FSM] Navigation succeeded: Navigation completed.
11:00:20 [FSM] FSM transition completed: NAV_TO_SHELF -> DETECT_TARGET_SLOT
11:00:20 [조작] 베이스 회전 명령 전송 (목표 yaw +0°, 서가 거리 0.444)
11:00:20 [시뮬] [주행] 도착 (+2.535, -3.019)
11:00:20 [시뮬] 서가 앞면 0.443 m → 목표 0.444 m (앞뒤 -0.001), 서가 중심 팔기준 x -0.261 → 옆으로 -0.261: 차체를 0.261 m 옮긴다
11:00:23 [조작] 베이스 회전 완료
11:00:23 [시뮬] 서가 앞면 실측 0.444 m (목표 0.444), 서가 x 범위 팔기준 -0.71~+0.71
11:00:23 [시뮬] [재측정] 스윕 없이 빈칸만 다시 재고 관측 자세로 돌아간다 — 서가 /World/bookshelves_main/shelf_brown__book_shelf_11 · 판 [1.042, 0.498] · 빈칸 2개 · 관측 자세까지 Δ최대 1.303 rad
11:00:28 [시뮬] 작업 job_e948bee203ec:scan SUCCEEDED {'phase': 'scan_done', 'message': '서가 스캔 완료', 'placement_verified': False, 'sim_steps': 322, 'render_steps': 322} (5.0s)
11:00:28 [시뮬] [스윕] 시작 자세 q=[2.0937, -0.5757, 0.5627, -1.8915, 0.2999, 1.3974, 0.2783]
11:00:28 [시뮬] [스윕] 판 1.042 (팔기준 z 0.712, 앞면 0.444) 정지점 5/5 여유 0.518 rad 최대변화 0.06 길이 2.68
11:00:28 [시뮬] [스윕] 판 0.498 (팔기준 z 0.168, 앞면 0.444) 정지점 5/5 여유 0.221 rad 최대변화 0.05 길이 2.45
11:00:28 [시뮬] 스윕 시작: 판 [1.042, 0.498], 정지점 10개, 정지 1.2s
11:00:28 [시뮬] [판목록] 레벨 실측 [0.4976, 1.0417, 1.5812, 2.0582, 2.52] · 쓰는 값 [0.497, 0.498, 1.042] · 차이 [-0.3, -0.4, +0.6] mm  (그림자 — 판단은 상수 그대로)
11:00:31 [비전] ROI 밖 책: (-0.628, 0.507, 0.833) @arm_base_link
11:00:31 [비전] ROI 밖 책 1권 제외 (남은 0권). ROI [-0.4, -0.2, 0.0] ~ [-0.26, 0.4, 0.32] @arm_base_link
11:00:31 [비전] Empty center pixel=(263, 198), shelf_front_z=1.243m; Depth L/C/R=0.091/4.410/2.396m; center-left=4.319m, center-right=2.014m; contrast=PASS
11:00:31 [비전] Empty shelf target: xyz=(-0.573, 1.401, 1.149)
11:00:33 [비전] ROI 밖 책: (0.237, 0.553, 0.420) @arm_base_link
11:00:33 [비전] ROI 밖 책: (0.022, 0.547, 0.395) @arm_base_link
11:00:33 [비전] ROI 밖 책: (0.098, 0.534, 0.396) @arm_base_link
11:00:33 [비전] ROI 밖 책 3권 제외 (남은 0권). ROI [-0.4, -0.2, 0.0] ~ [-0.26, 0.4, 0.32] @arm_base_link
11:00:35 [비전] ROI 밖 책: (0.471, 0.550, 0.394) @arm_base_link
11:00:35 [비전] ROI 밖 책: (0.503, 0.563, 0.394) @arm_base_link
11:00:35 [비전] ROI 밖 책: (0.096, 0.532, 0.396) @arm_base_link
11:00:35 [비전] ROI 밖 책: (0.428, 0.537, 0.395) @arm_base_link
11:00:35 [비전] ROI 밖 책: (0.259, 0.523, 0.396) @arm_base_link
11:00:35 [비전] ROI 밖 책: (0.042, 0.541, 0.394) @arm_base_link
11:00:35 [비전] ROI 밖 책: (0.526, 0.562, 0.395) @arm_base_link
11:00:35 [비전] ROI 밖 책: (0.296, 0.523, 0.395) @arm_base_link
11:00:35 [비전] ROI 밖 책: (0.060, 0.545, 0.392) @arm_base_link
11:00:35 [비전] ROI 밖 책: (0.352, 0.547, 0.395) @arm_base_link
11:00:35 [비전] ROI 밖 책: (0.175, 0.519, 0.398) @arm_base_link
11:00:35 [비전] ROI 밖 책: (0.435, 0.558, 0.395) @arm_base_link
11:00:35 [비전] ROI 밖 책: (0.450, 0.543, 0.393) @arm_base_link
11:00:35 [비전] ROI 밖 책: (0.398, 0.564, 0.395) @arm_base_link
11:00:35 [비전] ROI 밖 책: (0.141, 0.536, 0.393) @arm_base_link
11:00:35 [비전] ROI 밖 책 15권 제외 (남은 0권). ROI [-0.4, -0.2, 0.0] ~ [-0.26, 0.4, 0.32] @arm_base_link
11:00:35 [비전] Empty center pixel=(418, 284), shelf_front_z=0.442m; Depth L/C/R=0.411/10.396/0.472m; center-left=9.985m, center-right=9.924m; contrast=PASS
11:00:35 [비전] Empty shelf target: xyz=(0.136, 0.538, 0.866)
11:00:37 [비전] ROI 밖 책: (0.428, 0.537, 0.395) @arm_base_link
11:00:37 [비전] ROI 밖 책: (0.268, 0.529, 0.394) @arm_base_link
11:00:37 [비전] ROI 밖 책: (0.494, 0.551, 0.392) @arm_base_link
11:00:37 [비전] ROI 밖 책: (0.376, 0.527, 0.396) @arm_base_link
11:00:37 [비전] ROI 밖 책: (0.463, 0.543, 0.393) @arm_base_link
11:00:37 [비전] ROI 밖 책: (0.301, 0.526, 0.396) @arm_base_link
11:00:37 [비전] ROI 밖 책: (0.051, 0.554, 0.394) @arm_base_link
11:00:37 [비전] ROI 밖 책: (-0.017, 0.547, 0.394) @arm_base_link
11:00:37 [비전] ROI 밖 책: (0.014, 0.554, 0.396) @arm_base_link
11:00:37 [비전] ROI 밖 책: (0.440, 0.529, 0.394) @arm_base_link
11:00:37 [비전] ROI 밖 책: (0.490, 0.538, 0.394) @arm_base_link
11:00:37 [비전] ROI 밖 책: (0.333, 0.525, 0.395) @arm_base_link
11:00:37 [비전] ROI 밖 책: (0.580, 0.553, 0.394) @arm_base_link
11:00:37 [비전] ROI 밖 책 13권 제외 (남은 0권). ROI [-0.4, -0.2, 0.0] ~ [-0.26, 0.4, 0.32] @arm_base_link
11:00:37 [비전] Empty center pixel=(300, 296), shelf_front_z=0.539m; Depth L/C/R=0.548/2.480/0.530m; center-left=1.933m, center-right=1.950m; contrast=PASS
11:00:37 [비전] Empty shelf target: xyz=(0.140, 0.632, 0.840)
11:00:38 [비전] ROI 밖 책: (0.244, 0.519, 0.394) @arm_base_link
11:00:38 [비전] ROI 밖 책: (0.268, 0.521, 0.394) @arm_base_link
11:00:38 [비전] ROI 밖 책: (0.494, 0.547, 0.393) @arm_base_link
11:00:38 [비전] ROI 밖 책: (0.581, 0.576, 0.394) @arm_base_link
11:00:38 [비전] ROI 밖 책: (0.380, 0.527, 0.395) @arm_base_link
11:00:38 [비전] ROI 밖 책: (0.050, 0.550, 0.393) @arm_base_link
11:00:38 [비전] ROI 밖 책: (0.482, 0.540, 0.393) @arm_base_link
11:00:38 [비전] ROI 밖 책: (0.460, 0.528, 0.393) @arm_base_link
11:00:38 [비전] ROI 밖 책: (0.484, 0.521, 0.393) @arm_base_link
11:00:38 [비전] ROI 밖 책: (0.428, 0.544, 0.393) @arm_base_link
11:00:38 [비전] ROI 밖 책 10권 제외 (남은 0권). ROI [-0.4, -0.2, 0.0] ~ [-0.26, 0.4, 0.32] @arm_base_link
11:00:38 [비전] Empty center pixel=(182, 284), shelf_front_z=0.452m; Depth L/C/R=0.492/4.578/0.411m; center-left=4.086m, center-right=4.167m; contrast=PASS
11:00:38 [비전] Empty shelf target: xyz=(0.153, 0.548, 0.864)
11:00:42 [비전] ROI 밖 책: (0.122, 0.481, 0.340) @arm_base_link
11:00:42 [비전] ROI 밖 책: (0.167, 0.483, 0.333) @arm_base_link
11:00:42 [비전] ROI 밖 책: (-1.021, 0.182, -0.340) @arm_base_link
11:00:42 [비전] ROI 밖 책: (-0.233, 0.197, 0.083) @arm_base_link
11:00:42 [비전] ROI 밖 책: (0.299, 0.479, 0.322) @arm_base_link
11:00:42 [비전] ROI 밖 책: (0.079, 0.477, 0.343) @arm_base_link
11:00:42 [비전] ROI 밖 책 6권 제외 (남은 1권). ROI [-0.4, -0.2, 0.0] ~ [-0.26, 0.4, 0.32] @arm_base_link
11:00:42 [비전] Book picked(best): xyz=(-0.365, -0.017, 0.217), center=(308, 592), conf=0.87, depth=patch, yaw=0.000 rad (후보 1권)
11:00:42 [비전] Empty center pixel=(155, 330), shelf_front_z=0.839m; Depth L/C/R=0.932/1.073/0.745m; center-left=0.141m, center-right=0.328m; contrast=PASS
11:00:42 [비전] Empty shelf target: xyz=(-0.786, 0.520, 0.191)
11:00:44 [비전] ROI 밖 책: (0.365, 0.476, 0.331) @arm_base_link
11:00:44 [비전] ROI 밖 책: (0.166, 0.484, 0.342) @arm_base_link
11:00:44 [비전] ROI 밖 책: (0.324, 0.477, 0.333) @arm_base_link
11:00:44 [비전] ROI 밖 책: (0.277, 0.481, 0.321) @arm_base_link
11:00:44 [비전] ROI 밖 책: (0.129, 0.482, 0.338) @arm_base_link
11:00:44 [비전] ROI 밖 책: (0.307, 0.477, 0.322) @arm_base_link
11:00:44 [비전] ROI 밖 책: (0.460, 0.474, 0.343) @arm_base_link
11:00:44 [비전] ROI 밖 책: (0.696, 0.262, -0.342) @arm_base_link
11:00:44 [비전] ROI 밖 책: (-0.715, 0.091, -0.001) @arm_base_link
11:00:44 [비전] ROI 밖 책: (0.495, 0.479, 0.340) @arm_base_link
11:00:44 [비전] ROI 밖 책: (-1.198, 0.489, -0.193) @arm_base_link
11:00:44 [비전] ROI 밖 책 11권 제외 (남은 1권). ROI [-0.4, -0.2, 0.0] ~ [-0.26, 0.4, 0.32] @arm_base_link
11:00:44 [비전] Book picked(best): xyz=(-0.362, -0.018, 0.215), center=(176, 592), conf=0.78, depth=patch, yaw=0.000 rad (후보 1권)
11:00:44 [비전] Empty center pixel=(354, 279), shelf_front_z=0.704m; Depth L/C/R=0.708/1.999/0.700m; center-left=1.291m, center-right=1.298m; contrast=PASS
11:00:44 [비전] Empty shelf target: xyz=(-0.100, 0.491, 0.366)
11:00:46 [비전] ROI 밖 책: (0.368, 0.476, 0.334) @arm_base_link
11:00:46 [비전] ROI 밖 책: (0.333, 0.478, 0.332) @arm_base_link
11:00:46 [비전] ROI 밖 책: (0.281, 0.480, 0.325) @arm_base_link
11:00:46 [비전] ROI 밖 책: (0.169, 0.484, 0.350) @arm_base_link
11:00:46 [비전] ROI 밖 책: (0.198, 0.483, 0.369) @arm_base_link
11:00:46 [비전] ROI 밖 책: (0.129, 0.485, 0.349) @arm_base_link
11:00:46 [비전] ROI 밖 책 6권 제외 (남은 1권). ROI [-0.4, -0.2, 0.0] ~ [-0.26, 0.4, 0.32] @arm_base_link
11:00:46 [비전] Book picked(best): xyz=(-0.306, -0.025, 0.203), center=(86, 601), conf=0.91, depth=patch, yaw=0.000 rad (후보 1권)
11:00:46 [비전] Empty center pixel=(286, 280), shelf_front_z=0.704m; Depth L/C/R=0.716/1.990/0.692m; center-left=1.274m, center-right=1.298m; contrast=PASS
11:00:46 [비전] Empty shelf target: xyz=(-0.077, 0.490, 0.364)
11:00:47 [비전] ROI 밖 책: (0.447, 0.471, 0.353) @arm_base_link
11:00:47 [비전] ROI 밖 책: (0.337, 0.479, 0.328) @arm_base_link
11:00:47 [비전] ROI 밖 책: (0.373, 0.476, 0.327) @arm_base_link
11:00:47 [비전] ROI 밖 책: (0.478, 0.478, 0.353) @arm_base_link
11:00:47 [비전] ROI 밖 책: (0.563, 0.038, -0.341) @arm_base_link
11:00:47 [비전] ROI 밖 책 5권 제외 (남은 0권). ROI [-0.4, -0.2, 0.0] ~ [-0.26, 0.4, 0.32] @arm_base_link
11:00:47 [비전] Empty center pixel=(214, 280), shelf_front_z=0.718m; Depth L/C/R=0.744/1.973/0.693m; center-left=1.229m, center-right=1.280m; contrast=PASS
11:00:47 [비전] Empty shelf target: xyz=(-0.066, 0.502, 0.356)
11:00:49 [비전] ROI 밖 책: (0.557, 0.490, 0.366) @arm_base_link
11:00:49 [비전] ROI 밖 책: (0.482, 0.489, 0.362) @arm_base_link
11:00:49 [비전] ROI 밖 책: (0.589, 0.477, 0.348) @arm_base_link
11:00:49 [비전] ROI 밖 책: (0.454, 0.473, 0.343) @arm_base_link
11:00:49 [비전] ROI 밖 책 4권 제외 (남은 0권). ROI [-0.4, -0.2, 0.0] ~ [-0.26, 0.4, 0.32] @arm_base_link
11:00:49 [비전] Empty center pixel=(139, 279), shelf_front_z=0.716m; Depth L/C/R=0.742/0.822/0.690m; center-left=0.080m, center-right=0.132m; contrast=PASS
11:00:49 [비전] Empty shelf target: xyz=(-0.060, 0.502, 0.359)
11:00:55 [FSM] Empty slot detected: frame_id=arm_base_link, x=-0.350, y=0.544, z=0.340, confidence=1.00, candidate_count=9
11:00:55 [FSM] FSM transition completed: DETECT_TARGET_SLOT -> PLACE_BOOK
11:00:55 [FSM] Book-placement goal was accepted.
11:00:55 [조작] 빈칸 관측 버림 (서가 밖): (-0.786, 0.520, 0.191) 서가 x -0.66~0.66 y 0.41~0.80 z -0.33~2.19
11:00:55 [조작] 빈칸 선택: 책 사이 틈 관측 (-0.090, 0.502, 0.359) → 칸 중심 y 0.544, z 0.340 (판 높이로 스냅); 꽂기 전 차체를 옆으로 +0.260 m 옮겨 틈을 x -0.35 에 둔다
11:00:55 [조작] 빈 슬롯 스캔 완료: (-0.35, 0.5439, 0.3399), 삽입깊이 0.300m
11:00:55 [조작] 베이스 회전 명령 전송 (목표 yaw +0°, 서가 거리 0.444)
11:00:55 [시뮬] 작업 job_e948bee203ec:scan SUCCEEDED {'phase': 'scan_done', 'message': '서가 스캔 완료', 'placement_verified': False, 'sim_steps': 1829, 'render_steps': 1829} (27.7s)
11:00:55 [시뮬] 서가 앞면 0.444 m → 목표 0.444 m (앞뒤 +0.000), 서가 중심 팔기준 x +0.260 → 옆으로 +0.260: 차체를 0.260 m 옮긴다
11:00:58 [비전] ROI 밖 책: (-0.101, -0.723, -0.341) @arm_base_link
11:00:58 [비전] ROI 밖 책: (-0.419, 0.078, 0.214) @arm_base_link
11:00:58 [비전] ROI 밖 책 2권 제외 (남은 1권). ROI [-0.4, -0.2, 0.0] ~ [-0.26, 0.4, 0.32] @arm_base_link
11:00:58 [비전] Book picked(best): xyz=(-0.360, -0.001, 0.214), center=(262, 312), conf=0.64, depth=patch, yaw=0.000 rad (후보 1권)
11:00:58 [비전] ROI 밖 책: (-0.107, -0.705, -0.341) @arm_base_link
11:00:58 [비전] ROI 밖 책 1권 제외 (남은 1권). ROI [-0.4, -0.2, 0.0] ~ [-0.26, 0.4, 0.32] @arm_base_link
11:00:58 [비전] Book picked(best): xyz=(-0.362, -0.001, 0.213), center=(262, 311), conf=0.56, depth=patch, yaw=0.000 rad (후보 1권)
11:00:58 [조작] 베이스 회전 완료
11:00:58 [조작] 책 좌표 정함 (-0.3609, -0.0013, +0.2135) — 관측 2개 · 책 1권 · 고른 책 2개 (x 흔들림 1 mm) → 축마다 중앙값
11:00:58 [조작] 작업 job_e948bee203ec book=book_001 트레이 칸 2 파지 [-0.3609123909927655, -0.001262817615645541, 0.13764623517215874] (vision) → (-0.35, 0.5438500024676323, 0.3399) 삽입 속도 0.030 m/s
11:00:58 [시뮬] 서가 앞면 실측 0.444 m (목표 0.444), 서가 x 범위 팔기준 -0.97~+0.45
11:01:12 [시뮬] [JUDGE] 손 안 어긋남(406) **판별불가** — 키네마틱 파지는 매 스텝 책을 손에 맞춰 다시 써 넣는다. 이 신호는 마찰 파지(SIM_GRASP_KINEMATIC=0)에서만 의미가 있다
11:01:20 [시뮬] [JUDGE] rise=16.9cm(ok) width=13.6mm = 지령 13.6mm (책 반두께 17.6) → **판별불가** [키네마틱 파지라 빈손이어도 같은 값이 나온다]
11:03:16 [FSM] FSM transition completed: PLACE_BOOK -> UPDATE_DATA
11:03:16 [FSM] FSM transition completed: UPDATE_DATA -> NEXT_BOOK
11:03:16 [FSM] FSM transition completed: NEXT_BOOK -> SELECT_BOOK
11:03:16 [FSM] FSM transition completed: SELECT_BOOK -> NAV_TO_SHELF
11:03:16 [FSM] Navigation succeeded: Navigation waypoint is already satisfied in simulation.
11:03:16 [FSM] FSM transition completed: NAV_TO_SHELF -> DETECT_TARGET_SLOT
11:03:16 [조작] PlaceBook 성공 job=job_e948bee203ec code=0(OK) phase= 배치 확인
11:03:16 [조작] 베이스 회전 명령 전송 (목표 yaw +0°, 서가 거리 0.444)
11:03:16 [시뮬] [JUDGE] width_hold=판별불가[키네마틱] (13.6 → 최소 13.6 mm, 한쪽 기준)
11:03:16 [시뮬] 작업 job_e948bee203ec SUCCEEDED {'phase': 'verify', 'message': '배치 확인', 'placement_verified': True, 'checks': {'upright': True, 'depth': True, 'spine': True, 'x': True, 'floor': True, 'skew': True, 'no_jam': True}, 'fallen
11:03:16 [시뮬] 서가 앞면 0.444 m → 목표 0.444 m (앞뒤 -0.000), 서가 중심 팔기준 x -0.260 → 옆으로 -0.260: 차체를 0.260 m 옮긴다
11:03:18 [조작] 베이스 회전 완료
11:03:18 [시뮬] 서가 앞면 실측 0.444 m (목표 0.444), 서가 x 범위 팔기준 -0.71~+0.71
11:03:18 [시뮬] [재측정] 스윕 없이 빈칸만 다시 재고 관측 자세로 돌아간다 — 서가 /World/bookshelves_main/shelf_brown__book_shelf_11 · 판 [1.042, 0.498] · 빈칸 3개 · 관측 자세까지 Δ최대 1.311 rad
11:03:23 [FSM] Empty slot detected: frame_id=arm_base_link, x=-0.350, y=0.544, z=0.884, confidence=1.00, candidate_count=9
11:03:23 [FSM] FSM transition completed: DETECT_TARGET_SLOT -> PLACE_BOOK
11:03:23 [FSM] Book-placement goal was accepted.
11:03:23 [조작] 빈칸 관측 버림 (서가 밖): (-0.786, 0.520, 0.191) 서가 x -0.66~0.66 y 0.41~0.80 z -0.33~2.19
11:03:23 [조작] 빈칸 선택: 책 사이 틈 관측 (0.139, 0.502, 0.359) → 칸 중심 y 0.544, z 0.884 (판 높이로 스냅); 꽂기 전 차체를 옆으로 +0.489 m 옮겨 틈을 x -0.35 에 둔다
11:03:23 [조작] 빈 슬롯 스캔 완료: (-0.35, 0.5439, 0.8839), 삽입깊이 0.300m
11:03:23 [조작] 베이스 회전 명령 전송 (목표 yaw +0°, 서가 거리 0.444)
11:03:23 [시뮬] 작업 job_e948bee203ec:scan SUCCEEDED {'phase': 'scan_done', 'message': '서가 스캔 완료', 'placement_verified': False, 'sim_steps': 324, 'render_steps': 324} (5.1s)
11:03:23 [시뮬] 서가 앞면 0.444 m → 목표 0.444 m (앞뒤 -0.000), 서가 중심 팔기준 x +0.489 → 옆으로 +0.489: 차체를 0.489 m 옮긴다
11:03:27 [비전] ROI 밖 책: (-0.098, -0.701, -0.341) @arm_base_link
11:03:27 [비전] ROI 밖 책: (-0.398, 0.476, 0.222) @arm_base_link
11:03:27 [비전] ROI 밖 책 2권 제외 (남은 0권). ROI [-0.4, -0.2, 0.0] ~ [-0.26, 0.4, 0.32] @arm_base_link
11:03:27 [비전] ROI 밖 책: (-0.101, -0.689, -0.341) @arm_base_link
11:03:27 [비전] ROI 밖 책: (-0.398, 0.476, 0.222) @arm_base_link
11:03:27 [비전] ROI 밖 책 2권 제외 (남은 0권). ROI [-0.4, -0.2, 0.0] ~ [-0.26, 0.4, 0.32] @arm_base_link
11:03:27 [조작] 베이스 회전 완료
11:03:27 [시뮬] 서가 앞면 실측 0.444 m (목표 0.444), 서가 x 범위 팔기준 -1.20~+0.22
11:03:28 [비전] ROI 밖 책: (-0.101, -0.689, -0.341) @arm_base_link
11:03:28 [비전] ROI 밖 책: (-0.399, 0.476, 0.222) @arm_base_link
11:03:28 [비전] ROI 밖 책 2권 제외 (남은 0권). ROI [-0.4, -0.2, 0.0] ~ [-0.26, 0.4, 0.32] @arm_base_link
11:03:28 [비전] ROI 밖 책: (-0.098, -0.689, -0.341) @arm_base_link
11:03:28 [비전] ROI 밖 책: (-0.398, 0.476, 0.222) @arm_base_link
11:03:28 [비전] ROI 밖 책 2권 제외 (남은 0권). ROI [-0.4, -0.2, 0.0] ~ [-0.26, 0.4, 0.32] @arm_base_link
11:03:29 [비전] ROI 밖 책: (-0.101, -0.689, -0.341) @arm_base_link
11:03:29 [비전] ROI 밖 책: (-0.398, 0.476, 0.222) @arm_base_link
11:03:29 [비전] ROI 밖 책 2권 제외 (남은 0권). ROI [-0.4, -0.2, 0.0] ~ [-0.26, 0.4, 0.32] @arm_base_link
11:03:29 [비전] ROI 밖 책: (-0.104, -0.679, -0.341) @arm_base_link
11:03:29 [비전] ROI 밖 책: (-0.398, 0.476, 0.222) @arm_base_link
11:03:29 [비전] ROI 밖 책 2권 제외 (남은 0권). ROI [-0.4, -0.2, 0.0] ~ [-0.26, 0.4, 0.32] @arm_base_link
11:03:30 [비전] ROI 밖 책: (-0.101, -0.676, -0.341) @arm_base_link
11:03:30 [비전] ROI 밖 책: (-0.398, 0.476, 0.222) @arm_base_link
11:03:30 [비전] ROI 밖 책 2권 제외 (남은 0권). ROI [-0.4, -0.2, 0.0] ~ [-0.26, 0.4, 0.32] @arm_base_link
11:03:30 [비전] ROI 밖 책: (-0.123, -0.654, -0.341) @arm_base_link
11:03:30 [비전] ROI 밖 책: (-0.101, -0.730, -0.341) @arm_base_link
11:03:30 [비전] ROI 밖 책: (-0.398, 0.476, 0.222) @arm_base_link
11:03:30 [비전] ROI 밖 책 3권 제외 (남은 0권). ROI [-0.4, -0.2, 0.0] ~ [-0.26, 0.4, 0.32] @arm_base_link
11:03:31 [비전] ROI 밖 책: (-0.126, -0.654, -0.341) @arm_base_link
11:03:31 [비전] ROI 밖 책: (-0.398, 0.476, 0.222) @arm_base_link
11:03:31 [비전] ROI 밖 책 2권 제외 (남은 0권). ROI [-0.4, -0.2, 0.0] ~ [-0.26, 0.4, 0.32] @arm_base_link
11:03:31 [비전] ROI 밖 책: (-0.101, -0.679, -0.341) @arm_base_link
11:03:31 [비전] ROI 밖 책: (-0.399, 0.476, 0.222) @arm_base_link
11:03:31 [비전] ROI 밖 책 2권 제외 (남은 0권). ROI [-0.4, -0.2, 0.0] ~ [-0.26, 0.4, 0.32] @arm_base_link
11:03:32 [비전] ROI 밖 책: (-0.123, -0.654, -0.341) @arm_base_link
11:03:32 [비전] ROI 밖 책: (-0.398, 0.476, 0.222) @arm_base_link
11:03:32 [비전] ROI 밖 책 2권 제외 (남은 0권). ROI [-0.4, -0.2, 0.0] ~ [-0.26, 0.4, 0.32] @arm_base_link
11:03:33 [비전] ROI 밖 책: (-0.101, -0.676, -0.341) @arm_base_link
11:03:33 [비전] ROI 밖 책: (-0.398, 0.476, 0.222) @arm_base_link
11:03:33 [비전] ROI 밖 책 2권 제외 (남은 0권). ROI [-0.4, -0.2, 0.0] ~ [-0.26, 0.4, 0.32] @arm_base_link
11:03:33 [비전] ROI 밖 책: (-0.104, -0.679, -0.341) @arm_base_link
11:03:33 [비전] ROI 밖 책: (-0.396, 0.476, 0.225) @arm_base_link
11:03:33 [비전] ROI 밖 책 2권 제외 (남은 0권). ROI [-0.4, -0.2, 0.0] ~ [-0.26, 0.4, 0.32] @arm_base_link
11:03:33 [비전] ROI 밖 책: (-0.123, -0.654, -0.341) @arm_base_link
11:03:33 [비전] ROI 밖 책: (-0.101, -0.733, -0.341) @arm_base_link
11:03:33 [비전] ROI 밖 책: (-0.396, 0.475, 0.224) @arm_base_link
11:03:33 [비전] ROI 밖 책 3권 제외 (남은 0권). ROI [-0.4, -0.2, 0.0] ~ [-0.26, 0.4, 0.32] @arm_base_link
11:03:34 [비전] ROI 밖 책: (-0.107, -0.676, -0.341) @arm_base_link
11:03:34 [비전] ROI 밖 책: (-0.398, 0.476, 0.222) @arm_base_link
11:03:34 [비전] ROI 밖 책 2권 제외 (남은 0권). ROI [-0.4, -0.2, 0.0] ~ [-0.26, 0.4, 0.32] @arm_base_link
11:03:34 [비전] ROI 밖 책: (-0.101, -0.676, -0.341) @arm_base_link
11:03:34 [비전] ROI 밖 책: (-0.398, 0.476, 0.222) @arm_base_link
11:03:34 [비전] ROI 밖 책 2권 제외 (남은 0권). ROI [-0.4, -0.2, 0.0] ~ [-0.26, 0.4, 0.32] @arm_base_link
11:03:35 [비전] ROI 밖 책: (-0.098, -0.676, -0.341) @arm_base_link
11:03:35 [비전] ROI 밖 책: (-0.398, 0.476, 0.222) @arm_base_link
11:03:35 [비전] ROI 밖 책 2권 제외 (남은 0권). ROI [-0.4, -0.2, 0.0] ~ [-0.26, 0.4, 0.32] @arm_base_link
11:03:35 [비전] ROI 밖 책: (-0.101, -0.676, -0.341) @arm_base_link
11:03:35 [비전] ROI 밖 책: (-0.398, 0.476, 0.222) @arm_base_link
11:03:35 [비전] ROI 밖 책 2권 제외 (남은 0권). ROI [-0.4, -0.2, 0.0] ~ [-0.26, 0.4, 0.32] @arm_base_link
11:03:36 [비전] ROI 밖 책: (-0.098, -0.676, -0.341) @arm_base_link
11:03:36 [비전] ROI 밖 책: (-0.398, 0.476, 0.222) @arm_base_link
11:03:36 [비전] ROI 밖 책 2권 제외 (남은 0권). ROI [-0.4, -0.2, 0.0] ~ [-0.26, 0.4, 0.32] @arm_base_link
11:03:36 [비전] ROI 밖 책: (-0.098, -0.676, -0.341) @arm_base_link
11:03:36 [비전] ROI 밖 책: (-0.396, 0.475, 0.224) @arm_base_link
11:03:36 [비전] ROI 밖 책 2권 제외 (남은 0권). ROI [-0.4, -0.2, 0.0] ~ [-0.26, 0.4, 0.32] @arm_base_link
11:03:37 [비전] ROI 밖 책: (-0.104, -0.673, -0.341) @arm_base_link
11:03:37 [비전] ROI 밖 책: (-0.398, 0.476, 0.222) @arm_base_link
11:03:37 [비전] ROI 밖 책 2권 제외 (남은 0권). ROI [-0.4, -0.2, 0.0] ~ [-0.26, 0.4, 0.32] @arm_base_link
11:03:37 [비전] ROI 밖 책: (-0.101, -0.673, -0.341) @arm_base_link
11:03:38 [비전] ROI 밖 책: (-0.398, 0.476, 0.222) @arm_base_link
11:03:38 [비전] ROI 밖 책 2권 제외 (남은 0권). ROI [-0.4, -0.2, 0.0] ~ [-0.26, 0.4, 0.32] @arm_base_link
11:03:38 [비전] ROI 밖 책: (-0.101, -0.676, -0.341) @arm_base_link
11:03:38 [비전] ROI 밖 책: (-0.398, 0.476, 0.222) @arm_base_link
11:03:38 [비전] ROI 밖 책 2권 제외 (남은 0권). ROI [-0.4, -0.2, 0.0] ~ [-0.26, 0.4, 0.32] @arm_base_link
11:03:38 [비전] ROI 밖 책: (-0.123, -0.654, -0.341) @arm_base_link
11:03:38 [비전] ROI 밖 책: (-0.398, 0.476, 0.222) @arm_base_link
11:03:38 [비전] ROI 밖 책 2권 제외 (남은 0권). ROI [-0.4, -0.2, 0.0] ~ [-0.26, 0.4, 0.32] @arm_base_link
11:03:39 [비전] ROI 밖 책: (-0.101, -0.676, -0.341) @arm_base_link
11:03:39 [비전] ROI 밖 책: (-0.398, 0.476, 0.222) @arm_base_link
11:03:39 [비전] ROI 밖 책 2권 제외 (남은 0권). ROI [-0.4, -0.2, 0.0] ~ [-0.26, 0.4, 0.32] @arm_base_link
11:03:39 [비전] ROI 밖 책: (-0.101, -0.676, -0.341) @arm_base_link
11:03:39 [비전] ROI 밖 책: (-0.398, 0.476, 0.222) @arm_base_link
11:03:39 [비전] ROI 밖 책 2권 제외 (남은 0권). ROI [-0.4, -0.2, 0.0] ~ [-0.26, 0.4, 0.32] @arm_base_link
11:03:40 [비전] ROI 밖 책: (-0.101, -0.673, -0.341) @arm_base_link
11:03:40 [비전] ROI 밖 책: (-0.398, 0.476, 0.222) @arm_base_link
11:03:40 [비전] ROI 밖 책 2권 제외 (남은 0권). ROI [-0.4, -0.2, 0.0] ~ [-0.26, 0.4, 0.32] @arm_base_link
11:03:40 [비전] ROI 밖 책: (-0.098, -0.679, -0.341) @arm_base_link
11:03:40 [비전] ROI 밖 책: (-0.398, 0.476, 0.222) @arm_base_link
11:03:40 [비전] ROI 밖 책 2권 제외 (남은 0권). ROI [-0.4, -0.2, 0.0] ~ [-0.26, 0.4, 0.32] @arm_base_link
11:03:41 [비전] ROI 밖 책: (-0.101, -0.676, -0.341) @arm_base_link
11:03:41 [비전] ROI 밖 책: (-0.398, 0.476, 0.222) @arm_base_link
11:03:41 [비전] ROI 밖 책 2권 제외 (남은 0권). ROI [-0.4, -0.2, 0.0] ~ [-0.26, 0.4, 0.32] @arm_base_link
11:03:42 [비전] ROI 밖 책: (-0.098, -0.679, -0.341) @arm_base_link
11:03:42 [비전] ROI 밖 책: (-0.396, 0.475, 0.224) @arm_base_link
11:03:42 [비전] ROI 밖 책 2권 제외 (남은 0권). ROI [-0.4, -0.2, 0.0] ~ [-0.26, 0.4, 0.32] @arm_base_link
11:03:42 [비전] ROI 밖 책: (-0.098, -0.676, -0.341) @arm_base_link
11:03:42 [비전] ROI 밖 책: (-0.398, 0.476, 0.222) @arm_base_link
11:03:42 [비전] ROI 밖 책 2권 제외 (남은 0권). ROI [-0.4, -0.2, 0.0] ~ [-0.26, 0.4, 0.32] @arm_base_link
11:03:42 [비전] ROI 밖 책: (-0.101, -0.673, -0.341) @arm_base_link
11:03:42 [비전] ROI 밖 책: (-0.398, 0.476, 0.222) @arm_base_link
11:03:42 [비전] ROI 밖 책 2권 제외 (남은 0권). ROI [-0.4, -0.2, 0.0] ~ [-0.26, 0.4, 0.32] @arm_base_link
11:03:43 [비전] ROI 밖 책: (-0.098, -0.676, -0.341) @arm_base_link
11:03:43 [비전] ROI 밖 책: (-0.398, 0.476, 0.222) @arm_base_link
11:03:43 [비전] ROI 밖 책 2권 제외 (남은 0권). ROI [-0.4, -0.2, 0.0] ~ [-0.26, 0.4, 0.32] @arm_base_link
11:03:43 [비전] ROI 밖 책: (-0.098, -0.676, -0.341) @arm_base_link
11:03:43 [비전] ROI 밖 책: (-0.398, 0.476, 0.222) @arm_base_link
11:03:43 [비전] ROI 밖 책 2권 제외 (남은 0권). ROI [-0.4, -0.2, 0.0] ~ [-0.26, 0.4, 0.32] @arm_base_link
11:03:44 [비전] ROI 밖 책: (-0.101, -0.676, -0.341) @arm_base_link
11:03:44 [비전] ROI 밖 책: (-0.396, 0.475, 0.224) @arm_base_link
11:03:44 [비전] ROI 밖 책 2권 제외 (남은 0권). ROI [-0.4, -0.2, 0.0] ~ [-0.26, 0.4, 0.32] @arm_base_link
11:03:44 [비전] ROI 밖 책: (-0.098, -0.676, -0.341) @arm_base_link
11:03:44 [비전] ROI 밖 책: (-0.396, 0.475, 0.224) @arm_base_link
11:03:44 [비전] ROI 밖 책 2권 제외 (남은 0권). ROI [-0.4, -0.2, 0.0] ~ [-0.26, 0.4, 0.32] @arm_base_link
11:03:45 [비전] ROI 밖 책: (-0.098, -0.676, -0.341) @arm_base_link
11:03:45 [비전] ROI 밖 책: (-0.398, 0.476, 0.222) @arm_base_link
11:03:45 [비전] ROI 밖 책 2권 제외 (남은 0권). ROI [-0.4, -0.2, 0.0] ~ [-0.26, 0.4, 0.32] @arm_base_link
11:03:45 [비전] ROI 밖 책: (-0.101, -0.676, -0.341) @arm_base_link
11:03:45 [비전] ROI 밖 책: (-0.398, 0.476, 0.222) @arm_base_link
11:03:45 [비전] ROI 밖 책 2권 제외 (남은 0권). ROI [-0.4, -0.2, 0.0] ~ [-0.26, 0.4, 0.32] @arm_base_link
11:03:46 [비전] ROI 밖 책: (-0.101, -0.676, -0.341) @arm_base_link
11:03:46 [비전] ROI 밖 책: (-0.398, 0.476, 0.222) @arm_base_link
11:03:46 [비전] ROI 밖 책 2권 제외 (남은 0권). ROI [-0.4, -0.2, 0.0] ~ [-0.26, 0.4, 0.32] @arm_base_link
11:03:47 [비전] ROI 밖 책: (-0.098, -0.676, -0.341) @arm_base_link
11:03:47 [비전] ROI 밖 책: (-0.398, 0.476, 0.222) @arm_base_link
11:03:47 [비전] ROI 밖 책 2권 제외 (남은 0권). ROI [-0.4, -0.2, 0.0] ~ [-0.26, 0.4, 0.32] @arm_base_link
11:03:47 [비전] ROI 밖 책: (-0.101, -0.676, -0.341) @arm_base_link
11:03:47 [비전] ROI 밖 책: (-0.398, 0.476, 0.222) @arm_base_link
11:03:47 [비전] ROI 밖 책 2권 제외 (남은 0권). ROI [-0.4, -0.2, 0.0] ~ [-0.26, 0.4, 0.32] @arm_base_link
11:03:47 [비전] ROI 밖 책: (-0.101, -0.673, -0.341) @arm_base_link
11:03:47 [비전] ROI 밖 책: (-0.396, 0.475, 0.224) @arm_base_link
11:03:47 [비전] ROI 밖 책 2권 제외 (남은 0권). ROI [-0.4, -0.2, 0.0] ~ [-0.26, 0.4, 0.32] @arm_base_link
11:03:48 [비전] ROI 밖 책: (-0.104, -0.673, -0.341) @arm_base_link
11:03:48 [비전] ROI 밖 책: (-0.396, 0.475, 0.224) @arm_base_link
11:03:48 [비전] ROI 밖 책 2권 제외 (남은 0권). ROI [-0.4, -0.2, 0.0] ~ [-0.26, 0.4, 0.32] @arm_base_link
11:03:48 [비전] ROI 밖 책: (-0.101, -0.673, -0.341) @arm_base_link
11:03:48 [비전] ROI 밖 책: (-0.396, 0.476, 0.225) @arm_base_link
11:03:48 [비전] ROI 밖 책 2권 제외 (남은 0권). ROI [-0.4, -0.2, 0.0] ~ [-0.26, 0.4, 0.32] @arm_base_link
11:03:49 [비전] ROI 밖 책: (-0.101, -0.670, -0.341) @arm_base_link
11:03:49 [비전] ROI 밖 책: (-0.396, 0.475, 0.224) @arm_base_link
11:03:49 [비전] ROI 밖 책 2권 제외 (남은 0권). ROI [-0.4, -0.2, 0.0] ~ [-0.26, 0.4, 0.32] @arm_base_link
11:03:49 [비전] ROI 밖 책: (-0.101, -0.670, -0.341) @arm_base_link
11:03:49 [비전] ROI 밖 책: (-0.396, 0.475, 0.224) @arm_base_link
11:03:49 [비전] ROI 밖 책 2권 제외 (남은 0권). ROI [-0.4, -0.2, 0.0] ~ [-0.26, 0.4, 0.32] @arm_base_link
11:03:50 [비전] ROI 밖 책: (-0.104, -0.670, -0.341) @arm_base_link
11:03:50 [비전] ROI 밖 책: (-0.398, 0.476, 0.222) @arm_base_link
11:03:50 [비전] ROI 밖 책 2권 제외 (남은 0권). ROI [-0.4, -0.2, 0.0] ~ [-0.26, 0.4, 0.32] @arm_base_link
11:03:50 [비전] ROI 밖 책: (-0.114, -0.670, -0.341) @arm_base_link
11:03:50 [비전] ROI 밖 책: (-0.396, 0.475, 0.224) @arm_base_link
11:03:50 [비전] ROI 밖 책 2권 제외 (남은 0권). ROI [-0.4, -0.2, 0.0] ~ [-0.26, 0.4, 0.32] @arm_base_link
11:03:51 [비전] ROI 밖 책: (-0.098, -0.676, -0.341) @arm_base_link
11:03:51 [비전] ROI 밖 책: (-0.396, 0.475, 0.224) @arm_base_link
11:03:51 [비전] ROI 밖 책 2권 제외 (남은 0권). ROI [-0.4, -0.2, 0.0] ~ [-0.26, 0.4, 0.32] @arm_base_link
11:03:51 [비전] ROI 밖 책: (-0.101, -0.673, -0.341) @arm_base_link
11:03:51 [비전] ROI 밖 책: (-0.398, 0.476, 0.222) @arm_base_link
11:03:51 [비전] ROI 밖 책 2권 제외 (남은 0권). ROI [-0.4, -0.2, 0.0] ~ [-0.26, 0.4, 0.32] @arm_base_link
11:03:52 [비전] ROI 밖 책: (-0.098, -0.679, -0.341) @arm_base_link
11:03:52 [비전] ROI 밖 책: (-0.395, 0.475, 0.224) @arm_base_link
11:03:52 [비전] ROI 밖 책 2권 제외 (남은 0권). ROI [-0.4, -0.2, 0.0] ~ [-0.26, 0.4, 0.32] @arm_base_link
11:03:52 [비전] ROI 밖 책: (-0.098, -0.676, -0.341) @arm_base_link
11:03:52 [비전] ROI 밖 책: (-0.398, 0.476, 0.222) @arm_base_link
11:03:52 [비전] ROI 밖 책 2권 제외 (남은 0권). ROI [-0.4, -0.2, 0.0] ~ [-0.26, 0.4, 0.32] @arm_base_link
11:03:53 [비전] ROI 밖 책: (-0.098, -0.673, -0.341) @arm_base_link
11:03:53 [비전] ROI 밖 책: (-0.395, 0.475, 0.224) @arm_base_link
11:03:53 [비전] ROI 밖 책 2권 제외 (남은 0권). ROI [-0.4, -0.2, 0.0] ~ [-0.26, 0.4, 0.32] @arm_base_link
11:03:53 [비전] ROI 밖 책: (-0.101, -0.673, -0.341) @arm_base_link
11:03:53 [비전] ROI 밖 책: (-0.396, 0.475, 0.224) @arm_base_link
11:03:53 [비전] ROI 밖 책 2권 제외 (남은 0권). ROI [-0.4, -0.2, 0.0] ~ [-0.26, 0.4, 0.32] @arm_base_link
11:03:54 [비전] ROI 밖 책: (-0.098, -0.673, -0.341) @arm_base_link
11:03:54 [비전] ROI 밖 책: (-0.395, 0.475, 0.224) @arm_base_link
11:03:54 [비전] ROI 밖 책 2권 제외 (남은 0권). ROI [-0.4, -0.2, 0.0] ~ [-0.26, 0.4, 0.32] @arm_base_link
11:03:54 [비전] ROI 밖 책: (-0.101, -0.670, -0.341) @arm_base_link
11:03:54 [비전] ROI 밖 책: (-0.396, 0.475, 0.224) @arm_base_link
11:03:54 [비전] ROI 밖 책 2권 제외 (남은 0권). ROI [-0.4, -0.2, 0.0] ~ [-0.26, 0.4, 0.32] @arm_base_link
11:03:55 [비전] ROI 밖 책: (-0.098, -0.673, -0.341) @arm_base_link
11:03:55 [비전] ROI 밖 책: (-0.398, 0.476, 0.222) @arm_base_link
11:03:55 [비전] ROI 밖 책 2권 제외 (남은 0권). ROI [-0.4, -0.2, 0.0] ~ [-0.26, 0.4, 0.32] @arm_base_link
11:03:55 [비전] ROI 밖 책: (-0.098, -0.676, -0.341) @arm_base_link
11:03:55 [비전] ROI 밖 책: (-0.396, 0.475, 0.224) @arm_base_link
11:03:55 [비전] ROI 밖 책 2권 제외 (남은 0권). ROI [-0.4, -0.2, 0.0] ~ [-0.26, 0.4, 0.32] @arm_base_link
11:03:56 [비전] ROI 밖 책: (-0.101, -0.673, -0.341) @arm_base_link
11:03:56 [비전] ROI 밖 책: (-0.396, 0.475, 0.224) @arm_base_link
11:03:56 [비전] ROI 밖 책 2권 제외 (남은 0권). ROI [-0.4, -0.2, 0.0] ~ [-0.26, 0.4, 0.32] @arm_base_link
11:03:57 [비전] ROI 밖 책: (-0.101, -0.676, -0.341) @arm_base_link
11:03:57 [비전] ROI 밖 책: (-0.398, 0.476, 0.222) @arm_base_link
11:03:57 [비전] ROI 밖 책 2권 제외 (남은 0권). ROI [-0.4, -0.2, 0.0] ~ [-0.26, 0.4, 0.32] @arm_base_link
11:03:57 [조작] PlaceBook 실패 job=job_e948bee203ec code=411(NOT_READY) phase=DETECTING_BOOK 책 관측 자세에서 30s 동안 책 좌표 없음
