[37;1m2026-09-29 10:53:07.629 [31;1m[[37;1mXMLProfileManager[31;1m Error] [37mCould not extract any profile[34;1m -> Function [36mextractProfiles[m
[INFO] [1790646787.673680006] [manipulation_node]: PlaceBook /place_book executor=sim profile=default tray_slots=6 status=/robot/status perception_bridge=True
[INFO] [1790646859.748245652] [manipulation_node]: 베이스 회전 명령 전송 (목표 yaw +0°, 서가 거리 0.444)
[INFO] [1790646864.431742189] [manipulation_node]: 베이스 회전 완료
[INFO] [1790646895.074537104] [manipulation_node]: [스캔캐시] 저장 — 관측 7개 (/World/bookshelves_main/shelf_brown__book_shelf_01)
[INFO] [1790646895.074846687] [manipulation_node]: 빈칸 깊이: 관측 y 0.625 → 칸중심 0.724 · 앞면 실측 0.444 → 칸중심 0.544 (차이 +181 mm) — **앞면 쪽을 쓴다** [slot_y_from_shelf_front]
[INFO] [1790646895.075049834] [manipulation_node]: 빈칸 관측 버림 (서가 밖): (-0.781, 0.503, 0.170) 서가 x -0.66~0.66 y 0.41~0.80 z -0.33~2.19
[INFO] [1790646895.075244704] [manipulation_node]: 빈칸 관측 버림 (서가 밖): (-0.781, 0.503, 0.170) 서가 x -0.66~0.66 y 0.41~0.80 z -0.33~2.19
[INFO] [1790646895.075464105] [manipulation_node]: 빈칸 깊이: 관측 y 0.521 → 칸중심 0.620 · 앞면 실측 0.444 → 칸중심 0.544 (차이 +77 mm) — **앞면 쪽을 쓴다** [slot_y_from_shelf_front]
[INFO] [1790646895.075674489] [manipulation_node]: 빈칸 깊이: 관측 y 0.506 → 칸중심 0.606 · 앞면 실측 0.444 → 칸중심 0.544 (차이 +62 mm) — **앞면 쪽을 쓴다** [slot_y_from_shelf_front]
[INFO] [1790646895.075885633] [manipulation_node]: 빈칸 깊이: 관측 y 0.538 → 칸중심 0.638 · 앞면 실측 0.444 → 칸중심 0.544 (차이 +94 mm) — **앞면 쪽을 쓴다** [slot_y_from_shelf_front]
[INFO] [1790646895.076206385] [manipulation_node]: 빈칸 x: 검출 +0.2596 → 실측 빈칸 중심 +0.2733 (+13.7 mm, 빈칸 폭 95.8 mm, 책 두께 35.2 mm, 남는 여유 한쪽 30.3 mm, 판 상대높이 +0.000 m) [slot_x_snap_to_gap]
[INFO] [1790646895.076506066] [manipulation_node]: [배정] 책 35.2 mm → 칸 95.8 mm (여유 합 60.6 mm)
[INFO] [1790646895.076833242] [manipulation_node]: 빈칸 선택: 책 사이 틈 관측 (0.273, 0.521, 0.358) → 칸 중심 y 0.544, z 0.340 (판 높이로 스냅); 꽂기 전 차체를 옆으로 +0.623 m 옮겨 틈을 x -0.35 에 둔다
[INFO] [1790646895.077153928] [manipulation_node]: 빈 슬롯 스캔 완료: (-0.35, 0.5439, 0.3399), 삽입깊이 0.300m
[INFO] [1790646895.080680155] [manipulation_node]: 베이스 회전 명령 전송 (목표 yaw +0°, 서가 거리 0.444)
[INFO] [1790646902.064217406] [manipulation_node]: 베이스 회전 완료
[WARN] [1790646902.365526960] [manipulation_node]: 책 관측이 안 정해진다: 관측 1개가 책 1권에 흩어져 있다 — 가장 많이 본 것도 1개뿐이라 (필요 2) 어느 것이 튄 값인지 알 수 없다 — 더 본다
[WARN] [1790646902.466201967] [manipulation_node]: 책 관측이 안 정해진다: 관측 1개가 책 1권에 흩어져 있다 — 가장 많이 본 것도 1개뿐이라 (필요 2) 어느 것이 튄 값인지 알 수 없다 — 더 본다
[WARN] [1790646902.566696133] [manipulation_node]: 책 관측이 안 정해진다: 관측 1개가 책 1권에 흩어져 있다 — 가장 많이 본 것도 1개뿐이라 (필요 2) 어느 것이 튄 값인지 알 수 없다 — 더 본다
[WARN] [1790646902.667228715] [manipulation_node]: 책 관측이 안 정해진다: 관측 1개가 책 1권에 흩어져 있다 — 가장 많이 본 것도 1개뿐이라 (필요 2) 어느 것이 튄 값인지 알 수 없다 — 더 본다
[INFO] [1790646902.767746255] [manipulation_node]: 책 좌표 정함 (-0.3582, -0.0842, +0.2123) — 관측 2개 · 책 1권 · 고른 책 2개 (x 흔들림 10 mm) → 축마다 중앙값
[INFO] [1790646902.768339285] [manipulation_node]: 작업 job_e948bee203ec book=book_003 트레이 칸 0 파지 [-0.358208500740164, -0.08418502971759644, 0.1364493129131286] (vision) → (-0.35, 0.5438500024676323, 0.3399) 삽입 속도 0.030 m/s
[INFO] [1790647035.856209698] [manipulation_node]: 빈칸 실측이 낡았다 (배치 1회째) — 다음 판은 다시 스캔해야 한다. 트레이 쓴 칸 [0] / 전체 6
[INFO] [1790647035.856671235] [manipulation_node]: PlaceBook 성공 job=job_e948bee203ec code=0(OK) phase= 배치 확인
[INFO] [1790647035.863188204] [manipulation_node]: 베이스 회전 명령 전송 (목표 yaw +0°, 서가 거리 0.444)
[INFO] [1790647041.072318376] [manipulation_node]: 베이스 회전 완료
[INFO] [1790647041.072547942] [manipulation_node]: [스캔캐시] 후보 — 관측 7개 (/World/bookshelves_main/shelf_brown__book_shelf_01). 팔 스윕 생략, 빈칸만 다시 잰다
[INFO] [1790647046.054189432] [manipulation_node]: [스캔캐시] 사용 — 관측 7개 (/World/bookshelves_main/shelf_brown__book_shelf_01)
[INFO] [1790647046.054500018] [manipulation_node]: 빈칸 깊이: 관측 y 0.625 → 칸중심 0.724 · 앞면 실측 0.444 → 칸중심 0.544 (차이 +181 mm) — **앞면 쪽을 쓴다** [slot_y_from_shelf_front]
[INFO] [1790647046.054706487] [manipulation_node]: 빈칸 관측 버림 (서가 밖): (-0.781, 0.503, 0.170) 서가 x -0.66~0.66 y 0.41~0.80 z -0.33~2.19
[INFO] [1790647046.054906400] [manipulation_node]: 빈칸 관측 버림 (서가 밖): (-0.781, 0.503, 0.170) 서가 x -0.66~0.66 y 0.41~0.80 z -0.33~2.19
[INFO] [1790647046.055119647] [manipulation_node]: 빈칸 깊이: 관측 y 0.521 → 칸중심 0.620 · 앞면 실측 0.444 → 칸중심 0.544 (차이 +77 mm) — **앞면 쪽을 쓴다** [slot_y_from_shelf_front]
[INFO] [1790647046.055329729] [manipulation_node]: 빈칸 깊이: 관측 y 0.506 → 칸중심 0.606 · 앞면 실측 0.444 → 칸중심 0.544 (차이 +62 mm) — **앞면 쪽을 쓴다** [slot_y_from_shelf_front]
[INFO] [1790647046.055537072] [manipulation_node]: 빈칸 깊이: 관측 y 0.538 → 칸중심 0.638 · 앞면 실측 0.444 → 칸중심 0.544 (차이 +94 mm) — **앞면 쪽을 쓴다** [slot_y_from_shelf_front]
[WARN] [1790647046.055869060] [manipulation_node]: **판을 옮긴다** — 가리킨 판에 자리가 없다 (들어가는 빈칸이 없다 — 실측 빈칸 3개 중 가장 넓은 것이 28.0 mm 인데 책 두께 35.2 mm 에 양쪽 여유 5.0 mm 씩이면 45.2 mm 가 필요하다). 상대 +0.544 m 판의 81 mm 칸으로 간다 (여유 한쪽 22.7 mm). **높이도 그 판 것으로 바꿔야 한다**  칸 중심 z +0.3399 → +0.8839
[INFO] [1790647046.056180546] [manipulation_node]: 빈칸 x: 검출 +0.2596 → 실측 빈칸 중심 -0.4007 (-660.4 mm, 빈칸 폭 80.5 mm, 책 두께 35.2 mm, 남는 여유 한쪽 22.7 mm, 판 상대높이 +0.544 m) [slot_x_snap_to_gap]
[INFO] [1790647046.056479797] [manipulation_node]: [배정] 책 35.2 mm → 칸 80.5 mm (여유 합 45.3 mm)
[INFO] [1790647046.056813695] [manipulation_node]: 빈칸 선택: 책 사이 틈 관측 (-0.401, 0.521, 0.358) → 칸 중심 y 0.544, z 0.884 (판 높이로 스냅); 꽂기 전 차체를 옆으로 -0.051 m 옮겨 틈을 x -0.35 에 둔다
[INFO] [1790647046.057161306] [manipulation_node]: 빈 슬롯 스캔 완료: (-0.35, 0.5439, 0.8839), 삽입깊이 0.300m
[INFO] [1790647046.060360013] [manipulation_node]: 베이스 회전 명령 전송 (목표 yaw +0°, 서가 거리 0.444)
[INFO] [1790647046.916718767] [manipulation_node]: 베이스 회전 완료
[WARN] [1790647051.022698442] [manipulation_node]: 책 관측이 안 정해진다: 관측 1개가 책 1권에 흩어져 있다 — 가장 많이 본 것도 1개뿐이라 (필요 2) 어느 것이 튄 값인지 알 수 없다 — 더 본다
[WARN] [1790647051.123226301] [manipulation_node]: 책 관측이 안 정해진다: 관측 1개가 책 1권에 흩어져 있다 — 가장 많이 본 것도 1개뿐이라 (필요 2) 어느 것이 튄 값인지 알 수 없다 — 더 본다
[WARN] [1790647051.223732973] [manipulation_node]: 책 관측이 안 정해진다: 관측 1개가 책 1권에 흩어져 있다 — 가장 많이 본 것도 1개뿐이라 (필요 2) 어느 것이 튄 값인지 알 수 없다 — 더 본다
[WARN] [1790647051.324187394] [manipulation_node]: 책 관측이 안 정해진다: 관측 1개가 책 1권에 흩어져 있다 — 가장 많이 본 것도 1개뿐이라 (필요 2) 어느 것이 튄 값인지 알 수 없다 — 더 본다
[WARN] [1790647051.424615637] [manipulation_node]: 책 관측이 안 정해진다: 관측 1개가 책 1권에 흩어져 있다 — 가장 많이 본 것도 1개뿐이라 (필요 2) 어느 것이 튄 값인지 알 수 없다 — 더 본다
[INFO] [1790647051.525144540] [manipulation_node]: 책 좌표 정함 (-0.3581, +0.1610, +0.2091) — 관측 2개 · 책 1권 · 고른 책 2개 (x 흔들림 13 mm) → 축마다 중앙값
[INFO] [1790647051.525665093] [manipulation_node]: 작업 job_e948bee203ec book=book_004 트레이 칸 1 파지 [-0.3580791799652847, 0.16095138153836402, 0.13322185670435066] (vision) → (-0.35, 0.5438500024676323, 0.8839) 삽입 속도 0.030 m/s
[INFO] [1790647190.384458133] [manipulation_node]: 빈칸 실측이 낡았다 (배치 2회째) — 다음 판은 다시 스캔해야 한다. 트레이 쓴 칸 [0, 1] / 전체 6
[INFO] [1790647190.384735325] [manipulation_node]: PlaceBook 성공 job=job_e948bee203ec code=0(OK) phase= 배치 확인
[INFO] [1790647220.536322728] [manipulation_node]: 베이스 회전 명령 전송 (목표 yaw +0°, 서가 거리 0.444)
[INFO] [1790647222.763800141] [manipulation_node]: 베이스 회전 완료
[INFO] [1790647222.764039715] [manipulation_node]: [스캔캐시] 후보 — 관측 7개 (/World/bookshelves_main/shelf_brown__book_shelf_01). 팔 스윕 생략, 빈칸만 다시 잰다
[INFO] [1790647227.770795350] [manipulation_node]: [스캔캐시] 무효 — 서가가 바뀜 /World/bookshelves_main/shelf_brown__book_shelf_01 → /World/bookshelves_main/shelf_brown__book_shelf_11. 스윕한다
[INFO] [1790647255.595417356] [manipulation_node]: [스캔캐시] 저장 — 관측 9개 (/World/bookshelves_main/shelf_brown__book_shelf_11)
[INFO] [1790647255.595745571] [manipulation_node]: 빈칸 깊이: 관측 y 0.538 → 칸중심 0.638 · 앞면 실측 0.444 → 칸중심 0.544 (차이 +94 mm) — **앞면 쪽을 쓴다** [slot_y_from_shelf_front]
[INFO] [1790647255.595989166] [manipulation_node]: 빈칸 깊이: 관측 y 0.632 → 칸중심 0.732 · 앞면 실측 0.444 → 칸중심 0.544 (차이 +188 mm) — **앞면 쪽을 쓴다** [slot_y_from_shelf_front]
[INFO] [1790647255.596220049] [manipulation_node]: 빈칸 깊이: 관측 y 0.548 → 칸중심 0.648 · 앞면 실측 0.444 → 칸중심 0.544 (차이 +104 mm) — **앞면 쪽을 쓴다** [slot_y_from_shelf_front]
[INFO] [1790647255.596428534] [manipulation_node]: 빈칸 관측 버림 (서가 밖): (-0.786, 0.520, 0.191) 서가 x -0.66~0.66 y 0.41~0.80 z -0.33~2.19
[INFO] [1790647255.596652222] [manipulation_node]: 빈칸 깊이: 관측 y 0.491 → 칸중심 0.591 · 앞면 실측 0.444 → 칸중심 0.544 (차이 +47 mm) — **앞면 쪽을 쓴다** [slot_y_from_shelf_front]
[INFO] [1790647255.596874530] [manipulation_node]: 빈칸 깊이: 관측 y 0.490 → 칸중심 0.590 · 앞면 실측 0.444 → 칸중심 0.544 (차이 +46 mm) — **앞면 쪽을 쓴다** [slot_y_from_shelf_front]
[INFO] [1790647255.597103800] [manipulation_node]: 빈칸 깊이: 관측 y 0.502 → 칸중심 0.602 · 앞면 실측 0.444 → 칸중심 0.544 (차이 +58 mm) — **앞면 쪽을 쓴다** [slot_y_from_shelf_front]
[INFO] [1790647255.597328920] [manipulation_node]: 빈칸 깊이: 관측 y 0.502 → 칸중심 0.602 · 앞면 실측 0.444 → 칸중심 0.544 (차이 +58 mm) — **앞면 쪽을 쓴다** [slot_y_from_shelf_front]
[INFO] [1790647255.597669628] [manipulation_node]: 빈칸 x: 검출 -0.0596 → 실측 빈칸 중심 -0.0896 (-30.1 mm, 빈칸 폭 85.9 mm, 책 두께 35.2 mm, 남는 여유 한쪽 25.4 mm, 판 상대높이 +0.000 m) [slot_x_snap_to_gap]
[INFO] [1790647255.597994228] [manipulation_node]: [배정] 책 35.2 mm → 칸 85.9 mm (여유 합 50.7 mm)
[INFO] [1790647255.598349084] [manipulation_node]: 빈칸 선택: 책 사이 틈 관측 (-0.090, 0.502, 0.359) → 칸 중심 y 0.544, z 0.340 (판 높이로 스냅); 꽂기 전 차체를 옆으로 +0.260 m 옮겨 틈을 x -0.35 에 둔다
[INFO] [1790647255.598733273] [manipulation_node]: 빈 슬롯 스캔 완료: (-0.35, 0.5439, 0.3399), 삽입깊이 0.300m
[INFO] [1790647255.602549896] [manipulation_node]: 베이스 회전 명령 전송 (목표 yaw +0°, 서가 거리 0.444)
[INFO] [1790647257.893513933] [manipulation_node]: 베이스 회전 완료
[WARN] [1790647257.994257400] [manipulation_node]: 책 관측이 안 정해진다: 관측 1개가 책 1권에 흩어져 있다 — 가장 많이 본 것도 1개뿐이라 (필요 2) 어느 것이 튄 값인지 알 수 없다 — 더 본다
[WARN] [1790647258.094771868] [manipulation_node]: 책 관측이 안 정해진다: 관측 1개가 책 1권에 흩어져 있다 — 가장 많이 본 것도 1개뿐이라 (필요 2) 어느 것이 튄 값인지 알 수 없다 — 더 본다
[WARN] [1790647258.195282224] [manipulation_node]: 책 관측이 안 정해진다: 관측 1개가 책 1권에 흩어져 있다 — 가장 많이 본 것도 1개뿐이라 (필요 2) 어느 것이 튄 값인지 알 수 없다 — 더 본다
[WARN] [1790647258.295792835] [manipulation_node]: 책 관측이 안 정해진다: 관측 1개가 책 1권에 흩어져 있다 — 가장 많이 본 것도 1개뿐이라 (필요 2) 어느 것이 튄 값인지 알 수 없다 — 더 본다
[WARN] [1790647258.396327622] [manipulation_node]: 책 관측이 안 정해진다: 관측 1개가 책 1권에 흩어져 있다 — 가장 많이 본 것도 1개뿐이라 (필요 2) 어느 것이 튄 값인지 알 수 없다 — 더 본다
[WARN] [1790647258.496866541] [manipulation_node]: 책 관측이 안 정해진다: 관측 1개가 책 1권에 흩어져 있다 — 가장 많이 본 것도 1개뿐이라 (필요 2) 어느 것이 튄 값인지 알 수 없다 — 더 본다
[INFO] [1790647258.597406856] [manipulation_node]: 책 좌표 정함 (-0.3609, -0.0013, +0.2135) — 관측 2개 · 책 1권 · 고른 책 2개 (x 흔들림 1 mm) → 축마다 중앙값
[INFO] [1790647258.597970258] [manipulation_node]: 작업 job_e948bee203ec book=book_001 트레이 칸 2 파지 [-0.3609123909927655, -0.001262817615645541, 0.13764623517215874] (vision) → (-0.35, 0.5438500024676323, 0.3399) 삽입 속도 0.030 m/s
[INFO] [1790647395.463870235] [manipulation_node]: 빈칸 실측이 낡았다 (배치 3회째) — 다음 판은 다시 스캔해야 한다. 트레이 쓴 칸 [0, 1, 2] / 전체 6
[INFO] [1790647395.464241189] [manipulation_node]: PlaceBook 성공 job=job_e948bee203ec code=0(OK) phase= 배치 확인
[INFO] [1790647395.471823419] [manipulation_node]: 베이스 회전 명령 전송 (목표 yaw +0°, 서가 거리 0.444)
[INFO] [1790647397.464892339] [manipulation_node]: 베이스 회전 완료
[INFO] [1790647397.465086547] [manipulation_node]: [스캔캐시] 후보 — 관측 9개 (/World/bookshelves_main/shelf_brown__book_shelf_11). 팔 스윕 생략, 빈칸만 다시 잰다
[INFO] [1790647402.580876623] [manipulation_node]: [스캔캐시] 사용 — 관측 9개 (/World/bookshelves_main/shelf_brown__book_shelf_11)
[INFO] [1790647402.581197574] [manipulation_node]: 빈칸 깊이: 관측 y 0.538 → 칸중심 0.638 · 앞면 실측 0.444 → 칸중심 0.544 (차이 +94 mm) — **앞면 쪽을 쓴다** [slot_y_from_shelf_front]
[INFO] [1790647402.581431923] [manipulation_node]: 빈칸 깊이: 관측 y 0.632 → 칸중심 0.732 · 앞면 실측 0.444 → 칸중심 0.544 (차이 +188 mm) — **앞면 쪽을 쓴다** [slot_y_from_shelf_front]
[INFO] [1790647402.581659532] [manipulation_node]: 빈칸 깊이: 관측 y 0.548 → 칸중심 0.648 · 앞면 실측 0.444 → 칸중심 0.544 (차이 +104 mm) — **앞면 쪽을 쓴다** [slot_y_from_shelf_front]
[INFO] [1790647402.581866378] [manipulation_node]: 빈칸 관측 버림 (서가 밖): (-0.786, 0.520, 0.191) 서가 x -0.66~0.66 y 0.41~0.80 z -0.33~2.19
[INFO] [1790647402.582095054] [manipulation_node]: 빈칸 깊이: 관측 y 0.491 → 칸중심 0.591 · 앞면 실측 0.444 → 칸중심 0.544 (차이 +47 mm) — **앞면 쪽을 쓴다** [slot_y_from_shelf_front]
[INFO] [1790647402.582330629] [manipulation_node]: 빈칸 깊이: 관측 y 0.490 → 칸중심 0.590 · 앞면 실측 0.444 → 칸중심 0.544 (차이 +46 mm) — **앞면 쪽을 쓴다** [slot_y_from_shelf_front]
[INFO] [1790647402.582552089] [manipulation_node]: 빈칸 깊이: 관측 y 0.502 → 칸중심 0.602 · 앞면 실측 0.444 → 칸중심 0.544 (차이 +58 mm) — **앞면 쪽을 쓴다** [slot_y_from_shelf_front]
[INFO] [1790647402.582772894] [manipulation_node]: 빈칸 깊이: 관측 y 0.502 → 칸중심 0.602 · 앞면 실측 0.444 → 칸중심 0.544 (차이 +58 mm) — **앞면 쪽을 쓴다** [slot_y_from_shelf_front]
[WARN] [1790647402.583113980] [manipulation_node]: **판을 옮긴다** — 가리킨 판에 자리가 없다 (들어가는 빈칸이 없다 — 실측 빈칸 2개 중 가장 넓은 것이 28.0 mm 인데 책 두께 35.2 mm 에 양쪽 여유 5.0 mm 씩이면 45.2 mm 가 필요하다). 상대 +0.544 m 판의 83 mm 칸으로 간다 (여유 한쪽 23.9 mm). **높이도 그 판 것으로 바꿔야 한다**  칸 중심 z +0.3399 → +0.8839
[INFO] [1790647402.583427949] [manipulation_node]: 빈칸 x: 검출 -0.0596 → 실측 빈칸 중심 +0.1387 (+198.3 mm, 빈칸 폭 83.0 mm, 책 두께 35.2 mm, 남는 여유 한쪽 23.9 mm, 판 상대높이 +0.544 m) [slot_x_snap_to_gap]
[INFO] [1790647402.583746824] [manipulation_node]: [배정] 책 35.2 mm → 칸 83.0 mm (여유 합 47.8 mm)
[INFO] [1790647402.584102938] [manipulation_node]: 빈칸 선택: 책 사이 틈 관측 (0.139, 0.502, 0.359) → 칸 중심 y 0.544, z 0.884 (판 높이로 스냅); 꽂기 전 차체를 옆으로 +0.489 m 옮겨 틈을 x -0.35 에 둔다
[INFO] [1790647402.584445663] [manipulation_node]: 빈 슬롯 스캔 완료: (-0.35, 0.5439, 0.8839), 삽입깊이 0.300m
[INFO] [1790647402.588195003] [manipulation_node]: 베이스 회전 명령 전송 (목표 yaw +0°, 서가 거리 0.444)
[INFO] [1790647406.444360267] [manipulation_node]: 베이스 회전 완료
[WARN] [1790647436.484950143] [manipulation_node]: PlaceBook 실패 job=job_e948bee203ec code=411(NOT_READY) phase=DETECTING_BOOK 책 관측 자세에서 30s 동안 책 좌표 없음
