[37;1m2026-09-29 01:04:03.001 [31;1m[[37;1mXMLProfileManager[31;1m Error] [37mCould not extract any profile[34;1m -> Function [36mextractProfiles[m
[INFO] [1790611443.058123123] [manipulation_node]: PlaceBook /place_book executor=sim profile=default tray_slots=6 status=/robot/status perception_bridge=True
[INFO] [1790611508.946864496] [manipulation_node]: 베이스 회전 명령 전송 (목표 yaw +0°, 서가 거리 0.444)
[INFO] [1790611513.044527009] [manipulation_node]: 베이스 회전 완료
[INFO] [1790611538.195909893] [manipulation_node]: [스캔캐시] 저장 — 관측 7개 (/World/bookshelves_main/shelf_brown__book_shelf_01)
[INFO] [1790611538.196297822] [manipulation_node]: 빈칸 깊이: 관측 y 0.624 → 칸중심 0.724 · 앞면 실측 0.444 → 칸중심 0.544 (차이 +180 mm) — **앞면 쪽을 쓴다** [slot_y_from_shelf_front]
[INFO] [1790611538.196564593] [manipulation_node]: 빈칸 관측 버림 (서가 밖): (-0.780, 0.505, 0.177) 서가 x -0.66~0.66 y 0.41~0.80 z -0.33~2.19
[INFO] [1790611538.196808451] [manipulation_node]: 빈칸 관측 버림 (서가 밖): (-0.782, 0.489, 0.192) 서가 x -0.66~0.66 y 0.41~0.80 z -0.33~2.19
[INFO] [1790611538.197002937] [manipulation_node]: 빈칸 깊이: 관측 y 0.523 → 칸중심 0.623 · 앞면 실측 0.444 → 칸중심 0.544 (차이 +79 mm) — **앞면 쪽을 쓴다** [slot_y_from_shelf_front]
[INFO] [1790611538.197164360] [manipulation_node]: 빈칸 깊이: 관측 y 0.506 → 칸중심 0.606 · 앞면 실측 0.444 → 칸중심 0.544 (차이 +62 mm) — **앞면 쪽을 쓴다** [slot_y_from_shelf_front]
[INFO] [1790611538.197317488] [manipulation_node]: 빈칸 깊이: 관측 y 0.536 → 칸중심 0.635 · 앞면 실측 0.444 → 칸중심 0.544 (차이 +92 mm) — **앞면 쪽을 쓴다** [slot_y_from_shelf_front]
[INFO] [1790611538.197573609] [manipulation_node]: 빈칸 x: 검출 +0.2591 → 실측 빈칸 중심 +0.2733 (+14.2 mm, 빈칸 폭 95.8 mm, 책 두께 35.2 mm, 남는 여유 한쪽 30.3 mm, 판 상대높이 +0.000 m) [slot_x_snap_to_gap]
[INFO] [1790611538.197828167] [manipulation_node]: [배정] 책 35.2 mm → 칸 95.8 mm (여유 합 60.6 mm)
[INFO] [1790611538.198110428] [manipulation_node]: 빈칸 선택: 책 사이 틈 관측 (0.273, 0.523, 0.357) → 칸 중심 y 0.544, z 0.340 (판 높이로 스냅); 꽂기 전 차체를 옆으로 +0.623 m 옮겨 틈을 x -0.35 에 둔다
[INFO] [1790611538.198474522] [manipulation_node]: 빈 슬롯 스캔 완료: (-0.35, 0.5439, 0.3399), 삽입깊이 0.300m
[INFO] [1790611538.201239717] [manipulation_node]: 베이스 회전 명령 전송 (목표 yaw +0°, 서가 거리 0.444)
[INFO] [1790611544.162420575] [manipulation_node]: 베이스 회전 완료
[WARN] [1790611544.263037765] [manipulation_node]: 책 관측이 안 정해진다: 관측 1개가 책 1권에 흩어져 있다 — 가장 많이 본 것도 1개뿐이라 (필요 2) 어느 것이 튄 값인지 알 수 없다 — 더 본다
[WARN] [1790611544.363597236] [manipulation_node]: 책 관측이 안 정해진다: 관측 1개가 책 1권에 흩어져 있다 — 가장 많이 본 것도 1개뿐이라 (필요 2) 어느 것이 튄 값인지 알 수 없다 — 더 본다
[WARN] [1790611544.464167388] [manipulation_node]: 책 관측이 안 정해진다: 관측 1개가 책 1권에 흩어져 있다 — 가장 많이 본 것도 1개뿐이라 (필요 2) 어느 것이 튄 값인지 알 수 없다 — 더 본다
[WARN] [1790611544.564616072] [manipulation_node]: 책 관측이 안 정해진다: 관측 1개가 책 1권에 흩어져 있다 — 가장 많이 본 것도 1개뿐이라 (필요 2) 어느 것이 튄 값인지 알 수 없다 — 더 본다
[WARN] [1790611544.665122223] [manipulation_node]: 책 관측이 안 정해진다: 관측 1개가 책 1권에 흩어져 있다 — 가장 많이 본 것도 1개뿐이라 (필요 2) 어느 것이 튄 값인지 알 수 없다 — 더 본다
[INFO] [1790611544.765732690] [manipulation_node]: 책 좌표 정함 (-0.3575, -0.0047, +0.2103) — 관측 2개 · 책 1권 · 고른 책 2개 (x 흔들림 6 mm) → 축마다 중앙값
[INFO] [1790611544.766254951] [manipulation_node]: 작업 job_21c09d35371c book=book_003 트레이 칸 0 파지 [-0.3574816673788883, -0.004663666530963298, 0.13447722786969504] (vision) → (-0.35, 0.5438500024676323, 0.3399) 삽입 속도 0.030 m/s
[INFO] [1790611656.341993148] [manipulation_node]: 빈칸 실측이 낡았다 (배치 1회째) — 다음 판은 다시 스캔해야 한다. 트레이 쓴 칸 [0] / 전체 6
[INFO] [1790611656.342262612] [manipulation_node]: PlaceBook 성공 job=job_21c09d35371c code=0(OK) phase= 배치 확인
[INFO] [1790611656.348461933] [manipulation_node]: 베이스 회전 명령 전송 (목표 yaw +0°, 서가 거리 0.444)
[INFO] [1790611660.853326270] [manipulation_node]: 베이스 회전 완료
[INFO] [1790611660.853553632] [manipulation_node]: [스캔캐시] 후보 — 관측 7개 (/World/bookshelves_main/shelf_brown__book_shelf_01). 팔 스윕 생략, 빈칸만 다시 잰다
[INFO] [1790611664.848537613] [manipulation_node]: [스캔캐시] 사용 — 관측 7개 (/World/bookshelves_main/shelf_brown__book_shelf_01)
[INFO] [1790611664.848782098] [manipulation_node]: 빈칸 깊이: 관측 y 0.624 → 칸중심 0.724 · 앞면 실측 0.444 → 칸중심 0.544 (차이 +180 mm) — **앞면 쪽을 쓴다** [slot_y_from_shelf_front]
[INFO] [1790611664.848935015] [manipulation_node]: 빈칸 관측 버림 (서가 밖): (-0.780, 0.505, 0.177) 서가 x -0.66~0.66 y 0.41~0.80 z -0.33~2.19
[INFO] [1790611664.849105155] [manipulation_node]: 빈칸 관측 버림 (서가 밖): (-0.782, 0.489, 0.192) 서가 x -0.66~0.66 y 0.41~0.80 z -0.33~2.19
[INFO] [1790611664.849311396] [manipulation_node]: 빈칸 깊이: 관측 y 0.523 → 칸중심 0.623 · 앞면 실측 0.444 → 칸중심 0.544 (차이 +79 mm) — **앞면 쪽을 쓴다** [slot_y_from_shelf_front]
[INFO] [1790611664.849493830] [manipulation_node]: 빈칸 깊이: 관측 y 0.506 → 칸중심 0.606 · 앞면 실측 0.444 → 칸중심 0.544 (차이 +62 mm) — **앞면 쪽을 쓴다** [slot_y_from_shelf_front]
[INFO] [1790611664.849647949] [manipulation_node]: 빈칸 깊이: 관측 y 0.536 → 칸중심 0.635 · 앞면 실측 0.444 → 칸중심 0.544 (차이 +92 mm) — **앞면 쪽을 쓴다** [slot_y_from_shelf_front]
[WARN] [1790611664.849898205] [manipulation_node]: **판을 옮긴다** — 가리킨 판에 자리가 없다 (들어가는 빈칸이 없다 — 실측 빈칸 3개 중 가장 넓은 것이 33.1 mm 인데 책 두께 35.2 mm 에 양쪽 여유 5.0 mm 씩이면 45.2 mm 가 필요하다). 상대 +0.544 m 판의 81 mm 칸으로 간다 (여유 한쪽 22.7 mm). **높이도 그 판 것으로 바꿔야 한다**  칸 중심 z +0.3399 → +0.8839
[INFO] [1790611664.850121389] [manipulation_node]: 빈칸 x: 검출 +0.2591 → 실측 빈칸 중심 -0.4007 (-659.8 mm, 빈칸 폭 80.5 mm, 책 두께 35.2 mm, 남는 여유 한쪽 22.7 mm, 판 상대높이 +0.544 m) [slot_x_snap_to_gap]
[INFO] [1790611664.850354762] [manipulation_node]: [배정] 책 35.2 mm → 칸 80.5 mm (여유 합 45.3 mm)
[INFO] [1790611664.850642661] [manipulation_node]: 빈칸 선택: 책 사이 틈 관측 (-0.401, 0.523, 0.357) → 칸 중심 y 0.544, z 0.884 (판 높이로 스냅); 꽂기 전 차체를 옆으로 -0.051 m 옮겨 틈을 x -0.35 에 둔다
[INFO] [1790611664.850918928] [manipulation_node]: 빈 슬롯 스캔 완료: (-0.35, 0.5439, 0.8839), 삽입깊이 0.300m
[INFO] [1790611664.853903744] [manipulation_node]: 베이스 회전 명령 전송 (목표 yaw +0°, 서가 거리 0.444)
[INFO] [1790611665.579952470] [manipulation_node]: 베이스 회전 완료
[WARN] [1790611665.780601801] [manipulation_node]: 책 관측이 안 정해진다: 관측 1개가 책 1권에 흩어져 있다 — 가장 많이 본 것도 1개뿐이라 (필요 2) 어느 것이 튄 값인지 알 수 없다 — 더 본다
[WARN] [1790611665.881157490] [manipulation_node]: 책 관측이 안 정해진다: 관측 1개가 책 1권에 흩어져 있다 — 가장 많이 본 것도 1개뿐이라 (필요 2) 어느 것이 튄 값인지 알 수 없다 — 더 본다
[WARN] [1790611665.981673712] [manipulation_node]: 책 관측이 안 정해진다: 관측 1개가 책 1권에 흩어져 있다 — 가장 많이 본 것도 1개뿐이라 (필요 2) 어느 것이 튄 값인지 알 수 없다 — 더 본다
[WARN] [1790611666.082201292] [manipulation_node]: 책 관측이 안 정해진다: 관측 1개가 책 1권에 흩어져 있다 — 가장 많이 본 것도 1개뿐이라 (필요 2) 어느 것이 튄 값인지 알 수 없다 — 더 본다
[WARN] [1790611666.182826143] [manipulation_node]: 책 관측이 안 정해진다: 관측 1개가 책 1권에 흩어져 있다 — 가장 많이 본 것도 1개뿐이라 (필요 2) 어느 것이 튄 값인지 알 수 없다 — 더 본다
[WARN] [1790611666.283396569] [manipulation_node]: 책 관측이 안 정해진다: 관측 1개가 책 1권에 흩어져 있다 — 가장 많이 본 것도 1개뿐이라 (필요 2) 어느 것이 튄 값인지 알 수 없다 — 더 본다
[WARN] [1790611666.383935834] [manipulation_node]: 책 관측이 안 정해진다: 관측 1개가 책 1권에 흩어져 있다 — 가장 많이 본 것도 1개뿐이라 (필요 2) 어느 것이 튄 값인지 알 수 없다 — 더 본다
[WARN] [1790611666.484461994] [manipulation_node]: 책 관측이 안 정해진다: 관측 1개가 책 1권에 흩어져 있다 — 가장 많이 본 것도 1개뿐이라 (필요 2) 어느 것이 튄 값인지 알 수 없다 — 더 본다
[WARN] [1790611666.584926113] [manipulation_node]: 책 관측이 안 정해진다: 관측 1개가 책 1권에 흩어져 있다 — 가장 많이 본 것도 1개뿐이라 (필요 2) 어느 것이 튄 값인지 알 수 없다 — 더 본다
[WARN] [1790611666.685554641] [manipulation_node]: 책 관측이 안 정해진다: 관측 2개가 책 2권에 흩어져 있다 — 가장 많이 본 것도 1개뿐이라 (필요 2) 어느 것이 튄 값인지 알 수 없다 — 더 본다
[WARN] [1790611666.786118174] [manipulation_node]: 책 관측이 안 정해진다: 관측 2개가 책 2권에 흩어져 있다 — 가장 많이 본 것도 1개뿐이라 (필요 2) 어느 것이 튄 값인지 알 수 없다 — 더 본다
[WARN] [1790611666.886574307] [manipulation_node]: 책 관측이 안 정해진다: 관측 2개가 책 2권에 흩어져 있다 — 가장 많이 본 것도 1개뿐이라 (필요 2) 어느 것이 튄 값인지 알 수 없다 — 더 본다
[WARN] [1790611666.987128591] [manipulation_node]: 책 관측이 안 정해진다: 관측 2개가 책 2권에 흩어져 있다 — 가장 많이 본 것도 1개뿐이라 (필요 2) 어느 것이 튄 값인지 알 수 없다 — 더 본다
[WARN] [1790611667.087568959] [manipulation_node]: 책 관측이 안 정해진다: 관측 2개가 책 2권에 흩어져 있다 — 가장 많이 본 것도 1개뿐이라 (필요 2) 어느 것이 튄 값인지 알 수 없다 — 더 본다
[WARN] [1790611667.188064248] [manipulation_node]: 책 관측이 안 정해진다: 관측 3개가 책 3권에 흩어져 있다 — 가장 많이 본 것도 1개뿐이라 (필요 2) 어느 것이 튄 값인지 알 수 없다 — 더 본다
[WARN] [1790611667.288578272] [manipulation_node]: 책 관측이 안 정해진다: 관측 3개가 책 3권에 흩어져 있다 — 가장 많이 본 것도 1개뿐이라 (필요 2) 어느 것이 튄 값인지 알 수 없다 — 더 본다
[WARN] [1790611667.389060225] [manipulation_node]: 책 관측이 안 정해진다: 관측 3개가 책 3권에 흩어져 있다 — 가장 많이 본 것도 1개뿐이라 (필요 2) 어느 것이 튄 값인지 알 수 없다 — 더 본다
[WARN] [1790611667.489534422] [manipulation_node]: 책 관측이 안 정해진다: 관측 3개가 책 3권에 흩어져 있다 — 가장 많이 본 것도 1개뿐이라 (필요 2) 어느 것이 튄 값인지 알 수 없다 — 더 본다
[WARN] [1790611667.589979984] [manipulation_node]: 책 관측이 안 정해진다: 관측 3개가 책 3권에 흩어져 있다 — 가장 많이 본 것도 1개뿐이라 (필요 2) 어느 것이 튄 값인지 알 수 없다 — 더 본다
[WARN] [1790611667.690411178] [manipulation_node]: 책 관측이 안 정해진다: 관측 4개가 책 4권에 흩어져 있다 — 가장 많이 본 것도 1개뿐이라 (필요 2) 어느 것이 튄 값인지 알 수 없다 — 더 본다
[WARN] [1790611667.790806793] [manipulation_node]: 책 관측이 안 정해진다: 관측 4개가 책 4권에 흩어져 있다 — 가장 많이 본 것도 1개뿐이라 (필요 2) 어느 것이 튄 값인지 알 수 없다 — 더 본다
[WARN] [1790611667.891305037] [manipulation_node]: 책 관측이 안 정해진다: 관측 4개가 책 4권에 흩어져 있다 — 가장 많이 본 것도 1개뿐이라 (필요 2) 어느 것이 튄 값인지 알 수 없다 — 더 본다
[WARN] [1790611667.991717084] [manipulation_node]: 책 관측이 안 정해진다: 관측 4개가 책 4권에 흩어져 있다 — 가장 많이 본 것도 1개뿐이라 (필요 2) 어느 것이 튄 값인지 알 수 없다 — 더 본다
[WARN] [1790611668.092123692] [manipulation_node]: 책 관측이 안 정해진다: 관측 4개가 책 4권에 흩어져 있다 — 가장 많이 본 것도 1개뿐이라 (필요 2) 어느 것이 튄 값인지 알 수 없다 — 더 본다
[INFO] [1790611668.192653747] [manipulation_node]: 책 좌표 정함 (-0.3456, -0.0992, +0.2116) — 관측 5개 · 책 4권 · 고른 책 2개 (x 흔들림 1 mm) → 축마다 중앙값
[INFO] [1790611668.193302677] [manipulation_node]: 작업 job_21c09d35371c book=book_004 트레이 칸 1 파지 [-0.34560017526694553, -0.09919269866280334, 0.13575549806089] (vision) → (-0.35, 0.5438500024676323, 0.8839) 삽입 속도 0.030 m/s
[INFO] [1790611779.264227697] [manipulation_node]: 빈칸 실측이 낡았다 (배치 2회째) — 다음 판은 다시 스캔해야 한다. 트레이 쓴 칸 [0, 1] / 전체 6
[INFO] [1790611779.264525586] [manipulation_node]: PlaceBook 성공 job=job_21c09d35371c code=0(OK) phase= 배치 확인
[INFO] [1790611804.311218993] [manipulation_node]: 베이스 회전 명령 전송 (목표 yaw +0°, 서가 거리 0.444)
[INFO] [1790611806.230695839] [manipulation_node]: 베이스 회전 완료
[INFO] [1790611806.230959331] [manipulation_node]: [스캔캐시] 후보 — 관측 7개 (/World/bookshelves_main/shelf_brown__book_shelf_01). 팔 스윕 생략, 빈칸만 다시 잰다
[INFO] [1790611810.935315003] [manipulation_node]: [스캔캐시] 무효 — 서가가 바뀜 /World/bookshelves_main/shelf_brown__book_shelf_01 → /World/bookshelves_main/shelf_brown__book_shelf_11. 스윕한다
[INFO] [1790611832.992837408] [manipulation_node]: [스캔캐시] 저장 — 관측 9개 (/World/bookshelves_main/shelf_brown__book_shelf_11)
[INFO] [1790611832.993185761] [manipulation_node]: 빈칸 관측 버림 (서가 밖): (-0.782, 2.612, 1.382) 서가 x -0.66~0.66 y 0.41~0.80 z -0.33~2.19
[INFO] [1790611832.993472066] [manipulation_node]: 빈칸 깊이: 관측 y 0.542 → 칸중심 0.642 · 앞면 실측 0.444 → 칸중심 0.544 (차이 +98 mm) — **앞면 쪽을 쓴다** [slot_y_from_shelf_front]
[INFO] [1790611832.993715048] [manipulation_node]: 빈칸 깊이: 관측 y 0.612 → 칸중심 0.711 · 앞면 실측 0.444 → 칸중심 0.544 (차이 +168 mm) — **앞면 쪽을 쓴다** [slot_y_from_shelf_front]
[INFO] [1790611832.993905190] [manipulation_node]: 빈칸 깊이: 관측 y 0.548 → 칸중심 0.648 · 앞면 실측 0.444 → 칸중심 0.544 (차이 +104 mm) — **앞면 쪽을 쓴다** [slot_y_from_shelf_front]
[INFO] [1790611832.994046168] [manipulation_node]: 빈칸 관측 버림 (서가 밖): (-0.787, 0.518, 0.177) 서가 x -0.66~0.66 y 0.41~0.80 z -0.33~2.19
[INFO] [1790611832.994185834] [manipulation_node]: 빈칸 관측 버림 (서가 밖): (-0.791, 0.495, 0.169) 서가 x -0.66~0.66 y 0.41~0.80 z -0.33~2.19
[INFO] [1790611832.994338905] [manipulation_node]: 빈칸 깊이: 관측 y 0.490 → 칸중심 0.590 · 앞면 실측 0.444 → 칸중심 0.544 (차이 +46 mm) — **앞면 쪽을 쓴다** [slot_y_from_shelf_front]
[INFO] [1790611832.994522655] [manipulation_node]: 빈칸 깊이: 관측 y 0.502 → 칸중심 0.602 · 앞면 실측 0.444 → 칸중심 0.544 (차이 +58 mm) — **앞면 쪽을 쓴다** [slot_y_from_shelf_front]
[INFO] [1790611832.994689923] [manipulation_node]: 빈칸 깊이: 관측 y 0.502 → 칸중심 0.602 · 앞면 실측 0.444 → 칸중심 0.544 (차이 +58 mm) — **앞면 쪽을 쓴다** [slot_y_from_shelf_front]
[INFO] [1790611832.995079895] [manipulation_node]: 빈칸 x: 검출 -0.0595 → 실측 빈칸 중심 -0.0896 (-30.0 mm, 빈칸 폭 85.9 mm, 책 두께 35.2 mm, 남는 여유 한쪽 25.4 mm, 판 상대높이 +0.000 m) [slot_x_snap_to_gap]
[INFO] [1790611832.995394995] [manipulation_node]: [배정] 책 35.2 mm → 칸 85.9 mm (여유 합 50.7 mm)
[INFO] [1790611832.995657544] [manipulation_node]: 빈칸 선택: 책 사이 틈 관측 (-0.090, 0.502, 0.359) → 칸 중심 y 0.544, z 0.340 (판 높이로 스냅); 꽂기 전 차체를 옆으로 +0.260 m 옮겨 틈을 x -0.35 에 둔다
[INFO] [1790611832.995939190] [manipulation_node]: 빈 슬롯 스캔 완료: (-0.35, 0.5439, 0.3399), 삽입깊이 0.300m
[INFO] [1790611832.998684825] [manipulation_node]: 베이스 회전 명령 전송 (목표 yaw +0°, 서가 거리 0.444)
[INFO] [1790611834.930476245] [manipulation_node]: 베이스 회전 완료
[WARN] [1790611836.032386529] [manipulation_node]: 책 관측이 안 정해진다: 관측 1개가 책 1권에 흩어져 있다 — 가장 많이 본 것도 1개뿐이라 (필요 2) 어느 것이 튄 값인지 알 수 없다 — 더 본다
[WARN] [1790611836.132844024] [manipulation_node]: 책 관측이 안 정해진다: 관측 1개가 책 1권에 흩어져 있다 — 가장 많이 본 것도 1개뿐이라 (필요 2) 어느 것이 튄 값인지 알 수 없다 — 더 본다
[WARN] [1790611836.233392803] [manipulation_node]: 책 관측이 안 정해진다: 관측 1개가 책 1권에 흩어져 있다 — 가장 많이 본 것도 1개뿐이라 (필요 2) 어느 것이 튄 값인지 알 수 없다 — 더 본다
[WARN] [1790611836.333918037] [manipulation_node]: 책 관측이 안 정해진다: 관측 1개가 책 1권에 흩어져 있다 — 가장 많이 본 것도 1개뿐이라 (필요 2) 어느 것이 튄 값인지 알 수 없다 — 더 본다
[WARN] [1790611836.434451587] [manipulation_node]: 책 관측이 안 정해진다: 관측 1개가 책 1권에 흩어져 있다 — 가장 많이 본 것도 1개뿐이라 (필요 2) 어느 것이 튄 값인지 알 수 없다 — 더 본다
[WARN] [1790611836.534979066] [manipulation_node]: 책 관측이 안 정해진다: 관측 1개가 책 1권에 흩어져 있다 — 가장 많이 본 것도 1개뿐이라 (필요 2) 어느 것이 튄 값인지 알 수 없다 — 더 본다
[INFO] [1790611836.635481727] [manipulation_node]: 책 좌표 정함 (-0.4511, +0.1551, +0.1936) — 관측 2개 · 책 1권 · 고른 책 2개 (x 흔들림 0 mm) → 축마다 중앙값
[INFO] [1790611836.636048235] [manipulation_node]: 작업 job_21c09d35371c book=book_001 트레이 칸 2 파지 [-0.4511323159856312, 0.15506556150503836, 0.1177618953277759] (vision) → (-0.35, 0.5438500024676323, 0.3399) 삽입 속도 0.030 m/s
[WARN] [1790611836.659575131] [manipulation_node]: PlaceBook 실패 job=job_21c09d35371c code=411(NOT_READY) phase=PLANNING_GRASP 트레이 칸 2 에 책 없음 (가장 가까운 것 9.3cm)
