레벨 대체: /home/bryankim0200/levels/Final_Level_Library/Final_Level_Library.usdc
책 대체: 저장소 usd_v2 4권
남은 Isaac 종료: 267054
267075
남은 rqt 창 종료:4 개
[1/4] Isaac 시작 (약 3~4분) — 레벨 Final_Level_Library.usdc  01:28:23
      준비 대기...
      준비 완료 01:28:53
 [py stderr]: ### 레벨 책 5권을 그대로 쓴다
 [py stderr]: ### 장면 준비: 트레이 칸 6개, 책 5권, 원본 0종
 [py stderr]: ###   팔 베이스 출발 자리 (+4.9850, -5.3071) yaw +90.00° — 돌아왔을 때 여기로 맞춘다
 [py stderr]: ###   루트 출발 자리 (+4.9859, -5.6067) — **복귀는 여기로 간다** (팔 베이스와 0.300 m 다르다)
[2/4] TF·비전·로봇팔·주행·FSM 노드  01:28:53
[3/4] 반납 작업 1건 투입 (25.0s 뒤)  01:29:03
[4/4] 진행 상태 — 검출 좌표·단계 전이를 실시간으로 (같은 내용이 /home/bryankim0200/b1_arm/logs/detections.log 에 남는다)  01:29:03
   01:29:03 [조작] PlaceBook /place_book executor=sim profile=default tray_slots=6 status=/robot/status perception_bridge=True
   01:29:03 [시뮬] 관측 자세 손목(관절 7) -59.2° → +30.8° 로 돌림 [SIM_HOME_J7_DEG=+90] (홈은 그대로)
   01:29:03 [시뮬] 관측 자세 이동 [0.0, 0.0, 0.1] m: 손 [-0.389, 0.079, 0.573] → [-0.389, 0.079, 0.673], 관절 [2.811, -0.514, 0.102, -2.213, 0.051, 1.701, 0.538] → [2.094, -0.576, 0.563, -1.891, 0.3, 1.397, 0.278] (한계 여유 0.873) [SIM_HOME_SHIFT] (홈은
   01:29:29 [FSM] FSM transition completed: PLANNING -> NAV_TO_RETURN
   01:29:29 [FSM] Navigation succeeded: Navigation waypoint is already satisfied in simulation.
   01:29:29 [FSM] FSM transition completed: NAV_TO_RETURN -> RECEIVE_TRAY
   01:29:29 [FSM] FSM transition completed: RECEIVE_TRAY -> SELECT_BOOK
   01:29:29 [FSM] FSM transition completed: SELECT_BOOK -> NAV_TO_SHELF
   01:31:24 [시뮬] [주행] 도착 (+2.535, -3.019)
   01:31:28 [시뮬] [주행] 회전 끝 — **실측** yaw +0.00° (목표 +0.00°)
   01:31:29 [FSM] Navigation succeeded: Navigation completed.
   01:31:29 [FSM] FSM transition completed: NAV_TO_SHELF -> DETECT_TARGET_SLOT
   01:31:29 [조작] 베이스 회전 명령 전송 (목표 yaw +0°, 서가 거리 0.444)
   01:31:29 [시뮬] [주행] 도착 (+2.535, -3.019)
   01:31:29 [시뮬] 서가 앞면 0.435 m → 목표 0.444 m (앞뒤 -0.009), 서가 중심 팔기준 x -0.237 → 옆으로 -0.237: 차체를 0.237 m 옮긴다
   01:31:32 [조작] 베이스 회전 완료
   01:31:32 [시뮬] 서가 앞면 실측 0.444 m (목표 0.444), 서가 x 범위 팔기준 -0.71~+0.71
   01:31:32 [시뮬] [스윕] 시작 자세 q=[2.811, -0.514, 0.102, -2.213, 0.051, 1.701, -1.033]
   01:31:33 [시뮬] [스윕] 판 1.042 (팔기준 z 0.712, 앞면 0.444) 정지점 5/5 여유 0.171 rad 최대변화 0.06 길이 3.95
   01:31:33 [시뮬] [스윕] 판 0.498 (팔기준 z 0.168, 앞면 0.444) 정지점 5/5 여유 0.225 rad 최대변화 0.05 길이 2.52
   01:31:33 [시뮬] 스윕 시작: 판 [1.042, 0.498], 정지점 10개, 정지 1.2s
   01:31:42 [비전] ROI 밖 책: (0.018, 0.545, 0.395) @arm_base_link
   01:31:42 [비전] ROI 밖 책: (-0.203, 0.522, 0.404) @arm_base_link
   01:31:42 [비전] ROI 밖 책: (0.058, 0.548, 0.394) @arm_base_link
   01:31:42 [비전] ROI 밖 책: (0.162, 0.609, 0.396) @arm_base_link
   01:31:42 [비전] ROI 밖 책 4권 제외 (남은 0권). ROI [-0.69, -0.2, 0.0] ~ [-0.26, 0.3, 0.32] @arm_base_link
   01:31:42 [비전] Empty center pixel=(262, 196), shelf_front_z=2.388m; Depth L/C/R=2.386/4.400/2.391m; center-left=2.013m, center-right=2.009m; contrast=PASS
   01:31:42 [비전] Empty shelf target: xyz=(-0.794, 2.609, 1.388)
   01:31:44 [비전] ROI 밖 책: (0.064, 0.550, 0.394) @arm_base_link
   01:31:44 [비전] ROI 밖 책: (0.145, 0.553, 0.393) @arm_base_link
   01:31:44 [비전] ROI 밖 책: (0.209, 0.510, 0.830) @arm_base_link
   01:31:44 [비전] ROI 밖 책 3권 제외 (남은 0권). ROI [-0.69, -0.2, 0.0] ~ [-0.26, 0.3, 0.32] @arm_base_link
   01:31:46 [비전] ROI 밖 책: (0.481, 0.552, 0.392) @arm_base_link
   01:31:46 [비전] ROI 밖 책: (0.208, 0.509, 0.831) @arm_base_link
   01:31:46 [비전] ROI 밖 책: (-0.034, 0.547, 0.393) @arm_base_link
   01:31:46 [비전] ROI 밖 책: (0.173, 0.522, 0.396) @arm_base_link
   01:31:46 [비전] ROI 밖 책: (0.148, 0.556, 0.394) @arm_base_link
   01:31:46 [비전] ROI 밖 책: (0.435, 0.541, 0.394) @arm_base_link
   01:31:46 [비전] ROI 밖 책: (0.099, 0.550, 0.396) @arm_base_link
   01:31:46 [비전] ROI 밖 책: (0.306, 0.537, 0.397) @arm_base_link
   01:31:46 [비전] ROI 밖 책: (0.096, 0.525, 0.395) @arm_base_link
   01:31:46 [비전] ROI 밖 책: (0.018, 0.540, 0.395) @arm_base_link
   01:31:46 [비전] ROI 밖 책 10권 제외 (남은 0권). ROI [-0.69, -0.2, 0.0] ~ [-0.26, 0.3, 0.32] @arm_base_link
   01:31:46 [비전] Empty center pixel=(279, 577), shelf_front_z=0.511m; Depth L/C/R=0.508/0.745/0.514m; center-left=0.237m, center-right=0.232m; contrast=PASS
   01:31:46 [비전] Empty shelf target: xyz=(-0.067, 0.525, 0.397)
   01:31:48 [비전] ROI 밖 책: (0.500, 0.548, 0.394) @arm_base_link
   01:31:48 [비전] ROI 밖 책: (0.040, 0.550, 0.394) @arm_base_link
   01:31:48 [비전] ROI 밖 책: (0.429, 0.541, 0.394) @arm_base_link
   01:31:48 [비전] ROI 밖 책: (0.062, 0.549, 0.393) @arm_base_link
   01:31:48 [비전] ROI 밖 책: (0.263, 0.523, 0.394) @arm_base_link
   01:31:48 [비전] ROI 밖 책: (0.577, 0.553, 0.394) @arm_base_link
   01:31:48 [비전] ROI 밖 책: (0.019, 0.547, 0.395) @arm_base_link
   01:31:48 [비전] ROI 밖 책: (0.001, 0.548, 0.394) @arm_base_link
   01:31:48 [비전] ROI 밖 책: (0.451, 0.552, 0.394) @arm_base_link
   01:31:48 [비전] ROI 밖 책: (0.535, 0.548, 0.394) @arm_base_link
   01:31:48 [비전] ROI 밖 책 10권 제외 (남은 0권). ROI [-0.69, -0.2, 0.0] ~ [-0.26, 0.3, 0.32] @arm_base_link
   01:31:51 [비전] ROI 밖 책: (0.501, 0.548, 0.394) @arm_base_link
   01:31:51 [비전] ROI 밖 책: (0.140, 0.557, 0.393) @arm_base_link
   01:31:51 [비전] ROI 밖 책: (0.164, 0.559, 0.396) @arm_base_link
   01:31:51 [비전] ROI 밖 책: (0.568, 0.550, 0.393) @arm_base_link
   01:31:51 [비전] ROI 밖 책: (0.429, 0.540, 0.394) @arm_base_link
   01:31:51 [비전] ROI 밖 책: (0.241, 0.551, 0.395) @arm_base_link
   01:31:51 [비전] ROI 밖 책: (0.599, 0.552, 0.395) @arm_base_link
   01:31:51 [비전] ROI 밖 책: (0.482, 0.545, 0.393) @arm_base_link
   01:31:51 [비전] ROI 밖 책: (0.271, 0.523, 0.392) @arm_base_link
   01:31:51 [비전] ROI 밖 책: (0.461, 0.541, 0.394) @arm_base_link
   01:31:51 [비전] ROI 밖 책: (0.053, 0.551, 0.392) @arm_base_link
   01:31:51 [비전] ROI 밖 책: (0.210, 0.549, 0.445) @arm_base_link
   01:31:51 [비전] ROI 밖 책: (0.206, 0.509, 0.830) @arm_base_link
   01:31:51 [비전] ROI 밖 책 13권 제외 (남은 0권). ROI [-0.69, -0.2, 0.0] ~ [-0.26, 0.3, 0.32] @arm_base_link
   01:31:56 [비전] ROI 밖 책: (0.175, 0.505, 0.376) @arm_base_link
   01:31:56 [비전] ROI 밖 책 1권 제외 (남은 1권). ROI [-0.69, -0.2, 0.0] ~ [-0.26, 0.3, 0.32] @arm_base_link
   01:31:56 [비전] Book picked(best): xyz=(-0.337, -0.025, 0.210), center=(330, 600), conf=0.88, depth=patch, yaw=0.000 rad (후보 1권)
   01:31:56 [비전] Empty center pixel=(160, 344), shelf_front_z=0.864m; Depth L/C/R=0.957/1.108/0.772m; center-left=0.151m, center-right=0.336m; contrast=PASS
   01:31:56 [비전] Empty shelf target: xyz=(-0.786, 0.514, 0.143)
   01:31:59 [비전] ROI 밖 책: (0.198, 0.481, 0.368) @arm_base_link
   01:31:59 [비전] ROI 밖 책: (0.165, 0.486, 0.341) @arm_base_link
   01:31:59 [비전] ROI 밖 책 2권 제외 (남은 1권). ROI [-0.69, -0.2, 0.0] ~ [-0.26, 0.3, 0.32] @arm_base_link
   01:31:59 [비전] Book picked(best): xyz=(-0.337, -0.025, 0.208), center=(196, 600), conf=0.86, depth=patch, yaw=0.000 rad (후보 1권)
   01:31:59 [비전] Empty center pixel=(100, 365), shelf_front_z=0.884m; Depth L/C/R=0.947/1.055/0.822m; center-left=0.108m, center-right=0.233m; contrast=PASS
   01:31:59 [비전] Empty shelf target: xyz=(-0.790, 0.490, 0.085)
   01:32:01 [비전] ROI 밖 책: (0.199, 0.494, 0.380) @arm_base_link
   01:32:01 [비전] ROI 밖 책 1권 제외 (남은 1권). ROI [-0.69, -0.2, 0.0] ~ [-0.26, 0.3, 0.32] @arm_base_link
   01:32:01 [비전] Book picked(best): xyz=(-0.294, -0.025, 0.209), center=(93, 600), conf=0.93, depth=patch, yaw=0.000 rad (후보 1권)
   01:32:01 [비전] Empty center pixel=(291, 280), shelf_front_z=0.703m; Depth L/C/R=0.710/1.990/0.695m; center-left=1.280m, center-right=1.295m; contrast=PASS
   01:32:01 [비전] Empty shelf target: xyz=(-0.065, 0.489, 0.365)
   01:32:06 [비전] Empty center pixel=(151, 246), shelf_front_z=0.753m; Depth L/C/R=0.749/2.341/0.757m; center-left=1.592m, center-right=1.584m; contrast=PASS
   01:32:06 [비전] Empty shelf target: xyz=(-0.052, 0.584, 0.399)
   01:32:14 [FSM] Empty slot detected: frame_id=arm_base_link, x=-0.350, y=0.544, z=0.340, confidence=1.00, candidate_count=6
   01:32:14 [FSM] FSM transition completed: DETECT_TARGET_SLOT -> PLACE_BOOK
   01:32:14 [FSM] Book-placement goal was accepted.
   01:32:14 [조작] 빈칸 관측 버림 (서가 밖): (-0.794, 2.609, 1.388) 서가 x -0.66~0.66 y 0.41~0.80 z -0.33~2.19
   01:32:14 [조작] 빈칸 관측 버림 (서가 밖): (-0.786, 0.514, 0.143) 서가 x -0.66~0.66 y 0.41~0.80 z -0.33~2.19
   01:32:14 [조작] 빈칸 관측 버림 (서가 밖): (-0.790, 0.490, 0.085) 서가 x -0.66~0.66 y 0.41~0.80 z -0.33~2.19
   01:32:14 [조작] 빈칸 선택: 책 사이 틈 관측 (-0.073, 0.584, 0.399) → 칸 중심 y 0.544, z 0.340 (판 높이로 스냅); 꽂기 전 차체를 옆으로 +0.277 m 옮겨 틈을 x -0.35 에 둔다
   01:32:14 [조작] 빈 슬롯 스캔 완료: (-0.35, 0.5439, 0.3399), 삽입깊이 0.300m
   01:32:14 [조작] 베이스 회전 명령 전송 (목표 yaw +0°, 서가 거리 0.444)
   01:32:14 [시뮬] 작업 job_50f3e550d30b:scan SUCCEEDED {'phase': 'scan_done', 'message': '서가 스캔 완료', 'placement_verified': False, 'sim_steps': 2039, 'render_steps': 2039} (41.4s)
   01:32:14 [시뮬] 서가 앞면 0.444 m → 목표 0.444 m (앞뒤 -0.000), 서가 중심 팔기준 x +0.277 → 옆으로 +0.277: 차체를 0.277 m 옮긴다
   01:32:17 [비전] Book picked(best): xyz=(-0.336, -0.189, 0.186), center=(139, 329), conf=0.84, depth=patch, yaw=0.000 rad (후보 2권)
   01:32:17 [조작] 베이스 회전 완료
   01:32:17 [시뮬] 서가 앞면 실측 0.444 m (목표 0.444), 서가 x 범위 팔기준 -0.98~+0.43
   01:32:18 [비전] ROI 밖 책: (-0.172, 0.479, 0.219) @arm_base_link
   01:32:18 [비전] ROI 밖 책 1권 제외 (남은 1권). ROI [-0.69, -0.2, 0.0] ~ [-0.26, 0.3, 0.32] @arm_base_link
   01:32:18 [비전] Book picked(best): xyz=(-0.337, -0.189, 0.188), center=(138, 328), conf=0.83, depth=patch, yaw=0.000 rad (후보 1권)
   01:32:18 [조작] 책 좌표 정함 (-0.3366, -0.1890, +0.1872) — 관측 2개 · 책 1권 · 고른 책 2개 (x 흔들림 2 mm) → 축마다 중앙값
   01:32:18 [조작] 작업 job_50f3e550d30b book=book_001 트레이 칸 0 파지 [-0.33660038710766954, -0.18903551977826244, 0.11130504972546576] (vision) → (-0.35, 0.5438500024676323, 0.3399) 삽입 속도 0.030 m/s
   01:32:36 [시뮬] [JUDGE] 손 안 어긋남(406) **판별불가** — 키네마틱 파지는 매 스텝 책을 손에 맞춰 다시 써 넣는다. 이 신호는 마찰 파지(SIM_GRASP_KINEMATIC=0)에서만 의미가 있다
   01:32:44 [시뮬] [JUDGE] rise=16.9cm(ok) width=15.1mm = 지령 15.1mm (책 반두께 19.1) → **판별불가** [키네마틱 파지라 빈손이어도 같은 값이 나온다]
   01:34:44 [FSM] FSM transition completed: PLACE_BOOK -> UPDATE_DATA
   01:34:44 [FSM] FSM transition completed: UPDATE_DATA -> NEXT_BOOK
   01:34:44 [FSM] FSM transition completed: NEXT_BOOK -> SELECT_BOOK
   01:34:44 [FSM] FSM transition completed: SELECT_BOOK -> NAV_TO_SHELF
   01:34:44 [조작] PlaceBook 성공 job=job_50f3e550d30b code=0(OK) phase= 배치 확인
   01:34:44 [시뮬] [JUDGE] width_hold=판별불가[키네마틱] (15.1 → 최소 15.1 mm, 한쪽 기준)
   01:34:44 [시뮬] 작업 job_50f3e550d30b SUCCEEDED {'phase': 'verify', 'message': '배치 확인', 'placement_verified': True, 'checks': {'upright': True, 'depth': True, 'spine': True, 'x': True, 'floor': True, 'skew': True, 'no_jam': True}, 'fallen
   01:36:24 [시뮬] [주행] 도착 (+2.535, -3.019)
   01:36:28 [시뮬] [주행] 회전 끝 — **실측** yaw +0.00° (목표 +0.00°)
   01:36:29 [FSM] Navigation succeeded: Navigation completed.
   01:36:29 [FSM] FSM transition completed: NAV_TO_SHELF -> DETECT_TARGET_SLOT
   01:36:29 [조작] 베이스 회전 명령 전송 (목표 yaw +0°, 서가 거리 0.444)
   01:36:29 [시뮬] [주행] 도착 (+2.535, -3.019)
   01:36:29 [시뮬] 서가 앞면 0.435 m → 목표 0.444 m (앞뒤 -0.009), 서가 중심 팔기준 x -0.237 → 옆으로 -0.237: 차체를 0.237 m 옮긴다
   01:36:31 [조작] 베이스 회전 완료
   01:36:31 [시뮬] 서가 앞면 실측 0.444 m (목표 0.444), 서가 x 범위 팔기준 -0.71~+0.71
   01:36:31 [시뮬] [스윕] 시작 자세 q=[2.811, -0.514, 0.102, -2.213, 0.051, 1.701, -1.033]
   01:36:32 [시뮬] [스윕] 판 1.042 (팔기준 z 0.712, 앞면 0.444) 정지점 5/5 여유 0.171 rad 최대변화 0.06 길이 3.95
   01:36:32 [시뮬] [스윕] 판 0.498 (팔기준 z 0.168, 앞면 0.444) 정지점 5/5 여유 0.225 rad 최대변화 0.05 길이 2.52
   01:36:32 [시뮬] 스윕 시작: 판 [1.042, 0.498], 정지점 10개, 정지 1.2s
   01:36:40 [비전] ROI 밖 책: (-0.140, 0.522, 0.406) @arm_base_link
   01:36:40 [비전] ROI 밖 책: (0.024, 0.545, 0.395) @arm_base_link
   01:36:40 [비전] ROI 밖 책: (-0.205, 0.522, 0.405) @arm_base_link
   01:36:40 [비전] ROI 밖 책: (0.059, 0.546, 0.394) @arm_base_link
   01:36:40 [비전] ROI 밖 책: (0.160, 0.609, 0.396) @arm_base_link
   01:36:40 [비전] ROI 밖 책 5권 제외 (남은 0권). ROI [-0.69, -0.2, 0.0] ~ [-0.26, 0.3, 0.32] @arm_base_link
   01:36:40 [비전] Empty center pixel=(261, 196), shelf_front_z=2.372m; Depth L/C/R=2.352/4.405/2.391m; center-left=2.053m, center-right=2.014m; contrast=PASS
   01:36:40 [비전] Empty shelf target: xyz=(-0.792, 2.591, 1.393)
   01:36:43 [비전] ROI 밖 책: (0.066, 0.550, 0.394) @arm_base_link
   01:36:43 [비전] ROI 밖 책: (0.145, 0.549, 0.393) @arm_base_link
   01:36:43 [비전] ROI 밖 책: (-0.027, 0.525, 0.392) @arm_base_link
   01:36:43 [비전] ROI 밖 책 3권 제외 (남은 0권). ROI [-0.69, -0.2, 0.0] ~ [-0.26, 0.3, 0.32] @arm_base_link
   01:36:43 [비전] Empty center pixel=(242, 196), shelf_front_z=1.236m; Depth L/C/R=0.081/4.405/2.391m; center-left=4.323m, center-right=2.013m; contrast=PASS
   01:36:43 [비전] Empty shelf target: xyz=(-0.480, 1.396, 1.155)
   01:36:45 [비전] ROI 밖 책: (0.482, 0.553, 0.393) @arm_base_link
   01:36:45 [비전] ROI 밖 책: (0.207, 0.509, 0.831) @arm_base_link
   01:36:45 [비전] ROI 밖 책: (0.173, 0.522, 0.396) @arm_base_link
   01:36:45 [비전] ROI 밖 책: (0.099, 0.550, 0.396) @arm_base_link
   01:36:45 [비전] ROI 밖 책: (0.148, 0.556, 0.394) @arm_base_link
   01:36:45 [비전] ROI 밖 책: (0.435, 0.541, 0.394) @arm_base_link
   01:36:45 [비전] ROI 밖 책: (0.016, 0.527, 0.396) @arm_base_link
   01:36:45 [비전] ROI 밖 책: (0.304, 0.533, 0.395) @arm_base_link
   01:36:45 [비전] ROI 밖 책 8권 제외 (남은 0권). ROI [-0.69, -0.2, 0.0] ~ [-0.26, 0.3, 0.32] @arm_base_link
   01:36:45 [비전] Empty center pixel=(286, 539), shelf_front_z=0.582m; Depth L/C/R=0.579/0.597/0.584m; center-left=0.018m, center-right=0.013m; contrast=CHECK
   01:36:48 [비전] ROI 밖 책: (0.500, 0.548, 0.394) @arm_base_link
   01:36:48 [비전] ROI 밖 책: (0.263, 0.523, 0.394) @arm_base_link
   01:36:48 [비전] ROI 밖 책: (0.042, 0.549, 0.393) @arm_base_link
   01:36:48 [비전] ROI 밖 책: (0.429, 0.541, 0.394) @arm_base_link
   01:36:48 [비전] ROI 밖 책: (0.060, 0.549, 0.393) @arm_base_link
   01:36:48 [비전] ROI 밖 책: (0.576, 0.553, 0.394) @arm_base_link
   01:36:48 [비전] ROI 밖 책: (0.017, 0.546, 0.396) @arm_base_link
   01:36:48 [비전] ROI 밖 책: (0.267, 0.548, 0.394) @arm_base_link
   01:36:48 [비전] ROI 밖 책: (0.005, 0.531, 0.396) @arm_base_link
   01:36:48 [비전] ROI 밖 책 9권 제외 (남은 0권). ROI [-0.69, -0.2, 0.0] ~ [-0.26, 0.3, 0.32] @arm_base_link
   01:36:50 [비전] ROI 밖 책: (0.499, 0.547, 0.393) @arm_base_link
   01:36:50 [비전] ROI 밖 책: (0.137, 0.558, 0.393) @arm_base_link
   01:36:50 [비전] ROI 밖 책: (0.430, 0.546, 0.394) @arm_base_link
   01:36:50 [비전] ROI 밖 책: (0.568, 0.551, 0.392) @arm_base_link
   01:36:50 [비전] ROI 밖 책: (0.165, 0.557, 0.396) @arm_base_link
   01:36:50 [비전] ROI 밖 책: (0.240, 0.550, 0.394) @arm_base_link
   01:36:50 [비전] ROI 밖 책: (0.206, 0.509, 0.833) @arm_base_link
   01:36:50 [비전] ROI 밖 책: (0.482, 0.546, 0.394) @arm_base_link
   01:36:50 [비전] ROI 밖 책: (0.598, 0.551, 0.396) @arm_base_link
   01:36:50 [비전] ROI 밖 책: (0.052, 0.548, 0.394) @arm_base_link
   01:36:50 [비전] ROI 밖 책: (0.266, 0.535, 0.392) @arm_base_link
   01:36:50 [비전] ROI 밖 책 11권 제외 (남은 0권). ROI [-0.69, -0.2, 0.0] ~ [-0.26, 0.3, 0.32] @arm_base_link
   01:36:50 [비전] Empty center pixel=(163, 299), shelf_front_z=0.427m; Depth L/C/R=0.437/0.507/0.416m; center-left=0.070m, center-right=0.091m; contrast=PASS
   01:36:50 [비전] Empty shelf target: xyz=(0.136, 0.519, 0.846)
   01:36:55 [비전] ROI 밖 책: (0.174, 0.505, 0.377) @arm_base_link
   01:36:55 [비전] ROI 밖 책 1권 제외 (남은 1권). ROI [-0.69, -0.2, 0.0] ~ [-0.26, 0.3, 0.32] @arm_base_link
   01:36:55 [비전] Book picked(best): xyz=(-0.337, -0.024, 0.209), center=(330, 599), conf=0.86, depth=patch, yaw=0.000 rad (후보 1권)
   01:36:55 [비전] Empty center pixel=(181, 400), shelf_front_z=1.000m; Depth L/C/R=1.080/1.276/0.920m; center-left=0.196m, center-right=0.356m; contrast=PASS
   01:36:55 [비전] Empty shelf target: xyz=(-0.788, 0.498, -0.087)
   01:36:58 [비전] ROI 밖 책: (0.186, 0.497, 0.373) @arm_base_link
   01:36:58 [비전] ROI 밖 책: (0.167, 0.486, 0.341) @arm_base_link
   01:36:58 [비전] ROI 밖 책 2권 제외 (남은 1권). ROI [-0.69, -0.2, 0.0] ~ [-0.26, 0.3, 0.32] @arm_base_link
   01:36:58 [비전] Book picked(best): xyz=(-0.337, -0.023, 0.209), center=(196, 598), conf=0.87, depth=patch, yaw=0.000 rad (후보 1권)
   01:36:58 [비전] Empty center pixel=(101, 368), shelf_front_z=0.890m; Depth L/C/R=0.951/1.060/0.829m; center-left=0.109m, center-right=0.231m; contrast=PASS
   01:36:58 [비전] Empty shelf target: xyz=(-0.791, 0.489, 0.074)
   01:37:00 [비전] ROI 밖 책: (0.201, 0.480, 0.365) @arm_base_link
   01:37:00 [비전] ROI 밖 책 1권 제외 (남은 1권). ROI [-0.69, -0.2, 0.0] ~ [-0.26, 0.3, 0.32] @arm_base_link
   01:37:00 [비전] Book picked(best): xyz=(-0.294, -0.023, 0.209), center=(94, 598), conf=0.95, depth=patch, yaw=0.000 rad (후보 1권)
   01:37:00 [비전] Empty center pixel=(53, 391), shelf_front_z=0.938m; Depth L/C/R=0.985/1.078/0.891m; center-left=0.093m, center-right=0.186m; contrast=PASS
   01:37:00 [비전] Empty shelf target: xyz=(-0.791, 0.477, -0.015)
   01:37:02 [비전] Empty center pixel=(224, 241), shelf_front_z=0.769m; Depth L/C/R=0.758/2.404/0.779m; center-left=1.646m, center-right=1.625m; contrast=PASS
   01:37:02 [비전] Empty shelf target: xyz=(-0.061, 0.606, 0.401)
   01:37:05 [비전] Empty center pixel=(154, 241), shelf_front_z=0.771m; Depth L/C/R=0.765/2.403/0.777m; center-left=1.638m, center-right=1.626m; contrast=PASS
   01:37:05 [비전] Empty shelf target: xyz=(-0.054, 0.608, 0.400)
   01:37:13 [FSM] Empty slot detected: frame_id=arm_base_link, x=-0.350, y=0.544, z=0.884, confidence=1.00, candidate_count=8
   01:37:13 [FSM] FSM transition completed: DETECT_TARGET_SLOT -> PLACE_BOOK
   01:37:13 [FSM] Book-placement goal was accepted.
   01:37:13 [조작] 빈칸 관측 버림 (서가 밖): (-0.792, 2.591, 1.393) 서가 x -0.66~0.66 y 0.41~0.80 z -0.33~2.19
   01:37:13 [조작] 빈칸 관측 버림 (서가 밖): (-0.788, 0.498, -0.087) 서가 x -0.66~0.66 y 0.41~0.80 z -0.33~2.19
   01:37:13 [조작] 빈칸 관측 버림 (서가 밖): (-0.791, 0.489, 0.074) 서가 x -0.66~0.66 y 0.41~0.80 z -0.33~2.19
   01:37:13 [조작] 빈칸 관측 버림 (서가 밖): (-0.791, 0.477, -0.015) 서가 x -0.66~0.66 y 0.41~0.80 z -0.33~2.19
   01:37:13 [조작] 빈칸 선택: 책 사이 틈 관측 (0.128, 0.608, 0.400) → 칸 중심 y 0.544, z 0.884 (판 높이로 스냅); 꽂기 전 차체를 옆으로 +0.478 m 옮겨 틈을 x -0.35 에 둔다
   01:37:13 [조작] 빈 슬롯 스캔 완료: (-0.35, 0.5439, 0.8839), 삽입깊이 0.300m
   01:37:13 [조작] 베이스 회전 명령 전송 (목표 yaw +0°, 서가 거리 0.444)
   01:37:13 [시뮬] 작업 job_50f3e550d30b:scan SUCCEEDED {'phase': 'scan_done', 'message': '서가 스캔 완료', 'placement_verified': False, 'sim_steps': 2039, 'render_steps': 2039} (41.4s)
   01:37:13 [시뮬] 서가 앞면 0.444 m → 목표 0.444 m (앞뒤 -0.000), 서가 중심 팔기준 x +0.478 → 옆으로 +0.478: 차체를 0.478 m 옮긴다
   01:37:18 [비전] ROI 밖 책: (-0.384, 0.478, 0.223) @arm_base_link
   01:37:18 [비전] ROI 밖 책 1권 제외 (남은 1권). ROI [-0.69, -0.2, 0.0] ~ [-0.26, 0.3, 0.32] @arm_base_link
   01:37:18 [비전] Book picked(best): xyz=(-0.333, -0.006, 0.204), center=(260, 331), conf=0.83, depth=patch, yaw=0.000 rad (후보 1권)
   01:37:18 [비전] ROI 밖 책: (-0.384, 0.477, 0.222) @arm_base_link
   01:37:18 [비전] ROI 밖 책 1권 제외 (남은 1권). ROI [-0.69, -0.2, 0.0] ~ [-0.26, 0.3, 0.32] @arm_base_link
   01:37:18 [비전] Book picked(best): xyz=(-0.333, -0.003, 0.204), center=(262, 331), conf=0.86, depth=patch, yaw=0.000 rad (후보 1권)
   01:37:18 [조작] 베이스 회전 완료
   01:37:18 [조작] 책 좌표 정함 (-0.3333, -0.0045, +0.2039) — 관측 2개 · 책 1권 · 고른 책 2개 (x 흔들림 0 mm) → 축마다 중앙값
   01:37:18 [조작] 작업 job_50f3e550d30b book=book_002 트레이 칸 1 파지 [-0.33332932952291483, -0.004479370582914012, 0.12800956430003263] (vision) → (-0.35, 0.5438500024676323, 0.8839) 삽입 속도 0.030 m/s
   01:37:18 [시뮬] 서가 앞면 실측 0.444 m (목표 0.444), 서가 x 범위 팔기준 -1.18~+0.23
   01:37:40 [시뮬] [JUDGE] 손 안 어긋남(406) **판별불가** — 키네마틱 파지는 매 스텝 책을 손에 맞춰 다시 써 넣는다. 이 신호는 마찰 파지(SIM_GRASP_KINEMATIC=0)에서만 의미가 있다
   01:37:49 [시뮬] [JUDGE] rise=16.9cm(ok) width=13.6mm = 지령 13.6mm (책 반두께 17.6) → **판별불가** [키네마틱 파지라 빈손이어도 같은 값이 나온다]
   01:39:49 [FSM] FSM transition completed: PLACE_BOOK -> UPDATE_DATA
   01:39:49 [FSM] FSM transition completed: UPDATE_DATA -> NEXT_BOOK
   01:39:49 [FSM] FSM transition completed: NEXT_BOOK -> RETURN_HOME
   01:39:49 [조작] PlaceBook 성공 job=job_50f3e550d30b code=0(OK) phase= 배치 확인
   01:39:49 [시뮬] [JUDGE] width_hold=판별불가[키네마틱] (13.6 → 최소 13.6 mm, 한쪽 기준)
   01:39:49 [시뮬] 작업 job_50f3e550d30b SUCCEEDED {'phase': 'verify', 'message': '배치 확인', 'placement_verified': True, 'checks': {'upright': True, 'depth': True, 'spine': True, 'x': True, 'floor': True, 'skew': True, 'no_jam': True}, 'fallen
   01:40:03 [시뮬] [주행] 회전 끝 — **실측** yaw +90.00° (목표 +90.00°)
   01:40:04 [FSM] Navigation succeeded: Navigation completed.
   01:40:04 [FSM] FSM transition completed: RETURN_HOME -> COMPLETED
   01:40:04 [FSM] FSM transition completed: COMPLETED -> IDLE
   01:40:04 [시뮬] [주행] 도착 (+4.986, -5.607)
끝 01:40:05 — 로그: /home/bryankim0200/b1_arm/logs (Isaac·노드는 그대로 떠 있다)
