책 대체: 저장소 usd_v2 4권
      (뷰포트 녹화 끔 — REC_EVERY=0)
[1/4] Isaac 시작 (약 3~4분) — 레벨 Final_Level_RnD.usd  10:48:16
      준비 대기...
      준비 완료 10:48:46
 [py stderr]: ### 레벨 책 5권을 그대로 쓴다
 [py stderr]: ### 장면 준비: 트레이 칸 6개, 책 5권, 원본 0종
 [py stderr]: ###   팔 베이스 출발 자리 (+4.9850, -5.3071) yaw +90.00° — 돌아왔을 때 여기로 맞춘다
 [py stderr]: ###   루트 출발 자리 (+4.9859, -5.6067) — **복귀는 여기로 간다** (팔 베이스와 0.300 m 다르다)
[2/4] TF·비전·로봇팔·주행·FSM 노드  10:48:46
[3/4] 반납 작업 1건 투입 (25.0s 뒤)  10:48:56
[4/4] 진행 상태 — 검출 좌표·단계 전이를 실시간으로 (같은 내용이 /home/bryankim0200/b1_arm/logs/detections.log 에 남는다)  10:48:56
   10:48:57 [조작] PlaceBook /place_book executor=sim profile=default tray_slots=6 status=/robot/status perception_bridge=True
   10:48:57 [시뮬] 관측 자세 손목(관절 7) -59.2° → +30.8° 로 돌림 [SIM_HOME_J7_DEG=+90] (홈은 그대로)
   10:48:57 [시뮬] 관측 자세 이동 [0.0, 0.0, 0.1] m: 손 [-0.389, 0.079, 0.573] → [-0.389, 0.079, 0.673], 관절 [2.811, -0.514, 0.102, -2.213, 0.051, 1.701, 0.538] → [2.094, -0.576, 0.563, -1.891, 0.3, 1.397, 0.278] (한계 여유 0.873) [SIM_HOME_SHIFT] (홈은
   10:49:23 [FSM] FSM transition completed: PLANNING -> NAV_TO_RETURN
   10:49:23 [FSM] Navigation succeeded: Navigation waypoint is already satisfied in simulation.
   10:49:23 [FSM] FSM transition completed: NAV_TO_RETURN -> RECEIVE_TRAY
   10:49:23 [FSM] FSM transition completed: RECEIVE_TRAY -> SELECT_BOOK
   10:49:23 [FSM] FSM transition completed: SELECT_BOOK -> NAV_TO_SHELF
   10:50:46 [시뮬] [주행] 도착 (+2.535, -3.019)
   10:50:49 [시뮬] [주행] 회전 끝 — **실측** yaw +0.00° (목표 +0.00°)
   10:50:50 [FSM] Navigation succeeded: Navigation completed.
   10:50:50 [FSM] FSM transition completed: NAV_TO_SHELF -> DETECT_TARGET_SLOT
   10:50:50 [조작] 베이스 회전 명령 전송 (목표 yaw +0°, 서가 거리 0.444)
   10:50:50 [시뮬] [주행] 도착 (+2.535, -3.019)
   10:50:50 [시뮬] 서가 앞면 0.438 m → 목표 0.444 m (앞뒤 -0.006), 서가 중심 팔기준 x -0.236 → 옆으로 -0.236: 차체를 0.236 m 옮긴다
   10:50:52 [조작] 베이스 회전 완료
   10:50:52 [시뮬] 서가 앞면 실측 0.444 m (목표 0.444), 서가 x 범위 팔기준 -0.71~+0.71
   10:50:52 [시뮬] [스윕] 시작 자세 q=[2.811, -0.514, 0.102, -2.213, 0.051, 1.701, -1.033]
   10:50:53 [시뮬] [스윕] 판 1.042 (팔기준 z 0.712, 앞면 0.444) 정지점 5/5 여유 0.171 rad 최대변화 0.06 길이 3.95
   10:50:53 [시뮬] [스윕] 판 0.498 (팔기준 z 0.168, 앞면 0.444) 정지점 5/5 여유 0.225 rad 최대변화 0.05 길이 2.52
   10:50:53 [시뮬] 스윕 시작: 판 [1.042, 0.498], 정지점 10개, 정지 1.2s
   10:50:53 [시뮬] [판목록] 레벨 실측 [0.4976, 1.0417, 1.5812, 2.0582, 2.52] · 쓰는 값 [0.497, 0.498, 1.042] · 차이 [-0.3, -0.4, +0.6] mm  (그림자 — 판단은 상수 그대로)
   10:51:00 [비전] ROI 밖 책: (0.061, 0.545, 0.394) @arm_base_link
   10:51:00 [비전] ROI 밖 책: (-0.204, 0.523, 0.405) @arm_base_link
   10:51:00 [비전] ROI 밖 책: (-0.031, 0.532, 0.380) @arm_base_link
   10:51:00 [비전] ROI 밖 책: (0.159, 0.604, 0.396) @arm_base_link
   10:51:00 [비전] ROI 밖 책: (0.026, 0.543, 0.395) @arm_base_link
   10:51:00 [비전] ROI 밖 책: (0.130, 0.552, 0.394) @arm_base_link
   10:51:00 [비전] ROI 밖 책 6권 제외 (남은 0권). ROI [-0.69, -0.2, 0.0] ~ [-0.26, 0.3, 0.32] @arm_base_link
   10:51:00 [비전] Empty center pixel=(262, 197), shelf_front_z=2.391m; Depth L/C/R=2.389/4.407/2.392m; center-left=2.018m, center-right=2.014m; contrast=PASS
   10:51:00 [비전] Empty shelf target: xyz=(-0.787, 2.609, 1.391)
   10:51:00 [비전] ROI 밖 책: (0.141, 0.547, 0.393) @arm_base_link
   10:51:00 [비전] ROI 밖 책: (0.025, 0.545, 0.395) @arm_base_link
   10:51:00 [비전] ROI 밖 책: (-0.300, 0.521, 0.405) @arm_base_link
   10:51:00 [비전] ROI 밖 책: (0.098, 0.552, 0.395) @arm_base_link
   10:51:00 [비전] ROI 밖 책: (-0.197, 0.523, 0.405) @arm_base_link
   10:51:00 [비전] ROI 밖 책: (0.063, 0.547, 0.393) @arm_base_link
   10:51:00 [비전] ROI 밖 책: (-0.139, 0.522, 0.406) @arm_base_link
   10:51:00 [비전] ROI 밖 책: (-0.623, 0.505, 0.832) @arm_base_link
   10:51:00 [비전] ROI 밖 책: (0.199, 0.589, 0.419) @arm_base_link
   10:51:00 [비전] ROI 밖 책 9권 제외 (남은 0권). ROI [-0.69, -0.2, 0.0] ~ [-0.26, 0.3, 0.32] @arm_base_link
   10:51:00 [비전] Empty center pixel=(422, 577), shelf_front_z=0.512m; Depth L/C/R=0.500/0.741/0.523m; center-left=0.240m, center-right=0.217m; contrast=PASS
   10:51:00 [비전] Empty shelf target: xyz=(-0.090, 0.526, 0.396)
   10:51:01 [비전] ROI 밖 책: (0.478, 0.551, 0.393) @arm_base_link
   10:51:01 [비전] ROI 밖 책: (0.430, 0.533, 0.395) @arm_base_link
   10:51:01 [비전] ROI 밖 책: (0.146, 0.550, 0.392) @arm_base_link
   10:51:01 [비전] ROI 밖 책: (0.059, 0.546, 0.393) @arm_base_link
   10:51:01 [비전] ROI 밖 책: (0.210, 0.507, 0.830) @arm_base_link
   10:51:01 [비전] ROI 밖 책 5권 제외 (남은 0권). ROI [-0.69, -0.2, 0.0] ~ [-0.26, 0.3, 0.32] @arm_base_link
   10:51:01 [비전] Empty center pixel=(281, 578), shelf_front_z=0.510m; Depth L/C/R=0.507/0.743/0.512m; center-left=0.237m, center-right=0.231m; contrast=PASS
   10:51:01 [비전] Empty shelf target: xyz=(-0.067, 0.524, 0.397)
   10:51:02 [비전] ROI 밖 책: (0.043, 0.548, 0.394) @arm_base_link
   10:51:02 [비전] ROI 밖 책: (0.060, 0.547, 0.393) @arm_base_link
   10:51:02 [비전] ROI 밖 책: (0.499, 0.546, 0.393) @arm_base_link
   10:51:02 [비전] ROI 밖 책: (0.431, 0.538, 0.394) @arm_base_link
   10:51:02 [비전] ROI 밖 책: (0.575, 0.550, 0.394) @arm_base_link
   10:51:02 [비전] ROI 밖 책: (0.263, 0.521, 0.394) @arm_base_link
   10:51:02 [비전] ROI 밖 책: (0.017, 0.546, 0.396) @arm_base_link
   10:51:02 [비전] ROI 밖 책: (-0.002, 0.546, 0.394) @arm_base_link
   10:51:02 [비전] ROI 밖 책 8권 제외 (남은 0권). ROI [-0.69, -0.2, 0.0] ~ [-0.26, 0.3, 0.32] @arm_base_link
   10:51:04 [비전] ROI 밖 책: (0.500, 0.544, 0.394) @arm_base_link
   10:51:04 [비전] ROI 밖 책: (0.244, 0.546, 0.394) @arm_base_link
   10:51:04 [비전] ROI 밖 책: (0.140, 0.554, 0.393) @arm_base_link
   10:51:04 [비전] ROI 밖 책: (0.568, 0.546, 0.393) @arm_base_link
   10:51:04 [비전] ROI 밖 책: (0.163, 0.551, 0.396) @arm_base_link
   10:51:04 [비전] ROI 밖 책: (0.269, 0.521, 0.393) @arm_base_link
   10:51:04 [비전] ROI 밖 책: (0.431, 0.540, 0.394) @arm_base_link
   10:51:04 [비전] ROI 밖 책: (0.481, 0.542, 0.393) @arm_base_link
   10:51:04 [비전] ROI 밖 책: (0.053, 0.546, 0.394) @arm_base_link
   10:51:04 [비전] ROI 밖 책: (0.227, 0.547, 0.399) @arm_base_link
   10:51:04 [비전] ROI 밖 책: (0.602, 0.548, 0.398) @arm_base_link
   10:51:04 [비전] ROI 밖 책 11권 제외 (남은 0권). ROI [-0.69, -0.2, 0.0] ~ [-0.26, 0.3, 0.32] @arm_base_link
   10:51:04 [비전] Empty center pixel=(216, 521), shelf_front_z=0.587m; Depth L/C/R=0.621/1.543/0.552m; center-left=0.922m, center-right=0.990m; contrast=PASS
   10:51:04 [비전] Empty shelf target: xyz=(0.157, 0.607, 0.424)
   10:51:07 [비전] ROI 밖 책: (0.176, 0.501, 0.378) @arm_base_link
   10:51:07 [비전] ROI 밖 책 1권 제외 (남은 1권). ROI [-0.69, -0.2, 0.0] ~ [-0.26, 0.3, 0.32] @arm_base_link
   10:51:07 [비전] Book picked(best): xyz=(-0.339, -0.023, 0.210), center=(328, 599), conf=0.86, depth=patch, yaw=0.000 rad (후보 1권)
   10:51:07 [비전] Empty center pixel=(161, 348), shelf_front_z=0.871m; Depth L/C/R=0.962/1.114/0.780m; center-left=0.152m, center-right=0.334m; contrast=PASS
   10:51:07 [비전] Empty shelf target: xyz=(-0.787, 0.512, 0.132)
   10:51:08 [비전] ROI 밖 책: (0.166, 0.482, 0.340) @arm_base_link
   10:51:08 [비전] ROI 밖 책 1권 제외 (남은 1권). ROI [-0.69, -0.2, 0.0] ~ [-0.26, 0.3, 0.32] @arm_base_link
   10:51:08 [비전] Book picked(best): xyz=(-0.338, -0.022, 0.210), center=(195, 597), conf=0.85, depth=patch, yaw=0.000 rad (후보 1권)
   10:51:08 [비전] Empty center pixel=(95, 357), shelf_front_z=0.866m; Depth L/C/R=0.929/1.032/0.802m; center-left=0.103m, center-right=0.230m; contrast=PASS
   10:51:08 [비전] Empty shelf target: xyz=(-0.790, 0.491, 0.115)
   10:51:10 [비전] Book picked(best): xyz=(-0.300, -0.023, 0.209), center=(94, 598), conf=0.92, depth=patch, yaw=0.000 rad (후보 1권)
   10:51:10 [비전] Empty center pixel=(293, 281), shelf_front_z=0.702m; Depth L/C/R=0.710/1.982/0.694m; center-left=1.273m, center-right=1.288m; contrast=PASS
   10:51:10 [비전] Empty shelf target: xyz=(-0.067, 0.487, 0.364)
   10:51:11 [비전] Empty center pixel=(217, 277), shelf_front_z=0.697m; Depth L/C/R=0.706/0.833/0.687m; center-left=0.126m, center-right=0.146m; contrast=PASS
   10:51:11 [비전] Empty shelf target: xyz=(-0.052, 0.488, 0.373)
   10:51:13 [비전] Empty center pixel=(147, 270), shelf_front_z=0.704m; Depth L/C/R=0.728/0.681/0.681m; center-left=-0.047m, center-right=0.000m; contrast=CHECK
   10:51:17 [조작] 빈칸 관측 버림 (서가 밖): (-0.787, 2.609, 1.391) 서가 x -0.66~0.66 y 0.41~0.80 z -0.33~2.19
   10:51:17 [조작] 빈칸 관측 버림 (서가 밖): (-0.787, 0.512, 0.132) 서가 x -0.66~0.66 y 0.41~0.80 z -0.33~2.19
   10:51:17 [조작] 빈칸 관측 버림 (서가 밖): (-0.790, 0.491, 0.115) 서가 x -0.66~0.66 y 0.41~0.80 z -0.33~2.19
   10:51:17 [시뮬] 작업 job_d5cffb92dda4:scan SUCCEEDED {'phase': 'scan_done', 'message': '서가 스캔 완료', 'placement_verified': False, 'sim_steps': 2039, 'render_steps': 2039} (24.8s)
   10:51:18 [FSM] Empty slot detected: frame_id=arm_base_link, x=-0.350, y=0.544, z=0.340, confidence=1.00, candidate_count=8
   10:51:18 [FSM] FSM transition completed: DETECT_TARGET_SLOT -> PLACE_BOOK
   10:51:18 [FSM] Book-placement goal was accepted.
   10:51:18 [조작] 빈칸 선택: 책 사이 틈 관측 (-0.075, 0.488, 0.373) → 칸 중심 y 0.544, z 0.340 (판 높이로 스냅); 꽂기 전 차체를 옆으로 +0.275 m 옮겨 틈을 x -0.35 에 둔다
   10:51:18 [조작] 빈 슬롯 스캔 완료: (-0.35, 0.5439, 0.3399), 삽입깊이 0.300m
   10:51:18 [조작] 베이스 회전 명령 전송 (목표 yaw +0°, 서가 거리 0.444)
   10:51:18 [시뮬] 서가 앞면 0.444 m → 목표 0.444 m (앞뒤 -0.000), 서가 중심 팔기준 x +0.275 → 옆으로 +0.275: 차체를 0.275 m 옮긴다
   10:51:20 [비전] Book picked(best): xyz=(-0.336, -0.006, 0.203), center=(260, 329), conf=0.79, depth=patch, yaw=0.000 rad (후보 1권)
   10:51:20 [조작] 베이스 회전 완료
   10:51:20 [시뮬] 서가 앞면 실측 0.444 m (목표 0.444), 서가 x 범위 팔기준 -0.98~+0.43
   10:51:21 [비전] Book picked(best): xyz=(-0.339, -0.188, 0.186), center=(140, 327), conf=0.81, depth=patch, yaw=0.000 rad (후보 2권)
   10:51:21 [비전] Book picked(best): xyz=(-0.340, -0.189, 0.187), center=(139, 326), conf=0.83, depth=patch, yaw=0.000 rad (후보 2권)
   10:51:21 [조작] 책 좌표 정함 (-0.3395, -0.1880, +0.1863) — 관측 3개 · 책 2권 · 고른 책 2개 (x 흔들림 2 mm) → 축마다 중앙값
   10:51:21 [조작] 작업 job_d5cffb92dda4 book=book_001 트레이 칸 0 파지 [-0.3395445167718264, -0.188048005228035, 0.11043778486319722] (vision) → (-0.35, 0.5438500024676323, 0.3399) 삽입 속도 0.030 m/s
   10:51:31 [시뮬] [JUDGE] 손 안 어긋남(406) **판별불가** — 키네마틱 파지는 매 스텝 책을 손에 맞춰 다시 써 넣는다. 이 신호는 마찰 파지(SIM_GRASP_KINEMATIC=0)에서만 의미가 있다
   10:51:37 [시뮬] [JUDGE] rise=16.9cm(ok) width=15.1mm = 지령 15.1mm (책 반두께 19.1) → **판별불가** [키네마틱 파지라 빈손이어도 같은 값이 나온다]
   10:53:15 [FSM] FSM transition completed: PLACE_BOOK -> UPDATE_DATA
   10:53:15 [FSM] FSM transition completed: UPDATE_DATA -> NEXT_BOOK
   10:53:15 [FSM] FSM transition completed: NEXT_BOOK -> SELECT_BOOK
   10:53:15 [FSM] FSM transition completed: SELECT_BOOK -> NAV_TO_SHELF
   10:53:15 [조작] PlaceBook 성공 job=job_d5cffb92dda4 code=0(OK) phase= 배치 확인
   10:53:15 [시뮬] [JUDGE] width_hold=판별불가[키네마틱] (15.1 → 최소 15.1 mm, 한쪽 기준)
   10:53:15 [시뮬] 작업 job_d5cffb92dda4 SUCCEEDED {'phase': 'verify', 'message': '배치 확인', 'placement_verified': True, 'checks': {'upright': True, 'depth': True, 'spine': True, 'x': True, 'floor': True, 'skew': True, 'no_jam': True}, 'fallen
   10:54:26 [시뮬] [주행] 도착 (+2.535, -3.019)
   10:54:28 [시뮬] [주행] 회전 끝 — **실측** yaw +0.00° (목표 +0.00°)
   10:54:29 [FSM] Navigation succeeded: Navigation completed.
   10:54:29 [FSM] FSM transition completed: NAV_TO_SHELF -> DETECT_TARGET_SLOT
   10:54:29 [조작] 베이스 회전 명령 전송 (목표 yaw +0°, 서가 거리 0.444)
   10:54:29 [시뮬] [주행] 도착 (+2.535, -3.019)
   10:54:29 [시뮬] 서가 앞면 0.439 m → 목표 0.444 m (앞뒤 -0.005), 서가 중심 팔기준 x -0.236 → 옆으로 -0.236: 차체를 0.236 m 옮긴다
   10:54:31 [조작] 베이스 회전 완료
   10:54:31 [시뮬] 서가 앞면 실측 0.444 m (목표 0.444), 서가 x 범위 팔기준 -0.71~+0.71
   10:54:31 [시뮬] [스윕] 시작 자세 q=[2.811, -0.514, 0.102, -2.213, 0.051, 1.701, -1.033]
   10:54:31 [시뮬] [스윕] 판 1.042 (팔기준 z 0.712, 앞면 0.444) 정지점 5/5 여유 0.171 rad 최대변화 0.06 길이 3.95
   10:54:31 [시뮬] [스윕] 판 0.498 (팔기준 z 0.168, 앞면 0.444) 정지점 5/5 여유 0.225 rad 최대변화 0.05 길이 2.52
   10:54:31 [시뮬] 스윕 시작: 판 [1.042, 0.498], 정지점 10개, 정지 1.2s
   10:54:31 [시뮬] [판목록] 레벨 실측 [0.4976, 1.0417, 1.5812, 2.0582, 2.52] · 쓰는 값 [0.497, 0.498, 1.042] · 차이 [-0.3, -0.4, +0.6] mm  (그림자 — 판단은 상수 그대로)
   10:54:36 [비전] ROI 밖 책: (-0.140, 0.521, 0.406) @arm_base_link
   10:54:36 [비전] ROI 밖 책: (-0.205, 0.523, 0.405) @arm_base_link
   10:54:36 [비전] ROI 밖 책: (0.025, 0.544, 0.394) @arm_base_link
   10:54:36 [비전] ROI 밖 책: (0.063, 0.546, 0.394) @arm_base_link
   10:54:36 [비전] ROI 밖 책: (0.131, 0.550, 0.393) @arm_base_link
   10:54:36 [비전] ROI 밖 책: (0.167, 0.613, 0.396) @arm_base_link
   10:54:36 [비전] ROI 밖 책: (-0.264, 0.523, 0.405) @arm_base_link
   10:54:36 [비전] ROI 밖 책 7권 제외 (남은 0권). ROI [-0.69, -0.2, 0.0] ~ [-0.26, 0.3, 0.32] @arm_base_link
   10:54:36 [비전] Empty center pixel=(262, 197), shelf_front_z=2.375m; Depth L/C/R=2.357/4.407/2.392m; center-left=2.050m, center-right=2.014m; contrast=PASS
   10:54:36 [비전] Empty shelf target: xyz=(-0.784, 2.592, 1.388)
   10:54:38 [비전] ROI 밖 책: (0.065, 0.549, 0.394) @arm_base_link
   10:54:38 [비전] ROI 밖 책: (0.145, 0.549, 0.393) @arm_base_link
   10:54:38 [비전] ROI 밖 책 2권 제외 (남은 0권). ROI [-0.69, -0.2, 0.0] ~ [-0.26, 0.3, 0.32] @arm_base_link
   10:54:38 [비전] Empty center pixel=(369, 538), shelf_front_z=0.581m; Depth L/C/R=0.573/0.600/0.588m; center-left=0.027m, center-right=0.011m; contrast=CHECK
   10:54:39 [비전] ROI 밖 책: (0.481, 0.551, 0.393) @arm_base_link
   10:54:39 [비전] ROI 밖 책: (0.430, 0.536, 0.394) @arm_base_link
   10:54:39 [비전] ROI 밖 책: (0.171, 0.521, 0.396) @arm_base_link
   10:54:39 [비전] ROI 밖 책: (0.100, 0.550, 0.396) @arm_base_link
   10:54:39 [비전] ROI 밖 책: (0.017, 0.545, 0.395) @arm_base_link
   10:54:39 [비전] ROI 밖 책 5권 제외 (남은 0권). ROI [-0.69, -0.2, 0.0] ~ [-0.26, 0.3, 0.32] @arm_base_link
   10:54:39 [비전] Empty center pixel=(287, 540), shelf_front_z=0.580m; Depth L/C/R=0.577/0.598/0.582m; center-left=0.021m, center-right=0.016m; contrast=CHECK
   10:54:41 [비전] ROI 밖 책: (0.500, 0.545, 0.393) @arm_base_link
   10:54:41 [비전] ROI 밖 책: (0.041, 0.550, 0.394) @arm_base_link
   10:54:41 [비전] ROI 밖 책: (0.062, 0.547, 0.393) @arm_base_link
   10:54:41 [비전] ROI 밖 책: (0.430, 0.538, 0.394) @arm_base_link
   10:54:41 [비전] ROI 밖 책: (0.263, 0.522, 0.393) @arm_base_link
   10:54:41 [비전] ROI 밖 책: (0.017, 0.545, 0.395) @arm_base_link
   10:54:41 [비전] ROI 밖 책: (0.267, 0.548, 0.392) @arm_base_link
   10:54:41 [비전] ROI 밖 책: (0.575, 0.548, 0.394) @arm_base_link
   10:54:41 [비전] ROI 밖 책: (0.126, 0.548, 0.394) @arm_base_link
   10:54:41 [비전] ROI 밖 책: (0.089, 0.544, 0.396) @arm_base_link
   10:54:41 [비전] ROI 밖 책 10권 제외 (남은 0권). ROI [-0.69, -0.2, 0.0] ~ [-0.26, 0.3, 0.32] @arm_base_link
   10:54:41 [비전] Empty center pixel=(290, 298), shelf_front_z=0.431m; Depth L/C/R=0.449/2.482/0.413m; center-left=2.033m, center-right=2.069m; contrast=PASS
   10:54:41 [비전] Empty shelf target: xyz=(0.134, 0.524, 0.848)
   10:54:42 [비전] ROI 밖 책: (0.498, 0.544, 0.392) @arm_base_link
   10:54:42 [비전] ROI 밖 책: (0.243, 0.550, 0.394) @arm_base_link
   10:54:42 [비전] ROI 밖 책: (0.142, 0.554, 0.393) @arm_base_link
   10:54:42 [비전] ROI 밖 책: (0.163, 0.553, 0.396) @arm_base_link
   10:54:42 [비전] ROI 밖 책: (0.568, 0.547, 0.393) @arm_base_link
   10:54:42 [비전] ROI 밖 책: (0.430, 0.538, 0.394) @arm_base_link
   10:54:42 [비전] ROI 밖 책: (0.481, 0.542, 0.393) @arm_base_link
   10:54:42 [비전] ROI 밖 책: (0.054, 0.547, 0.392) @arm_base_link
   10:54:42 [비전] ROI 밖 책: (0.269, 0.521, 0.393) @arm_base_link
   10:54:42 [비전] ROI 밖 책: (0.601, 0.546, 0.395) @arm_base_link
   10:54:42 [비전] ROI 밖 책 10권 제외 (남은 0권). ROI [-0.69, -0.2, 0.0] ~ [-0.26, 0.3, 0.32] @arm_base_link
   10:54:45 [비전] ROI 밖 책: (0.176, 0.500, 0.377) @arm_base_link
   10:54:45 [비전] ROI 밖 책 1권 제외 (남은 1권). ROI [-0.69, -0.2, 0.0] ~ [-0.26, 0.3, 0.32] @arm_base_link
   10:54:45 [비전] Book picked(best): xyz=(-0.339, -0.022, 0.207), center=(328, 598), conf=0.85, depth=patch, yaw=0.000 rad (후보 1권)
   10:54:45 [비전] Empty center pixel=(163, 352), shelf_front_z=0.882m; Depth L/C/R=0.973/1.128/0.791m; center-left=0.155m, center-right=0.338m; contrast=PASS
   10:54:45 [비전] Empty shelf target: xyz=(-0.786, 0.513, 0.115)
   10:54:47 [비전] ROI 밖 책: (0.186, 0.494, 0.375) @arm_base_link
   10:54:47 [비전] ROI 밖 책: (0.165, 0.482, 0.338) @arm_base_link
   10:54:47 [비전] ROI 밖 책 2권 제외 (남은 1권). ROI [-0.69, -0.2, 0.0] ~ [-0.26, 0.3, 0.32] @arm_base_link
   10:54:47 [비전] Book picked(best): xyz=(-0.338, -0.022, 0.208), center=(195, 597), conf=0.84, depth=patch, yaw=0.000 rad (후보 1권)
   10:54:47 [비전] Empty center pixel=(96, 360), shelf_front_z=0.871m; Depth L/C/R=0.933/1.037/0.810m; center-left=0.104m, center-right=0.227m; contrast=PASS
   10:54:47 [비전] Empty shelf target: xyz=(-0.791, 0.490, 0.105)
   10:54:48 [비전] ROI 밖 책: (0.197, 0.480, 0.366) @arm_base_link
   10:54:48 [비전] ROI 밖 책 1권 제외 (남은 1권). ROI [-0.69, -0.2, 0.0] ~ [-0.26, 0.3, 0.32] @arm_base_link
   10:54:48 [비전] Book picked(best): xyz=(-0.297, -0.022, 0.208), center=(94, 597), conf=0.93, depth=patch, yaw=0.000 rad (후보 1권)
   10:54:48 [비전] Empty center pixel=(53, 391), shelf_front_z=0.937m; Depth L/C/R=0.984/1.076/0.891m; center-left=0.092m, center-right=0.185m; contrast=PASS
   10:54:48 [비전] Empty shelf target: xyz=(-0.792, 0.477, -0.014)
   10:54:49 [비전] Empty center pixel=(223, 241), shelf_front_z=0.769m; Depth L/C/R=0.758/2.403/0.779m; center-left=1.645m, center-right=1.624m; contrast=PASS
   10:54:49 [비전] Empty shelf target: xyz=(-0.061, 0.606, 0.401)
   10:54:51 [비전] Empty center pixel=(154, 241), shelf_front_z=0.771m; Depth L/C/R=0.764/2.403/0.777m; center-left=1.639m, center-right=1.626m; contrast=PASS
   10:54:51 [비전] Empty shelf target: xyz=(-0.055, 0.608, 0.400)
   10:54:56 [FSM] Empty slot detected: frame_id=arm_base_link, x=-0.350, y=0.544, z=0.884, confidence=1.00, candidate_count=7
   10:54:56 [FSM] FSM transition completed: DETECT_TARGET_SLOT -> PLACE_BOOK
   10:54:56 [FSM] Book-placement goal was accepted.
   10:54:56 [조작] 빈칸 관측 버림 (서가 밖): (-0.784, 2.592, 1.388) 서가 x -0.66~0.66 y 0.41~0.80 z -0.33~2.19
   10:54:56 [조작] 빈칸 관측 버림 (서가 밖): (-0.786, 0.513, 0.115) 서가 x -0.66~0.66 y 0.41~0.80 z -0.33~2.19
   10:54:56 [조작] 빈칸 관측 버림 (서가 밖): (-0.791, 0.490, 0.105) 서가 x -0.66~0.66 y 0.41~0.80 z -0.33~2.19
   10:54:56 [조작] 빈칸 관측 버림 (서가 밖): (-0.792, 0.477, -0.014) 서가 x -0.66~0.66 y 0.41~0.80 z -0.33~2.19
   10:54:56 [조작] 빈칸 선택: 책 사이 틈 관측 (0.126, 0.608, 0.400) → 칸 중심 y 0.544, z 0.884 (판 높이로 스냅); 꽂기 전 차체를 옆으로 +0.476 m 옮겨 틈을 x -0.35 에 둔다
   10:54:56 [조작] 빈 슬롯 스캔 완료: (-0.35, 0.5439, 0.8839), 삽입깊이 0.300m
   10:54:56 [조작] 베이스 회전 명령 전송 (목표 yaw +0°, 서가 거리 0.444)
   10:54:56 [시뮬] 작업 job_d5cffb92dda4:scan SUCCEEDED {'phase': 'scan_done', 'message': '서가 스캔 완료', 'placement_verified': False, 'sim_steps': 2039, 'render_steps': 2039} (24.5s)
   10:54:56 [시뮬] 서가 앞면 0.444 m → 목표 0.444 m (앞뒤 +0.000), 서가 중심 팔기준 x +0.476 → 옆으로 +0.476: 차체를 0.476 m 옮긴다
   10:55:00 [비전] ROI 밖 책: (-0.383, 0.475, 0.223) @arm_base_link
   10:55:00 [비전] ROI 밖 책 1권 제외 (남은 1권). ROI [-0.69, -0.2, 0.0] ~ [-0.26, 0.3, 0.32] @arm_base_link
   10:55:00 [비전] Book picked(best): xyz=(-0.333, -0.003, 0.204), center=(262, 331), conf=0.84, depth=patch, yaw=0.000 rad (후보 1권)
   10:55:00 [조작] 베이스 회전 완료
   10:55:00 [시뮬] 서가 앞면 실측 0.444 m (목표 0.444), 서가 x 범위 팔기준 -1.18~+0.23
   10:55:01 [비전] ROI 밖 책: (-0.384, 0.475, 0.225) @arm_base_link
   10:55:01 [비전] ROI 밖 책 1권 제외 (남은 0권). ROI [-0.69, -0.2, 0.0] ~ [-0.26, 0.3, 0.32] @arm_base_link
   10:55:01 [비전] ROI 밖 책: (-0.384, 0.475, 0.226) @arm_base_link
   10:55:01 [비전] ROI 밖 책 1권 제외 (남은 0권). ROI [-0.69, -0.2, 0.0] ~ [-0.26, 0.3, 0.32] @arm_base_link
   10:55:02 [비전] ROI 밖 책: (-0.384, 0.475, 0.225) @arm_base_link
   10:55:02 [비전] ROI 밖 책 1권 제외 (남은 1권). ROI [-0.69, -0.2, 0.0] ~ [-0.26, 0.3, 0.32] @arm_base_link
   10:55:02 [비전] Book picked(best): xyz=(-0.340, -0.006, 0.204), center=(260, 326), conf=0.79, depth=patch, yaw=0.000 rad (후보 1권)
   10:55:02 [조작] 책 좌표 정함 (-0.3369, -0.0045, +0.2037) — 관측 2개 · 책 1권 · 고른 책 2개 (x 흔들림 7 mm) → 축마다 중앙값
   10:55:02 [조작] 작업 job_d5cffb92dda4 book=book_002 트레이 칸 1 파지 [-0.3368979133106814, -0.0044977954362474745, 0.12789913444438694] (vision) → (-0.35, 0.5438500024676323, 0.8839) 삽입 속도 0.030 m/s
   10:55:14 [시뮬] [JUDGE] 손 안 어긋남(406) **판별불가** — 키네마틱 파지는 매 스텝 책을 손에 맞춰 다시 써 넣는다. 이 신호는 마찰 파지(SIM_GRASP_KINEMATIC=0)에서만 의미가 있다
   10:55:20 [시뮬] [JUDGE] rise=16.9cm(ok) width=13.6mm = 지령 13.6mm (책 반두께 17.6) → **판별불가** [키네마틱 파지라 빈손이어도 같은 값이 나온다]
   10:57:01 [FSM] FSM transition completed: PLACE_BOOK -> UPDATE_DATA
   10:57:01 [FSM] FSM transition completed: UPDATE_DATA -> NEXT_BOOK
   10:57:01 [FSM] FSM transition completed: NEXT_BOOK -> RETURN_HOME
   10:57:01 [조작] PlaceBook 성공 job=job_d5cffb92dda4 code=0(OK) phase= 배치 확인
   10:57:01 [시뮬] [JUDGE] width_hold=판별불가[키네마틱] (13.6 → 최소 13.6 mm, 한쪽 기준)
   10:57:01 [시뮬] 작업 job_d5cffb92dda4 SUCCEEDED {'phase': 'verify', 'message': '배치 확인', 'placement_verified': True, 'checks': {'upright': True, 'depth': True, 'spine': True, 'x': True, 'floor': True, 'skew': True, 'no_jam': True}, 'fallen
   10:57:11 [시뮬] [주행] 회전 끝 — **실측** yaw +90.00° (목표 +90.00°)
   10:57:12 [FSM] Navigation succeeded: Navigation completed.
   10:57:12 [FSM] FSM transition completed: RETURN_HOME -> COMPLETED
   10:57:12 [FSM] FSM transition completed: COMPLETED -> IDLE
   10:57:12 [시뮬] [주행] 도착 (+4.986, -5.607)
끝 10:57:13 — 로그: /home/bryankim0200/b1_arm/logs (Isaac·노드는 그대로 떠 있다)
