[demo_env] SIM_LEVEL=/home/bryankim0200/b1_demo_bundle/level_shaded/Final_Level_Shaded_robot.usdc
[demo_env] ROS_DOMAIN_ID=129 · REC_EVERY=0
[근접녹화] HEAD=5c77c0b
책 대체: 저장소 usd_v2 4권
남은 Isaac 종료: 26302
남은 rqt 창 종료:4 개
[1/4] Isaac 시작 (약 3~4분) — 레벨 Final_Level_Shaded_robot.usdc  03:51:55
      준비 대기.......
      준비 완료 03:53:05
 [py stderr]: ### 레벨 책 5권을 그대로 쓴다
 [py stderr]: ### 장면 준비: 트레이 칸 6개, 책 5권, 원본 0종
 [py stderr]: ###   팔 베이스 출발 자리 (+4.9850, -5.3071) yaw +90.00° — 돌아왔을 때 여기로 맞춘다
 [py stderr]: ###   루트 출발 자리 (+4.9859, -5.6067) — **복귀는 여기로 간다** (팔 베이스와 0.300 m 다르다)
[2/4] TF·비전·로봇팔·주행·FSM 노드  03:53:05
[3/4] 반납 작업 1건 투입 (25.0s 뒤)  03:53:15
[4/4] 진행 상태 — 검출 좌표·단계 전이를 실시간으로 (같은 내용이 /home/bryankim0200/b1_arm/logs/detections.log 에 남는다)  03:53:15
   03:53:15 [조작] PlaceBook /place_book executor=sim profile=default tray_slots=6 status=/robot/status perception_bridge=True
   03:53:15 [시뮬] 관측 자세 손목(관절 7) -59.2° → +30.8° 로 돌림 [SIM_HOME_J7_DEG=+90] (홈은 그대로)
   03:53:15 [시뮬] 관측 자세 이동 [0.0, 0.0, 0.1] m: 손 [-0.389, 0.079, 0.573] → [-0.389, 0.079, 0.673], 관절 [2.811, -0.514, 0.102, -2.213, 0.051, 1.701, 0.538] → [2.094, -0.576, 0.563, -1.891, 0.3, 1.397, 0.278] (한계 여유 0.873) [SIM_HOME_SHIFT] (홈은
   03:53:41 [FSM] FSM transition completed: PLANNING -> NAV_TO_RETURN
   03:53:41 [FSM] Navigation succeeded: Navigation waypoint is already satisfied in simulation.
   03:53:41 [FSM] FSM transition completed: NAV_TO_RETURN -> RECEIVE_TRAY
   03:53:41 [FSM] FSM transition completed: RECEIVE_TRAY -> SELECT_BOOK
   03:53:41 [FSM] FSM transition completed: SELECT_BOOK -> NAV_TO_SHELF
   03:55:20 [시뮬] [주행] 도착 (-0.548, +1.225)
   03:55:32 [시뮬] [주행] 회전 끝 — **실측** yaw +0.00° (목표 +0.00°)
   03:55:35 [FSM] Navigation succeeded: Navigation completed.
   03:55:35 [FSM] FSM transition completed: NAV_TO_SHELF -> DETECT_TARGET_SLOT
   03:55:35 [조작] 베이스 회전 명령 전송 (목표 yaw +0°, 서가 거리 0.444)
   03:55:35 [시뮬] [주행] 도착 (-0.548, +1.225)
   03:55:35 [시뮬] 서가 앞면 0.443 m → 목표 0.444 m (앞뒤 -0.001), 서가 중심 팔기준 x -0.417 → 옆으로 -0.417: 차체를 0.417 m 옮긴다
   03:55:40 [조작] 베이스 회전 완료
   03:55:40 [시뮬] 서가 앞면 실측 0.444 m (목표 0.444), 서가 x 범위 팔기준 -0.71~+0.71
   03:55:40 [시뮬] [스윕] 시작 자세 q=[2.811, -0.514, 0.102, -2.213, 0.051, 1.701, -1.033]
   03:55:41 [시뮬] [스윕] 판 1.042 (팔기준 z 0.712, 앞면 0.444) 정지점 5/5 여유 0.171 rad 최대변화 0.06 길이 3.95
   03:55:41 [시뮬] [스윕] 판 0.498 (팔기준 z 0.168, 앞면 0.444) 정지점 5/5 여유 0.225 rad 최대변화 0.05 길이 2.52
   03:55:41 [시뮬] 스윕 시작: 판 [1.042, 0.498], 정지점 10개, 정지 1.2s
   03:55:41 [시뮬] [판목록] 레벨 실측 [0.4976, 1.0417, 1.5812, 2.0582, 2.52] · 쓰는 값 [0.497, 0.498, 1.042] · 차이 [-0.3, -0.4, +0.6] mm  (그림자 — 판단은 상수 그대로)
   03:56:08 [비전] ROI 밖 책: (0.020, 0.570, 0.394) @arm_base_link
   03:56:08 [비전] ROI 밖 책: (0.065, 0.575, 0.394) @arm_base_link
   03:56:08 [비전] ROI 밖 책: (-0.021, 0.566, 0.394) @arm_base_link
   03:56:08 [비전] ROI 밖 책: (-0.067, 0.547, 0.395) @arm_base_link
   03:56:08 [비전] ROI 밖 책: (-0.166, 0.523, 0.363) @arm_base_link
   03:56:08 [비전] ROI 밖 책: (-0.624, 0.536, 0.835) @arm_base_link
   03:56:08 [비전] ROI 밖 책: (-0.081, 0.507, 0.375) @arm_base_link
   03:56:08 [비전] ROI 밖 책: (0.073, 0.540, 0.394) @arm_base_link
   03:56:08 [비전] ROI 밖 책: (-0.598, 0.522, 0.346) @arm_base_link
   03:56:08 [비전] ROI 밖 책 9권 제외 (남은 0권). ROI [-0.4, -0.2, 0.0] ~ [-0.26, 0.4, 0.32] @arm_base_link
   03:56:08 [비전] Empty center pixel=(278, 257), shelf_front_z=1.529m; Depth L/C/R=0.436/6.075/2.621m; center-left=5.639m, center-right=3.453m; contrast=PASS
   03:56:08 [비전] Empty shelf target: xyz=(-0.559, 1.652, 0.914)
   03:56:16 [비전] ROI 밖 책: (0.062, 0.577, 0.394) @arm_base_link
   03:56:16 [비전] ROI 밖 책: (-0.057, 0.532, 0.395) @arm_base_link
   03:56:16 [비전] ROI 밖 책: (0.024, 0.570, 0.395) @arm_base_link
   03:56:16 [비전] ROI 밖 책: (0.325, 0.568, 0.374) @arm_base_link
   03:56:16 [비전] ROI 밖 책: (0.318, 0.566, 0.360) @arm_base_link
   03:56:16 [비전] ROI 밖 책: (0.236, 0.556, 0.420) @arm_base_link
   03:56:16 [비전] ROI 밖 책 6권 제외 (남은 0권). ROI [-0.4, -0.2, 0.0] ~ [-0.26, 0.4, 0.32] @arm_base_link
   03:56:23 [비전] ROI 밖 책: (0.489, 0.576, 0.392) @arm_base_link
   03:56:23 [비전] ROI 밖 책: (0.333, 0.553, 0.373) @arm_base_link
   03:56:23 [비전] ROI 밖 책: (0.460, 0.539, 0.394) @arm_base_link
   03:56:23 [비전] ROI 밖 책: (0.418, 0.549, 0.395) @arm_base_link
   03:56:23 [비전] ROI 밖 책: (0.369, 0.537, 0.396) @arm_base_link
   03:56:23 [비전] ROI 밖 책: (0.194, 0.582, 0.399) @arm_base_link
   03:56:23 [비전] ROI 밖 책: (0.134, 0.553, 0.393) @arm_base_link
   03:56:23 [비전] ROI 밖 책: (0.387, 0.558, 0.396) @arm_base_link
   03:56:23 [비전] ROI 밖 책: (0.178, 0.533, 0.397) @arm_base_link
   03:56:23 [비전] ROI 밖 책 9권 제외 (남은 0권). ROI [-0.4, -0.2, 0.0] ~ [-0.26, 0.4, 0.32] @arm_base_link
   03:56:30 [비전] ROI 밖 책: (0.496, 0.571, 0.394) @arm_base_link
   03:56:30 [비전] ROI 밖 책: (0.335, 0.541, 0.384) @arm_base_link
   03:56:30 [비전] ROI 밖 책: (0.374, 0.534, 0.396) @arm_base_link
   03:56:30 [비전] ROI 밖 책: (0.418, 0.543, 0.395) @arm_base_link
   03:56:30 [비전] ROI 밖 책: (0.464, 0.574, 0.394) @arm_base_link
   03:56:30 [비전] ROI 밖 책: (0.438, 0.571, 0.395) @arm_base_link
   03:56:30 [비전] ROI 밖 책: (0.183, 0.635, 0.397) @arm_base_link
   03:56:30 [비전] ROI 밖 책: (0.472, 0.535, 0.394) @arm_base_link
   03:56:30 [비전] ROI 밖 책: (-0.020, 0.580, 0.392) @arm_base_link
   03:56:30 [비전] ROI 밖 책: (-0.049, 0.573, 0.394) @arm_base_link
   03:56:30 [비전] ROI 밖 책: (0.020, 0.560, 0.395) @arm_base_link
   03:56:30 [비전] ROI 밖 책 11권 제외 (남은 0권). ROI [-0.4, -0.2, 0.0] ~ [-0.26, 0.4, 0.32] @arm_base_link
   03:56:39 [비전] ROI 밖 책: (0.588, 0.620, 0.393) @arm_base_link
   03:56:39 [비전] ROI 밖 책: (-0.031, 0.578, 0.394) @arm_base_link
   03:56:39 [비전] ROI 밖 책: (0.558, 0.621, 0.394) @arm_base_link
   03:56:39 [비전] ROI 밖 책: (0.211, 0.536, 0.826) @arm_base_link
   03:56:39 [비전] ROI 밖 책: (0.051, 0.578, 0.394) @arm_base_link
   03:56:39 [비전] ROI 밖 책: (0.431, 0.587, 0.393) @arm_base_link
   03:56:39 [비전] ROI 밖 책: (0.386, 0.537, 0.396) @arm_base_link
   03:56:39 [비전] ROI 밖 책: (0.506, 0.612, 0.394) @arm_base_link
   03:56:39 [비전] ROI 밖 책: (0.010, 0.576, 0.394) @arm_base_link
   03:56:39 [비전] ROI 밖 책: (0.086, 0.580, 0.394) @arm_base_link
   03:56:39 [비전] ROI 밖 책: (0.606, 0.577, 0.399) @arm_base_link
   03:56:39 [비전] ROI 밖 책: (0.604, 0.569, 0.399) @arm_base_link
   03:56:39 [비전] ROI 밖 책 12권 제외 (남은 0권). ROI [-0.4, -0.2, 0.0] ~ [-0.26, 0.4, 0.32] @arm_base_link
   03:56:39 [비전] Empty center pixel=(286, 550), shelf_front_z=0.618m; Depth L/C/R=0.677/1.387/0.558m; center-left=0.709m, center-right=0.829m; contrast=PASS
   03:56:39 [비전] Empty shelf target: xyz=(0.283, 0.625, 0.344)
   03:56:55 [비전] ROI 밖 책: (-1.031, 0.184, -0.341) @arm_base_link
   03:56:55 [비전] ROI 밖 책: (0.128, 0.509, 0.339) @arm_base_link
   03:56:55 [비전] ROI 밖 책 2권 제외 (남은 2권). ROI [-0.4, -0.2, 0.0] ~ [-0.26, 0.4, 0.32] @arm_base_link
   03:56:55 [비전] Book picked(best): xyz=(-0.366, -0.018, 0.217), center=(307, 592), conf=0.79, depth=patch, yaw=0.000 rad (후보 2권)
   03:56:55 [비전] Empty center pixel=(157, 339), shelf_front_z=0.838m; Depth L/C/R=0.911/1.051/0.764m; center-left=0.140m, center-right=0.287m; contrast=PASS
   03:56:55 [비전] Empty shelf target: xyz=(-0.780, 0.504, 0.173)
   03:57:03 [비전] ROI 밖 책: (0.172, 0.511, 0.340) @arm_base_link
   03:57:03 [비전] ROI 밖 책: (-0.714, 0.091, -0.001) @arm_base_link
   03:57:03 [비전] ROI 밖 책: (0.133, 0.511, 0.337) @arm_base_link
   03:57:03 [비전] ROI 밖 책: (0.190, 0.511, 0.364) @arm_base_link
   03:57:03 [비전] ROI 밖 책 4권 제외 (남은 1권). ROI [-0.4, -0.2, 0.0] ~ [-0.26, 0.4, 0.32] @arm_base_link
   03:57:03 [비전] Book picked(best): xyz=(-0.362, -0.019, 0.214), center=(178, 593), conf=0.69, depth=patch, yaw=0.000 rad (후보 1권)
   03:57:11 [비전] ROI 밖 책: (0.564, 0.185, -0.341) @arm_base_link
   03:57:11 [비전] ROI 밖 책: (0.176, 0.512, 0.339) @arm_base_link
   03:57:11 [비전] ROI 밖 책 2권 제외 (남은 1권). ROI [-0.4, -0.2, 0.0] ~ [-0.26, 0.4, 0.32] @arm_base_link
   03:57:11 [비전] Book picked(best): xyz=(-0.308, -0.026, 0.201), center=(85, 602), conf=0.92, depth=patch, yaw=0.000 rad (후보 1권)
   03:57:11 [비전] Empty center pixel=(433, 275), shelf_front_z=0.731m; Depth L/C/R=0.718/2.016/0.744m; center-left=1.298m, center-right=1.272m; contrast=PASS
   03:57:11 [비전] Empty shelf target: xyz=(0.260, 0.521, 0.358)
   03:57:18 [비전] ROI 밖 책: (0.590, 0.178, -0.341) @arm_base_link
   03:57:18 [비전] ROI 밖 책 1권 제외 (남은 1권). ROI [-0.4, -0.2, 0.0] ~ [-0.26, 0.4, 0.32] @arm_base_link
   03:57:18 [비전] Book picked(best): xyz=(-0.280, 0.120, 0.153), center=(67, 497), conf=0.69, depth=patch, yaw=0.000 rad (후보 1권)
   03:57:18 [비전] Empty center pixel=(363, 275), shelf_front_z=0.720m; Depth L/C/R=0.703/2.035/0.737m; center-left=1.332m, center-right=1.298m; contrast=PASS
   03:57:18 [비전] Empty shelf target: xyz=(0.262, 0.511, 0.364)
   03:57:26 [비전] ROI 밖 책: (0.681, 0.183, -0.342) @arm_base_link
   03:57:26 [비전] ROI 밖 책: (-0.318, 0.522, 0.349) @arm_base_link
   03:57:26 [비전] ROI 밖 책: (0.487, 0.520, 0.360) @arm_base_link
   03:57:26 [비전] ROI 밖 책 3권 제외 (남은 0권). ROI [-0.4, -0.2, 0.0] ~ [-0.26, 0.4, 0.32] @arm_base_link
   03:57:26 [비전] Empty center pixel=(294, 273), shelf_front_z=0.748m; Depth L/C/R=0.784/2.052/0.713m; center-left=1.269m, center-right=1.339m; contrast=PASS
   03:57:26 [비전] Empty shelf target: xyz=(0.288, 0.538, 0.352)
   03:57:52 [FSM] Empty slot detected: frame_id=arm_base_link, x=-0.350, y=0.544, z=0.340, confidence=1.00, candidate_count=7
   03:57:52 [FSM] FSM transition completed: DETECT_TARGET_SLOT -> PLACE_BOOK
   03:57:52 [FSM] Book-placement goal was accepted.
   03:57:52 [조작] 빈칸 관측 버림 (서가 밖): (-0.780, 0.504, 0.173) 서가 x -0.66~0.66 y 0.41~0.80 z -0.33~2.19
   03:57:52 [조작] 빈칸 관측 버림 (서가 밖): (-0.780, 0.504, 0.173) 서가 x -0.66~0.66 y 0.41~0.80 z -0.33~2.19
   03:57:52 [조작] 빈칸 선택: 책 사이 틈 관측 (0.273, 0.521, 0.358) → 칸 중심 y 0.544, z 0.340 (판 높이로 스냅); 꽂기 전 차체를 옆으로 +0.623 m 옮겨 틈을 x -0.35 에 둔다
   03:57:52 [조작] 빈 슬롯 스캔 완료: (-0.35, 0.5439, 0.3399), 삽입깊이 0.300m
   03:57:52 [조작] 베이스 회전 명령 전송 (목표 yaw +0°, 서가 거리 0.444)
   03:57:52 [시뮬] 작업 job_add4c8071602:scan SUCCEEDED {'phase': 'scan_done', 'message': '서가 스캔 완료', 'placement_verified': False, 'sim_steps': 2039, 'render_steps': 2039} (131.1s)
   03:57:52 [시뮬] 서가 앞면 0.444 m → 목표 0.444 m (앞뒤 +0.000), 서가 중심 팔기준 x +0.623 → 옆으로 +0.623: 차체를 0.623 m 옮긴다
   03:57:59 [비전] ROI 밖 책: (-0.123, -0.676, -0.341) @arm_base_link
   03:57:59 [비전] ROI 밖 책: (-0.231, 0.505, 0.206) @arm_base_link
   03:57:59 [비전] ROI 밖 책 2권 제외 (남은 2권). ROI [-0.4, -0.2, 0.0] ~ [-0.26, 0.4, 0.32] @arm_base_link
   03:57:59 [비전] Book picked(best): xyz=(-0.356, -0.002, 0.210), center=(262, 315), conf=0.73, depth=patch, yaw=0.000 rad (후보 2권)
   03:57:59 [조작] 베이스 회전 완료
   03:57:59 [시뮬] 서가 앞면 실측 0.444 m (목표 0.444), 서가 x 범위 팔기준 -1.33~+0.08
   03:58:00 [비전] ROI 밖 책: (-0.120, -0.679, -0.341) @arm_base_link
   03:58:00 [비전] ROI 밖 책: (-0.230, 0.504, 0.205) @arm_base_link
   03:58:00 [비전] ROI 밖 책 2권 제외 (남은 2권). ROI [-0.4, -0.2, 0.0] ~ [-0.26, 0.4, 0.32] @arm_base_link
   03:58:00 [비전] Book picked(best): xyz=(-0.357, -0.002, 0.210), center=(262, 314), conf=0.74, depth=patch, yaw=0.000 rad (후보 2권)
   03:58:00 [조작] 책 좌표 정함 (-0.3568, -0.0018, +0.2104) — 관측 2개 · 책 1권 · 고른 책 2개 (x 흔들림 1 mm) → 축마다 중앙값
   03:58:00 [조작] 작업 job_add4c8071602 book=book_003 트레이 칸 0 파지 [-0.35677424677809405, -0.0018308227454306505, 0.1345719958964295] (vision) → (-0.35, 0.5438500024676323, 0.3399) 삽입 속도 0.030 m/s
   03:59:01 [시뮬] [JUDGE] 손 안 어긋남(406) **판별불가** — 키네마틱 파지는 매 스텝 책을 손에 맞춰 다시 써 넣는다. 이 신호는 마찰 파지(SIM_GRASP_KINEMATIC=0)에서만 의미가 있다
   03:59:21 [시뮬] [JUDGE] rise=16.9cm(ok) width=13.6mm = 지령 13.6mm (책 반두께 17.6) → **판별불가** [키네마틱 파지라 빈손이어도 같은 값이 나온다]
   04:03:25 [FSM] FSM transition completed: PLACE_BOOK -> UPDATE_DATA
   04:03:25 [FSM] FSM transition completed: UPDATE_DATA -> NEXT_BOOK
   04:03:25 [FSM] FSM transition completed: NEXT_BOOK -> SELECT_BOOK
   04:03:25 [FSM] FSM transition completed: SELECT_BOOK -> NAV_TO_SHELF
   04:03:25 [FSM] Navigation succeeded: Navigation waypoint is already satisfied in simulation.
   04:03:25 [FSM] FSM transition completed: NAV_TO_SHELF -> DETECT_TARGET_SLOT
   04:03:25 [조작] PlaceBook 성공 job=job_add4c8071602 code=0(OK) phase= 배치 확인
   04:03:25 [조작] 베이스 회전 명령 전송 (목표 yaw +0°, 서가 거리 0.444)
   04:03:25 [시뮬] [JUDGE] width_hold=판별불가[키네마틱] (13.6 → 최소 13.6 mm, 한쪽 기준)
   04:03:25 [시뮬] 작업 job_add4c8071602 SUCCEEDED {'phase': 'verify', 'message': '배치 확인', 'placement_verified': True, 'checks': {'upright': True, 'depth': True, 'spine': True, 'x': True, 'floor': True, 'skew': True, 'no_jam': True}, 'fallen
   04:03:25 [시뮬] 서가 앞면 0.444 m → 목표 0.444 m (앞뒤 +0.000), 서가 중심 팔기준 x -0.623 → 옆으로 -0.623: 차체를 0.623 m 옮긴다
   04:03:30 [조작] 베이스 회전 완료
   04:03:30 [시뮬] 서가 앞면 실측 0.444 m (목표 0.444), 서가 x 범위 팔기준 -0.71~+0.71
   04:03:31 [시뮬] [재측정] 스윕 없이 빈칸만 다시 재고 관측 자세로 돌아간다 — 서가 /World/bookshelves_main/shelf_brown__book_shelf_01 · 판 [1.042, 0.498] · 빈칸 4개 · 관측 자세까지 Δ최대 1.311 rad
   04:03:52 [FSM] Empty slot detected: frame_id=arm_base_link, x=-0.350, y=0.544, z=0.884, confidence=1.00, candidate_count=7
   04:03:52 [FSM] FSM transition completed: DETECT_TARGET_SLOT -> PLACE_BOOK
   04:03:52 [FSM] Book-placement goal was accepted.
   04:03:52 [조작] 빈칸 관측 버림 (서가 밖): (-0.780, 0.504, 0.173) 서가 x -0.66~0.66 y 0.41~0.80 z -0.33~2.19
   04:03:52 [조작] 빈칸 관측 버림 (서가 밖): (-0.780, 0.504, 0.173) 서가 x -0.66~0.66 y 0.41~0.80 z -0.33~2.19
   04:03:52 [조작] 빈칸 선택: 책 사이 틈 관측 (-0.401, 0.521, 0.358) → 칸 중심 y 0.544, z 0.884 (판 높이로 스냅); 꽂기 전 차체를 옆으로 -0.051 m 옮겨 틈을 x -0.35 에 둔다
   04:03:52 [조작] 빈 슬롯 스캔 완료: (-0.35, 0.5439, 0.8839), 삽입깊이 0.300m
   04:03:52 [조작] 베이스 회전 명령 전송 (목표 yaw +0°, 서가 거리 0.444)
   04:03:52 [시뮬] 작업 job_add4c8071602:scan SUCCEEDED {'phase': 'scan_done', 'message': '서가 스캔 완료', 'placement_verified': False, 'sim_steps': 324, 'render_steps': 324} (20.6s)
   04:03:52 [시뮬] 서가 앞면 0.444 m → 목표 0.444 m (앞뒤 -0.000), 서가 중심 팔기준 x -0.051 → 옆으로 -0.051: 차체를 0.051 m 옮긴다
   04:03:53 [비전] ROI 밖 책: (-0.104, -0.705, -0.341) @arm_base_link
   04:03:53 [비전] ROI 밖 책 1권 제외 (남은 1권). ROI [-0.4, -0.2, 0.0] ~ [-0.26, 0.4, 0.32] @arm_base_link
   04:03:53 [비전] Book picked(best): xyz=(-0.342, -0.104, 0.212), center=(189, 325), conf=0.64, depth=patch, yaw=0.000 rad (후보 1권)
   04:03:53 [조작] 베이스 회전 완료
   04:03:53 [시뮬] 서가 앞면 실측 0.444 m (목표 0.444), 서가 x 범위 팔기준 -0.66~+0.76
   04:03:54 [비전] ROI 밖 책: (-0.107, -0.705, -0.341) @arm_base_link
   04:03:54 [비전] ROI 밖 책 1권 제외 (남은 1권). ROI [-0.4, -0.2, 0.0] ~ [-0.26, 0.4, 0.32] @arm_base_link
   04:03:54 [비전] Book picked(best): xyz=(-0.342, -0.104, 0.212), center=(189, 325), conf=0.65, depth=patch, yaw=0.000 rad (후보 1권)
   04:03:54 [조작] 책 좌표 정함 (-0.3421, -0.1041, +0.2115) — 관측 2개 · 책 1권 · 고른 책 2개 (x 흔들림 0 mm) → 축마다 중앙값
   04:03:54 [조작] 작업 job_add4c8071602 book=book_004 트레이 칸 1 파지 [-0.3420945764398894, -0.1041374795556804, 0.13568602640960603] (vision) → (-0.35, 0.5438500024676323, 0.8839) 삽입 속도 0.030 m/s
   04:04:55 [시뮬] [JUDGE] 손 안 어긋남(406) **판별불가** — 키네마틱 파지는 매 스텝 책을 손에 맞춰 다시 써 넣는다. 이 신호는 마찰 파지(SIM_GRASP_KINEMATIC=0)에서만 의미가 있다
   04:05:14 [시뮬] [JUDGE] rise=16.9cm(ok) width=17.6mm = 지령 17.6mm (책 반두께 21.6) → **판별불가** [키네마틱 파지라 빈손이어도 같은 값이 나온다]
   04:09:02 [FSM] FSM transition completed: PLACE_BOOK -> UPDATE_DATA
   04:09:02 [FSM] FSM transition completed: UPDATE_DATA -> NEXT_BOOK
   04:09:02 [FSM] FSM transition completed: NEXT_BOOK -> SELECT_BOOK
   04:09:02 [FSM] FSM transition completed: SELECT_BOOK -> NAV_TO_SHELF
   04:09:02 [조작] PlaceBook 성공 job=job_add4c8071602 code=0(OK) phase= 배치 확인
   04:09:02 [시뮬] [JUDGE] width_hold=판별불가[키네마틱] (17.6 → 최소 17.6 mm, 한쪽 기준)
   04:09:02 [시뮬] 작업 job_add4c8071602 SUCCEEDED {'phase': 'verify', 'message': '배치 확인', 'placement_verified': True, 'checks': {'upright': True, 'depth': True, 'spine': True, 'x': True, 'floor': True, 'skew': True, 'no_jam': True}, 'fallen
   04:10:28 [시뮬] [주행] 도착 (+2.535, -3.019)
   04:10:39 [시뮬] [주행] 회전 끝 — **실측** yaw +0.00° (목표 +0.00°)
   04:10:43 [FSM] Navigation succeeded: Navigation completed.
   04:10:43 [FSM] FSM transition completed: NAV_TO_SHELF -> DETECT_TARGET_SLOT
   04:10:43 [조작] 베이스 회전 명령 전송 (목표 yaw +0°, 서가 거리 0.444)
   04:10:43 [시뮬] [주행] 도착 (+2.535, -3.019)
   04:10:43 [시뮬] 서가 앞면 0.443 m → 목표 0.444 m (앞뒤 -0.001), 서가 중심 팔기준 x -0.261 → 옆으로 -0.261: 차체를 0.261 m 옮긴다
   04:10:46 [조작] 베이스 회전 완료
   04:10:46 [시뮬] 서가 앞면 실측 0.444 m (목표 0.444), 서가 x 범위 팔기준 -0.71~+0.71
   04:10:46 [시뮬] [재측정] 스윕 없이 빈칸만 다시 재고 관측 자세로 돌아간다 — 서가 /World/bookshelves_main/shelf_brown__book_shelf_11 · 판 [1.042, 0.498] · 빈칸 2개 · 관측 자세까지 Δ최대 1.541 rad
   04:11:11 [시뮬] 작업 job_add4c8071602:scan SUCCEEDED {'phase': 'scan_done', 'message': '서가 스캔 완료', 'placement_verified': False, 'sim_steps': 380, 'render_steps': 380} (25.0s)
   04:11:11 [시뮬] [스윕] 시작 자세 q=[2.0937, -0.5757, 0.5627, -1.8915, 0.2999, 1.3974, 0.2783]
   04:11:11 [시뮬] [스윕] 판 1.042 (팔기준 z 0.712, 앞면 0.444) 정지점 5/5 여유 0.518 rad 최대변화 0.06 길이 2.68
   04:11:11 [시뮬] [스윕] 판 0.498 (팔기준 z 0.168, 앞면 0.444) 정지점 5/5 여유 0.221 rad 최대변화 0.05 길이 2.45
   04:11:11 [시뮬] 스윕 시작: 판 [1.042, 0.498], 정지점 10개, 정지 1.2s
   04:11:11 [시뮬] [판목록] 레벨 실측 [0.4976, 1.0417, 1.5812, 2.0582, 2.52] · 쓰는 값 [0.497, 0.498, 1.042] · 차이 [-0.3, -0.4, +0.6] mm  (그림자 — 판단은 상수 그대로)
   04:11:25 [비전] ROI 밖 책: (-0.628, 0.507, 0.832) @arm_base_link
   04:11:25 [비전] ROI 밖 책 1권 제외 (남은 0권). ROI [-0.4, -0.2, 0.0] ~ [-0.26, 0.4, 0.32] @arm_base_link
   04:11:25 [비전] Empty center pixel=(263, 198), shelf_front_z=2.394m; Depth L/C/R=2.393/4.410/2.396m; center-left=2.017m, center-right=2.014m; contrast=PASS
   04:11:25 [비전] Empty shelf target: xyz=(-0.781, 2.612, 1.384)
   04:11:33 [비전] ROI 밖 책: (0.021, 0.547, 0.395) @arm_base_link
   04:11:33 [비전] ROI 밖 책: (0.237, 0.552, 0.421) @arm_base_link
   04:11:33 [비전] ROI 밖 책 2권 제외 (남은 0권). ROI [-0.4, -0.2, 0.0] ~ [-0.26, 0.4, 0.32] @arm_base_link
   04:11:41 [비전] ROI 밖 책: (0.475, 0.552, 0.392) @arm_base_link
   04:11:41 [비전] ROI 밖 책: (0.260, 0.524, 0.396) @arm_base_link
   04:11:41 [비전] ROI 밖 책: (0.502, 0.561, 0.394) @arm_base_link
   04:11:41 [비전] ROI 밖 책: (0.426, 0.536, 0.394) @arm_base_link
   04:11:41 [비전] ROI 밖 책: (0.525, 0.562, 0.395) @arm_base_link
   04:11:41 [비전] ROI 밖 책: (0.391, 0.558, 0.395) @arm_base_link
   04:11:41 [비전] ROI 밖 책: (0.098, 0.535, 0.395) @arm_base_link
   04:11:41 [비전] ROI 밖 책: (0.445, 0.536, 0.394) @arm_base_link
   04:11:41 [비전] ROI 밖 책: (0.305, 0.534, 0.396) @arm_base_link
   04:11:41 [비전] ROI 밖 책: (0.060, 0.548, 0.392) @arm_base_link
   04:11:41 [비전] ROI 밖 책: (0.365, 0.566, 0.395) @arm_base_link
   04:11:41 [비전] ROI 밖 책: (0.176, 0.519, 0.396) @arm_base_link
   04:11:41 [비전] ROI 밖 책: (0.431, 0.554, 0.394) @arm_base_link
   04:11:41 [비전] ROI 밖 책: (0.187, 0.555, 0.397) @arm_base_link
   04:11:41 [비전] ROI 밖 책 14권 제외 (남은 0권). ROI [-0.4, -0.2, 0.0] ~ [-0.26, 0.4, 0.32] @arm_base_link
   04:11:41 [비전] Empty center pixel=(416, 289), shelf_front_z=0.447m; Depth L/C/R=0.411/10.425/0.483m; center-left=10.013m, center-right=9.942m; contrast=PASS
   04:11:41 [비전] Empty shelf target: xyz=(0.134, 0.542, 0.859)
   04:11:48 [비전] ROI 밖 책: (0.265, 0.526, 0.394) @arm_base_link
   04:11:48 [비전] ROI 밖 책: (0.426, 0.537, 0.395) @arm_base_link
   04:11:48 [비전] ROI 밖 책: (0.018, 0.549, 0.395) @arm_base_link
   04:11:48 [비전] ROI 밖 책: (0.296, 0.530, 0.395) @arm_base_link
   04:11:48 [비전] ROI 밖 책: (0.501, 0.547, 0.393) @arm_base_link
   04:11:48 [비전] ROI 밖 책: (0.427, 0.531, 0.394) @arm_base_link
   04:11:48 [비전] ROI 밖 책: (0.460, 0.547, 0.394) @arm_base_link
   04:11:48 [비전] ROI 밖 책: (0.500, 0.550, 0.394) @arm_base_link
   04:11:48 [비전] ROI 밖 책: (0.052, 0.552, 0.394) @arm_base_link
   04:11:48 [비전] ROI 밖 책: (-0.017, 0.552, 0.392) @arm_base_link
   04:11:48 [비전] ROI 밖 책: (0.377, 0.528, 0.395) @arm_base_link
   04:11:48 [비전] ROI 밖 책: (0.541, 0.547, 0.393) @arm_base_link
   04:11:48 [비전] ROI 밖 책: (0.568, 0.542, 0.394) @arm_base_link
   04:11:48 [비전] ROI 밖 책: (0.180, 0.599, 0.397) @arm_base_link
   04:11:48 [비전] ROI 밖 책: (0.584, 0.555, 0.394) @arm_base_link
   04:11:48 [비전] ROI 밖 책 15권 제외 (남은 0권). ROI [-0.4, -0.2, 0.0] ~ [-0.26, 0.4, 0.32] @arm_base_link
   04:11:48 [비전] Empty center pixel=(302, 296), shelf_front_z=0.535m; Depth L/C/R=0.551/2.480/0.519m; center-left=1.930m, center-right=1.961m; contrast=PASS
   04:11:48 [비전] Empty shelf target: xyz=(0.141, 0.628, 0.840)
   04:11:57 [비전] ROI 밖 책: (0.246, 0.519, 0.394) @arm_base_link
   04:11:57 [비전] ROI 밖 책: (0.268, 0.522, 0.392) @arm_base_link
   04:11:57 [비전] ROI 밖 책: (0.495, 0.552, 0.393) @arm_base_link
   04:11:57 [비전] ROI 밖 책: (0.606, 0.559, 0.404) @arm_base_link
   04:11:57 [비전] ROI 밖 책: (0.577, 0.569, 0.393) @arm_base_link
   04:11:57 [비전] ROI 밖 책: (0.050, 0.548, 0.394) @arm_base_link
   04:11:57 [비전] ROI 밖 책: (0.430, 0.545, 0.394) @arm_base_link
   04:11:57 [비전] ROI 밖 책: (0.013, 0.548, 0.395) @arm_base_link
   04:11:57 [비전] ROI 밖 책: (0.459, 0.548, 0.394) @arm_base_link
   04:11:57 [비전] ROI 밖 책: (0.382, 0.527, 0.396) @arm_base_link
   04:11:57 [비전] ROI 밖 책: (0.141, 0.561, 0.393) @arm_base_link
   04:11:57 [비전] ROI 밖 책 11권 제외 (남은 0권). ROI [-0.4, -0.2, 0.0] ~ [-0.26, 0.4, 0.32] @arm_base_link
   04:11:57 [비전] Empty center pixel=(182, 290), shelf_front_z=0.452m; Depth L/C/R=0.492/4.634/0.412m; center-left=4.142m, center-right=4.222m; contrast=PASS
   04:11:57 [비전] Empty shelf target: xyz=(0.152, 0.547, 0.856)
   04:12:12 [비전] ROI 밖 책: (-1.028, 0.187, -0.340) @arm_base_link
   04:12:12 [비전] ROI 밖 책: (0.121, 0.479, 0.340) @arm_base_link
   04:12:12 [비전] ROI 밖 책: (0.165, 0.483, 0.335) @arm_base_link
   04:12:12 [비전] ROI 밖 책: (0.077, 0.476, 0.340) @arm_base_link
   04:12:12 [비전] ROI 밖 책 4권 제외 (남은 0권). ROI [-0.4, -0.2, 0.0] ~ [-0.26, 0.4, 0.32] @arm_base_link
   04:12:12 [비전] Empty center pixel=(157, 338), shelf_front_z=0.850m; Depth L/C/R=0.941/1.084/0.760m; center-left=0.143m, center-right=0.324m; contrast=PASS
   04:12:12 [비전] Empty shelf target: xyz=(-0.787, 0.516, 0.171)
   04:12:20 [비전] ROI 밖 책: (0.280, 0.481, 0.317) @arm_base_link
   04:12:20 [비전] ROI 밖 책: (0.326, 0.478, 0.324) @arm_base_link
   04:12:20 [비전] ROI 밖 책: (-0.721, 0.091, -0.001) @arm_base_link
   04:12:20 [비전] ROI 밖 책: (0.171, 0.484, 0.331) @arm_base_link
   04:12:20 [비전] ROI 밖 책: (0.378, 0.476, 0.303) @arm_base_link
   04:12:20 [비전] ROI 밖 책: (0.257, 0.482, 0.301) @arm_base_link
   04:12:20 [비전] ROI 밖 책: (0.436, 0.471, 0.349) @arm_base_link
   04:12:20 [비전] ROI 밖 책 7권 제외 (남은 0권). ROI [-0.4, -0.2, 0.0] ~ [-0.26, 0.4, 0.32] @arm_base_link
   04:12:20 [비전] Empty center pixel=(358, 280), shelf_front_z=0.707m; Depth L/C/R=0.709/1.991/0.704m; center-left=1.282m, center-right=1.287m; contrast=PASS
   04:12:20 [비전] Empty shelf target: xyz=(-0.101, 0.492, 0.363)
   04:12:28 [비전] ROI 밖 책: (0.369, 0.476, 0.331) @arm_base_link
   04:12:28 [비전] ROI 밖 책: (0.336, 0.478, 0.329) @arm_base_link
   04:12:28 [비전] ROI 밖 책: (0.172, 0.483, 0.348) @arm_base_link
   04:12:28 [비전] ROI 밖 책: (0.279, 0.480, 0.325) @arm_base_link
   04:12:28 [비전] ROI 밖 책: (0.920, 0.468, -0.332) @arm_base_link
   04:12:28 [비전] ROI 밖 책 5권 제외 (남은 0권). ROI [-0.4, -0.2, 0.0] ~ [-0.26, 0.4, 0.32] @arm_base_link
   04:12:28 [비전] Empty center pixel=(287, 280), shelf_front_z=0.704m; Depth L/C/R=0.716/1.991/0.692m; center-left=1.275m, center-right=1.299m; contrast=PASS
   04:12:28 [비전] Empty shelf target: xyz=(-0.076, 0.490, 0.364)
   04:12:36 [비전] ROI 밖 책: (0.338, 0.479, 0.326) @arm_base_link
   04:12:36 [비전] ROI 밖 책: (0.374, 0.475, 0.325) @arm_base_link
   04:12:36 [비전] ROI 밖 책: (0.481, 0.478, 0.348) @arm_base_link
   04:12:36 [비전] ROI 밖 책: (0.446, 0.473, 0.357) @arm_base_link
   04:12:36 [비전] ROI 밖 책 4권 제외 (남은 0권). ROI [-0.4, -0.2, 0.0] ~ [-0.26, 0.4, 0.32] @arm_base_link
   04:12:36 [비전] Empty center pixel=(214, 280), shelf_front_z=0.718m; Depth L/C/R=0.744/1.973/0.693m; center-left=1.229m, center-right=1.280m; contrast=PASS
   04:12:36 [비전] Empty shelf target: xyz=(-0.066, 0.502, 0.356)
   04:12:44 [비전] ROI 밖 책: (0.483, 0.494, 0.364) @arm_base_link
   04:12:44 [비전] ROI 밖 책: (0.555, 0.492, 0.367) @arm_base_link
   04:12:44 [비전] ROI 밖 책: (0.453, 0.473, 0.351) @arm_base_link
   04:12:44 [비전] ROI 밖 책: (0.588, 0.478, 0.353) @arm_base_link
   04:12:44 [비전] ROI 밖 책 4권 제외 (남은 0권). ROI [-0.4, -0.2, 0.0] ~ [-0.26, 0.4, 0.32] @arm_base_link
   04:12:44 [비전] Empty center pixel=(139, 279), shelf_front_z=0.716m; Depth L/C/R=0.742/0.822/0.690m; center-left=0.080m, center-right=0.132m; contrast=PASS
   04:12:44 [비전] Empty shelf target: xyz=(-0.060, 0.502, 0.359)
   04:13:09 [FSM] Empty slot detected: frame_id=arm_base_link, x=-0.350, y=0.544, z=0.340, confidence=1.00, candidate_count=9
   04:13:09 [FSM] FSM transition completed: DETECT_TARGET_SLOT -> PLACE_BOOK
   04:13:09 [FSM] Book-placement goal was accepted.
   04:13:09 [조작] 빈칸 관측 버림 (서가 밖): (-0.781, 2.612, 1.384) 서가 x -0.66~0.66 y 0.41~0.80 z -0.33~2.19
   04:13:09 [조작] 빈칸 관측 버림 (서가 밖): (-0.787, 0.516, 0.171) 서가 x -0.66~0.66 y 0.41~0.80 z -0.33~2.19
   04:13:09 [조작] 빈칸 선택: 책 사이 틈 관측 (-0.090, 0.502, 0.359) → 칸 중심 y 0.544, z 0.340 (판 높이로 스냅); 꽂기 전 차체를 옆으로 +0.260 m 옮겨 틈을 x -0.35 에 둔다
   04:13:09 [조작] 빈 슬롯 스캔 완료: (-0.35, 0.5439, 0.3399), 삽입깊이 0.300m
   04:13:09 [조작] 베이스 회전 명령 전송 (목표 yaw +0°, 서가 거리 0.444)
   04:13:09 [시뮬] 작업 job_add4c8071602:scan SUCCEEDED {'phase': 'scan_done', 'message': '서가 스캔 완료', 'placement_verified': False, 'sim_steps': 1829, 'render_steps': 1829} (118.8s)
   04:13:10 [시뮬] 서가 앞면 0.444 m → 목표 0.444 m (앞뒤 -0.000), 서가 중심 팔기준 x +0.260 → 옆으로 +0.260: 차체를 0.260 m 옮긴다
   04:13:12 [비전] ROI 밖 책: (-0.104, -0.679, -0.341) @arm_base_link
   04:13:12 [비전] ROI 밖 책 1권 제외 (남은 0권). ROI [-0.4, -0.2, 0.0] ~ [-0.26, 0.4, 0.32] @arm_base_link
   04:13:12 [조작] 베이스 회전 완료
   04:13:12 [시뮬] 서가 앞면 실측 0.444 m (목표 0.444), 서가 x 범위 팔기준 -0.97~+0.45
   04:13:13 [비전] ROI 밖 책: (-0.107, -0.676, -0.341) @arm_base_link
   04:13:13 [비전] ROI 밖 책 1권 제외 (남은 0권). ROI [-0.4, -0.2, 0.0] ~ [-0.26, 0.4, 0.32] @arm_base_link
   04:13:13 [비전] ROI 밖 책: (-0.107, -0.673, -0.341) @arm_base_link
   04:13:13 [비전] ROI 밖 책 1권 제외 (남은 0권). ROI [-0.4, -0.2, 0.0] ~ [-0.26, 0.4, 0.32] @arm_base_link
   04:13:14 [비전] ROI 밖 책: (-0.111, -0.673, -0.341) @arm_base_link
   04:13:14 [비전] ROI 밖 책 1권 제외 (남은 0권). ROI [-0.4, -0.2, 0.0] ~ [-0.26, 0.4, 0.32] @arm_base_link
   04:13:14 [비전] ROI 밖 책: (-0.114, -0.673, -0.341) @arm_base_link
   04:13:14 [비전] ROI 밖 책 1권 제외 (남은 0권). ROI [-0.4, -0.2, 0.0] ~ [-0.26, 0.4, 0.32] @arm_base_link
   04:13:15 [비전] ROI 밖 책: (-0.114, -0.676, -0.341) @arm_base_link
   04:13:15 [비전] ROI 밖 책 1권 제외 (남은 0권). ROI [-0.4, -0.2, 0.0] ~ [-0.26, 0.4, 0.32] @arm_base_link
   04:13:15 [비전] ROI 밖 책: (-0.117, -0.673, -0.341) @arm_base_link
   04:13:15 [비전] ROI 밖 책 1권 제외 (남은 0권). ROI [-0.4, -0.2, 0.0] ~ [-0.26, 0.4, 0.32] @arm_base_link
   04:13:16 [비전] ROI 밖 책: (-0.126, -0.670, -0.341) @arm_base_link
   04:13:16 [비전] ROI 밖 책 1권 제외 (남은 0권). ROI [-0.4, -0.2, 0.0] ~ [-0.26, 0.4, 0.32] @arm_base_link
   04:13:16 [비전] ROI 밖 책: (-0.133, -0.670, -0.341) @arm_base_link
   04:13:16 [비전] ROI 밖 책 1권 제외 (남은 0권). ROI [-0.4, -0.2, 0.0] ~ [-0.26, 0.4, 0.32] @arm_base_link
   04:13:17 [비전] ROI 밖 책: (-0.120, -0.676, -0.341) @arm_base_link
   04:13:17 [비전] ROI 밖 책: (-0.155, 0.477, 0.220) @arm_base_link
   04:13:17 [비전] ROI 밖 책 2권 제외 (남은 0권). ROI [-0.4, -0.2, 0.0] ~ [-0.26, 0.4, 0.32] @arm_base_link
   04:13:18 [비전] ROI 밖 책: (-0.129, -0.670, -0.341) @arm_base_link
   04:13:18 [비전] ROI 밖 책 1권 제외 (남은 0권). ROI [-0.4, -0.2, 0.0] ~ [-0.26, 0.4, 0.32] @arm_base_link
   04:13:18 [비전] ROI 밖 책: (-0.133, -0.670, -0.341) @arm_base_link
   04:13:18 [비전] ROI 밖 책: (-0.153, 0.477, 0.220) @arm_base_link
   04:13:18 [비전] ROI 밖 책 2권 제외 (남은 0권). ROI [-0.4, -0.2, 0.0] ~ [-0.26, 0.4, 0.32] @arm_base_link
   04:13:19 [비전] ROI 밖 책: (-0.129, -0.673, -0.341) @arm_base_link
   04:13:19 [비전] ROI 밖 책: (-0.153, 0.477, 0.220) @arm_base_link
   04:13:19 [비전] ROI 밖 책 2권 제외 (남은 0권). ROI [-0.4, -0.2, 0.0] ~ [-0.26, 0.4, 0.32] @arm_base_link
   04:13:20 [비전] ROI 밖 책: (-0.126, -0.673, -0.341) @arm_base_link
   04:13:20 [비전] ROI 밖 책 1권 제외 (남은 0권). ROI [-0.4, -0.2, 0.0] ~ [-0.26, 0.4, 0.32] @arm_base_link
   04:13:20 [비전] ROI 밖 책: (-0.117, -0.676, -0.341) @arm_base_link
   04:13:20 [비전] ROI 밖 책 1권 제외 (남은 0권). ROI [-0.4, -0.2, 0.0] ~ [-0.26, 0.4, 0.32] @arm_base_link
   04:13:21 [비전] ROI 밖 책: (-0.123, -0.676, -0.341) @arm_base_link
   04:13:21 [비전] ROI 밖 책 1권 제외 (남은 0권). ROI [-0.4, -0.2, 0.0] ~ [-0.26, 0.4, 0.32] @arm_base_link
   04:13:22 [비전] ROI 밖 책: (-0.123, -0.673, -0.341) @arm_base_link
   04:13:22 [비전] ROI 밖 책: (-0.448, 0.155, 0.210) @arm_base_link
   04:13:22 [비전] ROI 밖 책 2권 제외 (남은 1권). ROI [-0.4, -0.2, 0.0] ~ [-0.26, 0.4, 0.32] @arm_base_link
   04:13:22 [비전] Book picked(best): xyz=(-0.355, 0.158, 0.211), center=(376, 316), conf=0.58, depth=patch, yaw=0.000 rad (후보 1권)
   04:13:23 [비전] ROI 밖 책: (-0.120, -0.673, -0.341) @arm_base_link
   04:13:23 [비전] ROI 밖 책 1권 제외 (남은 1권). ROI [-0.4, -0.2, 0.0] ~ [-0.26, 0.4, 0.32] @arm_base_link
   04:13:23 [비전] Book picked(best): xyz=(-0.356, 0.158, 0.211), center=(376, 315), conf=0.61, depth=patch, yaw=0.000 rad (후보 1권)
   04:13:23 [조작] 책 좌표 정함 (-0.3552, +0.1585, +0.2111) — 관측 2개 · 책 1권 · 고른 책 2개 (x 흔들림 1 mm) → 축마다 중앙값
   04:13:23 [조작] 작업 job_add4c8071602 book=book_001 트레이 칸 2 파지 [-0.3552289176452156, 0.15847314490840853, 0.13525436075514755] (vision) → (-0.35, 0.5438500024676323, 0.3399) 삽입 속도 0.030 m/s
   04:14:27 [시뮬] [JUDGE] 손 안 어긋남(406) **판별불가** — 키네마틱 파지는 매 스텝 책을 손에 맞춰 다시 써 넣는다. 이 신호는 마찰 파지(SIM_GRASP_KINEMATIC=0)에서만 의미가 있다
   04:14:45 [시뮬] [JUDGE] rise=16.9cm(ok) width=12.8mm = 지령 12.8mm (책 반두께 16.8) → **판별불가** [키네마틱 파지라 빈손이어도 같은 값이 나온다]
  (25분 경과 — 감시 종료, 노드는 계속 떠 있다)
끝 04:18:15 — 로그: /home/bryankim0200/b1_arm/logs (Isaac·노드는 그대로 떠 있다)
