[37;1m2026-09-29 13:05:59.734 [31;1m[[37;1mXMLProfileManager[31;1m Error] [37mCould not extract any profile[34;1m -> Function [36mextractProfiles[m
[INFO] [1790654759.969137991] [manipulation_node]: PlaceBook /place_book executor=sim profile=default tray_slots=6 status=/robot/status perception_bridge=True
[INFO] [1790654838.050664351] [manipulation_node]: 베이스 회전 명령 전송 (목표 yaw +0°, 서가 거리 0.444)
[INFO] [1790654843.096449649] [manipulation_node]: 베이스 회전 완료
[INFO] [1790654881.450894642] [manipulation_node]: [스캔캐시] 저장 — 관측 7개 (/World/bookshelves_main/shelf_brown__book_shelf_01)
[INFO] [1790654881.451205321] [manipulation_node]: 빈칸 깊이: 관측 y 0.624 → 칸중심 0.724 · 앞면 실측 0.444 → 칸중심 0.544 (차이 +180 mm) — **앞면 쪽을 쓴다** [slot_y_from_shelf_front]
[INFO] [1790654881.451405850] [manipulation_node]: 빈칸 관측 버림 (서가 밖): (-0.780, 0.504, 0.188) 서가 x -0.66~0.66 y 0.41~0.80 z -0.33~2.19
[INFO] [1790654881.451596959] [manipulation_node]: 빈칸 관측 버림 (서가 밖): (-0.782, 0.485, 0.114) 서가 x -0.66~0.66 y 0.41~0.80 z -0.33~2.19
[INFO] [1790654881.451808794] [manipulation_node]: 빈칸 깊이: 관측 y 0.523 → 칸중심 0.623 · 앞면 실측 0.444 → 칸중심 0.544 (차이 +79 mm) — **앞면 쪽을 쓴다** [slot_y_from_shelf_front]
[INFO] [1790654881.452019434] [manipulation_node]: 빈칸 깊이: 관측 y 0.511 → 칸중심 0.610 · 앞면 실측 0.444 → 칸중심 0.544 (차이 +67 mm) — **앞면 쪽을 쓴다** [slot_y_from_shelf_front]
[INFO] [1790654881.452224930] [manipulation_node]: 빈칸 깊이: 관측 y 0.539 → 칸중심 0.638 · 앞면 실측 0.444 → 칸중심 0.544 (차이 +95 mm) — **앞면 쪽을 쓴다** [slot_y_from_shelf_front]
[INFO] [1790654881.452538926] [manipulation_node]: 빈칸 x: 검출 +0.2588 → 실측 빈칸 중심 +0.2733 (+14.5 mm, 빈칸 폭 95.8 mm, 책 두께 35.2 mm, 남는 여유 한쪽 30.3 mm, 판 상대높이 +0.000 m) [slot_x_snap_to_gap]
[INFO] [1790654881.452830403] [manipulation_node]: [배정] 책 35.2 mm → 칸 95.8 mm (여유 합 60.6 mm)
[INFO] [1790654881.453156161] [manipulation_node]: 빈칸 선택: 책 사이 틈 관측 (0.273, 0.523, 0.356) → 칸 중심 y 0.544, z 0.340 (판 높이로 스냅); 꽂기 전 차체를 옆으로 +0.623 m 옮겨 틈을 x -0.35 에 둔다
[INFO] [1790654881.453496632] [manipulation_node]: 빈 슬롯 스캔 완료: (-0.35, 0.5439, 0.3399), 삽입깊이 0.300m
[INFO] [1790654881.458386939] [manipulation_node]: 베이스 회전 명령 전송 (목표 yaw +0°, 서가 거리 0.444)
[INFO] [1790654890.076442904] [manipulation_node]: 베이스 회전 완료
[WARN] [1790654890.377255979] [manipulation_node]: 책 관측이 안 정해진다: 관측 1개가 책 1권에 흩어져 있다 — 가장 많이 본 것도 1개뿐이라 (필요 2) 어느 것이 튄 값인지 알 수 없다 — 더 본다
[WARN] [1790654890.477982877] [manipulation_node]: 책 관측이 안 정해진다: 관측 1개가 책 1권에 흩어져 있다 — 가장 많이 본 것도 1개뿐이라 (필요 2) 어느 것이 튄 값인지 알 수 없다 — 더 본다
[WARN] [1790654890.578577372] [manipulation_node]: 책 관측이 안 정해진다: 관측 1개가 책 1권에 흩어져 있다 — 가장 많이 본 것도 1개뿐이라 (필요 2) 어느 것이 튄 값인지 알 수 없다 — 더 본다
[WARN] [1790654890.679180353] [manipulation_node]: 책 관측이 안 정해진다: 관측 1개가 책 1권에 흩어져 있다 — 가장 많이 본 것도 1개뿐이라 (필요 2) 어느 것이 튄 값인지 알 수 없다 — 더 본다
[INFO] [1790654890.779689619] [manipulation_node]: 책 좌표 정함 (-0.3589, -0.0023, +0.2118) — 관측 2개 · 책 1권 · 고른 책 2개 (x 흔들림 3 mm) → 축마다 중앙값
[INFO] [1790654890.780263532] [manipulation_node]: 작업 job_c9e02e09b588 book=book_003 트레이 칸 0 파지 [-0.35885441255417666, -0.0022815367834904815, 0.1359297504268383] (vision) → (-0.35, 0.5438500024676323, 0.3399) 삽입 속도 0.030 m/s
[INFO] [1790655037.368132030] [manipulation_node]: 빈칸 실측이 낡았다 (배치 1회째) — 다음 판은 다시 스캔해야 한다. 트레이 쓴 칸 [0] / 전체 6
[INFO] [1790655037.368458787] [manipulation_node]: PlaceBook 성공 job=job_c9e02e09b588 code=0(OK) phase= 배치 확인
[INFO] [1790655037.375945712] [manipulation_node]: 베이스 회전 명령 전송 (목표 yaw +0°, 서가 거리 0.444)
[INFO] [1790655043.892455633] [manipulation_node]: 베이스 회전 완료
[INFO] [1790655043.892691217] [manipulation_node]: [스캔캐시] 후보 — 관측 7개 (/World/bookshelves_main/shelf_brown__book_shelf_01). 팔 스윕 생략, 빈칸만 다시 잰다
[INFO] [1790655050.224761533] [manipulation_node]: [스캔캐시] 사용 — 관측 7개 (/World/bookshelves_main/shelf_brown__book_shelf_01)
[INFO] [1790655050.225075842] [manipulation_node]: 빈칸 깊이: 관측 y 0.624 → 칸중심 0.724 · 앞면 실측 0.444 → 칸중심 0.544 (차이 +180 mm) — **앞면 쪽을 쓴다** [slot_y_from_shelf_front]
[INFO] [1790655050.225278473] [manipulation_node]: 빈칸 관측 버림 (서가 밖): (-0.780, 0.504, 0.188) 서가 x -0.66~0.66 y 0.41~0.80 z -0.33~2.19
[INFO] [1790655050.225468942] [manipulation_node]: 빈칸 관측 버림 (서가 밖): (-0.782, 0.485, 0.114) 서가 x -0.66~0.66 y 0.41~0.80 z -0.33~2.19
[INFO] [1790655050.225673332] [manipulation_node]: 빈칸 깊이: 관측 y 0.523 → 칸중심 0.623 · 앞면 실측 0.444 → 칸중심 0.544 (차이 +79 mm) — **앞면 쪽을 쓴다** [slot_y_from_shelf_front]
[INFO] [1790655050.225878633] [manipulation_node]: 빈칸 깊이: 관측 y 0.511 → 칸중심 0.610 · 앞면 실측 0.444 → 칸중심 0.544 (차이 +67 mm) — **앞면 쪽을 쓴다** [slot_y_from_shelf_front]
[INFO] [1790655050.226085489] [manipulation_node]: 빈칸 깊이: 관측 y 0.539 → 칸중심 0.638 · 앞면 실측 0.444 → 칸중심 0.544 (차이 +95 mm) — **앞면 쪽을 쓴다** [slot_y_from_shelf_front]
[WARN] [1790655050.226413715] [manipulation_node]: **판을 옮긴다** — 가리킨 판에 자리가 없다 (들어가는 빈칸이 없다 — 실측 빈칸 3개 중 가장 넓은 것이 33.3 mm 인데 책 두께 35.2 mm 에 양쪽 여유 5.0 mm 씩이면 45.2 mm 가 필요하다). 상대 +0.544 m 판의 81 mm 칸으로 간다 (여유 한쪽 22.7 mm). **높이도 그 판 것으로 바꿔야 한다**  칸 중심 z +0.3399 → +0.8839
[INFO] [1790655050.226721131] [manipulation_node]: 빈칸 x: 검출 +0.2588 → 실측 빈칸 중심 -0.4007 (-659.6 mm, 빈칸 폭 80.5 mm, 책 두께 35.2 mm, 남는 여유 한쪽 22.7 mm, 판 상대높이 +0.544 m) [slot_x_snap_to_gap]
[INFO] [1790655050.227016578] [manipulation_node]: [배정] 책 35.2 mm → 칸 80.5 mm (여유 합 45.3 mm)
[INFO] [1790655050.227339084] [manipulation_node]: 빈칸 선택: 책 사이 틈 관측 (-0.401, 0.523, 0.356) → 칸 중심 y 0.544, z 0.884 (판 높이로 스냅); 꽂기 전 차체를 옆으로 -0.051 m 옮겨 틈을 x -0.35 에 둔다
[INFO] [1790655050.227644658] [manipulation_node]: 빈 슬롯 스캔 완료: (-0.35, 0.5439, 0.8839), 삽입깊이 0.300m
[INFO] [1790655050.231007156] [manipulation_node]: 베이스 회전 명령 전송 (목표 yaw +0°, 서가 거리 0.444)
[INFO] [1790655051.254782555] [manipulation_node]: 베이스 회전 완료
[WARN] [1790655051.555584478] [manipulation_node]: 책 관측이 안 정해진다: 관측 1개가 책 1권에 흩어져 있다 — 가장 많이 본 것도 1개뿐이라 (필요 2) 어느 것이 튄 값인지 알 수 없다 — 더 본다
[WARN] [1790655051.656123142] [manipulation_node]: 책 관측이 안 정해진다: 관측 1개가 책 1권에 흩어져 있다 — 가장 많이 본 것도 1개뿐이라 (필요 2) 어느 것이 튄 값인지 알 수 없다 — 더 본다
[WARN] [1790655051.756612149] [manipulation_node]: 책 관측이 안 정해진다: 관측 1개가 책 1권에 흩어져 있다 — 가장 많이 본 것도 1개뿐이라 (필요 2) 어느 것이 튄 값인지 알 수 없다 — 더 본다
[INFO] [1790655051.857199786] [manipulation_node]: 책 좌표 정함 (-0.3421, -0.1039, +0.2122) — 관측 2개 · 책 1권 · 고른 책 2개 (x 흔들림 0 mm) → 축마다 중앙값
[INFO] [1790655051.857828746] [manipulation_node]: 작업 job_c9e02e09b588 book=book_004 트레이 칸 1 파지 [-0.3421045404517678, -0.10385358326972585, 0.1363736070411342] (vision) → (-0.35, 0.5438500024676323, 0.8839) 삽입 속도 0.030 m/s
[INFO] [1790655195.642013428] [manipulation_node]: 빈칸 실측이 낡았다 (배치 2회째) — 다음 판은 다시 스캔해야 한다. 트레이 쓴 칸 [0, 1] / 전체 6
[INFO] [1790655195.642326957] [manipulation_node]: PlaceBook 성공 job=job_c9e02e09b588 code=0(OK) phase= 배치 확인
[INFO] [1790655233.316427694] [manipulation_node]: 베이스 회전 명령 전송 (목표 yaw +0°, 서가 거리 0.444)
[INFO] [1790655236.025467483] [manipulation_node]: 베이스 회전 완료
[INFO] [1790655236.025663793] [manipulation_node]: [스캔캐시] 후보 — 관측 7개 (/World/bookshelves_main/shelf_brown__book_shelf_01). 팔 스윕 생략, 빈칸만 다시 잰다
[INFO] [1790655243.527844949] [manipulation_node]: [스캔캐시] 무효 — 서가가 바뀜 /World/bookshelves_main/shelf_brown__book_shelf_01 → /World/bookshelves_main/shelf_brown__book_shelf_11. 스윕한다
[INFO] [1790655277.953439837] [manipulation_node]: [스캔캐시] 저장 — 관측 7개 (/World/bookshelves_main/shelf_brown__book_shelf_11)
[INFO] [1790655277.953723671] [manipulation_node]: 빈칸 관측 버림 (서가 밖): (-0.780, 2.612, 1.385) 서가 x -0.66~0.66 y 0.41~0.80 z -0.33~2.19
[INFO] [1790655277.953948583] [manipulation_node]: 빈칸 깊이: 관측 y 0.612 → 칸중심 0.712 · 앞면 실측 0.444 → 칸중심 0.544 (차이 +168 mm) — **앞면 쪽을 쓴다** [slot_y_from_shelf_front]
[INFO] [1790655277.954159195] [manipulation_node]: 빈칸 깊이: 관측 y 0.547 → 칸중심 0.647 · 앞면 실측 0.444 → 칸중심 0.544 (차이 +103 mm) — **앞면 쪽을 쓴다** [slot_y_from_shelf_front]
[INFO] [1790655277.954346479] [manipulation_node]: 빈칸 관측 버림 (서가 밖): (-0.786, 0.519, 0.173) 서가 x -0.66~0.66 y 0.41~0.80 z -0.33~2.19
[INFO] [1790655277.954550669] [manipulation_node]: 빈칸 깊이: 관측 y 0.492 → 칸중심 0.592 · 앞면 실측 0.444 → 칸중심 0.544 (차이 +48 mm) — **앞면 쪽을 쓴다** [slot_y_from_shelf_front]
[INFO] [1790655277.954755868] [manipulation_node]: 빈칸 깊이: 관측 y 0.490 → 칸중심 0.590 · 앞면 실측 0.444 → 칸중심 0.544 (차이 +46 mm) — **앞면 쪽을 쓴다** [slot_y_from_shelf_front]
[INFO] [1790655277.954961551] [manipulation_node]: 빈칸 깊이: 관측 y 0.501 → 칸중심 0.601 · 앞면 실측 0.444 → 칸중심 0.544 (차이 +57 mm) — **앞면 쪽을 쓴다** [slot_y_from_shelf_front]
[INFO] [1790655277.955275749] [manipulation_node]: 빈칸 x: 검출 -0.0662 → 실측 빈칸 중심 -0.0896 (-23.3 mm, 빈칸 폭 85.9 mm, 책 두께 35.2 mm, 남는 여유 한쪽 25.4 mm, 판 상대높이 +0.000 m) [slot_x_snap_to_gap]
[INFO] [1790655277.955571319] [manipulation_node]: [배정] 책 35.2 mm → 칸 85.9 mm (여유 합 50.7 mm)
[INFO] [1790655277.955899049] [manipulation_node]: 빈칸 선택: 책 사이 틈 관측 (-0.090, 0.501, 0.357) → 칸 중심 y 0.544, z 0.340 (판 높이로 스냅); 꽂기 전 차체를 옆으로 +0.260 m 옮겨 틈을 x -0.35 에 둔다
[INFO] [1790655277.956212470] [manipulation_node]: 빈 슬롯 스캔 완료: (-0.35, 0.5439, 0.3399), 삽입깊이 0.300m
[INFO] [1790655277.959514584] [manipulation_node]: 베이스 회전 명령 전송 (목표 yaw +0°, 서가 거리 0.444)
[INFO] [1790655280.700142604] [manipulation_node]: 베이스 회전 완료
[WARN] [1790655285.809751400] [manipulation_node]: 책 관측이 안 정해진다: 관측 1개가 책 1권에 흩어져 있다 — 가장 많이 본 것도 1개뿐이라 (필요 2) 어느 것이 튄 값인지 알 수 없다 — 더 본다
[WARN] [1790655285.910231273] [manipulation_node]: 책 관측이 안 정해진다: 관측 1개가 책 1권에 흩어져 있다 — 가장 많이 본 것도 1개뿐이라 (필요 2) 어느 것이 튄 값인지 알 수 없다 — 더 본다
[WARN] [1790655286.010759001] [manipulation_node]: 책 관측이 안 정해진다: 관측 1개가 책 1권에 흩어져 있다 — 가장 많이 본 것도 1개뿐이라 (필요 2) 어느 것이 튄 값인지 알 수 없다 — 더 본다
[WARN] [1790655286.111247145] [manipulation_node]: 책 관측이 안 정해진다: 관측 1개가 책 1권에 흩어져 있다 — 가장 많이 본 것도 1개뿐이라 (필요 2) 어느 것이 튄 값인지 알 수 없다 — 더 본다
[WARN] [1790655286.214445796] [manipulation_node]: 책 관측이 안 정해진다: 관측 1개가 책 1권에 흩어져 있다 — 가장 많이 본 것도 1개뿐이라 (필요 2) 어느 것이 튄 값인지 알 수 없다 — 더 본다
[WARN] [1790655286.315130718] [manipulation_node]: 책 관측이 안 정해진다: 관측 1개가 책 1권에 흩어져 있다 — 가장 많이 본 것도 1개뿐이라 (필요 2) 어느 것이 튄 값인지 알 수 없다 — 더 본다
[INFO] [1790655286.415653667] [manipulation_node]: 책 좌표 정함 (-0.3690, -0.1874, +0.1738) — 관측 2개 · 책 1권 · 고른 책 2개 (x 흔들림 1 mm) → 축마다 중앙값
[INFO] [1790655286.416384075] [manipulation_node]: 작업 job_c9e02e09b588 book=book_001 트레이 칸 2 파지 [-0.36899635147001353, -0.18735945565087628, 0.09791096209748207] (vision) → (-0.35, 0.5438500024676323, 0.3399) 삽입 속도 0.030 m/s
[INFO] [1790655429.724368682] [manipulation_node]: 빈칸 실측이 낡았다 (배치 3회째) — 다음 판은 다시 스캔해야 한다. 트레이 쓴 칸 [0, 1, 2] / 전체 6
[INFO] [1790655429.724715949] [manipulation_node]: PlaceBook 성공 job=job_c9e02e09b588 code=0(OK) phase= 배치 확인
[INFO] [1790655429.731742488] [manipulation_node]: 베이스 회전 명령 전송 (목표 yaw +0°, 서가 거리 0.444)
[INFO] [1790655432.200842581] [manipulation_node]: 베이스 회전 완료
[INFO] [1790655432.201056872] [manipulation_node]: [스캔캐시] 후보 — 관측 7개 (/World/bookshelves_main/shelf_brown__book_shelf_11). 팔 스윕 생략, 빈칸만 다시 잰다
[INFO] [1790655438.546964227] [manipulation_node]: [스캔캐시] 사용 — 관측 7개 (/World/bookshelves_main/shelf_brown__book_shelf_11)
[INFO] [1790655438.547232712] [manipulation_node]: 빈칸 관측 버림 (서가 밖): (-0.780, 2.612, 1.385) 서가 x -0.66~0.66 y 0.41~0.80 z -0.33~2.19
[INFO] [1790655438.547448104] [manipulation_node]: 빈칸 깊이: 관측 y 0.612 → 칸중심 0.712 · 앞면 실측 0.444 → 칸중심 0.544 (차이 +168 mm) — **앞면 쪽을 쓴다** [slot_y_from_shelf_front]
[INFO] [1790655438.547655409] [manipulation_node]: 빈칸 깊이: 관측 y 0.547 → 칸중심 0.647 · 앞면 실측 0.444 → 칸중심 0.544 (차이 +103 mm) — **앞면 쪽을 쓴다** [slot_y_from_shelf_front]
[INFO] [1790655438.547841560] [manipulation_node]: 빈칸 관측 버림 (서가 밖): (-0.786, 0.519, 0.173) 서가 x -0.66~0.66 y 0.41~0.80 z -0.33~2.19
[INFO] [1790655438.548060536] [manipulation_node]: 빈칸 깊이: 관측 y 0.492 → 칸중심 0.592 · 앞면 실측 0.444 → 칸중심 0.544 (차이 +48 mm) — **앞면 쪽을 쓴다** [slot_y_from_shelf_front]
[INFO] [1790655438.548266354] [manipulation_node]: 빈칸 깊이: 관측 y 0.490 → 칸중심 0.590 · 앞면 실측 0.444 → 칸중심 0.544 (차이 +46 mm) — **앞면 쪽을 쓴다** [slot_y_from_shelf_front]
[INFO] [1790655438.548472464] [manipulation_node]: 빈칸 깊이: 관측 y 0.501 → 칸중심 0.601 · 앞면 실측 0.444 → 칸중심 0.544 (차이 +57 mm) — **앞면 쪽을 쓴다** [slot_y_from_shelf_front]
[WARN] [1790655438.548784793] [manipulation_node]: **판을 옮긴다** — 가리킨 판에 자리가 없다 (들어가는 빈칸이 없다 — 실측 빈칸 2개 중 가장 넓은 것이 25.4 mm 인데 책 두께 35.2 mm 에 양쪽 여유 5.0 mm 씩이면 45.2 mm 가 필요하다). 상대 +0.544 m 판의 83 mm 칸으로 간다 (여유 한쪽 23.9 mm). **높이도 그 판 것으로 바꿔야 한다**  칸 중심 z +0.3399 → +0.8839
[INFO] [1790655438.549081735] [manipulation_node]: 빈칸 x: 검출 -0.0662 → 실측 빈칸 중심 +0.1387 (+205.0 mm, 빈칸 폭 82.9 mm, 책 두께 35.2 mm, 남는 여유 한쪽 23.9 mm, 판 상대높이 +0.544 m) [slot_x_snap_to_gap]
[INFO] [1790655438.549368738] [manipulation_node]: [배정] 책 35.2 mm → 칸 82.9 mm (여유 합 47.7 mm)
[INFO] [1790655438.549682906] [manipulation_node]: 빈칸 선택: 책 사이 틈 관측 (0.139, 0.501, 0.357) → 칸 중심 y 0.544, z 0.884 (판 높이로 스냅); 꽂기 전 차체를 옆으로 +0.489 m 옮겨 틈을 x -0.35 에 둔다
[INFO] [1790655438.550010907] [manipulation_node]: 빈 슬롯 스캔 완료: (-0.35, 0.5439, 0.8839), 삽입깊이 0.300m
[INFO] [1790655438.553026867] [manipulation_node]: 베이스 회전 명령 전송 (목표 yaw +0°, 서가 거리 0.444)
[INFO] [1790655443.196999396] [manipulation_node]: 베이스 회전 완료
[WARN] [1790655445.500716732] [manipulation_node]: 책 관측이 안 정해진다: 관측 1개가 책 1권에 흩어져 있다 — 가장 많이 본 것도 1개뿐이라 (필요 2) 어느 것이 튄 값인지 알 수 없다 — 더 본다
[WARN] [1790655445.601187450] [manipulation_node]: 책 관측이 안 정해진다: 관측 1개가 책 1권에 흩어져 있다 — 가장 많이 본 것도 1개뿐이라 (필요 2) 어느 것이 튄 값인지 알 수 없다 — 더 본다
[WARN] [1790655445.701729281] [manipulation_node]: 책 관측이 안 정해진다: 관측 1개가 책 1권에 흩어져 있다 — 가장 많이 본 것도 1개뿐이라 (필요 2) 어느 것이 튄 값인지 알 수 없다 — 더 본다
[INFO] [1790655445.803196970] [manipulation_node]: 책 좌표 정함 (-0.3349, +0.1512, +0.2128) — 관측 2개 · 책 1권 · 고른 책 2개 (x 흔들림 0 mm) → 축마다 중앙값
[INFO] [1790655445.803658980] [manipulation_node]: 작업 job_c9e02e09b588 book=book_002 트레이 칸 3 파지 [-0.33491451361414043, 0.15115865365526862, 0.13695721570697383] (vision) → (-0.35, 0.5438500024676323, 0.8839) 삽입 속도 0.030 m/s
[INFO] [1790655595.331623292] [manipulation_node]: 빈칸 실측이 낡았다 (배치 4회째) — 다음 판은 다시 스캔해야 한다. 트레이 쓴 칸 [0, 1, 2, 3] / 전체 6
[INFO] [1790655595.332135274] [manipulation_node]: PlaceBook 성공 job=job_c9e02e09b588 code=0(OK) phase= 배치 확인
