[demo_env] SIM_LEVEL=/home/rokey/b1_demo_bundle/level_shaded/Final_Level_Shaded_robot.light1.usdc
[demo_env] ROS_DOMAIN_ID=129 · REC_EVERY=0
[site] HEAD=21b8b61 13:05:17 DISPLAY=:1 XAUTHORITY=/run/user/1000/gdm/Xauthority
e63aeca10e6b35027cea169621ba20d1  /home/rokey/b1_demo_bundle/level_shaded/Final_Level_Shaded_robot.light1.usdc
책 대체: 저장소 usd_v2 4권
      (뷰포트 녹화 끔 — REC_EVERY=0)
[1/4] Isaac 시작 (약 3~4분) — 레벨 Final_Level_Shaded_robot.light1.usdc  13:05:19
      준비 대기....
      준비 완료 13:05:59
] [py stderr]: ### 레벨 책 4권을 그대로 쓴다
] [py stderr]: ### 장면 준비: 트레이 칸 6개, 책 4권, 원본 0종
] [py stderr]: ###   팔 베이스 출발 자리 (+4.9850, -5.3071) yaw +90.00° — 돌아왔을 때 여기로 맞춘다
] [py stderr]: ###   루트 출발 자리 (+4.9859, -5.6067) — **복귀는 여기로 간다** (팔 베이스와 0.300 m 다르다)
[2/4] TF·비전·로봇팔·주행·FSM 노드  13:05:59
[3/4] 반납 작업 1건 투입 (25.0s 뒤)  13:06:09
[4/4] 진행 상태 — 검출 좌표·단계 전이를 실시간으로 (같은 내용이 /home/rokey/b1_demo_r2/logs/detections.log 에 남는다)  13:06:09
   13:06:09 [조작] PlaceBook /place_book executor=sim profile=default tray_slots=6 status=/robot/status perception_bridge=True
   13:06:09 [시뮬] 관측 자세 손목(관절 7) -59.2° → +30.8° 로 돌림 [SIM_HOME_J7_DEG=+90] (홈은 그대로)
   13:06:09 [시뮬] 관측 자세 이동 [0.0, 0.0, 0.1] m: 손 [-0.389, 0.079, 0.573] → [-0.389, 0.079, 0.673], 관절 [2.811, -0.514, 0.102, -2.213, 0.051, 1.701, 0.538] → [2.094, -0.576, 0.563, -1.891, 0.3, 1.397, 0.278] (한계 여유 0.873) [SIM_HOME_SHIFT] (홈은
   13:06:35 [FSM] FSM transition completed: PLANNING -> NAV_TO_RETURN
   13:06:35 [FSM] Navigation succeeded: Navigation waypoint is already satisfied in simulation.
   13:06:35 [FSM] FSM transition completed: NAV_TO_RETURN -> RECEIVE_TRAY
   13:06:35 [FSM] FSM transition completed: RECEIVE_TRAY -> SELECT_BOOK
   13:06:35 [FSM] FSM transition completed: SELECT_BOOK -> NAV_TO_SHELF
   13:07:13 [시뮬] [주행] 도착 (-0.548, +1.225)
   13:07:17 [시뮬] [주행] 회전 끝 — **실측** yaw +0.00° (목표 +0.00°)
   13:07:18 [FSM] Navigation succeeded: Navigation completed.
   13:07:18 [FSM] FSM transition completed: NAV_TO_SHELF -> DETECT_TARGET_SLOT
   13:07:18 [조작] 베이스 회전 명령 전송 (목표 yaw +0°, 서가 거리 0.444)
   13:07:18 [시뮬] [주행] 도착 (-0.548, +1.225)
   13:07:18 [시뮬] 서가 앞면 0.443 m → 목표 0.444 m (앞뒤 -0.001), 서가 중심 팔기준 x -0.417 → 옆으로 -0.417: 차체를 0.417 m 옮긴다
   13:07:23 [조작] 베이스 회전 완료
   13:07:23 [시뮬] 서가 앞면 실측 0.444 m (목표 0.444), 서가 x 범위 팔기준 -0.71~+0.71
   13:07:23 [시뮬] [스윕] 시작 자세 q=[2.811, -0.514, 0.102, -2.213, 0.051, 1.701, -1.033]
   13:07:24 [시뮬] [스윕] 판 1.042 (팔기준 z 0.712, 앞면 0.444) 정지점 5/5 여유 0.171 rad 최대변화 0.06 길이 3.95
   13:07:24 [시뮬] [스윕] 판 0.498 (팔기준 z 0.168, 앞면 0.444) 정지점 5/5 여유 0.225 rad 최대변화 0.05 길이 2.52
   13:07:24 [시뮬] 스윕 시작: 판 [1.042, 0.498], 정지점 10개, 정지 1.2s
   13:07:24 [시뮬] [판목록] 레벨 실측 [0.4976, 1.0417, 1.5812, 2.0582, 2.52] · 쓰는 값 [0.497, 0.498, 1.042] · 차이 [-0.3, -0.4, +0.6] mm  (그림자 — 판단은 상수 그대로)
   13:07:34 [비전] ROI 밖 책: (0.022, 0.572, 0.394) @arm_base_link
   13:07:34 [비전] ROI 밖 책: (-0.625, 0.536, 0.833) @arm_base_link
   13:07:34 [비전] ROI 밖 책: (0.062, 0.574, 0.394) @arm_base_link
   13:07:34 [비전] ROI 밖 책: (-0.203, 0.535, 0.402) @arm_base_link
   13:07:34 [비전] ROI 밖 책: (-0.071, 0.552, 0.395) @arm_base_link
   13:07:34 [비전] ROI 밖 책: (-0.045, 0.529, 0.393) @arm_base_link
   13:07:34 [비전] ROI 밖 책: (-0.229, 0.522, 0.360) @arm_base_link
   13:07:34 [비전] ROI 밖 책 7권 제외 (남은 0권). ROI [-0.4, -0.2, 0.0] ~ [-0.26, 0.4, 0.32] @arm_base_link
   13:07:34 [비전] Empty center pixel=(276, 259), shelf_front_z=1.528m; Depth L/C/R=0.432/6.085/2.624m; center-left=5.653m, center-right=3.461m; contrast=PASS
   13:07:34 [비전] Empty shelf target: xyz=(-0.562, 1.650, 0.917)
   13:07:34 [비전] ROI 밖 책: (0.047, 0.541, 0.394) @arm_base_link
   13:07:34 [비전] ROI 밖 책: (-0.058, 0.532, 0.395) @arm_base_link
   13:07:34 [비전] ROI 밖 책: (0.318, 0.563, 0.364) @arm_base_link
   13:07:34 [비전] ROI 밖 책: (0.117, 0.532, 0.394) @arm_base_link
   13:07:34 [비전] ROI 밖 책: (0.332, 0.575, 0.379) @arm_base_link
   13:07:34 [비전] ROI 밖 책 5권 제외 (남은 0권). ROI [-0.4, -0.2, 0.0] ~ [-0.26, 0.4, 0.32] @arm_base_link
   13:07:37 [비전] ROI 밖 책: (0.489, 0.578, 0.392) @arm_base_link
   13:07:37 [비전] ROI 밖 책: (0.332, 0.551, 0.373) @arm_base_link
   13:07:37 [비전] ROI 밖 책: (0.368, 0.536, 0.396) @arm_base_link
   13:07:37 [비전] ROI 밖 책: (0.195, 0.577, 0.398) @arm_base_link
   13:07:37 [비전] ROI 밖 책: (0.407, 0.535, 0.395) @arm_base_link
   13:07:37 [비전] ROI 밖 책: (0.179, 0.532, 0.397) @arm_base_link
   13:07:37 [비전] ROI 밖 책: (0.460, 0.541, 0.394) @arm_base_link
   13:07:37 [비전] ROI 밖 책: (0.134, 0.548, 0.393) @arm_base_link
   13:07:37 [비전] ROI 밖 책: (0.095, 0.536, 0.396) @arm_base_link
   13:07:37 [비전] ROI 밖 책 9권 제외 (남은 0권). ROI [-0.4, -0.2, 0.0] ~ [-0.26, 0.4, 0.32] @arm_base_link
   13:07:39 [비전] ROI 밖 책: (0.335, 0.542, 0.387) @arm_base_link
   13:07:39 [비전] ROI 밖 책: (0.499, 0.573, 0.394) @arm_base_link
   13:07:39 [비전] ROI 밖 책: (0.375, 0.536, 0.396) @arm_base_link
   13:07:39 [비전] ROI 밖 책: (0.473, 0.537, 0.394) @arm_base_link
   13:07:39 [비전] ROI 밖 책: (0.414, 0.529, 0.394) @arm_base_link
   13:07:39 [비전] ROI 밖 책: (0.436, 0.571, 0.395) @arm_base_link
   13:07:39 [비전] ROI 밖 책: (0.441, 0.529, 0.394) @arm_base_link
   13:07:39 [비전] ROI 밖 책: (0.465, 0.575, 0.394) @arm_base_link
   13:07:39 [비전] ROI 밖 책 8권 제외 (남은 0권). ROI [-0.4, -0.2, 0.0] ~ [-0.26, 0.4, 0.32] @arm_base_link
   13:07:41 [비전] ROI 밖 책: (0.512, 0.617, 0.394) @arm_base_link
   13:07:41 [비전] ROI 밖 책: (0.430, 0.584, 0.394) @arm_base_link
   13:07:41 [비전] ROI 밖 책: (0.210, 0.536, 0.827) @arm_base_link
   13:07:41 [비전] ROI 밖 책: (0.384, 0.542, 0.396) @arm_base_link
   13:07:41 [비전] ROI 밖 책: (0.589, 0.620, 0.393) @arm_base_link
   13:07:41 [비전] ROI 밖 책: (-0.033, 0.578, 0.392) @arm_base_link
   13:07:41 [비전] ROI 밖 책: (0.052, 0.576, 0.394) @arm_base_link
   13:07:41 [비전] ROI 밖 책 7권 제외 (남은 0권). ROI [-0.4, -0.2, 0.0] ~ [-0.26, 0.4, 0.32] @arm_base_link
   13:07:41 [비전] Empty center pixel=(286, 550), shelf_front_z=0.617m; Depth L/C/R=0.676/1.387/0.558m; center-left=0.711m, center-right=0.829m; contrast=PASS
   13:07:41 [비전] Empty shelf target: xyz=(0.283, 0.624, 0.345)
   13:07:45 [비전] ROI 밖 책: (-1.030, 0.184, -0.341) @arm_base_link
   13:07:45 [비전] ROI 밖 책: (0.122, 0.509, 0.344) @arm_base_link
   13:07:45 [비전] ROI 밖 책 2권 제외 (남은 1권). ROI [-0.4, -0.2, 0.0] ~ [-0.26, 0.4, 0.32] @arm_base_link
   13:07:45 [비전] Book picked(best): xyz=(-0.364, -0.020, 0.214), center=(308, 598), conf=0.88, depth=patch, yaw=0.000 rad (후보 1권)
   13:07:45 [비전] Empty center pixel=(156, 337), shelf_front_z=0.831m; Depth L/C/R=0.904/1.041/0.757m; center-left=0.137m, center-right=0.285m; contrast=PASS
   13:07:45 [비전] Empty shelf target: xyz=(-0.780, 0.504, 0.188)
   13:07:48 [비전] ROI 밖 책: (0.133, 0.511, 0.340) @arm_base_link
   13:07:48 [비전] ROI 밖 책: (-0.713, 0.091, -0.001) @arm_base_link
   13:07:48 [비전] ROI 밖 책: (0.172, 0.512, 0.342) @arm_base_link
   13:07:48 [비전] ROI 밖 책 3권 제외 (남은 1권). ROI [-0.4, -0.2, 0.0] ~ [-0.26, 0.4, 0.32] @arm_base_link
   13:07:48 [비전] Book picked(best): xyz=(-0.361, -0.019, 0.214), center=(177, 593), conf=0.87, depth=patch, yaw=0.000 rad (후보 1권)
   13:07:48 [비전] Empty center pixel=(97, 359), shelf_front_z=0.862m; Depth L/C/R=0.913/1.015/0.810m; center-left=0.102m, center-right=0.205m; contrast=PASS
   13:07:48 [비전] Empty shelf target: xyz=(-0.782, 0.485, 0.114)
   13:07:50 [비전] ROI 밖 책: (0.561, 0.183, -0.342) @arm_base_link
   13:07:50 [비전] ROI 밖 책: (-0.427, 0.033, 0.156) @arm_base_link
   13:07:50 [비전] ROI 밖 책: (0.176, 0.512, 0.339) @arm_base_link
   13:07:50 [비전] ROI 밖 책 3권 제외 (남은 1권). ROI [-0.4, -0.2, 0.0] ~ [-0.26, 0.4, 0.32] @arm_base_link
   13:07:50 [비전] Book picked(best): xyz=(-0.311, -0.026, 0.194), center=(85, 603), conf=0.92, depth=patch, yaw=0.000 rad (후보 1권)
   13:07:50 [비전] Empty center pixel=(432, 275), shelf_front_z=0.734m; Depth L/C/R=0.720/2.016/0.748m; center-left=1.296m, center-right=1.268m; contrast=PASS
   13:07:50 [비전] Empty shelf target: xyz=(0.259, 0.523, 0.356)
   13:07:52 [비전] ROI 밖 책: (0.594, 0.180, -0.341) @arm_base_link
   13:07:52 [비전] ROI 밖 책: (0.338, 0.510, 0.343) @arm_base_link
   13:07:52 [비전] ROI 밖 책 2권 제외 (남은 0권). ROI [-0.4, -0.2, 0.0] ~ [-0.26, 0.4, 0.32] @arm_base_link
   13:07:52 [비전] Empty center pixel=(359, 274), shelf_front_z=0.718m; Depth L/C/R=0.697/2.043/0.738m; center-left=1.346m, center-right=1.305m; contrast=PASS
   13:07:52 [비전] Empty shelf target: xyz=(0.262, 0.511, 0.367)
   13:07:54 [비전] ROI 밖 책: (0.674, 0.183, -0.341) @arm_base_link
   13:07:54 [비전] ROI 밖 책: (-0.318, 0.522, 0.349) @arm_base_link
   13:07:54 [비전] ROI 밖 책 2권 제외 (남은 0권). ROI [-0.4, -0.2, 0.0] ~ [-0.26, 0.4, 0.32] @arm_base_link
   13:07:54 [비전] Empty center pixel=(294, 273), shelf_front_z=0.748m; Depth L/C/R=0.784/2.052/0.713m; center-left=1.268m, center-right=1.339m; contrast=PASS
   13:07:54 [비전] Empty shelf target: xyz=(0.288, 0.539, 0.352)
   13:08:02 [FSM] Empty slot detected: frame_id=arm_base_link, x=-0.350, y=0.544, z=0.340, confidence=1.00, candidate_count=7
   13:08:02 [FSM] FSM transition completed: DETECT_TARGET_SLOT -> PLACE_BOOK
   13:08:02 [FSM] Book-placement goal was accepted.
   13:08:02 [조작] 빈칸 관측 버림 (서가 밖): (-0.780, 0.504, 0.188) 서가 x -0.66~0.66 y 0.41~0.80 z -0.33~2.19
   13:08:02 [조작] 빈칸 관측 버림 (서가 밖): (-0.782, 0.485, 0.114) 서가 x -0.66~0.66 y 0.41~0.80 z -0.33~2.19
   13:08:02 [조작] 빈칸 선택: 책 사이 틈 관측 (0.273, 0.523, 0.356) → 칸 중심 y 0.544, z 0.340 (판 높이로 스냅); 꽂기 전 차체를 옆으로 +0.623 m 옮겨 틈을 x -0.35 에 둔다
   13:08:02 [조작] 빈 슬롯 스캔 완료: (-0.35, 0.5439, 0.3399), 삽입깊이 0.300m
   13:08:02 [조작] 베이스 회전 명령 전송 (목표 yaw +0°, 서가 거리 0.444)
   13:08:02 [시뮬] 작업 job_c9e02e09b588:scan SUCCEEDED {'phase': 'scan_done', 'message': '서가 스캔 완료', 'placement_verified': False, 'sim_steps': 2039, 'render_steps': 2039} (37.5s)
   13:08:02 [시뮬] 서가 앞면 0.444 m → 목표 0.444 m (앞뒤 -0.000), 서가 중심 팔기준 x +0.623 → 옆으로 +0.623: 차체를 0.623 m 옮긴다
   13:08:10 [비전] ROI 밖 책: (-0.133, -0.670, -0.341) @arm_base_link
   13:08:10 [비전] ROI 밖 책: (-0.232, 0.505, 0.206) @arm_base_link
   13:08:10 [비전] ROI 밖 책: (0.485, 0.249, -0.341) @arm_base_link
   13:08:10 [비전] ROI 밖 책: (-0.450, 0.154, 0.211) @arm_base_link
   13:08:10 [비전] ROI 밖 책: (-0.531, 0.505, 0.207) @arm_base_link
   13:08:10 [비전] ROI 밖 책 5권 제외 (남은 4권). ROI [-0.4, -0.2, 0.0] ~ [-0.26, 0.4, 0.32] @arm_base_link
   13:08:10 [비전] Book picked(best): xyz=(-0.357, -0.002, 0.212), center=(262, 314), conf=0.84, depth=patch, yaw=0.000 rad (후보 4권)
   13:08:10 [조작] 베이스 회전 완료
   13:08:10 [시뮬] 서가 앞면 실측 0.444 m (목표 0.444), 서가 x 범위 팔기준 -1.33~+0.08
   13:08:11 [비전] ROI 밖 책: (-0.129, -0.670, -0.341) @arm_base_link
   13:08:11 [비전] ROI 밖 책: (-0.231, 0.505, 0.206) @arm_base_link
   13:08:11 [비전] ROI 밖 책: (-0.531, 0.505, 0.207) @arm_base_link
   13:08:11 [비전] ROI 밖 책: (0.485, 0.302, -0.341) @arm_base_link
   13:08:11 [비전] ROI 밖 책: (-0.451, 0.153, 0.211) @arm_base_link
   13:08:11 [비전] ROI 밖 책 5권 제외 (남은 3권). ROI [-0.4, -0.2, 0.0] ~ [-0.26, 0.4, 0.32] @arm_base_link
   13:08:11 [비전] Book picked(best): xyz=(-0.360, -0.003, 0.212), center=(261, 312), conf=0.83, depth=patch, yaw=0.000 rad (후보 3권)
   13:08:11 [조작] 책 좌표 정함 (-0.3589, -0.0023, +0.2118) — 관측 2개 · 책 1권 · 고른 책 2개 (x 흔들림 3 mm) → 축마다 중앙값
   13:08:11 [조작] 작업 job_c9e02e09b588 book=book_003 트레이 칸 0 파지 [-0.35885441255417666, -0.0022815367834904815, 0.1359297504268383] (vision) → (-0.35, 0.5438500024676323, 0.3399) 삽입 속도 0.030 m/s
   13:08:27 [시뮬] [JUDGE] 손 안 어긋남(406) **판별불가** — 키네마틱 파지는 매 스텝 책을 손에 맞춰 다시 써 넣는다. 이 신호는 마찰 파지(SIM_GRASP_KINEMATIC=0)에서만 의미가 있다
   13:08:36 [시뮬] [JUDGE] rise=16.9cm(ok) width=13.6mm = 지령 13.6mm (책 반두께 17.6) → **판별불가** [키네마틱 파지라 빈손이어도 같은 값이 나온다]
   13:10:37 [FSM] FSM transition completed: PLACE_BOOK -> UPDATE_DATA
   13:10:37 [FSM] FSM transition completed: UPDATE_DATA -> NEXT_BOOK
   13:10:37 [FSM] FSM transition completed: NEXT_BOOK -> SELECT_BOOK
   13:10:37 [FSM] FSM transition completed: SELECT_BOOK -> NAV_TO_SHELF
   13:10:37 [FSM] Navigation succeeded: Navigation waypoint is already satisfied in simulation.
   13:10:37 [FSM] FSM transition completed: NAV_TO_SHELF -> DETECT_TARGET_SLOT
   13:10:37 [조작] PlaceBook 성공 job=job_c9e02e09b588 code=0(OK) phase= 배치 확인
   13:10:37 [조작] 베이스 회전 명령 전송 (목표 yaw +0°, 서가 거리 0.444)
   13:10:37 [시뮬] [JUDGE] width_hold=판별불가[키네마틱] (13.6 → 최소 13.6 mm, 한쪽 기준)
   13:10:37 [시뮬] 작업 job_c9e02e09b588 SUCCEEDED {'phase': 'verify', 'message': '배치 확인', 'placement_verified': True, 'checks': {'upright': True, 'depth': True, 'spine': True, 'x': True, 'floor': True, 'skew': True, 'no_jam': True}, 'fallen
   13:10:37 [시뮬] 서가 앞면 0.444 m → 목표 0.444 m (앞뒤 +0.000), 서가 중심 팔기준 x -0.623 → 옆으로 -0.623: 차체를 0.623 m 옮긴다
   13:10:44 [조작] 베이스 회전 완료
   13:10:44 [시뮬] 서가 앞면 실측 0.444 m (목표 0.444), 서가 x 범위 팔기준 -0.71~+0.71
   13:10:44 [시뮬] [재측정] 스윕 없이 빈칸만 다시 재고 관측 자세로 돌아간다 — 서가 /World/bookshelves_main/shelf_brown__book_shelf_01 · 판 [1.042, 0.498] · 빈칸 4개 · 관측 자세까지 Δ최대 1.311 rad
   13:10:50 [FSM] Empty slot detected: frame_id=arm_base_link, x=-0.350, y=0.544, z=0.884, confidence=1.00, candidate_count=7
   13:10:50 [FSM] FSM transition completed: DETECT_TARGET_SLOT -> PLACE_BOOK
   13:10:50 [FSM] Book-placement goal was accepted.
   13:10:50 [조작] 빈칸 관측 버림 (서가 밖): (-0.780, 0.504, 0.188) 서가 x -0.66~0.66 y 0.41~0.80 z -0.33~2.19
   13:10:50 [조작] 빈칸 관측 버림 (서가 밖): (-0.782, 0.485, 0.114) 서가 x -0.66~0.66 y 0.41~0.80 z -0.33~2.19
   13:10:50 [조작] 빈칸 선택: 책 사이 틈 관측 (-0.401, 0.523, 0.356) → 칸 중심 y 0.544, z 0.884 (판 높이로 스냅); 꽂기 전 차체를 옆으로 -0.051 m 옮겨 틈을 x -0.35 에 둔다
   13:10:50 [조작] 빈 슬롯 스캔 완료: (-0.35, 0.5439, 0.8839), 삽입깊이 0.300m
   13:10:50 [조작] 베이스 회전 명령 전송 (목표 yaw +0°, 서가 거리 0.444)
   13:10:50 [시뮬] 작업 job_c9e02e09b588:scan SUCCEEDED {'phase': 'scan_done', 'message': '서가 스캔 완료', 'placement_verified': False, 'sim_steps': 324, 'render_steps': 324} (6.3s)
   13:10:50 [시뮬] 서가 앞면 0.444 m → 목표 0.444 m (앞뒤 -0.000), 서가 중심 팔기준 x -0.051 → 옆으로 -0.051: 차체를 0.051 m 옮긴다
   13:10:51 [비전] ROI 밖 책: (-0.101, -0.701, -0.341) @arm_base_link
   13:10:51 [비전] ROI 밖 책 1권 제외 (남은 1권). ROI [-0.4, -0.2, 0.0] ~ [-0.26, 0.4, 0.32] @arm_base_link
   13:10:51 [비전] Book picked(best): xyz=(-0.342, -0.104, 0.212), center=(189, 325), conf=0.67, depth=patch, yaw=0.000 rad (후보 1권)
   13:10:51 [조작] 베이스 회전 완료
   13:10:51 [시뮬] 서가 앞면 실측 0.444 m (목표 0.444), 서가 x 범위 팔기준 -0.66~+0.76
   13:10:52 [비전] ROI 밖 책: (-0.107, -0.714, -0.341) @arm_base_link
   13:10:52 [비전] ROI 밖 책 1권 제외 (남은 1권). ROI [-0.4, -0.2, 0.0] ~ [-0.26, 0.4, 0.32] @arm_base_link
   13:10:52 [비전] Book picked(best): xyz=(-0.342, -0.104, 0.212), center=(189, 325), conf=0.70, depth=patch, yaw=0.000 rad (후보 1권)
   13:10:52 [조작] 책 좌표 정함 (-0.3421, -0.1039, +0.2122) — 관측 2개 · 책 1권 · 고른 책 2개 (x 흔들림 0 mm) → 축마다 중앙값
   13:10:52 [조작] 작업 job_c9e02e09b588 book=book_004 트레이 칸 1 파지 [-0.3421045404517678, -0.10385358326972585, 0.1363736070411342] (vision) → (-0.35, 0.5438500024676323, 0.8839) 삽입 속도 0.030 m/s
   13:11:11 [시뮬] [JUDGE] 손 안 어긋남(406) **판별불가** — 키네마틱 파지는 매 스텝 책을 손에 맞춰 다시 써 넣는다. 이 신호는 마찰 파지(SIM_GRASP_KINEMATIC=0)에서만 의미가 있다
   13:11:19 [시뮬] [JUDGE] rise=16.9cm(ok) width=17.6mm = 지령 17.6mm (책 반두께 21.6) → **판별불가** [키네마틱 파지라 빈손이어도 같은 값이 나온다]
   13:13:15 [FSM] FSM transition completed: PLACE_BOOK -> UPDATE_DATA
   13:13:15 [FSM] FSM transition completed: UPDATE_DATA -> NEXT_BOOK
   13:13:15 [FSM] FSM transition completed: NEXT_BOOK -> SELECT_BOOK
   13:13:15 [FSM] FSM transition completed: SELECT_BOOK -> NAV_TO_SHELF
   13:13:15 [조작] PlaceBook 성공 job=job_c9e02e09b588 code=0(OK) phase= 배치 확인
   13:13:15 [시뮬] [JUDGE] width_hold=판별불가[키네마틱] (17.6 → 최소 17.6 mm, 한쪽 기준)
   13:13:15 [시뮬] 작업 job_c9e02e09b588 SUCCEEDED {'phase': 'verify', 'message': '배치 확인', 'placement_verified': True, 'checks': {'upright': True, 'depth': True, 'spine': True, 'x': True, 'floor': True, 'skew': True, 'no_jam': True}, 'fallen
   13:13:49 [시뮬] [주행] 도착 (+2.535, -3.019)
   13:13:52 [시뮬] [주행] 회전 끝 — **실측** yaw +0.00° (목표 +0.00°)
   13:13:53 [FSM] Navigation succeeded: Navigation completed.
   13:13:53 [FSM] FSM transition completed: NAV_TO_SHELF -> DETECT_TARGET_SLOT
   13:13:53 [조작] 베이스 회전 명령 전송 (목표 yaw +0°, 서가 거리 0.444)
   13:13:53 [시뮬] [주행] 도착 (+2.535, -3.019)
   13:13:53 [시뮬] 서가 앞면 0.443 m → 목표 0.444 m (앞뒤 -0.001), 서가 중심 팔기준 x -0.261 → 옆으로 -0.261: 차체를 0.261 m 옮긴다
   13:13:56 [조작] 베이스 회전 완료
   13:13:56 [시뮬] 서가 앞면 실측 0.444 m (목표 0.444), 서가 x 범위 팔기준 -0.71~+0.71
   13:13:56 [시뮬] [재측정] 스윕 없이 빈칸만 다시 재고 관측 자세로 돌아간다 — 서가 /World/bookshelves_main/shelf_brown__book_shelf_11 · 판 [1.042, 0.498] · 빈칸 2개 · 관측 자세까지 Δ최대 1.541 rad
   13:14:03 [시뮬] 작업 job_c9e02e09b588:scan SUCCEEDED {'phase': 'scan_done', 'message': '서가 스캔 완료', 'placement_verified': False, 'sim_steps': 380, 'render_steps': 380} (7.5s)
   13:14:03 [시뮬] [스윕] 시작 자세 q=[2.0937, -0.5756, 0.5627, -1.8915, 0.2999, 1.3974, 0.2783]
   13:14:03 [시뮬] [스윕] 판 1.042 (팔기준 z 0.712, 앞면 0.444) 정지점 5/5 여유 0.518 rad 최대변화 0.06 길이 2.68
   13:14:03 [시뮬] [스윕] 판 0.498 (팔기준 z 0.168, 앞면 0.444) 정지점 5/5 여유 0.221 rad 최대변화 0.05 길이 2.45
   13:14:03 [시뮬] 스윕 시작: 판 [1.042, 0.498], 정지점 10개, 정지 1.2s
   13:14:03 [시뮬] [판목록] 레벨 실측 [0.4976, 1.0417, 1.5812, 2.0582, 2.52] · 쓰는 값 [0.497, 0.498, 1.042] · 차이 [-0.3, -0.4, +0.6] mm  (그림자 — 판단은 상수 그대로)
   13:14:08 [비전] ROI 밖 책: (-0.627, 0.507, 0.833) @arm_base_link
   13:14:08 [비전] ROI 밖 책 1권 제외 (남은 0권). ROI [-0.4, -0.2, 0.0] ~ [-0.26, 0.4, 0.32] @arm_base_link
   13:14:08 [비전] Empty center pixel=(263, 198), shelf_front_z=2.394m; Depth L/C/R=2.393/4.410/2.396m; center-left=2.017m, center-right=2.014m; contrast=PASS
   13:14:08 [비전] Empty shelf target: xyz=(-0.780, 2.612, 1.385)
   13:14:10 [비전] ROI 밖 책: (0.320, 0.559, 0.397) @arm_base_link
   13:14:10 [비전] ROI 밖 책: (0.237, 0.554, 0.420) @arm_base_link
   13:14:10 [비전] ROI 밖 책: (0.022, 0.547, 0.396) @arm_base_link
   13:14:10 [비전] ROI 밖 책: (0.095, 0.532, 0.396) @arm_base_link
   13:14:10 [비전] ROI 밖 책 4권 제외 (남은 0권). ROI [-0.4, -0.2, 0.0] ~ [-0.26, 0.4, 0.32] @arm_base_link
   13:14:12 [비전] ROI 밖 책: (0.460, 0.547, 0.394) @arm_base_link
   13:14:12 [비전] ROI 밖 책: (0.500, 0.560, 0.394) @arm_base_link
   13:14:12 [비전] ROI 밖 책: (0.094, 0.532, 0.396) @arm_base_link
   13:14:12 [비전] ROI 밖 책: (0.259, 0.522, 0.397) @arm_base_link
   13:14:12 [비전] ROI 밖 책: (0.428, 0.537, 0.395) @arm_base_link
   13:14:12 [비전] ROI 밖 책: (0.346, 0.537, 0.396) @arm_base_link
   13:14:12 [비전] ROI 밖 책: (0.134, 0.533, 0.391) @arm_base_link
   13:14:12 [비전] ROI 밖 책: (0.366, 0.580, 0.395) @arm_base_link
   13:14:12 [비전] ROI 밖 책: (0.522, 0.559, 0.396) @arm_base_link
   13:14:12 [비전] ROI 밖 책: (0.385, 0.549, 0.395) @arm_base_link
   13:14:12 [비전] ROI 밖 책: (0.449, 0.540, 0.393) @arm_base_link
   13:14:12 [비전] ROI 밖 책: (0.297, 0.521, 0.395) @arm_base_link
   13:14:12 [비전] ROI 밖 책 12권 제외 (남은 0권). ROI [-0.4, -0.2, 0.0] ~ [-0.26, 0.4, 0.32] @arm_base_link
   13:14:15 [비전] ROI 밖 책: (0.428, 0.536, 0.395) @arm_base_link
   13:14:15 [비전] ROI 밖 책: (0.267, 0.534, 0.392) @arm_base_link
   13:14:15 [비전] ROI 밖 책: (0.492, 0.546, 0.394) @arm_base_link
   13:14:15 [비전] ROI 밖 책: (0.377, 0.528, 0.395) @arm_base_link
   13:14:15 [비전] ROI 밖 책: (0.299, 0.524, 0.396) @arm_base_link
   13:14:15 [비전] ROI 밖 책: (0.458, 0.543, 0.394) @arm_base_link
   13:14:15 [비전] ROI 밖 책: (0.490, 0.537, 0.393) @arm_base_link
   13:14:15 [비전] ROI 밖 책: (0.045, 0.550, 0.394) @arm_base_link
   13:14:15 [비전] ROI 밖 책: (-0.018, 0.546, 0.394) @arm_base_link
   13:14:15 [비전] ROI 밖 책: (0.443, 0.530, 0.395) @arm_base_link
   13:14:15 [비전] ROI 밖 책: (0.576, 0.549, 0.394) @arm_base_link
   13:14:15 [비전] ROI 밖 책: (0.339, 0.523, 0.396) @arm_base_link
   13:14:15 [비전] ROI 밖 책 12권 제외 (남은 0권). ROI [-0.4, -0.2, 0.0] ~ [-0.26, 0.4, 0.32] @arm_base_link
   13:14:15 [비전] Empty center pixel=(300, 296), shelf_front_z=0.519m; Depth L/C/R=0.553/2.480/0.485m; center-left=1.927m, center-right=1.996m; contrast=PASS
   13:14:15 [비전] Empty shelf target: xyz=(0.142, 0.612, 0.842)
   13:14:17 [비전] ROI 밖 책: (0.246, 0.519, 0.394) @arm_base_link
   13:14:17 [비전] ROI 밖 책: (0.268, 0.521, 0.394) @arm_base_link
   13:14:17 [비전] ROI 밖 책: (0.497, 0.550, 0.393) @arm_base_link
   13:14:17 [비전] ROI 밖 책: (0.481, 0.542, 0.393) @arm_base_link
   13:14:17 [비전] ROI 밖 책: (0.581, 0.576, 0.394) @arm_base_link
   13:14:17 [비전] ROI 밖 책: (0.606, 0.556, 0.407) @arm_base_link
   13:14:17 [비전] ROI 밖 책: (0.595, 0.530, 0.395) @arm_base_link
   13:14:17 [비전] ROI 밖 책: (0.049, 0.550, 0.394) @arm_base_link
   13:14:17 [비전] ROI 밖 책: (0.430, 0.546, 0.394) @arm_base_link
   13:14:17 [비전] ROI 밖 책: (0.461, 0.532, 0.394) @arm_base_link
   13:14:17 [비전] ROI 밖 책: (0.382, 0.527, 0.395) @arm_base_link
   13:14:17 [비전] ROI 밖 책 11권 제외 (남은 0권). ROI [-0.4, -0.2, 0.0] ~ [-0.26, 0.4, 0.32] @arm_base_link
   13:14:17 [비전] Empty center pixel=(182, 290), shelf_front_z=0.452m; Depth L/C/R=0.492/4.634/0.412m; center-left=4.142m, center-right=4.222m; contrast=PASS
   13:14:17 [비전] Empty shelf target: xyz=(0.153, 0.547, 0.856)
   13:14:21 [비전] ROI 밖 책: (0.122, 0.481, 0.339) @arm_base_link
   13:14:21 [비전] ROI 밖 책: (0.166, 0.483, 0.335) @arm_base_link
   13:14:21 [비전] ROI 밖 책: (-1.016, 0.178, -0.340) @arm_base_link
   13:14:21 [비전] ROI 밖 책: (0.302, 0.479, 0.321) @arm_base_link
   13:14:21 [비전] ROI 밖 책: (0.081, 0.477, 0.339) @arm_base_link
   13:14:21 [비전] ROI 밖 책 5권 제외 (남은 0권). ROI [-0.4, -0.2, 0.0] ~ [-0.26, 0.4, 0.32] @arm_base_link
   13:14:21 [비전] Empty center pixel=(157, 335), shelf_front_z=0.849m; Depth L/C/R=0.942/1.087/0.756m; center-left=0.145m, center-right=0.331m; contrast=PASS
   13:14:21 [비전] Empty shelf target: xyz=(-0.786, 0.519, 0.173)
   13:14:24 [비전] ROI 밖 책: (0.367, 0.477, 0.328) @arm_base_link
   13:14:24 [비전] ROI 밖 책: (0.167, 0.484, 0.345) @arm_base_link
   13:14:24 [비전] ROI 밖 책: (0.323, 0.477, 0.330) @arm_base_link
   13:14:24 [비전] ROI 밖 책: (0.275, 0.482, 0.319) @arm_base_link
   13:14:24 [비전] ROI 밖 책: (0.129, 0.483, 0.337) @arm_base_link
   13:14:24 [비전] ROI 밖 책: (-0.714, 0.091, -0.001) @arm_base_link
   13:14:24 [비전] ROI 밖 책: (0.301, 0.477, 0.322) @arm_base_link
   13:14:24 [비전] ROI 밖 책: (0.464, 0.475, 0.345) @arm_base_link
   13:14:24 [비전] ROI 밖 책 8권 제외 (남은 0권). ROI [-0.4, -0.2, 0.0] ~ [-0.26, 0.4, 0.32] @arm_base_link
   13:14:24 [비전] Empty center pixel=(354, 279), shelf_front_z=0.705m; Depth L/C/R=0.707/1.999/0.702m; center-left=1.292m, center-right=1.297m; contrast=PASS
   13:14:24 [비전] Empty shelf target: xyz=(-0.101, 0.492, 0.366)
   13:14:26 [비전] ROI 밖 책: (0.368, 0.476, 0.334) @arm_base_link
   13:14:26 [비전] ROI 밖 책: (0.331, 0.478, 0.332) @arm_base_link
   13:14:26 [비전] ROI 밖 책: (0.171, 0.483, 0.350) @arm_base_link
   13:14:26 [비전] ROI 밖 책: (0.281, 0.480, 0.328) @arm_base_link
   13:14:26 [비전] ROI 밖 책: (0.923, 0.492, -0.312) @arm_base_link
   13:14:26 [비전] ROI 밖 책: (0.129, 0.485, 0.349) @arm_base_link
   13:14:26 [비전] ROI 밖 책 6권 제외 (남은 0권). ROI [-0.4, -0.2, 0.0] ~ [-0.26, 0.4, 0.32] @arm_base_link
   13:14:26 [비전] Empty center pixel=(286, 280), shelf_front_z=0.704m; Depth L/C/R=0.716/1.990/0.692m; center-left=1.274m, center-right=1.298m; contrast=PASS
   13:14:26 [비전] Empty shelf target: xyz=(-0.076, 0.490, 0.364)
   13:14:28 [비전] ROI 밖 책: (0.339, 0.479, 0.326) @arm_base_link
   13:14:28 [비전] ROI 밖 책: (0.375, 0.475, 0.325) @arm_base_link
   13:14:28 [비전] ROI 밖 책: (0.557, 0.038, -0.341) @arm_base_link
   13:14:28 [비전] ROI 밖 책: (0.443, 0.471, 0.356) @arm_base_link
   13:14:28 [비전] ROI 밖 책: (0.482, 0.478, 0.351) @arm_base_link
   13:14:28 [비전] ROI 밖 책: (0.572, 0.088, -0.341) @arm_base_link
   13:14:28 [비전] ROI 밖 책 6권 제외 (남은 0권). ROI [-0.4, -0.2, 0.0] ~ [-0.26, 0.4, 0.32] @arm_base_link
   13:14:28 [비전] Empty center pixel=(214, 280), shelf_front_z=0.717m; Depth L/C/R=0.742/1.973/0.693m; center-left=1.231m, center-right=1.280m; contrast=PASS
   13:14:28 [비전] Empty shelf target: xyz=(-0.066, 0.501, 0.357)
   13:14:30 [비전] ROI 밖 책: (0.484, 0.489, 0.362) @arm_base_link
   13:14:30 [비전] ROI 밖 책: (0.557, 0.488, 0.365) @arm_base_link
   13:14:30 [비전] ROI 밖 책: (0.591, 0.477, 0.345) @arm_base_link
   13:14:30 [비전] ROI 밖 책: (0.453, 0.473, 0.343) @arm_base_link
   13:14:30 [비전] ROI 밖 책 4권 제외 (남은 0권). ROI [-0.4, -0.2, 0.0] ~ [-0.26, 0.4, 0.32] @arm_base_link
   13:14:30 [비전] Empty center pixel=(140, 279), shelf_front_z=0.717m; Depth L/C/R=0.745/0.698/0.690m; center-left=-0.047m, center-right=0.008m; contrast=CHECK
   13:14:37 [FSM] Empty slot detected: frame_id=arm_base_link, x=-0.350, y=0.544, z=0.340, confidence=1.00, candidate_count=7
   13:14:37 [FSM] FSM transition completed: DETECT_TARGET_SLOT -> PLACE_BOOK
   13:14:37 [FSM] Book-placement goal was accepted.
   13:14:37 [조작] 빈칸 관측 버림 (서가 밖): (-0.780, 2.612, 1.385) 서가 x -0.66~0.66 y 0.41~0.80 z -0.33~2.19
   13:14:37 [조작] 빈칸 관측 버림 (서가 밖): (-0.786, 0.519, 0.173) 서가 x -0.66~0.66 y 0.41~0.80 z -0.33~2.19
   13:14:37 [조작] 빈칸 선택: 책 사이 틈 관측 (-0.090, 0.501, 0.357) → 칸 중심 y 0.544, z 0.340 (판 높이로 스냅); 꽂기 전 차체를 옆으로 +0.260 m 옮겨 틈을 x -0.35 에 둔다
   13:14:37 [조작] 빈 슬롯 스캔 완료: (-0.35, 0.5439, 0.3399), 삽입깊이 0.300m
   13:14:37 [조작] 베이스 회전 명령 전송 (목표 yaw +0°, 서가 거리 0.444)
   13:14:37 [시뮬] 작업 job_c9e02e09b588:scan SUCCEEDED {'phase': 'scan_done', 'message': '서가 스캔 완료', 'placement_verified': False, 'sim_steps': 1829, 'render_steps': 1829} (34.3s)
   13:14:38 [시뮬] 서가 앞면 0.444 m → 목표 0.444 m (앞뒤 +0.000), 서가 중심 팔기준 x +0.260 → 옆으로 +0.260: 차체를 0.260 m 옮긴다
   13:14:40 [비전] ROI 밖 책: (-0.136, -0.673, -0.341) @arm_base_link
   13:14:40 [비전] ROI 밖 책 1권 제외 (남은 0권). ROI [-0.4, -0.2, 0.0] ~ [-0.26, 0.4, 0.32] @arm_base_link
   13:14:40 [조작] 베이스 회전 완료
   13:14:40 [시뮬] 서가 앞면 실측 0.444 m (목표 0.444), 서가 x 범위 팔기준 -0.97~+0.45
   13:14:41 [비전] ROI 밖 책: (-0.126, -0.667, -0.341) @arm_base_link
   13:14:41 [비전] ROI 밖 책 1권 제외 (남은 0권). ROI [-0.4, -0.2, 0.0] ~ [-0.26, 0.4, 0.32] @arm_base_link
   13:14:41 [비전] ROI 밖 책: (-0.120, -0.676, -0.341) @arm_base_link
   13:14:41 [비전] ROI 밖 책 1권 제외 (남은 0권). ROI [-0.4, -0.2, 0.0] ~ [-0.26, 0.4, 0.32] @arm_base_link
   13:14:42 [비전] ROI 밖 책: (-0.114, -0.676, -0.341) @arm_base_link
   13:14:42 [비전] ROI 밖 책: (-0.155, 0.477, 0.220) @arm_base_link
   13:14:42 [비전] ROI 밖 책 2권 제외 (남은 0권). ROI [-0.4, -0.2, 0.0] ~ [-0.26, 0.4, 0.32] @arm_base_link
   13:14:42 [비전] ROI 밖 책: (-0.114, -0.673, -0.341) @arm_base_link
   13:14:42 [비전] ROI 밖 책 1권 제외 (남은 0권). ROI [-0.4, -0.2, 0.0] ~ [-0.26, 0.4, 0.32] @arm_base_link
   13:14:43 [비전] ROI 밖 책: (-0.120, -0.673, -0.341) @arm_base_link
   13:14:43 [비전] ROI 밖 책: (-0.156, 0.477, 0.220) @arm_base_link
   13:14:43 [비전] ROI 밖 책 2권 제외 (남은 0권). ROI [-0.4, -0.2, 0.0] ~ [-0.26, 0.4, 0.32] @arm_base_link
   13:14:43 [비전] ROI 밖 책: (-0.111, -0.673, -0.341) @arm_base_link
   13:14:43 [비전] ROI 밖 책 1권 제외 (남은 0권). ROI [-0.4, -0.2, 0.0] ~ [-0.26, 0.4, 0.32] @arm_base_link
   13:14:45 [비전] ROI 밖 책: (-0.117, -0.673, -0.341) @arm_base_link
   13:14:45 [비전] ROI 밖 책: (0.478, 0.346, -0.341) @arm_base_link
   13:14:45 [비전] ROI 밖 책 2권 제외 (남은 0권). ROI [-0.4, -0.2, 0.0] ~ [-0.26, 0.4, 0.32] @arm_base_link
   13:14:45 [비전] ROI 밖 책: (-0.126, -0.670, -0.341) @arm_base_link
   13:14:45 [비전] ROI 밖 책 1권 제외 (남은 0권). ROI [-0.4, -0.2, 0.0] ~ [-0.26, 0.4, 0.32] @arm_base_link
   13:14:46 [비전] ROI 밖 책: (-0.123, -0.673, -0.341) @arm_base_link
   13:14:46 [비전] ROI 밖 책 1권 제외 (남은 0권). ROI [-0.4, -0.2, 0.0] ~ [-0.26, 0.4, 0.32] @arm_base_link
   13:14:46 [비전] ROI 밖 책: (-0.129, -0.670, -0.341) @arm_base_link
   13:14:46 [비전] ROI 밖 책 1권 제외 (남은 1권). ROI [-0.4, -0.2, 0.0] ~ [-0.26, 0.4, 0.32] @arm_base_link
   13:14:46 [비전] Book picked(best): xyz=(-0.368, -0.187, 0.187), center=(140, 307), conf=0.57, depth=patch, yaw=0.000 rad (후보 1권)
   13:14:47 [비전] ROI 밖 책: (-0.117, -0.670, -0.341) @arm_base_link
   13:14:47 [비전] ROI 밖 책 1권 제외 (남은 1권). ROI [-0.4, -0.2, 0.0] ~ [-0.26, 0.4, 0.32] @arm_base_link
   13:14:47 [비전] Book picked(best): xyz=(-0.370, -0.188, 0.160), center=(149, 307), conf=0.56, depth=patch, yaw=0.000 rad (후보 1권)
   13:14:47 [조작] 책 좌표 정함 (-0.3690, -0.1874, +0.1738) — 관측 2개 · 책 1권 · 고른 책 2개 (x 흔들림 1 mm) → 축마다 중앙값
   13:14:47 [조작] 작업 job_c9e02e09b588 book=book_001 트레이 칸 2 파지 [-0.36899635147001353, -0.18735945565087628, 0.09791096209748207] (vision) → (-0.35, 0.5438500024676323, 0.3399) 삽입 속도 0.030 m/s
   13:15:03 [시뮬] [JUDGE] 손 안 어긋남(406) **판별불가** — 키네마틱 파지는 매 스텝 책을 손에 맞춰 다시 써 넣는다. 이 신호는 마찰 파지(SIM_GRASP_KINEMATIC=0)에서만 의미가 있다
   13:15:11 [시뮬] [JUDGE] rise=16.9cm(ok) width=15.1mm = 지령 15.1mm (책 반두께 19.1) → **판별불가** [키네마틱 파지라 빈손이어도 같은 값이 나온다]
   13:17:10 [FSM] FSM transition completed: PLACE_BOOK -> UPDATE_DATA
   13:17:10 [FSM] FSM transition completed: UPDATE_DATA -> NEXT_BOOK
   13:17:10 [FSM] FSM transition completed: NEXT_BOOK -> SELECT_BOOK
   13:17:10 [FSM] FSM transition completed: SELECT_BOOK -> NAV_TO_SHELF
   13:17:10 [FSM] Navigation succeeded: Navigation waypoint is already satisfied in simulation.
   13:17:10 [FSM] FSM transition completed: NAV_TO_SHELF -> DETECT_TARGET_SLOT
   13:17:10 [조작] PlaceBook 성공 job=job_c9e02e09b588 code=0(OK) phase= 배치 확인
   13:17:10 [조작] 베이스 회전 명령 전송 (목표 yaw +0°, 서가 거리 0.444)
   13:17:10 [시뮬] [JUDGE] width_hold=판별불가[키네마틱] (15.1 → 최소 15.1 mm, 한쪽 기준)
   13:17:10 [시뮬] 작업 job_c9e02e09b588 SUCCEEDED {'phase': 'verify', 'message': '배치 확인', 'placement_verified': True, 'checks': {'upright': True, 'depth': True, 'spine': True, 'x': True, 'floor': True, 'skew': True, 'no_jam': True}, 'fallen
   13:17:10 [시뮬] 서가 앞면 0.444 m → 목표 0.444 m (앞뒤 +0.000), 서가 중심 팔기준 x -0.260 → 옆으로 -0.260: 차체를 0.260 m 옮긴다
   13:17:12 [조작] 베이스 회전 완료
   13:17:12 [시뮬] 서가 앞면 실측 0.444 m (목표 0.444), 서가 x 범위 팔기준 -0.71~+0.71
   13:17:12 [시뮬] [재측정] 스윕 없이 빈칸만 다시 재고 관측 자세로 돌아간다 — 서가 /World/bookshelves_main/shelf_brown__book_shelf_11 · 판 [1.042, 0.498] · 빈칸 3개 · 관측 자세까지 Δ최대 1.311 rad
   13:17:19 [FSM] Empty slot detected: frame_id=arm_base_link, x=-0.350, y=0.544, z=0.884, confidence=1.00, candidate_count=7
   13:17:19 [FSM] FSM transition completed: DETECT_TARGET_SLOT -> PLACE_BOOK
   13:17:19 [FSM] Book-placement goal was accepted.
   13:17:19 [조작] 빈칸 관측 버림 (서가 밖): (-0.780, 2.612, 1.385) 서가 x -0.66~0.66 y 0.41~0.80 z -0.33~2.19
   13:17:19 [조작] 빈칸 관측 버림 (서가 밖): (-0.786, 0.519, 0.173) 서가 x -0.66~0.66 y 0.41~0.80 z -0.33~2.19
   13:17:19 [조작] 빈칸 선택: 책 사이 틈 관측 (0.139, 0.501, 0.357) → 칸 중심 y 0.544, z 0.884 (판 높이로 스냅); 꽂기 전 차체를 옆으로 +0.489 m 옮겨 틈을 x -0.35 에 둔다
   13:17:19 [조작] 빈 슬롯 스캔 완료: (-0.35, 0.5439, 0.8839), 삽입깊이 0.300m
   13:17:19 [조작] 베이스 회전 명령 전송 (목표 yaw +0°, 서가 거리 0.444)
   13:17:19 [시뮬] 작업 job_c9e02e09b588:scan SUCCEEDED {'phase': 'scan_done', 'message': '서가 스캔 완료', 'placement_verified': False, 'sim_steps': 324, 'render_steps': 324} (6.3s)
   13:17:19 [시뮬] 서가 앞면 0.444 m → 목표 0.444 m (앞뒤 -0.000), 서가 중심 팔기준 x +0.489 → 옆으로 +0.489: 차체를 0.489 m 옮긴다
   13:17:23 [비전] ROI 밖 책: (-0.101, -0.698, -0.341) @arm_base_link
   13:17:23 [비전] ROI 밖 책: (-0.399, 0.476, 0.224) @arm_base_link
   13:17:23 [비전] ROI 밖 책 2권 제외 (남은 0권). ROI [-0.4, -0.2, 0.0] ~ [-0.26, 0.4, 0.32] @arm_base_link
   13:17:23 [조작] 베이스 회전 완료
   13:17:23 [시뮬] 서가 앞면 실측 0.444 m (목표 0.444), 서가 x 범위 팔기준 -1.20~+0.22
   13:17:24 [비전] ROI 밖 책: (-0.101, -0.698, -0.341) @arm_base_link
   13:17:24 [비전] ROI 밖 책: (-0.399, 0.476, 0.224) @arm_base_link
   13:17:24 [비전] ROI 밖 책 2권 제외 (남은 0권). ROI [-0.4, -0.2, 0.0] ~ [-0.26, 0.4, 0.32] @arm_base_link
   13:17:24 [비전] ROI 밖 책: (-0.101, -0.695, -0.341) @arm_base_link
   13:17:24 [비전] ROI 밖 책: (-0.399, 0.476, 0.224) @arm_base_link
   13:17:24 [비전] ROI 밖 책 2권 제외 (남은 0권). ROI [-0.4, -0.2, 0.0] ~ [-0.26, 0.4, 0.32] @arm_base_link
   13:17:25 [비전] ROI 밖 책: (-0.101, -0.692, -0.341) @arm_base_link
   13:17:25 [비전] ROI 밖 책: (-0.398, 0.475, 0.224) @arm_base_link
   13:17:25 [비전] ROI 밖 책: (-0.450, 0.151, 0.212) @arm_base_link
   13:17:25 [비전] ROI 밖 책 3권 제외 (남은 0권). ROI [-0.4, -0.2, 0.0] ~ [-0.26, 0.4, 0.32] @arm_base_link
   13:17:26 [비전] ROI 밖 책: (-0.101, -0.695, -0.341) @arm_base_link
   13:17:26 [비전] ROI 밖 책: (-0.398, 0.475, 0.222) @arm_base_link
   13:17:26 [비전] ROI 밖 책: (-0.450, 0.153, 0.212) @arm_base_link
   13:17:26 [비전] ROI 밖 책 3권 제외 (남은 1권). ROI [-0.4, -0.2, 0.0] ~ [-0.26, 0.4, 0.32] @arm_base_link
   13:17:26 [비전] Book picked(best): xyz=(-0.335, 0.151, 0.213), center=(371, 330), conf=0.64, depth=patch, yaw=0.000 rad (후보 1권)
   13:17:26 [비전] ROI 밖 책: (-0.101, -0.698, -0.341) @arm_base_link
   13:17:26 [비전] ROI 밖 책: (-0.398, 0.475, 0.222) @arm_base_link
   13:17:26 [비전] ROI 밖 책: (-0.450, 0.153, 0.212) @arm_base_link
   13:17:26 [비전] ROI 밖 책 3권 제외 (남은 1권). ROI [-0.4, -0.2, 0.0] ~ [-0.26, 0.4, 0.32] @arm_base_link
   13:17:26 [비전] Book picked(best): xyz=(-0.335, 0.151, 0.213), center=(371, 330), conf=0.69, depth=patch, yaw=0.000 rad (후보 1권)
   13:17:26 [조작] 책 좌표 정함 (-0.3349, +0.1512, +0.2128) — 관측 2개 · 책 1권 · 고른 책 2개 (x 흔들림 0 mm) → 축마다 중앙값
   13:17:26 [조작] 작업 job_c9e02e09b588 book=book_002 트레이 칸 3 파지 [-0.33491451361414043, 0.15115865365526862, 0.13695721570697383] (vision) → (-0.35, 0.5438500024676323, 0.8839) 삽입 속도 0.030 m/s
   13:17:48 [시뮬] [JUDGE] 손 안 어긋남(406) **판별불가** — 키네마틱 파지는 매 스텝 책을 손에 맞춰 다시 써 넣는다. 이 신호는 마찰 파지(SIM_GRASP_KINEMATIC=0)에서만 의미가 있다
   13:17:55 [시뮬] [JUDGE] rise=16.9cm(ok) width=12.8mm = 지령 12.8mm (책 반두께 16.8) → **판별불가** [키네마틱 파지라 빈손이어도 같은 값이 나온다]
   13:19:55 [FSM] FSM transition completed: PLACE_BOOK -> UPDATE_DATA
   13:19:55 [FSM] FSM transition completed: UPDATE_DATA -> NEXT_BOOK
   13:19:55 [FSM] FSM transition completed: NEXT_BOOK -> RETURN_HOME
   13:19:55 [조작] PlaceBook 성공 job=job_c9e02e09b588 code=0(OK) phase= 배치 확인
   13:19:55 [시뮬] [JUDGE] width_hold=판별불가[키네마틱] (12.8 → 최소 12.8 mm, 한쪽 기준)
   13:19:55 [시뮬] 작업 job_c9e02e09b588 SUCCEEDED {'phase': 'verify', 'message': '배치 확인', 'placement_verified': True, 'checks': {'upright': True, 'depth': True, 'spine': True, 'x': True, 'floor': True, 'skew': True, 'no_jam': True}, 'fallen
   13:20:06 [시뮬] [주행] 회전 끝 — **실측** yaw +90.00° (목표 +90.00°)
   13:20:09 [FSM] Navigation succeeded: Navigation completed.
   13:20:09 [FSM] FSM transition completed: RETURN_HOME -> COMPLETED
   13:20:09 [FSM] FSM transition completed: COMPLETED -> IDLE
   13:20:09 [시뮬] [주행] 도착 (+4.986, -5.607)
끝 13:20:10 — 로그: /home/rokey/b1_demo_r2/logs (Isaac·노드는 그대로 떠 있다)
