[37;1m2026-09-29 02:09:20.078 [31;1m[[37;1mXMLProfileManager[31;1m Error] [37mCould not extract any profile[34;1m -> Function [36mextractProfiles[m
[INFO] [1790615360.129077779] [manipulation_node]: PlaceBook /place_book executor=sim profile=default tray_slots=6 status=/robot/status perception_bridge=True
[INFO] [1790615427.445575224] [manipulation_node]: 베이스 회전 명령 전송 (목표 yaw +0°, 서가 거리 0.444)
[INFO] [1790615431.589248383] [manipulation_node]: 베이스 회전 완료
[INFO] [1790615457.982645744] [manipulation_node]: [스캔캐시] 저장 — 관측 7개 (/World/bookshelves_main/shelf_brown__book_shelf_01)
[INFO] [1790615457.983025132] [manipulation_node]: 빈칸 깊이: 관측 y 0.624 → 칸중심 0.724 · 앞면 실측 0.444 → 칸중심 0.544 (차이 +180 mm) — **앞면 쪽을 쓴다** [slot_y_from_shelf_front]
[INFO] [1790615457.983246504] [manipulation_node]: 빈칸 관측 버림 (서가 밖): (-0.781, 0.503, 0.178) 서가 x -0.66~0.66 y 0.41~0.80 z -0.33~2.19
[INFO] [1790615457.983474858] [manipulation_node]: 빈칸 관측 버림 (서가 밖): (-0.782, 0.489, 0.196) 서가 x -0.66~0.66 y 0.41~0.80 z -0.33~2.19
[INFO] [1790615457.983645120] [manipulation_node]: 빈칸 깊이: 관측 y 0.523 → 칸중심 0.623 · 앞면 실측 0.444 → 칸중심 0.544 (차이 +79 mm) — **앞면 쪽을 쓴다** [slot_y_from_shelf_front]
[INFO] [1790615457.983863034] [manipulation_node]: 빈칸 깊이: 관측 y 0.510 → 칸중심 0.610 · 앞면 실측 0.444 → 칸중심 0.544 (차이 +66 mm) — **앞면 쪽을 쓴다** [slot_y_from_shelf_front]
[INFO] [1790615457.984103793] [manipulation_node]: 빈칸 깊이: 관측 y 0.539 → 칸중심 0.638 · 앞면 실측 0.444 → 칸중심 0.544 (차이 +95 mm) — **앞면 쪽을 쓴다** [slot_y_from_shelf_front]
[INFO] [1790615457.984447132] [manipulation_node]: 빈칸 x: 검출 +0.2588 → 실측 빈칸 중심 +0.2733 (+14.5 mm, 빈칸 폭 95.8 mm, 책 두께 35.2 mm, 남는 여유 한쪽 30.3 mm, 판 상대높이 +0.000 m) [slot_x_snap_to_gap]
[INFO] [1790615457.984716907] [manipulation_node]: [배정] 책 35.2 mm → 칸 95.8 mm (여유 합 60.6 mm)
[INFO] [1790615457.984966634] [manipulation_node]: 빈칸 선택: 책 사이 틈 관측 (0.273, 0.523, 0.356) → 칸 중심 y 0.544, z 0.340 (판 높이로 스냅); 꽂기 전 차체를 옆으로 +0.623 m 옮겨 틈을 x -0.35 에 둔다
[INFO] [1790615457.985237762] [manipulation_node]: 빈 슬롯 스캔 완료: (-0.35, 0.5439, 0.3399), 삽입깊이 0.300m
[INFO] [1790615457.987956146] [manipulation_node]: 베이스 회전 명령 전송 (목표 yaw +0°, 서가 거리 0.444)
[INFO] [1790615464.048373186] [manipulation_node]: 베이스 회전 완료
[WARN] [1790615464.149002962] [manipulation_node]: 책 관측이 안 정해진다: 관측 1개가 책 1권에 흩어져 있다 — 가장 많이 본 것도 1개뿐이라 (필요 2) 어느 것이 튄 값인지 알 수 없다 — 더 본다
[WARN] [1790615464.249498967] [manipulation_node]: 책 관측이 안 정해진다: 관측 1개가 책 1권에 흩어져 있다 — 가장 많이 본 것도 1개뿐이라 (필요 2) 어느 것이 튄 값인지 알 수 없다 — 더 본다
[WARN] [1790615464.349974252] [manipulation_node]: 책 관측이 안 정해진다: 관측 1개가 책 1권에 흩어져 있다 — 가장 많이 본 것도 1개뿐이라 (필요 2) 어느 것이 튄 값인지 알 수 없다 — 더 본다
[WARN] [1790615464.450425600] [manipulation_node]: 책 관측이 안 정해진다: 관측 1개가 책 1권에 흩어져 있다 — 가장 많이 본 것도 1개뿐이라 (필요 2) 어느 것이 튄 값인지 알 수 없다 — 더 본다
[WARN] [1790615464.550869233] [manipulation_node]: 책 관측이 안 정해진다: 관측 1개가 책 1권에 흩어져 있다 — 가장 많이 본 것도 1개뿐이라 (필요 2) 어느 것이 튄 값인지 알 수 없다 — 더 본다
[INFO] [1790615464.651465273] [manipulation_node]: 책 좌표 정함 (-0.3582, -0.0004, +0.2104) — 관측 2개 · 책 1권 · 고른 책 2개 (x 흔들림 1 mm) → 축마다 중앙값
[INFO] [1790615464.652039541] [manipulation_node]: 작업 job_1b1fca77de2c book=book_003 트레이 칸 0 파지 [-0.3581810141244285, -0.0004276174353804868, 0.13454295164396388] (vision) → (-0.35, 0.5438500024676323, 0.3399) 삽입 속도 0.030 m/s
[INFO] [1790615577.578836693] [manipulation_node]: 빈칸 실측이 낡았다 (배치 1회째) — 다음 판은 다시 스캔해야 한다. 트레이 쓴 칸 [0] / 전체 6
[INFO] [1790615577.579093120] [manipulation_node]: PlaceBook 성공 job=job_1b1fca77de2c code=0(OK) phase= 배치 확인
[INFO] [1790615577.585040568] [manipulation_node]: 베이스 회전 명령 전송 (목표 yaw +0°, 서가 거리 0.444)
[INFO] [1790615582.142269872] [manipulation_node]: 베이스 회전 완료
[INFO] [1790615582.142443198] [manipulation_node]: [스캔캐시] 후보 — 관측 7개 (/World/bookshelves_main/shelf_brown__book_shelf_01). 팔 스윕 생략, 빈칸만 다시 잰다
[INFO] [1790615586.348099998] [manipulation_node]: [스캔캐시] 사용 — 관측 7개 (/World/bookshelves_main/shelf_brown__book_shelf_01)
[INFO] [1790615586.348444647] [manipulation_node]: 빈칸 깊이: 관측 y 0.624 → 칸중심 0.724 · 앞면 실측 0.444 → 칸중심 0.544 (차이 +180 mm) — **앞면 쪽을 쓴다** [slot_y_from_shelf_front]
[INFO] [1790615586.348678801] [manipulation_node]: 빈칸 관측 버림 (서가 밖): (-0.781, 0.503, 0.178) 서가 x -0.66~0.66 y 0.41~0.80 z -0.33~2.19
[INFO] [1790615586.348902645] [manipulation_node]: 빈칸 관측 버림 (서가 밖): (-0.782, 0.489, 0.196) 서가 x -0.66~0.66 y 0.41~0.80 z -0.33~2.19
[INFO] [1790615586.349163561] [manipulation_node]: 빈칸 깊이: 관측 y 0.523 → 칸중심 0.623 · 앞면 실측 0.444 → 칸중심 0.544 (차이 +79 mm) — **앞면 쪽을 쓴다** [slot_y_from_shelf_front]
[INFO] [1790615586.349397525] [manipulation_node]: 빈칸 깊이: 관측 y 0.510 → 칸중심 0.610 · 앞면 실측 0.444 → 칸중심 0.544 (차이 +66 mm) — **앞면 쪽을 쓴다** [slot_y_from_shelf_front]
[INFO] [1790615586.349617261] [manipulation_node]: 빈칸 깊이: 관측 y 0.539 → 칸중심 0.638 · 앞면 실측 0.444 → 칸중심 0.544 (차이 +95 mm) — **앞면 쪽을 쓴다** [slot_y_from_shelf_front]
[WARN] [1790615586.349961158] [manipulation_node]: **판을 옮긴다** — 가리킨 판에 자리가 없다 (들어가는 빈칸이 없다 — 실측 빈칸 3개 중 가장 넓은 것이 33.0 mm 인데 책 두께 35.2 mm 에 양쪽 여유 5.0 mm 씩이면 45.2 mm 가 필요하다). 상대 +0.544 m 판의 81 mm 칸으로 간다 (여유 한쪽 22.7 mm). **높이도 그 판 것으로 바꿔야 한다**  칸 중심 z +0.3399 → +0.8839
[INFO] [1790615586.350183379] [manipulation_node]: 빈칸 x: 검출 +0.2588 → 실측 빈칸 중심 -0.4007 (-659.6 mm, 빈칸 폭 80.5 mm, 책 두께 35.2 mm, 남는 여유 한쪽 22.7 mm, 판 상대높이 +0.544 m) [slot_x_snap_to_gap]
[INFO] [1790615586.350407774] [manipulation_node]: [배정] 책 35.2 mm → 칸 80.5 mm (여유 합 45.3 mm)
[INFO] [1790615586.350675033] [manipulation_node]: 빈칸 선택: 책 사이 틈 관측 (-0.401, 0.523, 0.356) → 칸 중심 y 0.544, z 0.884 (판 높이로 스냅); 꽂기 전 차체를 옆으로 -0.051 m 옮겨 틈을 x -0.35 에 둔다
[INFO] [1790615586.350939876] [manipulation_node]: 빈 슬롯 스캔 완료: (-0.35, 0.5439, 0.8839), 삽입깊이 0.300m
[INFO] [1790615586.353684950] [manipulation_node]: 베이스 회전 명령 전송 (목표 yaw +0°, 서가 거리 0.444)
[INFO] [1790615587.072286766] [manipulation_node]: 베이스 회전 완료
[WARN] [1790615587.173003421] [manipulation_node]: 책 관측이 안 정해진다: 관측 1개가 책 1권에 흩어져 있다 — 가장 많이 본 것도 1개뿐이라 (필요 2) 어느 것이 튄 값인지 알 수 없다 — 더 본다
[WARN] [1790615587.273573251] [manipulation_node]: 책 관측이 안 정해진다: 관측 1개가 책 1권에 흩어져 있다 — 가장 많이 본 것도 1개뿐이라 (필요 2) 어느 것이 튄 값인지 알 수 없다 — 더 본다
[WARN] [1790615587.374087914] [manipulation_node]: 책 관측이 안 정해진다: 관측 1개가 책 1권에 흩어져 있다 — 가장 많이 본 것도 1개뿐이라 (필요 2) 어느 것이 튄 값인지 알 수 없다 — 더 본다
[WARN] [1790615587.474603859] [manipulation_node]: 책 관측이 안 정해진다: 관측 1개가 책 1권에 흩어져 있다 — 가장 많이 본 것도 1개뿐이라 (필요 2) 어느 것이 튄 값인지 알 수 없다 — 더 본다
[WARN] [1790615587.575077012] [manipulation_node]: 책 관측이 안 정해진다: 관측 1개가 책 1권에 흩어져 있다 — 가장 많이 본 것도 1개뿐이라 (필요 2) 어느 것이 튄 값인지 알 수 없다 — 더 본다
[INFO] [1790615587.675573099] [manipulation_node]: 책 좌표 정함 (-0.3421, -0.1049, +0.2115) — 관측 2개 · 책 1권 · 고른 책 2개 (x 흔들림 0 mm) → 축마다 중앙값
[INFO] [1790615587.676050134] [manipulation_node]: 작업 job_1b1fca77de2c book=book_004 트레이 칸 1 파지 [-0.34209401342314805, -0.10485791120958993, 0.13564195910960458] (vision) → (-0.35, 0.5438500024676323, 0.8839) 삽입 속도 0.030 m/s
[INFO] [1790615699.704898335] [manipulation_node]: 빈칸 실측이 낡았다 (배치 2회째) — 다음 판은 다시 스캔해야 한다. 트레이 쓴 칸 [0, 1] / 전체 6
[INFO] [1790615699.705268871] [manipulation_node]: PlaceBook 성공 job=job_1b1fca77de2c code=0(OK) phase= 배치 확인
[INFO] [1790615725.613976078] [manipulation_node]: 베이스 회전 명령 전송 (목표 yaw +0°, 서가 거리 0.444)
[INFO] [1790615727.554703113] [manipulation_node]: 베이스 회전 완료
[INFO] [1790615727.554912719] [manipulation_node]: [스캔캐시] 후보 — 관측 7개 (/World/bookshelves_main/shelf_brown__book_shelf_01). 팔 스윕 생략, 빈칸만 다시 잰다
[INFO] [1790615732.424407722] [manipulation_node]: [스캔캐시] 무효 — 서가가 바뀜 /World/bookshelves_main/shelf_brown__book_shelf_01 → /World/bookshelves_main/shelf_brown__book_shelf_11. 스윕한다
[INFO] [1790615755.265765505] [manipulation_node]: [스캔캐시] 저장 — 관측 9개 (/World/bookshelves_main/shelf_brown__book_shelf_11)
[INFO] [1790615755.266078900] [manipulation_node]: 빈칸 관측 버림 (서가 밖): (-0.782, 2.612, 1.382) 서가 x -0.66~0.66 y 0.41~0.80 z -0.33~2.19
[INFO] [1790615755.266339864] [manipulation_node]: 빈칸 깊이: 관측 y 0.542 → 칸중심 0.642 · 앞면 실측 0.444 → 칸중심 0.544 (차이 +98 mm) — **앞면 쪽을 쓴다** [slot_y_from_shelf_front]
[INFO] [1790615755.266592993] [manipulation_node]: 빈칸 깊이: 관측 y 0.612 → 칸중심 0.711 · 앞면 실측 0.444 → 칸중심 0.544 (차이 +168 mm) — **앞면 쪽을 쓴다** [slot_y_from_shelf_front]
[INFO] [1790615755.266840861] [manipulation_node]: 빈칸 깊이: 관측 y 0.548 → 칸중심 0.648 · 앞면 실측 0.444 → 칸중심 0.544 (차이 +104 mm) — **앞면 쪽을 쓴다** [slot_y_from_shelf_front]
[INFO] [1790615755.267062720] [manipulation_node]: 빈칸 관측 버림 (서가 밖): (-0.787, 0.516, 0.186) 서가 x -0.66~0.66 y 0.41~0.80 z -0.33~2.19
[INFO] [1790615755.267308525] [manipulation_node]: 빈칸 깊이: 관측 y 0.491 → 칸중심 0.591 · 앞면 실측 0.444 → 칸중심 0.544 (차이 +47 mm) — **앞면 쪽을 쓴다** [slot_y_from_shelf_front]
[INFO] [1790615755.267555171] [manipulation_node]: 빈칸 깊이: 관측 y 0.490 → 칸중심 0.590 · 앞면 실측 0.444 → 칸중심 0.544 (차이 +46 mm) — **앞면 쪽을 쓴다** [slot_y_from_shelf_front]
[INFO] [1790615755.267801607] [manipulation_node]: 빈칸 깊이: 관측 y 0.502 → 칸중심 0.602 · 앞면 실측 0.444 → 칸중심 0.544 (차이 +58 mm) — **앞면 쪽을 쓴다** [slot_y_from_shelf_front]
[INFO] [1790615755.268047342] [manipulation_node]: 빈칸 깊이: 관측 y 0.502 → 칸중심 0.602 · 앞면 실측 0.444 → 칸중심 0.544 (차이 +58 mm) — **앞면 쪽을 쓴다** [slot_y_from_shelf_front]
[INFO] [1790615755.268442886] [manipulation_node]: 빈칸 x: 검출 -0.0595 → 실측 빈칸 중심 -0.0896 (-30.0 mm, 빈칸 폭 85.9 mm, 책 두께 35.2 mm, 남는 여유 한쪽 25.4 mm, 판 상대높이 +0.000 m) [slot_x_snap_to_gap]
[INFO] [1790615755.268847627] [manipulation_node]: [배정] 책 35.2 mm → 칸 85.9 mm (여유 합 50.7 mm)
[INFO] [1790615755.269267258] [manipulation_node]: 빈칸 선택: 책 사이 틈 관측 (-0.090, 0.502, 0.359) → 칸 중심 y 0.544, z 0.340 (판 높이로 스냅); 꽂기 전 차체를 옆으로 +0.260 m 옮겨 틈을 x -0.35 에 둔다
[INFO] [1790615755.269634387] [manipulation_node]: 빈 슬롯 스캔 완료: (-0.35, 0.5439, 0.3399), 삽입깊이 0.300m
[INFO] [1790615755.272259487] [manipulation_node]: 베이스 회전 명령 전송 (목표 yaw +0°, 서가 거리 0.444)
[INFO] [1790615757.190912248] [manipulation_node]: 베이스 회전 완료
[WARN] [1790615757.792014706] [manipulation_node]: 책 관측이 안 정해진다: 관측 1개가 책 1권에 흩어져 있다 — 가장 많이 본 것도 1개뿐이라 (필요 2) 어느 것이 튄 값인지 알 수 없다 — 더 본다
[WARN] [1790615757.892508159] [manipulation_node]: 책 관측이 안 정해진다: 관측 1개가 책 1권에 흩어져 있다 — 가장 많이 본 것도 1개뿐이라 (필요 2) 어느 것이 튄 값인지 알 수 없다 — 더 본다
[WARN] [1790615757.992947067] [manipulation_node]: 책 관측이 안 정해진다: 관측 1개가 책 1권에 흩어져 있다 — 가장 많이 본 것도 1개뿐이라 (필요 2) 어느 것이 튄 값인지 알 수 없다 — 더 본다
[WARN] [1790615758.093388906] [manipulation_node]: 책 관측이 안 정해진다: 관측 1개가 책 1권에 흩어져 있다 — 가장 많이 본 것도 1개뿐이라 (필요 2) 어느 것이 튄 값인지 알 수 없다 — 더 본다
[WARN] [1790615758.193944956] [manipulation_node]: 책 관측이 안 정해진다: 관측 1개가 책 1권에 흩어져 있다 — 가장 많이 본 것도 1개뿐이라 (필요 2) 어느 것이 튄 값인지 알 수 없다 — 더 본다
[INFO] [1790615758.294454216] [manipulation_node]: 책 좌표 정함 (-0.3162, +0.0770, +0.2142) — 관측 2개 · 책 1권 · 고른 책 2개 (x 흔들림 1 mm) → 축마다 중앙값
[INFO] [1790615758.294916789] [manipulation_node]: 작업 job_1b1fca77de2c book=book_001 트레이 칸 2 파지 [-0.31617955422167765, 0.07697525361994073, 0.13833643448805902] (vision) → (-0.35, 0.5438500024676323, 0.3399) 삽입 속도 0.030 m/s
[INFO] [1790615868.553078216] [manipulation_node]: 빈칸 실측이 낡았다 (배치 3회째) — 다음 판은 다시 스캔해야 한다. 트레이 쓴 칸 [0, 1, 2] / 전체 6
[INFO] [1790615868.553347135] [manipulation_node]: PlaceBook 성공 job=job_1b1fca77de2c code=0(OK) phase= 배치 확인
[INFO] [1790615868.559603223] [manipulation_node]: 베이스 회전 명령 전송 (목표 yaw +0°, 서가 거리 0.444)
[INFO] [1790615870.333644042] [manipulation_node]: 베이스 회전 완료
[INFO] [1790615870.333863645] [manipulation_node]: [스캔캐시] 후보 — 관측 9개 (/World/bookshelves_main/shelf_brown__book_shelf_11). 팔 스윕 생략, 빈칸만 다시 잰다
[INFO] [1790615874.532884556] [manipulation_node]: [스캔캐시] 사용 — 관측 9개 (/World/bookshelves_main/shelf_brown__book_shelf_11)
[INFO] [1790615874.533107265] [manipulation_node]: 빈칸 관측 버림 (서가 밖): (-0.782, 2.612, 1.382) 서가 x -0.66~0.66 y 0.41~0.80 z -0.33~2.19
[INFO] [1790615874.533305828] [manipulation_node]: 빈칸 깊이: 관측 y 0.542 → 칸중심 0.642 · 앞면 실측 0.444 → 칸중심 0.544 (차이 +98 mm) — **앞면 쪽을 쓴다** [slot_y_from_shelf_front]
[INFO] [1790615874.533537975] [manipulation_node]: 빈칸 깊이: 관측 y 0.612 → 칸중심 0.711 · 앞면 실측 0.444 → 칸중심 0.544 (차이 +168 mm) — **앞면 쪽을 쓴다** [slot_y_from_shelf_front]
[INFO] [1790615874.533694958] [manipulation_node]: 빈칸 깊이: 관측 y 0.548 → 칸중심 0.648 · 앞면 실측 0.444 → 칸중심 0.544 (차이 +104 mm) — **앞면 쪽을 쓴다** [slot_y_from_shelf_front]
[INFO] [1790615874.533831180] [manipulation_node]: 빈칸 관측 버림 (서가 밖): (-0.787, 0.516, 0.186) 서가 x -0.66~0.66 y 0.41~0.80 z -0.33~2.19
[INFO] [1790615874.533991209] [manipulation_node]: 빈칸 깊이: 관측 y 0.491 → 칸중심 0.591 · 앞면 실측 0.444 → 칸중심 0.544 (차이 +47 mm) — **앞면 쪽을 쓴다** [slot_y_from_shelf_front]
[INFO] [1790615874.534169001] [manipulation_node]: 빈칸 깊이: 관측 y 0.490 → 칸중심 0.590 · 앞면 실측 0.444 → 칸중심 0.544 (차이 +46 mm) — **앞면 쪽을 쓴다** [slot_y_from_shelf_front]
[INFO] [1790615874.534322287] [manipulation_node]: 빈칸 깊이: 관측 y 0.502 → 칸중심 0.602 · 앞면 실측 0.444 → 칸중심 0.544 (차이 +58 mm) — **앞면 쪽을 쓴다** [slot_y_from_shelf_front]
[INFO] [1790615874.534520629] [manipulation_node]: 빈칸 깊이: 관측 y 0.502 → 칸중심 0.602 · 앞면 실측 0.444 → 칸중심 0.544 (차이 +58 mm) — **앞면 쪽을 쓴다** [slot_y_from_shelf_front]
[WARN] [1790615874.534886644] [manipulation_node]: **판을 옮긴다** — 가리킨 판에 자리가 없다 (들어가는 빈칸이 없다 — 실측 빈칸 2개 중 가장 넓은 것이 23.3 mm 인데 책 두께 35.2 mm 에 양쪽 여유 5.0 mm 씩이면 45.2 mm 가 필요하다). 상대 +0.544 m 판의 83 mm 칸으로 간다 (여유 한쪽 23.9 mm). **높이도 그 판 것으로 바꿔야 한다**  칸 중심 z +0.3399 → +0.8839
[INFO] [1790615874.535117760] [manipulation_node]: 빈칸 x: 검출 -0.0595 → 실측 빈칸 중심 +0.1387 (+198.3 mm, 빈칸 폭 82.9 mm, 책 두께 35.2 mm, 남는 여유 한쪽 23.9 mm, 판 상대높이 +0.544 m) [slot_x_snap_to_gap]
[INFO] [1790615874.535342343] [manipulation_node]: [배정] 책 35.2 mm → 칸 82.9 mm (여유 합 47.7 mm)
[INFO] [1790615874.535598988] [manipulation_node]: 빈칸 선택: 책 사이 틈 관측 (0.139, 0.502, 0.359) → 칸 중심 y 0.544, z 0.884 (판 높이로 스냅); 꽂기 전 차체를 옆으로 +0.489 m 옮겨 틈을 x -0.35 에 둔다
[INFO] [1790615874.535856193] [manipulation_node]: 빈 슬롯 스캔 완료: (-0.35, 0.5439, 0.8839), 삽입깊이 0.300m
[INFO] [1790615874.538666499] [manipulation_node]: 베이스 회전 명령 전송 (목표 yaw +0°, 서가 거리 0.444)
[INFO] [1790615877.984714854] [manipulation_node]: 베이스 회전 완료
[WARN] [1790615882.089978295] [manipulation_node]: 책 관측이 안 정해진다: 관측 1개가 책 1권에 흩어져 있다 — 가장 많이 본 것도 1개뿐이라 (필요 2) 어느 것이 튄 값인지 알 수 없다 — 더 본다
[WARN] [1790615882.190384340] [manipulation_node]: 책 관측이 안 정해진다: 관측 1개가 책 1권에 흩어져 있다 — 가장 많이 본 것도 1개뿐이라 (필요 2) 어느 것이 튄 값인지 알 수 없다 — 더 본다
[WARN] [1790615882.290855320] [manipulation_node]: 책 관측이 안 정해진다: 관측 1개가 책 1권에 흩어져 있다 — 가장 많이 본 것도 1개뿐이라 (필요 2) 어느 것이 튄 값인지 알 수 없다 — 더 본다
[WARN] [1790615882.391264000] [manipulation_node]: 책 관측이 안 정해진다: 관측 1개가 책 1권에 흩어져 있다 — 가장 많이 본 것도 1개뿐이라 (필요 2) 어느 것이 튄 값인지 알 수 없다 — 더 본다
[WARN] [1790615882.491685014] [manipulation_node]: 책 관측이 안 정해진다: 관측 1개가 책 1권에 흩어져 있다 — 가장 많이 본 것도 1개뿐이라 (필요 2) 어느 것이 튄 값인지 알 수 없다 — 더 본다
[INFO] [1790615882.592190511] [manipulation_node]: 책 좌표 정함 (-0.3552, +0.1581, +0.2134) — 관측 2개 · 책 1권 · 고른 책 2개 (x 흔들림 1 mm) → 축마다 중앙값
[INFO] [1790615882.592656048] [manipulation_node]: 작업 job_1b1fca77de2c book=book_002 트레이 칸 3 파지 [-0.35519584165524043, 0.1580663071941083, 0.1375655726647318] (vision) → (-0.35, 0.5438500024676323, 0.8839) 삽입 속도 0.030 m/s
[INFO] [1790615997.553834640] [manipulation_node]: 빈칸 실측이 낡았다 (배치 4회째) — 다음 판은 다시 스캔해야 한다. 트레이 쓴 칸 [0, 1, 2, 3] / 전체 6
[INFO] [1790615997.554131411] [manipulation_node]: PlaceBook 성공 job=job_1b1fca77de2c code=0(OK) phase= 배치 확인
