책 대체: 저장소 usd_v2 4권
남은 Isaac 종료: 15739
남은 rqt 창 종료:2 개
      (뷰포트 녹화 끔 — REC_EVERY=0)
[1/4] Isaac 시작 (약 3~4분) — 레벨 Final_Level_Shaded_robot.usdc  02:08:49
      준비 대기...
      준비 완료 02:09:19
 [py stderr]: ### 레벨 책 5권을 그대로 쓴다
 [py stderr]: ### 장면 준비: 트레이 칸 6개, 책 5권, 원본 0종
 [py stderr]: ###   팔 베이스 출발 자리 (+4.9850, -5.3071) yaw +90.00° — 돌아왔을 때 여기로 맞춘다
 [py stderr]: ###   루트 출발 자리 (+4.9859, -5.6067) — **복귀는 여기로 간다** (팔 베이스와 0.300 m 다르다)
[2/4] TF·비전·로봇팔·주행·FSM 노드  02:09:19
[3/4] 반납 작업 1건 투입 (25.0s 뒤)  02:09:29
[4/4] 진행 상태 — 검출 좌표·단계 전이를 실시간으로 (같은 내용이 /home/bryankim0200/b1_arm/logs/detections.log 에 남는다)  02:09:29
   02:09:29 [조작] PlaceBook /place_book executor=sim profile=default tray_slots=6 status=/robot/status perception_bridge=True
   02:09:29 [시뮬] 관측 자세 손목(관절 7) -59.2° → +30.8° 로 돌림 [SIM_HOME_J7_DEG=+90] (홈은 그대로)
   02:09:29 [시뮬] 관측 자세 이동 [0.0, 0.0, 0.1] m: 손 [-0.389, 0.079, 0.573] → [-0.389, 0.079, 0.673], 관절 [2.811, -0.514, 0.102, -2.213, 0.051, 1.701, 0.538] → [2.094, -0.576, 0.563, -1.891, 0.3, 1.397, 0.278] (한계 여유 0.873) [SIM_HOME_SHIFT] (홈은
   02:09:55 [FSM] FSM transition completed: PLANNING -> NAV_TO_RETURN
   02:09:55 [FSM] Navigation succeeded: Navigation waypoint is already satisfied in simulation.
   02:09:55 [FSM] FSM transition completed: NAV_TO_RETURN -> RECEIVE_TRAY
   02:09:55 [FSM] FSM transition completed: RECEIVE_TRAY -> SELECT_BOOK
   02:09:55 [FSM] FSM transition completed: SELECT_BOOK -> NAV_TO_SHELF
   02:10:24 [시뮬] [주행] 도착 (-0.548, +1.225)
   02:10:27 [FSM] Navigation succeeded: Navigation completed.
   02:10:27 [FSM] FSM transition completed: NAV_TO_SHELF -> DETECT_TARGET_SLOT
   02:10:27 [조작] 베이스 회전 명령 전송 (목표 yaw +0°, 서가 거리 0.444)
   02:10:27 [시뮬] [주행] 회전 끝 — **실측** yaw +0.00° (목표 +0.00°)
   02:10:27 [시뮬] [주행] 도착 (-0.548, +1.225)
   02:10:27 [시뮬] 서가 앞면 0.443 m → 목표 0.444 m (앞뒤 -0.001), 서가 중심 팔기준 x -0.417 → 옆으로 -0.417: 차체를 0.417 m 옮긴다
   02:10:31 [조작] 베이스 회전 완료
   02:10:31 [시뮬] 서가 앞면 실측 0.444 m (목표 0.444), 서가 x 범위 팔기준 -0.71~+0.71
   02:10:32 [시뮬] [스윕] 시작 자세 q=[2.811, -0.514, 0.102, -2.213, 0.051, 1.701, -1.033]
   02:10:32 [시뮬] [스윕] 판 1.042 (팔기준 z 0.712, 앞면 0.444) 정지점 5/5 여유 0.171 rad 최대변화 0.06 길이 3.95
   02:10:32 [시뮬] [스윕] 판 0.498 (팔기준 z 0.168, 앞면 0.444) 정지점 5/5 여유 0.225 rad 최대변화 0.05 길이 2.52
   02:10:32 [시뮬] 스윕 시작: 판 [1.042, 0.498], 정지점 10개, 정지 1.2s
   02:10:32 [시뮬] [판목록] 레벨 실측 [0.4976, 1.0417, 1.5812, 2.0582, 2.52] · 쓰는 값 [0.497, 0.498, 1.042] · 차이 [-0.3, -0.4, +0.6] mm  (그림자 — 판단은 상수 그대로)
   02:10:39 [비전] ROI 밖 책: (-0.625, 0.536, 0.833) @arm_base_link
   02:10:39 [비전] ROI 밖 책: (0.021, 0.574, 0.394) @arm_base_link
   02:10:39 [비전] ROI 밖 책: (0.062, 0.574, 0.394) @arm_base_link
   02:10:39 [비전] ROI 밖 책: (-0.073, 0.549, 0.397) @arm_base_link
   02:10:39 [비전] ROI 밖 책: (-0.203, 0.535, 0.402) @arm_base_link
   02:10:39 [비전] ROI 밖 책 5권 제외 (남은 0권). ROI [-0.4, -0.2, 0.0] ~ [-0.26, 0.4, 0.32] @arm_base_link
   02:10:39 [비전] Empty center pixel=(276, 259), shelf_front_z=1.528m; Depth L/C/R=0.432/6.085/2.624m; center-left=5.653m, center-right=3.461m; contrast=PASS
   02:10:39 [비전] Empty shelf target: xyz=(-0.562, 1.650, 0.917)
   02:10:39 [비전] ROI 밖 책: (-0.057, 0.530, 0.395) @arm_base_link
   02:10:39 [비전] ROI 밖 책: (0.052, 0.553, 0.393) @arm_base_link
   02:10:39 [비전] ROI 밖 책: (0.316, 0.564, 0.360) @arm_base_link
   02:10:39 [비전] ROI 밖 책: (-0.030, 0.547, 0.394) @arm_base_link
   02:10:39 [비전] ROI 밖 책: (0.117, 0.532, 0.394) @arm_base_link
   02:10:39 [비전] ROI 밖 책 5권 제외 (남은 0권). ROI [-0.4, -0.2, 0.0] ~ [-0.26, 0.4, 0.32] @arm_base_link
   02:10:41 [비전] ROI 밖 책: (0.486, 0.575, 0.394) @arm_base_link
   02:10:41 [비전] ROI 밖 책: (0.333, 0.553, 0.373) @arm_base_link
   02:10:41 [비전] ROI 밖 책: (0.371, 0.537, 0.396) @arm_base_link
   02:10:41 [비전] ROI 밖 책: (0.132, 0.539, 0.393) @arm_base_link
   02:10:41 [비전] ROI 밖 책: (0.195, 0.578, 0.401) @arm_base_link
   02:10:41 [비전] ROI 밖 책: (0.179, 0.532, 0.397) @arm_base_link
   02:10:41 [비전] ROI 밖 책: (0.408, 0.536, 0.395) @arm_base_link
   02:10:41 [비전] ROI 밖 책: (0.548, 0.583, 0.396) @arm_base_link
   02:10:41 [비전] ROI 밖 책: (0.095, 0.535, 0.395) @arm_base_link
   02:10:41 [비전] ROI 밖 책 9권 제외 (남은 0권). ROI [-0.4, -0.2, 0.0] ~ [-0.26, 0.4, 0.32] @arm_base_link
   02:10:42 [비전] ROI 밖 책: (0.498, 0.571, 0.394) @arm_base_link
   02:10:42 [비전] ROI 밖 책: (0.335, 0.541, 0.386) @arm_base_link
   02:10:42 [비전] ROI 밖 책: (0.373, 0.534, 0.395) @arm_base_link
   02:10:42 [비전] ROI 밖 책: (0.473, 0.537, 0.394) @arm_base_link
   02:10:42 [비전] ROI 밖 책: (0.437, 0.573, 0.395) @arm_base_link
   02:10:42 [비전] ROI 밖 책: (-0.043, 0.558, 0.393) @arm_base_link
   02:10:42 [비전] ROI 밖 책: (0.464, 0.574, 0.394) @arm_base_link
   02:10:42 [비전] ROI 밖 책: (0.414, 0.529, 0.395) @arm_base_link
   02:10:42 [비전] ROI 밖 책 8권 제외 (남은 0권). ROI [-0.4, -0.2, 0.0] ~ [-0.26, 0.4, 0.32] @arm_base_link
   02:10:44 [비전] ROI 밖 책: (-0.033, 0.578, 0.392) @arm_base_link
   02:10:44 [비전] ROI 밖 책: (0.589, 0.620, 0.395) @arm_base_link
   02:10:44 [비전] ROI 밖 책: (0.210, 0.536, 0.827) @arm_base_link
   02:10:44 [비전] ROI 밖 책: (0.384, 0.544, 0.395) @arm_base_link
   02:10:44 [비전] ROI 밖 책: (0.430, 0.584, 0.394) @arm_base_link
   02:10:44 [비전] ROI 밖 책: (0.509, 0.605, 0.394) @arm_base_link
   02:10:44 [비전] ROI 밖 책: (0.052, 0.575, 0.393) @arm_base_link
   02:10:44 [비전] ROI 밖 책: (0.554, 0.618, 0.393) @arm_base_link
   02:10:44 [비전] ROI 밖 책: (0.010, 0.575, 0.395) @arm_base_link
   02:10:44 [비전] ROI 밖 책 9권 제외 (남은 0권). ROI [-0.4, -0.2, 0.0] ~ [-0.26, 0.4, 0.32] @arm_base_link
   02:10:44 [비전] Empty center pixel=(286, 550), shelf_front_z=0.617m; Depth L/C/R=0.676/1.387/0.558m; center-left=0.711m, center-right=0.829m; contrast=PASS
   02:10:44 [비전] Empty shelf target: xyz=(0.283, 0.624, 0.345)
   02:10:47 [비전] ROI 밖 책: (-1.032, 0.186, -0.341) @arm_base_link
   02:10:47 [비전] ROI 밖 책: (-0.250, -0.012, 0.203) @arm_base_link
   02:10:47 [비전] ROI 밖 책: (0.122, 0.508, 0.345) @arm_base_link
   02:10:47 [비전] ROI 밖 책 3권 제외 (남은 2권). ROI [-0.4, -0.2, 0.0] ~ [-0.26, 0.4, 0.32] @arm_base_link
   02:10:47 [비전] Book picked(best): xyz=(-0.363, -0.019, 0.215), center=(309, 597), conf=0.81, depth=patch, yaw=0.000 rad (후보 2권)
   02:10:47 [비전] Empty center pixel=(157, 340), shelf_front_z=0.836m; Depth L/C/R=0.909/1.048/0.763m; center-left=0.138m, center-right=0.285m; contrast=PASS
   02:10:47 [비전] Empty shelf target: xyz=(-0.781, 0.503, 0.178)
   02:10:48 [비전] ROI 밖 책: (0.133, 0.511, 0.340) @arm_base_link
   02:10:48 [비전] ROI 밖 책: (0.188, 0.512, 0.364) @arm_base_link
   02:10:48 [비전] ROI 밖 책: (-0.711, 0.091, -0.001) @arm_base_link
   02:10:48 [비전] ROI 밖 책: (0.172, 0.512, 0.342) @arm_base_link
   02:10:48 [비전] ROI 밖 책 4권 제외 (남은 1권). ROI [-0.4, -0.2, 0.0] ~ [-0.26, 0.4, 0.32] @arm_base_link
   02:10:48 [비전] Book picked(best): xyz=(-0.361, -0.019, 0.214), center=(177, 593), conf=0.82, depth=patch, yaw=0.000 rad (후보 1권)
   02:10:48 [비전] Empty center pixel=(83, 336), shelf_front_z=0.811m; Depth L/C/R=0.864/0.955/0.759m; center-left=0.091m, center-right=0.197m; contrast=PASS
   02:10:48 [비전] Empty shelf target: xyz=(-0.782, 0.489, 0.196)
   02:10:50 [비전] ROI 밖 책: (0.561, 0.183, -0.342) @arm_base_link
   02:10:50 [비전] ROI 밖 책 1권 제외 (남은 1권). ROI [-0.4, -0.2, 0.0] ~ [-0.26, 0.4, 0.32] @arm_base_link
   02:10:50 [비전] Book picked(best): xyz=(-0.307, -0.026, 0.201), center=(85, 602), conf=0.91, depth=patch, yaw=0.000 rad (후보 1권)
   02:10:50 [비전] Empty center pixel=(432, 275), shelf_front_z=0.734m; Depth L/C/R=0.720/2.016/0.748m; center-left=1.296m, center-right=1.268m; contrast=PASS
   02:10:50 [비전] Empty shelf target: xyz=(0.259, 0.523, 0.356)
   02:10:51 [비전] ROI 밖 책: (0.594, 0.180, -0.341) @arm_base_link
   02:10:51 [비전] ROI 밖 책 1권 제외 (남은 0권). ROI [-0.4, -0.2, 0.0] ~ [-0.26, 0.4, 0.32] @arm_base_link
   02:10:51 [비전] Empty center pixel=(359, 274), shelf_front_z=0.718m; Depth L/C/R=0.697/2.043/0.738m; center-left=1.346m, center-right=1.305m; contrast=PASS
   02:10:51 [비전] Empty shelf target: xyz=(0.262, 0.510, 0.367)
   02:10:53 [비전] ROI 밖 책: (0.675, 0.183, -0.342) @arm_base_link
   02:10:53 [비전] ROI 밖 책: (-0.318, 0.522, 0.349) @arm_base_link
   02:10:53 [비전] ROI 밖 책: (0.487, 0.520, 0.360) @arm_base_link
   02:10:53 [비전] ROI 밖 책 3권 제외 (남은 0권). ROI [-0.4, -0.2, 0.0] ~ [-0.26, 0.4, 0.32] @arm_base_link
   02:10:53 [비전] Empty center pixel=(294, 273), shelf_front_z=0.748m; Depth L/C/R=0.784/2.052/0.713m; center-left=1.268m, center-right=1.339m; contrast=PASS
   02:10:53 [비전] Empty shelf target: xyz=(0.288, 0.539, 0.352)
   02:10:58 [FSM] Empty slot detected: frame_id=arm_base_link, x=-0.350, y=0.544, z=0.340, confidence=1.00, candidate_count=7
   02:10:58 [FSM] FSM transition completed: DETECT_TARGET_SLOT -> PLACE_BOOK
   02:10:58 [FSM] Book-placement goal was accepted.
   02:10:58 [조작] 빈칸 관측 버림 (서가 밖): (-0.781, 0.503, 0.178) 서가 x -0.66~0.66 y 0.41~0.80 z -0.33~2.19
   02:10:58 [조작] 빈칸 관측 버림 (서가 밖): (-0.782, 0.489, 0.196) 서가 x -0.66~0.66 y 0.41~0.80 z -0.33~2.19
   02:10:58 [조작] 빈칸 선택: 책 사이 틈 관측 (0.273, 0.523, 0.356) → 칸 중심 y 0.544, z 0.340 (판 높이로 스냅); 꽂기 전 차체를 옆으로 +0.623 m 옮겨 틈을 x -0.35 에 둔다
   02:10:58 [조작] 빈 슬롯 스캔 완료: (-0.35, 0.5439, 0.3399), 삽입깊이 0.300m
   02:10:58 [조작] 베이스 회전 명령 전송 (목표 yaw +0°, 서가 거리 0.444)
   02:10:58 [시뮬] 작업 job_1b1fca77de2c:scan SUCCEEDED {'phase': 'scan_done', 'message': '서가 스캔 완료', 'placement_verified': False, 'sim_steps': 2039, 'render_steps': 2039} (25.6s)
   02:10:58 [시뮬] 서가 앞면 0.444 m → 목표 0.444 m (앞뒤 +0.000), 서가 중심 팔기준 x +0.623 → 옆으로 +0.623: 차체를 0.623 m 옮긴다
   02:11:04 [비전] ROI 밖 책: (-0.123, -0.670, -0.341) @arm_base_link
   02:11:04 [비전] ROI 밖 책: (-0.232, 0.505, 0.206) @arm_base_link
   02:11:04 [비전] ROI 밖 책: (-0.531, 0.505, 0.209) @arm_base_link
   02:11:04 [비전] ROI 밖 책: (0.485, 0.290, -0.341) @arm_base_link
   02:11:04 [비전] ROI 밖 책 4권 제외 (남은 1권). ROI [-0.4, -0.2, 0.0] ~ [-0.26, 0.4, 0.32] @arm_base_link
   02:11:04 [비전] Book picked(best): xyz=(-0.357, -0.000, 0.210), center=(263, 314), conf=0.69, depth=patch, yaw=0.000 rad (후보 1권)
   02:11:04 [비전] ROI 밖 책: (-0.123, -0.670, -0.341) @arm_base_link
   02:11:04 [비전] ROI 밖 책: (-0.232, 0.505, 0.206) @arm_base_link
   02:11:04 [비전] ROI 밖 책: (-0.531, 0.505, 0.207) @arm_base_link
   02:11:04 [비전] ROI 밖 책 3권 제외 (남은 2권). ROI [-0.4, -0.2, 0.0] ~ [-0.26, 0.4, 0.32] @arm_base_link
   02:11:04 [비전] Book picked(best): xyz=(-0.359, -0.000, 0.210), center=(263, 313), conf=0.77, depth=patch, yaw=0.000 rad (후보 2권)
   02:11:04 [조작] 베이스 회전 완료
   02:11:04 [시뮬] 서가 앞면 실측 0.444 m (목표 0.444), 서가 x 범위 팔기준 -1.33~+0.08
   02:11:05 [조작] 책 좌표 정함 (-0.3582, -0.0004, +0.2104) — 관측 2개 · 책 1권 · 고른 책 2개 (x 흔들림 1 mm) → 축마다 중앙값
   02:11:05 [조작] 작업 job_1b1fca77de2c book=book_003 트레이 칸 0 파지 [-0.3581810141244285, -0.0004276174353804868, 0.13454295164396388] (vision) → (-0.35, 0.5438500024676323, 0.3399) 삽입 속도 0.030 m/s
   02:11:15 [시뮬] [JUDGE] 손 안 어긋남(406) **판별불가** — 키네마틱 파지는 매 스텝 책을 손에 맞춰 다시 써 넣는다. 이 신호는 마찰 파지(SIM_GRASP_KINEMATIC=0)에서만 의미가 있다
   02:11:21 [시뮬] [JUDGE] rise=16.9cm(ok) width=13.6mm = 지령 13.6mm (책 반두께 17.6) → **판별불가** [키네마틱 파지라 빈손이어도 같은 값이 나온다]
   02:12:57 [FSM] FSM transition completed: PLACE_BOOK -> UPDATE_DATA
   02:12:57 [FSM] FSM transition completed: UPDATE_DATA -> NEXT_BOOK
   02:12:57 [FSM] FSM transition completed: NEXT_BOOK -> SELECT_BOOK
   02:12:57 [FSM] FSM transition completed: SELECT_BOOK -> NAV_TO_SHELF
   02:12:57 [FSM] Navigation succeeded: Navigation waypoint is already satisfied in simulation.
   02:12:57 [FSM] FSM transition completed: NAV_TO_SHELF -> DETECT_TARGET_SLOT
   02:12:57 [조작] PlaceBook 성공 job=job_1b1fca77de2c code=0(OK) phase= 배치 확인
   02:12:57 [조작] 베이스 회전 명령 전송 (목표 yaw +0°, 서가 거리 0.444)
   02:12:57 [시뮬] [JUDGE] width_hold=판별불가[키네마틱] (13.6 → 최소 13.6 mm, 한쪽 기준)
   02:12:57 [시뮬] 작업 job_1b1fca77de2c SUCCEEDED {'phase': 'verify', 'message': '배치 확인', 'placement_verified': True, 'checks': {'upright': True, 'depth': True, 'spine': True, 'x': True, 'floor': True, 'skew': True, 'no_jam': True}, 'fallen
   02:12:57 [시뮬] 서가 앞면 0.444 m → 목표 0.444 m (앞뒤 +0.000), 서가 중심 팔기준 x -0.623 → 옆으로 -0.623: 차체를 0.623 m 옮긴다
   02:13:02 [조작] 베이스 회전 완료
   02:13:02 [시뮬] 서가 앞면 실측 0.444 m (목표 0.444), 서가 x 범위 팔기준 -0.71~+0.71
   02:13:02 [시뮬] [재측정] 스윕 없이 빈칸만 다시 재고 관측 자세로 돌아간다 — 서가 /World/bookshelves_main/shelf_brown__book_shelf_01 · 판 [1.042, 0.498] · 빈칸 4개 · 관측 자세까지 Δ최대 1.311 rad
   02:13:06 [FSM] Empty slot detected: frame_id=arm_base_link, x=-0.350, y=0.544, z=0.884, confidence=1.00, candidate_count=7
   02:13:06 [FSM] FSM transition completed: DETECT_TARGET_SLOT -> PLACE_BOOK
   02:13:06 [FSM] Book-placement goal was accepted.
   02:13:06 [조작] 빈칸 관측 버림 (서가 밖): (-0.781, 0.503, 0.178) 서가 x -0.66~0.66 y 0.41~0.80 z -0.33~2.19
   02:13:06 [조작] 빈칸 관측 버림 (서가 밖): (-0.782, 0.489, 0.196) 서가 x -0.66~0.66 y 0.41~0.80 z -0.33~2.19
   02:13:06 [조작] 빈칸 선택: 책 사이 틈 관측 (-0.401, 0.523, 0.356) → 칸 중심 y 0.544, z 0.884 (판 높이로 스냅); 꽂기 전 차체를 옆으로 -0.051 m 옮겨 틈을 x -0.35 에 둔다
   02:13:06 [조작] 빈 슬롯 스캔 완료: (-0.35, 0.5439, 0.8839), 삽입깊이 0.300m
   02:13:06 [조작] 베이스 회전 명령 전송 (목표 yaw +0°, 서가 거리 0.444)
   02:13:06 [시뮬] 작업 job_1b1fca77de2c:scan SUCCEEDED {'phase': 'scan_done', 'message': '서가 스캔 완료', 'placement_verified': False, 'sim_steps': 324, 'render_steps': 324} (4.2s)
   02:13:06 [시뮬] 서가 앞면 0.444 m → 목표 0.444 m (앞뒤 +0.000), 서가 중심 팔기준 x -0.051 → 옆으로 -0.051: 차체를 0.051 m 옮긴다
   02:13:07 [비전] ROI 밖 책: (-0.107, -0.708, -0.341) @arm_base_link
   02:13:07 [비전] ROI 밖 책 1권 제외 (남은 1권). ROI [-0.4, -0.2, 0.0] ~ [-0.26, 0.4, 0.32] @arm_base_link
   02:13:07 [비전] Book picked(best): xyz=(-0.342, -0.104, 0.212), center=(189, 325), conf=0.68, depth=patch, yaw=0.000 rad (후보 1권)
   02:13:07 [비전] ROI 밖 책: (-0.107, -0.714, -0.341) @arm_base_link
   02:13:07 [비전] ROI 밖 책 1권 제외 (남은 1권). ROI [-0.4, -0.2, 0.0] ~ [-0.26, 0.4, 0.32] @arm_base_link
   02:13:07 [비전] Book picked(best): xyz=(-0.342, -0.106, 0.211), center=(188, 325), conf=0.59, depth=patch, yaw=0.000 rad (후보 1권)
   02:13:07 [조작] 베이스 회전 완료
   02:13:07 [조작] 책 좌표 정함 (-0.3421, -0.1049, +0.2115) — 관측 2개 · 책 1권 · 고른 책 2개 (x 흔들림 0 mm) → 축마다 중앙값
   02:13:07 [조작] 작업 job_1b1fca77de2c book=book_004 트레이 칸 1 파지 [-0.34209401342314805, -0.10485791120958993, 0.13564195910960458] (vision) → (-0.35, 0.5438500024676323, 0.8839) 삽입 속도 0.030 m/s
   02:13:07 [시뮬] 서가 앞면 실측 0.444 m (목표 0.444), 서가 x 범위 팔기준 -0.66~+0.76
   02:13:20 [시뮬] [JUDGE] 손 안 어긋남(406) **판별불가** — 키네마틱 파지는 매 스텝 책을 손에 맞춰 다시 써 넣는다. 이 신호는 마찰 파지(SIM_GRASP_KINEMATIC=0)에서만 의미가 있다
   02:13:26 [시뮬] [JUDGE] rise=17.0cm(ok) width=17.6mm = 지령 17.6mm (책 반두께 21.6) → **판별불가** [키네마틱 파지라 빈손이어도 같은 값이 나온다]
   02:14:59 [FSM] FSM transition completed: PLACE_BOOK -> UPDATE_DATA
   02:14:59 [FSM] FSM transition completed: UPDATE_DATA -> NEXT_BOOK
   02:14:59 [FSM] FSM transition completed: NEXT_BOOK -> SELECT_BOOK
   02:14:59 [FSM] FSM transition completed: SELECT_BOOK -> NAV_TO_SHELF
   02:14:59 [조작] PlaceBook 성공 job=job_1b1fca77de2c code=0(OK) phase= 배치 확인
   02:14:59 [시뮬] [JUDGE] width_hold=판별불가[키네마틱] (17.6 → 최소 17.6 mm, 한쪽 기준)
   02:14:59 [시뮬] 작업 job_1b1fca77de2c SUCCEEDED {'phase': 'verify', 'message': '배치 확인', 'placement_verified': True, 'checks': {'upright': True, 'depth': True, 'spine': True, 'x': True, 'floor': True, 'skew': True, 'no_jam': True}, 'fallen
   02:15:22 [시뮬] [주행] 도착 (+2.535, -3.019)
   02:15:25 [FSM] Navigation succeeded: Navigation completed.
   02:15:25 [FSM] FSM transition completed: NAV_TO_SHELF -> DETECT_TARGET_SLOT
   02:15:25 [조작] 베이스 회전 명령 전송 (목표 yaw +0°, 서가 거리 0.444)
   02:15:25 [시뮬] [주행] 회전 끝 — **실측** yaw +0.00° (목표 +0.00°)
   02:15:25 [시뮬] [주행] 도착 (+2.535, -3.019)
   02:15:25 [시뮬] 서가 앞면 0.443 m → 목표 0.444 m (앞뒤 -0.001), 서가 중심 팔기준 x -0.261 → 옆으로 -0.261: 차체를 0.261 m 옮긴다
   02:15:27 [조작] 베이스 회전 완료
   02:15:27 [시뮬] 서가 앞면 실측 0.444 m (목표 0.444), 서가 x 범위 팔기준 -0.71~+0.71
   02:15:27 [시뮬] [재측정] 스윕 없이 빈칸만 다시 재고 관측 자세로 돌아간다 — 서가 /World/bookshelves_main/shelf_brown__book_shelf_11 · 판 [1.042, 0.498] · 빈칸 2개 · 관측 자세까지 Δ최대 1.539 rad
   02:15:32 [시뮬] 작업 job_1b1fca77de2c:scan SUCCEEDED {'phase': 'scan_done', 'message': '서가 스캔 완료', 'placement_verified': False, 'sim_steps': 377, 'render_steps': 377} (4.8s)
   02:15:32 [시뮬] [스윕] 시작 자세 q=[2.0937, -0.5757, 0.5627, -1.8915, 0.2999, 1.3974, 0.2783]
   02:15:32 [시뮬] [스윕] 판 1.042 (팔기준 z 0.712, 앞면 0.444) 정지점 5/5 여유 0.518 rad 최대변화 0.06 길이 2.68
   02:15:32 [시뮬] [스윕] 판 0.498 (팔기준 z 0.168, 앞면 0.444) 정지점 5/5 여유 0.221 rad 최대변화 0.05 길이 2.45
   02:15:32 [시뮬] 스윕 시작: 판 [1.042, 0.498], 정지점 10개, 정지 1.2s
   02:15:32 [시뮬] [판목록] 레벨 실측 [0.4976, 1.0417, 1.5812, 2.0582, 2.52] · 쓰는 값 [0.497, 0.498, 1.042] · 차이 [-0.3, -0.4, +0.6] mm  (그림자 — 판단은 상수 그대로)
   02:15:35 [비전] ROI 밖 책: (-0.629, 0.507, 0.836) @arm_base_link
   02:15:35 [비전] ROI 밖 책 1권 제외 (남은 0권). ROI [-0.4, -0.2, 0.0] ~ [-0.26, 0.4, 0.32] @arm_base_link
   02:15:35 [비전] Empty center pixel=(263, 198), shelf_front_z=2.394m; Depth L/C/R=2.392/4.407/2.395m; center-left=2.014m, center-right=2.011m; contrast=PASS
   02:15:35 [비전] Empty shelf target: xyz=(-0.782, 2.612, 1.382)
   02:15:37 [비전] ROI 밖 책: (0.022, 0.545, 0.395) @arm_base_link
   02:15:37 [비전] ROI 밖 책: (0.237, 0.554, 0.420) @arm_base_link
   02:15:37 [비전] ROI 밖 책: (0.308, 0.548, 0.397) @arm_base_link
   02:15:37 [비전] ROI 밖 책: (-0.028, 0.524, 0.392) @arm_base_link
   02:15:37 [비전] ROI 밖 책 4권 제외 (남은 0권). ROI [-0.4, -0.2, 0.0] ~ [-0.26, 0.4, 0.32] @arm_base_link
   02:15:38 [비전] ROI 밖 책: (0.461, 0.547, 0.394) @arm_base_link
   02:15:38 [비전] ROI 밖 책: (0.502, 0.561, 0.394) @arm_base_link
   02:15:38 [비전] ROI 밖 책: (0.430, 0.537, 0.395) @arm_base_link
   02:15:38 [비전] ROI 밖 책: (0.096, 0.533, 0.395) @arm_base_link
   02:15:38 [비전] ROI 밖 책: (0.043, 0.541, 0.394) @arm_base_link
   02:15:38 [비전] ROI 밖 책: (0.522, 0.559, 0.394) @arm_base_link
   02:15:38 [비전] ROI 밖 책: (0.384, 0.547, 0.395) @arm_base_link
   02:15:38 [비전] ROI 밖 책: (0.346, 0.536, 0.396) @arm_base_link
   02:15:38 [비전] ROI 밖 책: (0.304, 0.536, 0.396) @arm_base_link
   02:15:38 [비전] ROI 밖 책: (0.179, 0.527, 0.397) @arm_base_link
   02:15:38 [비전] ROI 밖 책: (0.060, 0.547, 0.393) @arm_base_link
   02:15:38 [비전] ROI 밖 책: (0.431, 0.549, 0.394) @arm_base_link
   02:15:38 [비전] ROI 밖 책: (0.452, 0.541, 0.394) @arm_base_link
   02:15:38 [비전] ROI 밖 책: (0.450, 0.522, 0.394) @arm_base_link
   02:15:38 [비전] ROI 밖 책: (0.260, 0.523, 0.395) @arm_base_link
   02:15:38 [비전] ROI 밖 책: (0.316, 0.529, 0.397) @arm_base_link
   02:15:38 [비전] ROI 밖 책 16권 제외 (남은 0권). ROI [-0.4, -0.2, 0.0] ~ [-0.26, 0.4, 0.32] @arm_base_link
   02:15:38 [비전] Empty center pixel=(415, 288), shelf_front_z=0.447m; Depth L/C/R=0.411/10.414/0.483m; center-left=10.003m, center-right=9.931m; contrast=PASS
   02:15:38 [비전] Empty shelf target: xyz=(0.134, 0.542, 0.860)
   02:15:39 [비전] ROI 밖 책: (0.428, 0.536, 0.395) @arm_base_link
   02:15:39 [비전] ROI 밖 책: (0.265, 0.525, 0.393) @arm_base_link
   02:15:39 [비전] ROI 밖 책: (0.377, 0.528, 0.395) @arm_base_link
   02:15:39 [비전] ROI 밖 책: (0.501, 0.562, 0.393) @arm_base_link
   02:15:39 [비전] ROI 밖 책: (0.300, 0.524, 0.396) @arm_base_link
   02:15:39 [비전] ROI 밖 책: (0.459, 0.544, 0.394) @arm_base_link
   02:15:39 [비전] ROI 밖 책: (-0.018, 0.556, 0.393) @arm_base_link
   02:15:39 [비전] ROI 밖 책: (0.442, 0.531, 0.394) @arm_base_link
   02:15:39 [비전] ROI 밖 책 8권 제외 (남은 0권). ROI [-0.4, -0.2, 0.0] ~ [-0.26, 0.4, 0.32] @arm_base_link
   02:15:39 [비전] Empty center pixel=(300, 296), shelf_front_z=0.519m; Depth L/C/R=0.553/2.480/0.484m; center-left=1.927m, center-right=1.996m; contrast=PASS
   02:15:39 [비전] Empty shelf target: xyz=(0.142, 0.612, 0.842)
   02:15:41 [비전] ROI 밖 책: (0.247, 0.519, 0.394) @arm_base_link
   02:15:41 [비전] ROI 밖 책: (0.267, 0.522, 0.392) @arm_base_link
   02:15:41 [비전] ROI 밖 책: (0.494, 0.547, 0.392) @arm_base_link
   02:15:41 [비전] ROI 밖 책: (0.581, 0.571, 0.395) @arm_base_link
   02:15:41 [비전] ROI 밖 책: (0.428, 0.547, 0.394) @arm_base_link
   02:15:41 [비전] ROI 밖 책: (0.607, 0.557, 0.405) @arm_base_link
   02:15:41 [비전] ROI 밖 책: (0.383, 0.526, 0.395) @arm_base_link
   02:15:41 [비전] ROI 밖 책: (0.460, 0.534, 0.394) @arm_base_link
   02:15:41 [비전] ROI 밖 책: (0.051, 0.548, 0.394) @arm_base_link
   02:15:41 [비전] ROI 밖 책: (0.430, 0.527, 0.394) @arm_base_link
   02:15:41 [비전] ROI 밖 책: (0.594, 0.531, 0.395) @arm_base_link
   02:15:41 [비전] ROI 밖 책 11권 제외 (남은 0권). ROI [-0.4, -0.2, 0.0] ~ [-0.26, 0.4, 0.32] @arm_base_link
   02:15:41 [비전] Empty center pixel=(183, 290), shelf_front_z=0.453m; Depth L/C/R=0.494/4.634/0.412m; center-left=4.139m, center-right=4.221m; contrast=PASS
   02:15:41 [비전] Empty shelf target: xyz=(0.153, 0.548, 0.856)
   02:15:44 [비전] ROI 밖 책: (0.125, 0.481, 0.336) @arm_base_link
   02:15:44 [비전] ROI 밖 책: (0.083, 0.476, 0.341) @arm_base_link
   02:15:44 [비전] ROI 밖 책: (-1.019, 0.185, -0.341) @arm_base_link
   02:15:44 [비전] ROI 밖 책: (0.170, 0.483, 0.325) @arm_base_link
   02:15:44 [비전] ROI 밖 책 4권 제외 (남은 1권). ROI [-0.4, -0.2, 0.0] ~ [-0.26, 0.4, 0.32] @arm_base_link
   02:15:44 [비전] Book picked(best): xyz=(-0.366, 0.151, 0.187), center=(310, 476), conf=0.85, depth=patch, yaw=0.000 rad (후보 1권)
   02:15:44 [비전] Empty center pixel=(156, 336), shelf_front_z=0.843m; Depth L/C/R=0.934/1.075/0.753m; center-left=0.141m, center-right=0.322m; contrast=PASS
   02:15:44 [비전] Empty shelf target: xyz=(-0.787, 0.516, 0.186)
   02:15:46 [비전] ROI 밖 책: (0.368, 0.477, 0.330) @arm_base_link
   02:15:46 [비전] ROI 밖 책: (0.168, 0.483, 0.343) @arm_base_link
   02:15:46 [비전] ROI 밖 책: (0.326, 0.478, 0.330) @arm_base_link
   02:15:46 [비전] ROI 밖 책: (0.129, 0.482, 0.338) @arm_base_link
   02:15:46 [비전] ROI 밖 책: (0.278, 0.480, 0.317) @arm_base_link
   02:15:46 [비전] ROI 밖 책: (0.302, 0.477, 0.322) @arm_base_link
   02:15:46 [비전] ROI 밖 책: (-0.715, 0.091, -0.001) @arm_base_link
   02:15:46 [비전] ROI 밖 책: (0.460, 0.474, 0.343) @arm_base_link
   02:15:46 [비전] ROI 밖 책: (0.700, 0.265, -0.341) @arm_base_link
   02:15:46 [비전] ROI 밖 책: (0.379, 0.475, 0.342) @arm_base_link
   02:15:46 [비전] ROI 밖 책: (0.256, 0.483, 0.306) @arm_base_link
   02:15:46 [비전] ROI 밖 책: (-1.198, 0.489, -0.193) @arm_base_link
   02:15:46 [비전] ROI 밖 책 12권 제외 (남은 0권). ROI [-0.4, -0.2, 0.0] ~ [-0.26, 0.4, 0.32] @arm_base_link
   02:15:46 [비전] Empty center pixel=(354, 279), shelf_front_z=0.704m; Depth L/C/R=0.707/1.999/0.700m; center-left=1.291m, center-right=1.298m; contrast=PASS
   02:15:46 [비전] Empty shelf target: xyz=(-0.100, 0.491, 0.366)
   02:15:47 [비전] ROI 밖 책: (0.369, 0.477, 0.333) @arm_base_link
   02:15:47 [비전] ROI 밖 책: (0.336, 0.478, 0.332) @arm_base_link
   02:15:47 [비전] ROI 밖 책: (0.170, 0.483, 0.347) @arm_base_link
   02:15:47 [비전] ROI 밖 책: (0.282, 0.480, 0.325) @arm_base_link
   02:15:47 [비전] ROI 밖 책: (0.918, 0.465, -0.326) @arm_base_link
   02:15:47 [비전] ROI 밖 책 5권 제외 (남은 0권). ROI [-0.4, -0.2, 0.0] ~ [-0.26, 0.4, 0.32] @arm_base_link
   02:15:47 [비전] Empty center pixel=(286, 280), shelf_front_z=0.704m; Depth L/C/R=0.716/1.990/0.692m; center-left=1.274m, center-right=1.298m; contrast=PASS
   02:15:47 [비전] Empty shelf target: xyz=(-0.076, 0.490, 0.364)
   02:15:48 [비전] ROI 밖 책: (0.447, 0.472, 0.355) @arm_base_link
   02:15:48 [비전] ROI 밖 책: (0.340, 0.479, 0.323) @arm_base_link
   02:15:48 [비전] ROI 밖 책: (0.374, 0.476, 0.325) @arm_base_link
   02:15:48 [비전] ROI 밖 책: (0.480, 0.478, 0.353) @arm_base_link
   02:15:48 [비전] ROI 밖 책: (0.563, 0.038, -0.341) @arm_base_link
   02:15:48 [비전] ROI 밖 책 5권 제외 (남은 0권). ROI [-0.4, -0.2, 0.0] ~ [-0.26, 0.4, 0.32] @arm_base_link
   02:15:48 [비전] Empty center pixel=(214, 280), shelf_front_z=0.718m; Depth L/C/R=0.744/1.973/0.692m; center-left=1.229m, center-right=1.280m; contrast=PASS
   02:15:48 [비전] Empty shelf target: xyz=(-0.066, 0.502, 0.356)
   02:15:50 [비전] ROI 밖 책: (0.482, 0.485, 0.359) @arm_base_link
   02:15:50 [비전] ROI 밖 책: (0.557, 0.485, 0.362) @arm_base_link
   02:15:50 [비전] ROI 밖 책: (0.590, 0.478, 0.345) @arm_base_link
   02:15:50 [비전] ROI 밖 책 3권 제외 (남은 0권). ROI [-0.4, -0.2, 0.0] ~ [-0.26, 0.4, 0.32] @arm_base_link
   02:15:50 [비전] Empty center pixel=(139, 279), shelf_front_z=0.716m; Depth L/C/R=0.742/0.822/0.690m; center-left=0.080m, center-right=0.132m; contrast=PASS
   02:15:50 [비전] Empty shelf target: xyz=(-0.060, 0.502, 0.359)
   02:15:55 [FSM] Empty slot detected: frame_id=arm_base_link, x=-0.350, y=0.544, z=0.340, confidence=1.00, candidate_count=9
   02:15:55 [FSM] FSM transition completed: DETECT_TARGET_SLOT -> PLACE_BOOK
   02:15:55 [FSM] Book-placement goal was accepted.
   02:15:55 [조작] 빈칸 관측 버림 (서가 밖): (-0.782, 2.612, 1.382) 서가 x -0.66~0.66 y 0.41~0.80 z -0.33~2.19
   02:15:55 [조작] 빈칸 관측 버림 (서가 밖): (-0.787, 0.516, 0.186) 서가 x -0.66~0.66 y 0.41~0.80 z -0.33~2.19
   02:15:55 [조작] 빈칸 선택: 책 사이 틈 관측 (-0.090, 0.502, 0.359) → 칸 중심 y 0.544, z 0.340 (판 높이로 스냅); 꽂기 전 차체를 옆으로 +0.260 m 옮겨 틈을 x -0.35 에 둔다
   02:15:55 [조작] 빈 슬롯 스캔 완료: (-0.35, 0.5439, 0.3399), 삽입깊이 0.300m
   02:15:55 [조작] 베이스 회전 명령 전송 (목표 yaw +0°, 서가 거리 0.444)
   02:15:55 [시뮬] 작업 job_1b1fca77de2c:scan SUCCEEDED {'phase': 'scan_done', 'message': '서가 스캔 완료', 'placement_verified': False, 'sim_steps': 1829, 'render_steps': 1829} (22.7s)
   02:15:55 [시뮬] 서가 앞면 0.444 m → 목표 0.444 m (앞뒤 +0.000), 서가 중심 팔기준 x +0.260 → 옆으로 +0.260: 차체를 0.260 m 옮긴다
   02:15:57 [비전] ROI 밖 책: (-0.133, -0.676, -0.341) @arm_base_link
   02:15:57 [비전] ROI 밖 책 1권 제외 (남은 0권). ROI [-0.4, -0.2, 0.0] ~ [-0.26, 0.4, 0.32] @arm_base_link
   02:15:57 [비전] ROI 밖 책: (-0.114, -0.673, -0.341) @arm_base_link
   02:15:57 [비전] ROI 밖 책 1권 제외 (남은 1권). ROI [-0.4, -0.2, 0.0] ~ [-0.26, 0.4, 0.32] @arm_base_link
   02:15:57 [비전] Book picked(best): xyz=(-0.315, 0.077, 0.214), center=(318, 344), conf=0.56, depth=patch, yaw=0.000 rad (후보 1권)
   02:15:57 [조작] 베이스 회전 완료
   02:15:57 [시뮬] 서가 앞면 실측 0.444 m (목표 0.444), 서가 x 범위 팔기준 -0.97~+0.45
   02:15:58 [비전] ROI 밖 책: (-0.120, -0.670, -0.341) @arm_base_link
   02:15:58 [비전] ROI 밖 책 1권 제외 (남은 1권). ROI [-0.4, -0.2, 0.0] ~ [-0.26, 0.4, 0.32] @arm_base_link
   02:15:58 [비전] Book picked(best): xyz=(-0.317, 0.077, 0.214), center=(318, 343), conf=0.61, depth=patch, yaw=0.000 rad (후보 1권)
   02:15:58 [조작] 책 좌표 정함 (-0.3162, +0.0770, +0.2142) — 관측 2개 · 책 1권 · 고른 책 2개 (x 흔들림 1 mm) → 축마다 중앙값
   02:15:58 [조작] 작업 job_1b1fca77de2c book=book_001 트레이 칸 2 파지 [-0.31617955422167765, 0.07697525361994073, 0.13833643448805902] (vision) → (-0.35, 0.5438500024676323, 0.3399) 삽입 속도 0.030 m/s
   02:16:09 [시뮬] [JUDGE] 손 안 어긋남(406) **판별불가** — 키네마틱 파지는 매 스텝 책을 손에 맞춰 다시 써 넣는다. 이 신호는 마찰 파지(SIM_GRASP_KINEMATIC=0)에서만 의미가 있다
   02:16:15 [시뮬] [JUDGE] rise=16.9cm(ok) width=18.1mm = 지령 18.1mm (책 반두께 22.1) → **판별불가** [키네마틱 파지라 빈손이어도 같은 값이 나온다]
   02:17:49 [FSM] FSM transition completed: PLACE_BOOK -> UPDATE_DATA
   02:17:49 [FSM] FSM transition completed: UPDATE_DATA -> NEXT_BOOK
   02:17:49 [FSM] FSM transition completed: NEXT_BOOK -> SELECT_BOOK
   02:17:49 [FSM] FSM transition completed: SELECT_BOOK -> NAV_TO_SHELF
   02:17:49 [FSM] Navigation succeeded: Navigation waypoint is already satisfied in simulation.
   02:17:49 [FSM] FSM transition completed: NAV_TO_SHELF -> DETECT_TARGET_SLOT
   02:17:49 [조작] PlaceBook 성공 job=job_1b1fca77de2c code=0(OK) phase= 배치 확인
   02:17:49 [조작] 베이스 회전 명령 전송 (목표 yaw +0°, 서가 거리 0.444)
   02:17:49 [시뮬] [JUDGE] width_hold=판별불가[키네마틱] (18.1 → 최소 18.1 mm, 한쪽 기준)
   02:17:49 [시뮬] 작업 job_1b1fca77de2c SUCCEEDED {'phase': 'verify', 'message': '배치 확인', 'placement_verified': True, 'checks': {'upright': True, 'depth': True, 'spine': True, 'x': True, 'floor': True, 'skew': True, 'no_jam': True}, 'fallen
   02:17:49 [시뮬] 서가 앞면 0.444 m → 목표 0.444 m (앞뒤 +0.000), 서가 중심 팔기준 x -0.260 → 옆으로 -0.260: 차체를 0.260 m 옮긴다
   02:17:51 [조작] 베이스 회전 완료
   02:17:51 [시뮬] 서가 앞면 실측 0.444 m (목표 0.444), 서가 x 범위 팔기준 -0.71~+0.71
   02:17:51 [시뮬] [재측정] 스윕 없이 빈칸만 다시 재고 관측 자세로 돌아간다 — 서가 /World/bookshelves_main/shelf_brown__book_shelf_11 · 판 [1.042, 0.498] · 빈칸 3개 · 관측 자세까지 Δ최대 1.311 rad
   02:17:55 [FSM] Empty slot detected: frame_id=arm_base_link, x=-0.350, y=0.544, z=0.884, confidence=1.00, candidate_count=9
   02:17:55 [FSM] FSM transition completed: DETECT_TARGET_SLOT -> PLACE_BOOK
   02:17:55 [FSM] Book-placement goal was accepted.
   02:17:55 [조작] 빈칸 관측 버림 (서가 밖): (-0.782, 2.612, 1.382) 서가 x -0.66~0.66 y 0.41~0.80 z -0.33~2.19
   02:17:55 [조작] 빈칸 관측 버림 (서가 밖): (-0.787, 0.516, 0.186) 서가 x -0.66~0.66 y 0.41~0.80 z -0.33~2.19
   02:17:55 [조작] 빈칸 선택: 책 사이 틈 관측 (0.139, 0.502, 0.359) → 칸 중심 y 0.544, z 0.884 (판 높이로 스냅); 꽂기 전 차체를 옆으로 +0.489 m 옮겨 틈을 x -0.35 에 둔다
   02:17:55 [조작] 빈 슬롯 스캔 완료: (-0.35, 0.5439, 0.8839), 삽입깊이 0.300m
   02:17:55 [조작] 베이스 회전 명령 전송 (목표 yaw +0°, 서가 거리 0.444)
   02:17:55 [시뮬] 작업 job_1b1fca77de2c:scan SUCCEEDED {'phase': 'scan_done', 'message': '서가 스캔 완료', 'placement_verified': False, 'sim_steps': 324, 'render_steps': 324} (4.2s)
   02:17:55 [시뮬] 서가 앞면 0.444 m → 목표 0.444 m (앞뒤 -0.000), 서가 중심 팔기준 x +0.489 → 옆으로 +0.489: 차체를 0.489 m 옮긴다
   02:17:58 [비전] ROI 밖 책: (-0.129, -0.651, -0.341) @arm_base_link
   02:17:58 [비전] ROI 밖 책: (-0.396, 0.475, 0.224) @arm_base_link
   02:17:58 [비전] ROI 밖 책 2권 제외 (남은 0권). ROI [-0.4, -0.2, 0.0] ~ [-0.26, 0.4, 0.32] @arm_base_link
   02:17:58 [조작] 베이스 회전 완료
   02:17:58 [시뮬] 서가 앞면 실측 0.444 m (목표 0.444), 서가 x 범위 팔기준 -1.20~+0.22
   02:17:59 [비전] ROI 밖 책: (-0.114, -0.670, -0.341) @arm_base_link
   02:17:59 [비전] ROI 밖 책: (-0.396, 0.476, 0.225) @arm_base_link
   02:17:59 [비전] ROI 밖 책 2권 제외 (남은 0권). ROI [-0.4, -0.2, 0.0] ~ [-0.26, 0.4, 0.32] @arm_base_link
   02:17:59 [비전] ROI 밖 책: (-0.107, -0.670, -0.341) @arm_base_link
   02:17:59 [비전] ROI 밖 책: (-0.396, 0.476, 0.225) @arm_base_link
   02:17:59 [비전] ROI 밖 책 2권 제외 (남은 0권). ROI [-0.4, -0.2, 0.0] ~ [-0.26, 0.4, 0.32] @arm_base_link
   02:18:00 [비전] ROI 밖 책: (-0.107, -0.670, -0.341) @arm_base_link
   02:18:00 [비전] ROI 밖 책: (-0.396, 0.476, 0.225) @arm_base_link
   02:18:00 [비전] ROI 밖 책 2권 제외 (남은 0권). ROI [-0.4, -0.2, 0.0] ~ [-0.26, 0.4, 0.32] @arm_base_link
   02:18:00 [비전] ROI 밖 책: (-0.111, -0.664, -0.341) @arm_base_link
   02:18:00 [비전] ROI 밖 책: (-0.398, 0.475, 0.222) @arm_base_link
   02:18:00 [비전] ROI 밖 책 2권 제외 (남은 0권). ROI [-0.4, -0.2, 0.0] ~ [-0.26, 0.4, 0.32] @arm_base_link
   02:18:01 [비전] ROI 밖 책: (-0.107, -0.664, -0.341) @arm_base_link
   02:18:01 [비전] ROI 밖 책: (-0.396, 0.476, 0.225) @arm_base_link
   02:18:01 [비전] ROI 밖 책 2권 제외 (남은 0권). ROI [-0.4, -0.2, 0.0] ~ [-0.26, 0.4, 0.32] @arm_base_link
   02:18:01 [비전] ROI 밖 책: (-0.107, -0.667, -0.341) @arm_base_link
   02:18:01 [비전] ROI 밖 책: (-0.396, 0.476, 0.225) @arm_base_link
   02:18:01 [비전] ROI 밖 책: (-0.453, 0.155, 0.193) @arm_base_link
   02:18:01 [비전] ROI 밖 책 3권 제외 (남은 0권). ROI [-0.4, -0.2, 0.0] ~ [-0.26, 0.4, 0.32] @arm_base_link
   02:18:02 [비전] ROI 밖 책: (-0.107, -0.664, -0.341) @arm_base_link
   02:18:02 [비전] ROI 밖 책: (-0.396, 0.476, 0.225) @arm_base_link
   02:18:02 [비전] ROI 밖 책 2권 제외 (남은 0권). ROI [-0.4, -0.2, 0.0] ~ [-0.26, 0.4, 0.32] @arm_base_link
   02:18:02 [비전] ROI 밖 책: (-0.107, -0.667, -0.341) @arm_base_link
   02:18:02 [비전] ROI 밖 책: (-0.396, 0.475, 0.224) @arm_base_link
   02:18:02 [비전] ROI 밖 책 2권 제외 (남은 1권). ROI [-0.4, -0.2, 0.0] ~ [-0.26, 0.4, 0.32] @arm_base_link
   02:18:02 [비전] Book picked(best): xyz=(-0.356, 0.158, 0.213), center=(376, 315), conf=0.60, depth=patch, yaw=0.000 rad (후보 1권)
   02:18:03 [비전] ROI 밖 책: (-0.107, -0.664, -0.341) @arm_base_link
   02:18:03 [비전] ROI 밖 책: (-0.396, 0.475, 0.224) @arm_base_link
   02:18:03 [비전] ROI 밖 책 2권 제외 (남은 1권). ROI [-0.4, -0.2, 0.0] ~ [-0.26, 0.4, 0.32] @arm_base_link
   02:18:03 [비전] Book picked(best): xyz=(-0.354, 0.158, 0.213), center=(376, 316), conf=0.64, depth=patch, yaw=0.000 rad (후보 1권)
   02:18:03 [조작] 책 좌표 정함 (-0.3552, +0.1581, +0.2134) — 관측 2개 · 책 1권 · 고른 책 2개 (x 흔들림 1 mm) → 축마다 중앙값
   02:18:03 [조작] 작업 job_1b1fca77de2c book=book_002 트레이 칸 3 파지 [-0.35519584165524043, 0.1580663071941083, 0.1375655726647318] (vision) → (-0.35, 0.5438500024676323, 0.8839) 삽입 속도 0.030 m/s
   02:18:17 [시뮬] [JUDGE] 손 안 어긋남(406) **판별불가** — 키네마틱 파지는 매 스텝 책을 손에 맞춰 다시 써 넣는다. 이 신호는 마찰 파지(SIM_GRASP_KINEMATIC=0)에서만 의미가 있다
   02:18:23 [시뮬] [JUDGE] rise=16.9cm(ok) width=12.8mm = 지령 12.8mm (책 반두께 16.8) → **판별불가** [키네마틱 파지라 빈손이어도 같은 값이 나온다]
   02:19:58 [FSM] FSM transition completed: PLACE_BOOK -> UPDATE_DATA
   02:19:58 [FSM] FSM transition completed: UPDATE_DATA -> NEXT_BOOK
   02:19:58 [FSM] FSM transition completed: NEXT_BOOK -> RETURN_HOME
   02:19:58 [조작] PlaceBook 성공 job=job_1b1fca77de2c code=0(OK) phase= 배치 확인
   02:19:58 [시뮬] [JUDGE] width_hold=판별불가[키네마틱] (12.8 → 최소 12.8 mm, 한쪽 기준)
   02:19:58 [시뮬] 작업 job_1b1fca77de2c SUCCEEDED {'phase': 'verify', 'message': '배치 확인', 'placement_verified': True, 'checks': {'upright': True, 'depth': True, 'spine': True, 'x': True, 'floor': True, 'skew': True, 'no_jam': True}, 'fallen
   02:20:06 [시뮬] [주행] 회전 끝 — **실측** yaw +90.00° (목표 +90.00°)
   02:20:07 [FSM] Navigation succeeded: Navigation completed.
   02:20:07 [FSM] FSM transition completed: RETURN_HOME -> COMPLETED
   02:20:07 [FSM] FSM transition completed: COMPLETED -> IDLE
   02:20:07 [시뮬] [주행] 도착 (+4.986, -5.607)
끝 02:20:08 — 로그: /home/bryankim0200/b1_arm/logs (Isaac·노드는 그대로 떠 있다)
