[demo_env] SIM_LEVEL=/home/bryankim0200/b1_level_props_collect_0929_v3/Final_Level_Shaded_robot.light1_props.usdc
[프랍판] HEAD=21b8b61
책 대체: 저장소 usd_v2 4권
      (뷰포트 녹화 끔 — REC_EVERY=0)
[1/4] Isaac 시작 (약 3~4분) — 레벨 Final_Level_Shaded_robot.light1_props.usdc  23:06:42
      준비 대기...
      준비 완료 23:07:12
] [py stderr]: ### 레벨 책 4권을 그대로 쓴다
] [py stderr]: ### 장면 준비: 트레이 칸 6개, 책 4권, 원본 0종
] [py stderr]: ###   팔 베이스 출발 자리 (+4.9850, -5.3071) yaw +90.00° — 돌아왔을 때 여기로 맞춘다
] [py stderr]: ###   루트 출발 자리 (+4.9859, -5.6067) — **복귀는 여기로 간다** (팔 베이스와 0.300 m 다르다)
[2/4] TF·비전·로봇팔·주행·FSM 노드  23:07:12
[3/4] 반납 작업 1건 투입 (25.0s 뒤)  23:07:22
[4/4] 진행 상태 — 검출 좌표·단계 전이를 실시간으로 (같은 내용이 /home/bryankim0200/b1_arm/logs/detections.log 에 남는다)  23:07:22
   23:07:22 [조작] PlaceBook /place_book executor=sim profile=default tray_slots=6 status=/robot/status perception_bridge=True
   23:07:22 [시뮬] 관측 자세 손목(관절 7) -59.2° → +30.8° 로 돌림 [SIM_HOME_J7_DEG=+90] (홈은 그대로)
   23:07:22 [시뮬] 관측 자세 이동 [0.0, 0.0, 0.1] m: 손 [-0.389, 0.079, 0.573] → [-0.389, 0.079, 0.673], 관절 [2.811, -0.514, 0.102, -2.213, 0.051, 1.701, 0.538] → [2.094, -0.576, 0.563, -1.891, 0.3, 1.397, 0.278] (한계 여유 0.873) [SIM_HOME_SHIFT] (홈은
   23:07:48 [FSM] FSM transition completed: PLANNING -> NAV_TO_RETURN
   23:07:48 [FSM] Navigation succeeded: Navigation waypoint is already satisfied in simulation.
   23:07:48 [FSM] FSM transition completed: NAV_TO_RETURN -> RECEIVE_TRAY
   23:07:48 [FSM] FSM transition completed: RECEIVE_TRAY -> SELECT_BOOK
   23:07:48 [FSM] FSM transition completed: SELECT_BOOK -> NAV_TO_SHELF
   23:08:14 [시뮬] [주행] 도착 (-0.548, +1.225)
   23:08:16 [시뮬] [주행] 회전 끝 — **실측** yaw +0.00° (목표 +0.00°)
   23:08:17 [FSM] Navigation succeeded: Navigation completed.
   23:08:17 [FSM] FSM transition completed: NAV_TO_SHELF -> DETECT_TARGET_SLOT
   23:08:17 [조작] 베이스 회전 명령 전송 (목표 yaw +0°, 서가 거리 0.444)
   23:08:17 [시뮬] [주행] 도착 (-0.548, +1.225)
   23:08:17 [시뮬] 서가 앞면 0.443 m → 목표 0.444 m (앞뒤 -0.001), 서가 중심 팔기준 x -0.417 → 옆으로 -0.417: 차체를 0.417 m 옮긴다
   23:08:21 [조작] 베이스 회전 완료
   23:08:21 [시뮬] 서가 앞면 실측 0.444 m (목표 0.444), 서가 x 범위 팔기준 -0.71~+0.71
   23:08:21 [시뮬] [스윕] 시작 자세 q=[2.811, -0.514, 0.102, -2.213, 0.051, 1.701, -1.033]
   23:08:22 [시뮬] [스윕] 판 1.042 (팔기준 z 0.712, 앞면 0.444) 정지점 5/5 여유 0.171 rad 최대변화 0.06 길이 3.95
   23:08:22 [시뮬] [스윕] 판 0.498 (팔기준 z 0.168, 앞면 0.444) 정지점 5/5 여유 0.225 rad 최대변화 0.05 길이 2.52
   23:08:22 [시뮬] 스윕 시작: 판 [1.042, 0.498], 정지점 10개, 정지 1.2s
   23:08:22 [시뮬] [판목록] 레벨 실측 [0.4976, 1.0417, 1.5812, 2.0582, 2.52] · 쓰는 값 [0.497, 0.498, 1.042] · 차이 [-0.3, -0.4, +0.6] mm  (그림자 — 판단은 상수 그대로)
   23:08:29 [비전] ROI 밖 책: (-0.625, 0.536, 0.834) @arm_base_link
   23:08:29 [비전] ROI 밖 책: (0.021, 0.574, 0.394) @arm_base_link
   23:08:29 [비전] ROI 밖 책: (0.062, 0.575, 0.394) @arm_base_link
   23:08:29 [비전] ROI 밖 책: (-0.043, 0.531, 0.394) @arm_base_link
   23:08:29 [비전] ROI 밖 책: (-0.071, 0.542, 0.396) @arm_base_link
   23:08:29 [비전] ROI 밖 책: (-0.203, 0.535, 0.402) @arm_base_link
   23:08:29 [비전] ROI 밖 책: (-0.228, 0.521, 0.364) @arm_base_link
   23:08:29 [비전] ROI 밖 책: (-0.013, 0.577, 0.394) @arm_base_link
   23:08:29 [비전] ROI 밖 책 8권 제외 (남은 0권). ROI [-0.4, -0.2, 0.0] ~ [-0.26, 0.4, 0.32] @arm_base_link
   23:08:29 [비전] Empty center pixel=(276, 259), shelf_front_z=1.528m; Depth L/C/R=0.432/6.085/2.624m; center-left=5.653m, center-right=3.461m; contrast=PASS
   23:08:29 [비전] Empty shelf target: xyz=(-0.562, 1.650, 0.917)
   23:08:29 [비전] ROI 밖 책: (-0.057, 0.530, 0.395) @arm_base_link
   23:08:29 [비전] ROI 밖 책: (0.059, 0.571, 0.394) @arm_base_link
   23:08:29 [비전] ROI 밖 책: (0.325, 0.571, 0.376) @arm_base_link
   23:08:29 [비전] ROI 밖 책: (0.022, 0.570, 0.395) @arm_base_link
   23:08:29 [비전] ROI 밖 책: (-0.030, 0.557, 0.392) @arm_base_link
   23:08:29 [비전] ROI 밖 책: (-0.046, 0.570, 0.393) @arm_base_link
   23:08:29 [비전] ROI 밖 책: (0.322, 0.570, 0.371) @arm_base_link
   23:08:29 [비전] ROI 밖 책: (0.152, 0.579, 0.394) @arm_base_link
   23:08:29 [비전] ROI 밖 책 8권 제외 (남은 0권). ROI [-0.4, -0.2, 0.0] ~ [-0.26, 0.4, 0.32] @arm_base_link
   23:08:30 [비전] ROI 밖 책: (0.484, 0.575, 0.394) @arm_base_link
   23:08:30 [비전] ROI 밖 책: (0.334, 0.554, 0.372) @arm_base_link
   23:08:30 [비전] ROI 밖 책: (0.421, 0.551, 0.395) @arm_base_link
   23:08:30 [비전] ROI 밖 책: (0.368, 0.537, 0.395) @arm_base_link
   23:08:30 [비전] ROI 밖 책: (0.193, 0.578, 0.399) @arm_base_link
   23:08:30 [비전] ROI 밖 책: (0.387, 0.560, 0.395) @arm_base_link
   23:08:30 [비전] ROI 밖 책: (0.095, 0.536, 0.396) @arm_base_link
   23:08:30 [비전] ROI 밖 책: (0.176, 0.532, 0.396) @arm_base_link
   23:08:30 [비전] ROI 밖 책 8권 제외 (남은 0권). ROI [-0.4, -0.2, 0.0] ~ [-0.26, 0.4, 0.32] @arm_base_link
   23:08:31 [비전] ROI 밖 책: (0.497, 0.573, 0.394) @arm_base_link
   23:08:31 [비전] ROI 밖 책: (0.335, 0.541, 0.384) @arm_base_link
   23:08:31 [비전] ROI 밖 책: (0.375, 0.534, 0.395) @arm_base_link
   23:08:31 [비전] ROI 밖 책: (0.417, 0.537, 0.394) @arm_base_link
   23:08:31 [비전] ROI 밖 책: (0.464, 0.574, 0.394) @arm_base_link
   23:08:31 [비전] ROI 밖 책: (0.436, 0.575, 0.394) @arm_base_link
   23:08:31 [비전] ROI 밖 책: (0.473, 0.537, 0.394) @arm_base_link
   23:08:31 [비전] ROI 밖 책: (0.177, 0.635, 0.397) @arm_base_link
   23:08:31 [비전] ROI 밖 책: (-0.044, 0.552, 0.393) @arm_base_link
   23:08:31 [비전] ROI 밖 책 9권 제외 (남은 0권). ROI [-0.4, -0.2, 0.0] ~ [-0.26, 0.4, 0.32] @arm_base_link
   23:08:33 [비전] ROI 밖 책: (0.432, 0.582, 0.394) @arm_base_link
   23:08:33 [비전] ROI 밖 책: (0.211, 0.536, 0.826) @arm_base_link
   23:08:33 [비전] ROI 밖 책: (0.587, 0.618, 0.395) @arm_base_link
   23:08:33 [비전] ROI 밖 책: (0.054, 0.576, 0.394) @arm_base_link
   23:08:33 [비전] ROI 밖 책: (-0.031, 0.578, 0.392) @arm_base_link
   23:08:33 [비전] ROI 밖 책: (0.386, 0.536, 0.395) @arm_base_link
   23:08:33 [비전] ROI 밖 책: (0.505, 0.609, 0.392) @arm_base_link
   23:08:33 [비전] ROI 밖 책: (0.485, 0.566, 0.392) @arm_base_link
   23:08:33 [비전] ROI 밖 책: (0.556, 0.617, 0.394) @arm_base_link
   23:08:33 [비전] ROI 밖 책: (0.487, 0.540, 0.393) @arm_base_link
   23:08:33 [비전] ROI 밖 책: (0.010, 0.576, 0.394) @arm_base_link
   23:08:33 [비전] ROI 밖 책: (0.564, 0.559, 0.393) @arm_base_link
   23:08:33 [비전] ROI 밖 책: (0.087, 0.580, 0.394) @arm_base_link
   23:08:33 [비전] ROI 밖 책: (0.606, 0.576, 0.398) @arm_base_link
   23:08:33 [비전] ROI 밖 책 14권 제외 (남은 0권). ROI [-0.4, -0.2, 0.0] ~ [-0.26, 0.4, 0.32] @arm_base_link
   23:08:33 [비전] Empty center pixel=(286, 550), shelf_front_z=0.618m; Depth L/C/R=0.677/1.387/0.558m; center-left=0.709m, center-right=0.829m; contrast=PASS
   23:08:33 [비전] Empty shelf target: xyz=(0.283, 0.625, 0.344)
   23:08:36 [비전] ROI 밖 책: (-1.028, 0.184, -0.341) @arm_base_link
   23:08:36 [비전] ROI 밖 책: (0.127, 0.509, 0.339) @arm_base_link
   23:08:36 [비전] ROI 밖 책: (0.172, 0.532, 0.371) @arm_base_link
   23:08:36 [비전] ROI 밖 책: (0.079, 0.506, 0.341) @arm_base_link
   23:08:36 [비전] ROI 밖 책: (-0.247, -0.049, 0.156) @arm_base_link
   23:08:36 [비전] ROI 밖 책 5권 제외 (남은 2권). ROI [-0.4, -0.2, 0.0] ~ [-0.26, 0.4, 0.32] @arm_base_link
   23:08:36 [비전] Book picked(best): xyz=(-0.366, -0.019, 0.216), center=(307, 593), conf=0.86, depth=patch, yaw=0.000 rad (후보 2권)
   23:08:36 [비전] Empty center pixel=(157, 340), shelf_front_z=0.839m; Depth L/C/R=0.911/1.051/0.766m; center-left=0.140m, center-right=0.285m; contrast=PASS
   23:08:36 [비전] Empty shelf target: xyz=(-0.781, 0.503, 0.170)
   23:08:37 [비전] ROI 밖 책: (-0.715, 0.093, -0.001) @arm_base_link
   23:08:37 [비전] ROI 밖 책: (0.172, 0.511, 0.340) @arm_base_link
   23:08:37 [비전] ROI 밖 책: (0.133, 0.512, 0.339) @arm_base_link
   23:08:37 [비전] ROI 밖 책 3권 제외 (남은 2권). ROI [-0.4, -0.2, 0.0] ~ [-0.26, 0.4, 0.32] @arm_base_link
   23:08:37 [비전] Book picked(best): xyz=(-0.359, -0.018, 0.216), center=(180, 592), conf=0.87, depth=patch, yaw=0.000 rad (후보 2권)
   23:08:37 [비전] Empty center pixel=(85, 337), shelf_front_z=0.814m; Depth L/C/R=0.868/0.960/0.761m; center-left=0.092m, center-right=0.199m; contrast=PASS
   23:08:37 [비전] Empty shelf target: xyz=(-0.782, 0.489, 0.193)
   23:08:40 [비전] ROI 밖 책: (0.564, 0.183, -0.342) @arm_base_link
   23:08:40 [비전] ROI 밖 책: (-0.428, 0.033, 0.156) @arm_base_link
   23:08:40 [비전] ROI 밖 책: (0.175, 0.512, 0.342) @arm_base_link
   23:08:40 [비전] ROI 밖 책 3권 제외 (남은 1권). ROI [-0.4, -0.2, 0.0] ~ [-0.26, 0.4, 0.32] @arm_base_link
   23:08:40 [비전] Book picked(best): xyz=(-0.309, -0.026, 0.198), center=(85, 603), conf=0.92, depth=patch, yaw=0.000 rad (후보 1권)
   23:08:40 [비전] Empty center pixel=(433, 275), shelf_front_z=0.731m; Depth L/C/R=0.718/2.016/0.744m; center-left=1.298m, center-right=1.272m; contrast=PASS
   23:08:40 [비전] Empty shelf target: xyz=(0.260, 0.521, 0.358)
   23:08:41 [비전] ROI 밖 책: (0.592, 0.180, -0.341) @arm_base_link
   23:08:41 [비전] ROI 밖 책: (0.338, 0.507, 0.345) @arm_base_link
   23:08:41 [비전] ROI 밖 책 2권 제외 (남은 0권). ROI [-0.4, -0.2, 0.0] ~ [-0.26, 0.4, 0.32] @arm_base_link
   23:08:41 [비전] Empty center pixel=(359, 274), shelf_front_z=0.713m; Depth L/C/R=0.690/2.043/0.735m; center-left=1.353m, center-right=1.308m; contrast=PASS
   23:08:41 [비전] Empty shelf target: xyz=(0.262, 0.506, 0.370)
   23:08:43 [비전] ROI 밖 책: (0.671, 0.181, -0.342) @arm_base_link
   23:08:43 [비전] ROI 밖 책: (-0.318, 0.522, 0.349) @arm_base_link
   23:08:43 [비전] ROI 밖 책: (0.487, 0.516, 0.358) @arm_base_link
   23:08:43 [비전] ROI 밖 책 3권 제외 (남은 0권). ROI [-0.4, -0.2, 0.0] ~ [-0.26, 0.4, 0.32] @arm_base_link
   23:08:43 [비전] Empty center pixel=(294, 273), shelf_front_z=0.748m; Depth L/C/R=0.784/2.052/0.713m; center-left=1.269m, center-right=1.339m; contrast=PASS
   23:08:43 [비전] Empty shelf target: xyz=(0.288, 0.538, 0.352)
   23:08:48 [FSM] Empty slot detected: frame_id=arm_base_link, x=-0.350, y=0.544, z=0.340, confidence=1.00, candidate_count=7
   23:08:48 [FSM] FSM transition completed: DETECT_TARGET_SLOT -> PLACE_BOOK
   23:08:48 [FSM] Book-placement goal was accepted.
   23:08:48 [조작] 빈칸 관측 버림 (서가 밖): (-0.781, 0.503, 0.170) 서가 x -0.66~0.66 y 0.41~0.80 z -0.33~2.19
   23:08:48 [조작] 빈칸 관측 버림 (서가 밖): (-0.782, 0.489, 0.193) 서가 x -0.66~0.66 y 0.41~0.80 z -0.33~2.19
   23:08:48 [조작] 빈칸 선택: 책 사이 틈 관측 (0.273, 0.521, 0.358) → 칸 중심 y 0.544, z 0.340 (판 높이로 스냅); 꽂기 전 차체를 옆으로 +0.623 m 옮겨 틈을 x -0.35 에 둔다
   23:08:48 [조작] 빈 슬롯 스캔 완료: (-0.35, 0.5439, 0.3399), 삽입깊이 0.300m
   23:08:48 [조작] 베이스 회전 명령 전송 (목표 yaw +0°, 서가 거리 0.444)
   23:08:48 [시뮬] 작업 job_4d352afc4ac1:scan SUCCEEDED {'phase': 'scan_done', 'message': '서가 스캔 완료', 'placement_verified': False, 'sim_steps': 2039, 'render_steps': 2039} (25.3s)
   23:08:48 [시뮬] 서가 앞면 0.444 m → 목표 0.444 m (앞뒤 +0.000), 서가 중심 팔기준 x +0.623 → 옆으로 +0.623: 차체를 0.623 m 옮긴다
   23:08:54 [비전] ROI 밖 책: (-0.117, -0.679, -0.341) @arm_base_link
   23:08:54 [비전] ROI 밖 책: (0.485, 0.249, -0.341) @arm_base_link
   23:08:54 [비전] ROI 밖 책: (-0.231, 0.505, 0.206) @arm_base_link
   23:08:54 [비전] ROI 밖 책: (-0.531, 0.505, 0.209) @arm_base_link
   23:08:54 [비전] ROI 밖 책 4권 제외 (남은 3권). ROI [-0.4, -0.2, 0.0] ~ [-0.26, 0.4, 0.32] @arm_base_link
   23:08:54 [비전] Book picked(best): xyz=(-0.362, -0.003, 0.212), center=(261, 311), conf=0.87, depth=patch, yaw=0.000 rad (후보 3권)
   23:08:54 [조작] 베이스 회전 완료
   23:08:54 [시뮬] 서가 앞면 실측 0.444 m (목표 0.444), 서가 x 범위 팔기준 -1.33~+0.08
   23:08:55 [비전] ROI 밖 책: (-0.120, -0.667, -0.341) @arm_base_link
   23:08:55 [비전] ROI 밖 책: (-0.232, 0.505, 0.206) @arm_base_link
   23:08:55 [비전] ROI 밖 책: (-0.531, 0.505, 0.209) @arm_base_link
   23:08:55 [비전] ROI 밖 책: (0.485, 0.246, -0.341) @arm_base_link
   23:08:55 [비전] ROI 밖 책 4권 제외 (남은 3권). ROI [-0.4, -0.2, 0.0] ~ [-0.26, 0.4, 0.32] @arm_base_link
   23:08:55 [비전] Book picked(best): xyz=(-0.362, -0.003, 0.212), center=(261, 311), conf=0.89, depth=patch, yaw=0.000 rad (후보 3권)
   23:08:55 [조작] 책 좌표 정함 (-0.3617, -0.0030, +0.2118) — 관측 2개 · 책 1권 · 고른 책 2개 (x 흔들림 0 mm) → 축마다 중앙값
   23:08:55 [조작] 작업 job_4d352afc4ac1 book=book_003 트레이 칸 0 파지 [-0.36166252435144985, -0.002985122227940104, 0.1359105401993915] (vision) → (-0.35, 0.5438500024676323, 0.3399) 삽입 속도 0.030 m/s
   23:09:06 [시뮬] [JUDGE] 손 안 어긋남(406) **판별불가** — 키네마틱 파지는 매 스텝 책을 손에 맞춰 다시 써 넣는다. 이 신호는 마찰 파지(SIM_GRASP_KINEMATIC=0)에서만 의미가 있다
   23:09:12 [시뮬] [JUDGE] rise=16.9cm(ok) width=13.6mm = 지령 13.6mm (책 반두께 17.6) → **판별불가** [키네마틱 파지라 빈손이어도 같은 값이 나온다]
   23:10:50 [FSM] FSM transition completed: PLACE_BOOK -> UPDATE_DATA
   23:10:50 [FSM] FSM transition completed: UPDATE_DATA -> NEXT_BOOK
   23:10:50 [FSM] FSM transition completed: NEXT_BOOK -> SELECT_BOOK
   23:10:50 [FSM] FSM transition completed: SELECT_BOOK -> NAV_TO_SHELF
   23:10:50 [FSM] Navigation succeeded: Navigation waypoint is already satisfied in simulation.
   23:10:50 [FSM] FSM transition completed: NAV_TO_SHELF -> DETECT_TARGET_SLOT
   23:10:50 [조작] PlaceBook 성공 job=job_4d352afc4ac1 code=0(OK) phase= 배치 확인
   23:10:50 [조작] 베이스 회전 명령 전송 (목표 yaw +0°, 서가 거리 0.444)
   23:10:50 [시뮬] [JUDGE] width_hold=판별불가[키네마틱] (13.6 → 최소 13.6 mm, 한쪽 기준)
   23:10:50 [시뮬] 작업 job_4d352afc4ac1 SUCCEEDED {'phase': 'verify', 'message': '배치 확인', 'placement_verified': True, 'checks': {'upright': True, 'depth': True, 'spine': True, 'x': True, 'floor': True, 'skew': True, 'no_jam': True}, 'fallen
   23:10:50 [시뮬] 서가 앞면 0.444 m → 목표 0.444 m (앞뒤 +0.000), 서가 중심 팔기준 x -0.623 → 옆으로 -0.623: 차체를 0.623 m 옮긴다
   23:10:54 [조작] 베이스 회전 완료
   23:10:54 [시뮬] 서가 앞면 실측 0.444 m (목표 0.444), 서가 x 범위 팔기준 -0.71~+0.71
   23:10:54 [시뮬] [재측정] 스윕 없이 빈칸만 다시 재고 관측 자세로 돌아간다 — 서가 /World/bookshelves_main/shelf_brown__book_shelf_01 · 판 [1.042, 0.498] · 빈칸 4개 · 관측 자세까지 Δ최대 1.311 rad
   23:10:58 [FSM] Empty slot detected: frame_id=arm_base_link, x=-0.350, y=0.544, z=0.884, confidence=1.00, candidate_count=7
   23:10:58 [FSM] FSM transition completed: DETECT_TARGET_SLOT -> PLACE_BOOK
   23:10:58 [FSM] Book-placement goal was accepted.
   23:10:58 [조작] 빈칸 관측 버림 (서가 밖): (-0.781, 0.503, 0.170) 서가 x -0.66~0.66 y 0.41~0.80 z -0.33~2.19
   23:10:58 [조작] 빈칸 관측 버림 (서가 밖): (-0.782, 0.489, 0.193) 서가 x -0.66~0.66 y 0.41~0.80 z -0.33~2.19
   23:10:58 [조작] 빈칸 선택: 책 사이 틈 관측 (-0.401, 0.521, 0.358) → 칸 중심 y 0.544, z 0.884 (판 높이로 스냅); 꽂기 전 차체를 옆으로 -0.051 m 옮겨 틈을 x -0.35 에 둔다
   23:10:58 [조작] 빈 슬롯 스캔 완료: (-0.35, 0.5439, 0.8839), 삽입깊이 0.300m
   23:10:58 [조작] 베이스 회전 명령 전송 (목표 yaw +0°, 서가 거리 0.444)
   23:10:58 [시뮬] 작업 job_4d352afc4ac1:scan SUCCEEDED {'phase': 'scan_done', 'message': '서가 스캔 완료', 'placement_verified': False, 'sim_steps': 324, 'render_steps': 324} (4.3s)
   23:10:58 [시뮬] 서가 앞면 0.444 m → 목표 0.444 m (앞뒤 -0.000), 서가 중심 팔기준 x -0.051 → 옆으로 -0.051: 차체를 0.051 m 옮긴다
   23:10:59 [비전] ROI 밖 책: (-0.104, -0.711, -0.341) @arm_base_link
   23:10:59 [비전] ROI 밖 책 1권 제외 (남은 2권). ROI [-0.4, -0.2, 0.0] ~ [-0.26, 0.4, 0.32] @arm_base_link
   23:10:59 [비전] Book picked(best): xyz=(-0.344, -0.104, 0.212), center=(189, 324), conf=0.66, depth=patch, yaw=0.000 rad (후보 2권)
   23:10:59 [조작] 베이스 회전 완료
   23:10:59 [시뮬] 서가 앞면 실측 0.444 m (목표 0.444), 서가 x 범위 팔기준 -0.66~+0.76
   23:11:00 [비전] ROI 밖 책: (-0.111, -0.711, -0.341) @arm_base_link
   23:11:00 [비전] ROI 밖 책 1권 제외 (남은 1권). ROI [-0.4, -0.2, 0.0] ~ [-0.26, 0.4, 0.32] @arm_base_link
   23:11:00 [비전] Book picked(best): xyz=(-0.344, -0.105, 0.212), center=(188, 324), conf=0.68, depth=patch, yaw=0.000 rad (후보 1권)
   23:11:00 [조작] 책 좌표 정함 (-0.3435, -0.1046, +0.2122) — 관측 2개 · 책 1권 · 고른 책 2개 (x 흔들림 0 mm) → 축마다 중앙값
   23:11:00 [조작] 작업 job_4d352afc4ac1 book=book_004 트레이 칸 1 파지 [-0.3435068824522126, -0.10456728922869185, 0.13634123251722732] (vision) → (-0.35, 0.5438500024676323, 0.8839) 삽입 속도 0.030 m/s
   23:11:12 [시뮬] [JUDGE] 손 안 어긋남(406) **판별불가** — 키네마틱 파지는 매 스텝 책을 손에 맞춰 다시 써 넣는다. 이 신호는 마찰 파지(SIM_GRASP_KINEMATIC=0)에서만 의미가 있다
   23:11:18 [시뮬] [JUDGE] rise=16.9cm(ok) width=17.6mm = 지령 17.6mm (책 반두께 21.6) → **판별불가** [키네마틱 파지라 빈손이어도 같은 값이 나온다]
   23:12:53 [FSM] FSM transition completed: PLACE_BOOK -> UPDATE_DATA
   23:12:53 [FSM] FSM transition completed: UPDATE_DATA -> NEXT_BOOK
   23:12:53 [FSM] FSM transition completed: NEXT_BOOK -> SELECT_BOOK
   23:12:53 [FSM] FSM transition completed: SELECT_BOOK -> NAV_TO_SHELF
   23:12:53 [조작] PlaceBook 성공 job=job_4d352afc4ac1 code=0(OK) phase= 배치 확인
   23:12:53 [시뮬] [JUDGE] width_hold=판별불가[키네마틱] (17.6 → 최소 17.6 mm, 한쪽 기준)
   23:12:53 [시뮬] 작업 job_4d352afc4ac1 SUCCEEDED {'phase': 'verify', 'message': '배치 확인', 'placement_verified': True, 'checks': {'upright': True, 'depth': True, 'spine': True, 'x': True, 'floor': True, 'skew': True, 'no_jam': True}, 'fallen
   23:13:14 [시뮬] [주행] 도착 (+2.535, -3.019)
   23:13:16 [시뮬] [주행] 회전 끝 — **실측** yaw +0.00° (목표 +0.00°)
   23:13:17 [FSM] Navigation succeeded: Navigation completed.
   23:13:17 [FSM] FSM transition completed: NAV_TO_SHELF -> DETECT_TARGET_SLOT
   23:13:17 [조작] 베이스 회전 명령 전송 (목표 yaw +0°, 서가 거리 0.444)
   23:13:17 [시뮬] [주행] 도착 (+2.535, -3.019)
   23:13:17 [시뮬] 서가 앞면 0.443 m → 목표 0.444 m (앞뒤 -0.001), 서가 중심 팔기준 x -0.261 → 옆으로 -0.261: 차체를 0.261 m 옮긴다
   23:13:19 [조작] 베이스 회전 완료
   23:13:19 [시뮬] 서가 앞면 실측 0.444 m (목표 0.444), 서가 x 범위 팔기준 -0.71~+0.71
   23:13:19 [시뮬] [재측정] 스윕 없이 빈칸만 다시 재고 관측 자세로 돌아간다 — 서가 /World/bookshelves_main/shelf_brown__book_shelf_11 · 판 [1.042, 0.498] · 빈칸 2개 · 관측 자세까지 Δ최대 1.542 rad
   23:13:24 [시뮬] 작업 job_4d352afc4ac1:scan SUCCEEDED {'phase': 'scan_done', 'message': '서가 스캔 완료', 'placement_verified': False, 'sim_steps': 376, 'render_steps': 376} (4.9s)
   23:13:24 [시뮬] [스윕] 시작 자세 q=[2.0937, -0.5757, 0.5627, -1.8915, 0.2999, 1.3974, 0.2783]
   23:13:24 [시뮬] [스윕] 판 1.042 (팔기준 z 0.712, 앞면 0.444) 정지점 5/5 여유 0.518 rad 최대변화 0.06 길이 2.68
   23:13:24 [시뮬] [스윕] 판 0.498 (팔기준 z 0.168, 앞면 0.444) 정지점 5/5 여유 0.221 rad 최대변화 0.05 길이 2.45
   23:13:24 [시뮬] 스윕 시작: 판 [1.042, 0.498], 정지점 10개, 정지 1.2s
   23:13:24 [시뮬] [판목록] 레벨 실측 [0.4976, 1.0417, 1.5812, 2.0582, 2.52] · 쓰는 값 [0.497, 0.498, 1.042] · 차이 [-0.3, -0.4, +0.6] mm  (그림자 — 판단은 상수 그대로)
   23:13:27 [비전] ROI 밖 책: (-0.627, 0.507, 0.832) @arm_base_link
   23:13:27 [비전] ROI 밖 책 1권 제외 (남은 0권). ROI [-0.4, -0.2, 0.0] ~ [-0.26, 0.4, 0.32] @arm_base_link
   23:13:27 [비전] Empty center pixel=(263, 198), shelf_front_z=2.394m; Depth L/C/R=2.393/4.410/2.396m; center-left=2.017m, center-right=2.014m; contrast=PASS
   23:13:27 [비전] Empty shelf target: xyz=(-0.781, 2.612, 1.384)
   23:13:29 [비전] ROI 밖 책: (0.021, 0.547, 0.395) @arm_base_link
   23:13:29 [비전] ROI 밖 책: (0.240, 0.555, 0.421) @arm_base_link
   23:13:29 [비전] ROI 밖 책: (0.143, 0.550, 0.394) @arm_base_link
   23:13:29 [비전] ROI 밖 책 3권 제외 (남은 0권). ROI [-0.4, -0.2, 0.0] ~ [-0.26, 0.4, 0.32] @arm_base_link
   23:13:30 [비전] ROI 밖 책: (0.498, 0.560, 0.394) @arm_base_link
   23:13:30 [비전] ROI 밖 책: (0.473, 0.550, 0.394) @arm_base_link
   23:13:30 [비전] ROI 밖 책: (0.426, 0.536, 0.394) @arm_base_link
   23:13:30 [비전] ROI 밖 책: (0.256, 0.519, 0.399) @arm_base_link
   23:13:30 [비전] ROI 밖 책: (0.387, 0.553, 0.395) @arm_base_link
   23:13:30 [비전] ROI 밖 책: (0.304, 0.532, 0.396) @arm_base_link
   23:13:30 [비전] ROI 밖 책: (0.058, 0.545, 0.392) @arm_base_link
   23:13:30 [비전] ROI 밖 책: (0.097, 0.530, 0.395) @arm_base_link
   23:13:30 [비전] ROI 밖 책: (0.347, 0.539, 0.396) @arm_base_link
   23:13:30 [비전] ROI 밖 책: (0.526, 0.563, 0.394) @arm_base_link
   23:13:30 [비전] ROI 밖 책: (0.018, 0.543, 0.396) @arm_base_link
   23:13:30 [비전] ROI 밖 책: (0.449, 0.544, 0.393) @arm_base_link
   23:13:30 [비전] ROI 밖 책: (0.186, 0.552, 0.396) @arm_base_link
   23:13:30 [비전] ROI 밖 책: (0.176, 0.518, 0.397) @arm_base_link
   23:13:30 [비전] ROI 밖 책 14권 제외 (남은 0권). ROI [-0.4, -0.2, 0.0] ~ [-0.26, 0.4, 0.32] @arm_base_link
   23:13:31 [비전] ROI 밖 책: (0.264, 0.523, 0.394) @arm_base_link
   23:13:31 [비전] ROI 밖 책: (0.427, 0.538, 0.395) @arm_base_link
   23:13:31 [비전] ROI 밖 책: (0.295, 0.526, 0.395) @arm_base_link
   23:13:31 [비전] ROI 밖 책: (0.018, 0.547, 0.395) @arm_base_link
   23:13:31 [비전] ROI 밖 책: (0.499, 0.547, 0.393) @arm_base_link
   23:13:31 [비전] ROI 밖 책: (0.377, 0.529, 0.396) @arm_base_link
   23:13:31 [비전] ROI 밖 책: (0.052, 0.552, 0.392) @arm_base_link
   23:13:31 [비전] ROI 밖 책: (0.538, 0.546, 0.394) @arm_base_link
   23:13:31 [비전] ROI 밖 책: (0.462, 0.550, 0.393) @arm_base_link
   23:13:31 [비전] ROI 밖 책: (0.500, 0.551, 0.393) @arm_base_link
   23:13:31 [비전] ROI 밖 책: (0.587, 0.557, 0.395) @arm_base_link
   23:13:31 [비전] ROI 밖 책: (-0.019, 0.552, 0.392) @arm_base_link
   23:13:31 [비전] ROI 밖 책: (0.440, 0.531, 0.395) @arm_base_link
   23:13:31 [비전] ROI 밖 책: (0.568, 0.543, 0.393) @arm_base_link
   23:13:31 [비전] ROI 밖 책 14권 제외 (남은 0권). ROI [-0.4, -0.2, 0.0] ~ [-0.26, 0.4, 0.32] @arm_base_link
   23:13:31 [비전] Empty center pixel=(302, 296), shelf_front_z=0.535m; Depth L/C/R=0.551/2.480/0.519m; center-left=1.929m, center-right=1.961m; contrast=PASS
   23:13:31 [비전] Empty shelf target: xyz=(0.141, 0.628, 0.840)
   23:13:33 [비전] ROI 밖 책: (0.246, 0.519, 0.394) @arm_base_link
   23:13:33 [비전] ROI 밖 책: (0.268, 0.522, 0.392) @arm_base_link
   23:13:33 [비전] ROI 밖 책: (0.495, 0.545, 0.393) @arm_base_link
   23:13:33 [비전] ROI 밖 책: (0.052, 0.548, 0.394) @arm_base_link
   23:13:33 [비전] ROI 밖 책: (0.606, 0.559, 0.405) @arm_base_link
   23:13:33 [비전] ROI 밖 책: (0.579, 0.575, 0.393) @arm_base_link
   23:13:33 [비전] ROI 밖 책: (0.428, 0.544, 0.394) @arm_base_link
   23:13:33 [비전] ROI 밖 책: (0.594, 0.531, 0.395) @arm_base_link
   23:13:33 [비전] ROI 밖 책: (0.383, 0.525, 0.396) @arm_base_link
   23:13:33 [비전] ROI 밖 책: (0.171, 0.606, 0.396) @arm_base_link
   23:13:33 [비전] ROI 밖 책: (0.217, 0.540, 0.432) @arm_base_link
   23:13:33 [비전] ROI 밖 책: (0.205, 0.507, 0.829) @arm_base_link
   23:13:33 [비전] ROI 밖 책: (0.143, 0.558, 0.392) @arm_base_link
   23:13:33 [비전] ROI 밖 책: (0.457, 0.532, 0.394) @arm_base_link
   23:13:33 [비전] ROI 밖 책 14권 제외 (남은 0권). ROI [-0.4, -0.2, 0.0] ~ [-0.26, 0.4, 0.32] @arm_base_link
   23:13:33 [비전] Empty center pixel=(182, 290), shelf_front_z=0.452m; Depth L/C/R=0.492/4.634/0.412m; center-left=4.142m, center-right=4.221m; contrast=PASS
   23:13:33 [비전] Empty shelf target: xyz=(0.152, 0.547, 0.856)
   23:13:36 [비전] ROI 밖 책: (-1.031, 0.188, -0.341) @arm_base_link
   23:13:36 [비전] ROI 밖 책: (0.121, 0.479, 0.340) @arm_base_link
   23:13:36 [비전] ROI 밖 책: (0.167, 0.484, 0.337) @arm_base_link
   23:13:36 [비전] ROI 밖 책: (0.077, 0.477, 0.342) @arm_base_link
   23:13:36 [비전] ROI 밖 책 4권 제외 (남은 0권). ROI [-0.4, -0.2, 0.0] ~ [-0.26, 0.4, 0.32] @arm_base_link
   23:13:36 [비전] Empty center pixel=(156, 334), shelf_front_z=0.844m; Depth L/C/R=0.936/1.078/0.751m; center-left=0.142m, center-right=0.326m; contrast=PASS
   23:13:36 [비전] Empty shelf target: xyz=(-0.787, 0.518, 0.184)
   23:13:38 [비전] ROI 밖 책: (0.365, 0.476, 0.331) @arm_base_link
   23:13:38 [비전] ROI 밖 책: (0.168, 0.483, 0.343) @arm_base_link
   23:13:38 [비전] ROI 밖 책: (0.278, 0.481, 0.316) @arm_base_link
   23:13:38 [비전] ROI 밖 책: (0.307, 0.477, 0.325) @arm_base_link
   23:13:38 [비전] ROI 밖 책: (0.328, 0.478, 0.330) @arm_base_link
   23:13:38 [비전] ROI 밖 책: (0.129, 0.483, 0.337) @arm_base_link
   23:13:38 [비전] ROI 밖 책: (-0.714, 0.092, -0.001) @arm_base_link
   23:13:38 [비전] ROI 밖 책: (0.254, 0.482, 0.304) @arm_base_link
   23:13:38 [비전] ROI 밖 책: (0.464, 0.475, 0.345) @arm_base_link
   23:13:38 [비전] ROI 밖 책: (0.380, 0.476, 0.345) @arm_base_link
   23:13:38 [비전] ROI 밖 책 10권 제외 (남은 0권). ROI [-0.4, -0.2, 0.0] ~ [-0.26, 0.4, 0.32] @arm_base_link
   23:13:38 [비전] Empty center pixel=(354, 279), shelf_front_z=0.704m; Depth L/C/R=0.707/1.999/0.700m; center-left=1.291m, center-right=1.298m; contrast=PASS
   23:13:38 [비전] Empty shelf target: xyz=(-0.100, 0.491, 0.366)
   23:13:39 [비전] ROI 밖 책: (0.369, 0.477, 0.333) @arm_base_link
   23:13:39 [비전] ROI 밖 책: (0.336, 0.478, 0.329) @arm_base_link
   23:13:39 [비전] ROI 밖 책: (0.172, 0.483, 0.345) @arm_base_link
   23:13:39 [비전] ROI 밖 책: (0.280, 0.482, 0.324) @arm_base_link
   23:13:39 [비전] ROI 밖 책: (0.129, 0.485, 0.349) @arm_base_link
   23:13:39 [비전] ROI 밖 책 5권 제외 (남은 0권). ROI [-0.4, -0.2, 0.0] ~ [-0.26, 0.4, 0.32] @arm_base_link
   23:13:39 [비전] Empty center pixel=(287, 280), shelf_front_z=0.704m; Depth L/C/R=0.716/1.991/0.692m; center-left=1.275m, center-right=1.299m; contrast=PASS
   23:13:39 [비전] Empty shelf target: xyz=(-0.076, 0.490, 0.364)
   23:13:41 [비전] ROI 밖 책: (0.560, 0.038, -0.341) @arm_base_link
   23:13:41 [비전] ROI 밖 책: (0.338, 0.478, 0.324) @arm_base_link
   23:13:41 [비전] ROI 밖 책: (0.374, 0.476, 0.325) @arm_base_link
   23:13:41 [비전] ROI 밖 책: (0.478, 0.478, 0.353) @arm_base_link
   23:13:41 [비전] ROI 밖 책: (0.447, 0.471, 0.350) @arm_base_link
   23:13:41 [비전] ROI 밖 책: (0.586, 0.115, -0.341) @arm_base_link
   23:13:41 [비전] ROI 밖 책 6권 제외 (남은 0권). ROI [-0.4, -0.2, 0.0] ~ [-0.26, 0.4, 0.32] @arm_base_link
   23:13:41 [비전] Empty center pixel=(214, 280), shelf_front_z=0.718m; Depth L/C/R=0.744/1.973/0.692m; center-left=1.229m, center-right=1.280m; contrast=PASS
   23:13:41 [비전] Empty shelf target: xyz=(-0.066, 0.502, 0.356)
   23:13:42 [비전] ROI 밖 책: (0.484, 0.481, 0.356) @arm_base_link
   23:13:42 [비전] ROI 밖 책: (0.557, 0.479, 0.357) @arm_base_link
   23:13:42 [비전] ROI 밖 책 2권 제외 (남은 0권). ROI [-0.4, -0.2, 0.0] ~ [-0.26, 0.4, 0.32] @arm_base_link
   23:13:42 [비전] Empty center pixel=(139, 279), shelf_front_z=0.716m; Depth L/C/R=0.742/0.822/0.690m; center-left=0.080m, center-right=0.132m; contrast=PASS
   23:13:42 [비전] Empty shelf target: xyz=(-0.060, 0.502, 0.359)
   23:13:48 [FSM] Empty slot detected: frame_id=arm_base_link, x=-0.350, y=0.544, z=0.340, confidence=1.00, candidate_count=8
   23:13:48 [FSM] FSM transition completed: DETECT_TARGET_SLOT -> PLACE_BOOK
   23:13:48 [FSM] Book-placement goal was accepted.
   23:13:48 [조작] 빈칸 관측 버림 (서가 밖): (-0.781, 2.612, 1.384) 서가 x -0.66~0.66 y 0.41~0.80 z -0.33~2.19
   23:13:48 [조작] 빈칸 관측 버림 (서가 밖): (-0.787, 0.518, 0.184) 서가 x -0.66~0.66 y 0.41~0.80 z -0.33~2.19
   23:13:48 [조작] 빈칸 선택: 책 사이 틈 관측 (-0.090, 0.502, 0.359) → 칸 중심 y 0.544, z 0.340 (판 높이로 스냅); 꽂기 전 차체를 옆으로 +0.260 m 옮겨 틈을 x -0.35 에 둔다
   23:13:48 [조작] 빈 슬롯 스캔 완료: (-0.35, 0.5439, 0.3399), 삽입깊이 0.300m
   23:13:48 [조작] 베이스 회전 명령 전송 (목표 yaw +0°, 서가 거리 0.444)
   23:13:48 [시뮬] 작업 job_4d352afc4ac1:scan SUCCEEDED {'phase': 'scan_done', 'message': '서가 스캔 완료', 'placement_verified': False, 'sim_steps': 1829, 'render_steps': 1829} (23.5s)
   23:13:48 [시뮬] 서가 앞면 0.444 m → 목표 0.444 m (앞뒤 +0.000), 서가 중심 팔기준 x +0.260 → 옆으로 +0.260: 차체를 0.260 m 옮긴다
   23:13:49 [비전] ROI 밖 책: (-0.117, -0.670, -0.341) @arm_base_link
   23:13:49 [비전] ROI 밖 책 1권 제외 (남은 0권). ROI [-0.4, -0.2, 0.0] ~ [-0.26, 0.4, 0.32] @arm_base_link
   23:13:49 [조작] 베이스 회전 완료
   23:13:49 [시뮬] 서가 앞면 실측 0.444 m (목표 0.444), 서가 x 범위 팔기준 -0.97~+0.45
   23:13:50 [비전] ROI 밖 책: (-0.111, -0.686, -0.341) @arm_base_link
   23:13:50 [비전] ROI 밖 책: (-0.153, 0.477, 0.220) @arm_base_link
   23:13:50 [비전] ROI 밖 책 2권 제외 (남은 0권). ROI [-0.4, -0.2, 0.0] ~ [-0.26, 0.4, 0.32] @arm_base_link
   23:13:50 [비전] ROI 밖 책: (-0.107, -0.683, -0.341) @arm_base_link
   23:13:50 [비전] ROI 밖 책: (-0.155, 0.477, 0.220) @arm_base_link
   23:13:50 [비전] ROI 밖 책 2권 제외 (남은 0권). ROI [-0.4, -0.2, 0.0] ~ [-0.26, 0.4, 0.32] @arm_base_link
   23:13:51 [비전] ROI 밖 책: (-0.104, -0.676, -0.341) @arm_base_link
   23:13:51 [비전] ROI 밖 책 1권 제외 (남은 0권). ROI [-0.4, -0.2, 0.0] ~ [-0.26, 0.4, 0.32] @arm_base_link
   23:13:51 [비전] ROI 밖 책: (-0.111, -0.673, -0.341) @arm_base_link
   23:13:51 [비전] ROI 밖 책 1권 제외 (남은 0권). ROI [-0.4, -0.2, 0.0] ~ [-0.26, 0.4, 0.32] @arm_base_link
   23:13:52 [비전] ROI 밖 책: (-0.107, -0.670, -0.341) @arm_base_link
   23:13:52 [비전] ROI 밖 책: (-0.153, 0.477, 0.220) @arm_base_link
   23:13:52 [비전] ROI 밖 책 2권 제외 (남은 0권). ROI [-0.4, -0.2, 0.0] ~ [-0.26, 0.4, 0.32] @arm_base_link
   23:13:52 [비전] ROI 밖 책: (-0.111, -0.673, -0.341) @arm_base_link
   23:13:52 [비전] ROI 밖 책: (-0.153, 0.477, 0.220) @arm_base_link
   23:13:52 [비전] ROI 밖 책 2권 제외 (남은 1권). ROI [-0.4, -0.2, 0.0] ~ [-0.26, 0.4, 0.32] @arm_base_link
   23:13:52 [비전] Book picked(best): xyz=(-0.368, -0.186, 0.191), center=(139, 307), conf=0.59, depth=patch, yaw=0.000 rad (후보 1권)
   23:13:53 [비전] ROI 밖 책: (-0.111, -0.673, -0.341) @arm_base_link
   23:13:53 [비전] ROI 밖 책 1권 제외 (남은 0권). ROI [-0.4, -0.2, 0.0] ~ [-0.26, 0.4, 0.32] @arm_base_link
   23:13:53 [비전] ROI 밖 책: (-0.111, -0.673, -0.341) @arm_base_link
   23:13:53 [비전] ROI 밖 책: (-0.153, 0.477, 0.220) @arm_base_link
   23:13:53 [비전] ROI 밖 책 2권 제외 (남은 2권). ROI [-0.4, -0.2, 0.0] ~ [-0.26, 0.4, 0.32] @arm_base_link
   23:13:53 [비전] Book picked(best): xyz=(-0.372, -0.188, 0.185), center=(140, 305), conf=0.65, depth=patch, yaw=0.000 rad (후보 2권)
   23:13:53 [조작] 책 좌표 정함 (-0.3699, -0.1873, +0.1876) — 관측 2개 · 책 1권 · 고른 책 2개 (x 흔들림 3 mm) → 축마다 중앙값
   23:13:53 [조작] 작업 job_4d352afc4ac1 book=book_001 트레이 칸 2 파지 [-0.3699127132468782, -0.18726077854312165, 0.11177974441275415] (vision) → (-0.35, 0.5438500024676323, 0.3399) 삽입 속도 0.030 m/s
   23:14:04 [시뮬] [JUDGE] 손 안 어긋남(406) **판별불가** — 키네마틱 파지는 매 스텝 책을 손에 맞춰 다시 써 넣는다. 이 신호는 마찰 파지(SIM_GRASP_KINEMATIC=0)에서만 의미가 있다
   23:14:10 [시뮬] [JUDGE] rise=16.9cm(ok) width=15.1mm = 지령 15.1mm (책 반두께 19.1) → **판별불가** [키네마틱 파지라 빈손이어도 같은 값이 나온다]
   23:15:46 [FSM] FSM transition completed: PLACE_BOOK -> UPDATE_DATA
   23:15:46 [FSM] FSM transition completed: UPDATE_DATA -> NEXT_BOOK
   23:15:46 [FSM] FSM transition completed: NEXT_BOOK -> SELECT_BOOK
   23:15:46 [FSM] FSM transition completed: SELECT_BOOK -> NAV_TO_SHELF
   23:15:46 [FSM] Navigation succeeded: Navigation waypoint is already satisfied in simulation.
   23:15:46 [FSM] FSM transition completed: NAV_TO_SHELF -> DETECT_TARGET_SLOT
   23:15:46 [조작] PlaceBook 성공 job=job_4d352afc4ac1 code=0(OK) phase= 배치 확인
   23:15:46 [조작] 베이스 회전 명령 전송 (목표 yaw +0°, 서가 거리 0.444)
   23:15:46 [시뮬] [JUDGE] width_hold=판별불가[키네마틱] (15.1 → 최소 15.1 mm, 한쪽 기준)
   23:15:46 [시뮬] 작업 job_4d352afc4ac1 SUCCEEDED {'phase': 'verify', 'message': '배치 확인', 'placement_verified': True, 'checks': {'upright': True, 'depth': True, 'spine': True, 'x': True, 'floor': True, 'skew': True, 'no_jam': True}, 'fallen
   23:15:46 [시뮬] 서가 앞면 0.444 m → 목표 0.444 m (앞뒤 +0.000), 서가 중심 팔기준 x -0.260 → 옆으로 -0.260: 차체를 0.260 m 옮긴다
   23:15:48 [조작] 베이스 회전 완료
   23:15:48 [시뮬] 서가 앞면 실측 0.444 m (목표 0.444), 서가 x 범위 팔기준 -0.71~+0.71
   23:15:48 [시뮬] [재측정] 스윕 없이 빈칸만 다시 재고 관측 자세로 돌아간다 — 서가 /World/bookshelves_main/shelf_brown__book_shelf_11 · 판 [1.042, 0.498] · 빈칸 3개 · 관측 자세까지 Δ최대 1.311 rad
   23:15:52 [FSM] Empty slot detected: frame_id=arm_base_link, x=-0.350, y=0.544, z=0.884, confidence=1.00, candidate_count=8
   23:15:52 [FSM] FSM transition completed: DETECT_TARGET_SLOT -> PLACE_BOOK
   23:15:52 [FSM] Book-placement goal was accepted.
   23:15:52 [조작] 빈칸 관측 버림 (서가 밖): (-0.781, 2.612, 1.384) 서가 x -0.66~0.66 y 0.41~0.80 z -0.33~2.19
   23:15:52 [조작] 빈칸 관측 버림 (서가 밖): (-0.787, 0.518, 0.184) 서가 x -0.66~0.66 y 0.41~0.80 z -0.33~2.19
   23:15:52 [조작] 빈칸 선택: 책 사이 틈 관측 (0.139, 0.502, 0.359) → 칸 중심 y 0.544, z 0.884 (판 높이로 스냅); 꽂기 전 차체를 옆으로 +0.489 m 옮겨 틈을 x -0.35 에 둔다
   23:15:52 [조작] 빈 슬롯 스캔 완료: (-0.35, 0.5439, 0.8839), 삽입깊이 0.300m
   23:15:52 [조작] 베이스 회전 명령 전송 (목표 yaw +0°, 서가 거리 0.444)
   23:15:52 [시뮬] 작업 job_4d352afc4ac1:scan SUCCEEDED {'phase': 'scan_done', 'message': '서가 스캔 완료', 'placement_verified': False, 'sim_steps': 324, 'render_steps': 324} (4.3s)
   23:15:52 [시뮬] 서가 앞면 0.444 m → 목표 0.444 m (앞뒤 +0.000), 서가 중심 팔기준 x +0.489 → 옆으로 +0.489: 차체를 0.489 m 옮긴다
   23:15:56 [비전] ROI 밖 책: (-0.101, -0.695, -0.341) @arm_base_link
   23:15:56 [비전] ROI 밖 책: (-0.396, 0.475, 0.224) @arm_base_link
   23:15:56 [비전] ROI 밖 책 2권 제외 (남은 0권). ROI [-0.4, -0.2, 0.0] ~ [-0.26, 0.4, 0.32] @arm_base_link
   23:15:56 [비전] ROI 밖 책: (-0.123, -0.654, -0.341) @arm_base_link
   23:15:56 [비전] ROI 밖 책: (-0.101, -0.733, -0.341) @arm_base_link
   23:15:56 [비전] ROI 밖 책: (-0.396, 0.475, 0.225) @arm_base_link
   23:15:56 [비전] ROI 밖 책: (-0.311, 0.484, 0.216) @arm_base_link
   23:15:56 [비전] ROI 밖 책 4권 제외 (남은 0권). ROI [-0.4, -0.2, 0.0] ~ [-0.26, 0.4, 0.32] @arm_base_link
   23:15:56 [조작] 베이스 회전 완료
   23:15:56 [시뮬] 서가 앞면 실측 0.444 m (목표 0.444), 서가 x 범위 팔기준 -1.20~+0.22
   23:15:57 [비전] ROI 밖 책: (-0.120, -0.654, -0.341) @arm_base_link
   23:15:57 [비전] ROI 밖 책: (-0.101, -0.730, -0.341) @arm_base_link
   23:15:57 [비전] ROI 밖 책: (-0.401, 0.476, 0.224) @arm_base_link
   23:15:57 [비전] ROI 밖 책 3권 제외 (남은 0권). ROI [-0.4, -0.2, 0.0] ~ [-0.26, 0.4, 0.32] @arm_base_link
   23:15:57 [비전] ROI 밖 책: (-0.120, -0.654, -0.341) @arm_base_link
   23:15:57 [비전] ROI 밖 책: (-0.396, 0.476, 0.225) @arm_base_link
   23:15:57 [비전] ROI 밖 책: (-0.450, 0.151, 0.212) @arm_base_link
   23:15:57 [비전] ROI 밖 책 3권 제외 (남은 1권). ROI [-0.4, -0.2, 0.0] ~ [-0.26, 0.4, 0.32] @arm_base_link
   23:15:57 [비전] Book picked(best): xyz=(-0.335, 0.151, 0.213), center=(371, 330), conf=0.70, depth=patch, yaw=0.000 rad (후보 1권)
   23:15:58 [비전] ROI 밖 책: (-0.123, -0.654, -0.341) @arm_base_link
   23:15:58 [비전] ROI 밖 책: (-0.398, 0.475, 0.222) @arm_base_link
   23:15:58 [비전] ROI 밖 책: (-0.450, 0.153, 0.212) @arm_base_link
   23:15:58 [비전] ROI 밖 책 3권 제외 (남은 1권). ROI [-0.4, -0.2, 0.0] ~ [-0.26, 0.4, 0.32] @arm_base_link
   23:15:58 [비전] Book picked(best): xyz=(-0.338, 0.151, 0.213), center=(371, 328), conf=0.81, depth=patch, yaw=0.000 rad (후보 1권)
   23:15:58 [조작] 책 좌표 정함 (-0.3363, +0.1512, +0.2129) — 관측 2개 · 책 1권 · 고른 책 2개 (x 흔들림 3 mm) → 축마다 중앙값
   23:15:58 [조작] 작업 job_4d352afc4ac1 book=book_002 트레이 칸 3 파지 [-0.3363164350252853, 0.15115251472398034, 0.13700067408307276] (vision) → (-0.35, 0.5438500024676323, 0.8839) 삽입 속도 0.030 m/s
   23:16:12 [시뮬] [JUDGE] 손 안 어긋남(406) **판별불가** — 키네마틱 파지는 매 스텝 책을 손에 맞춰 다시 써 넣는다. 이 신호는 마찰 파지(SIM_GRASP_KINEMATIC=0)에서만 의미가 있다
   23:16:17 [시뮬] [JUDGE] rise=16.9cm(ok) width=12.8mm = 지령 12.8mm (책 반두께 16.8) → **판별불가** [키네마틱 파지라 빈손이어도 같은 값이 나온다]
   23:17:57 [FSM] FSM transition completed: PLACE_BOOK -> UPDATE_DATA
   23:17:57 [FSM] FSM transition completed: UPDATE_DATA -> NEXT_BOOK
   23:17:57 [FSM] FSM transition completed: NEXT_BOOK -> RETURN_HOME
   23:17:57 [조작] PlaceBook 성공 job=job_4d352afc4ac1 code=0(OK) phase= 배치 확인
   23:17:57 [시뮬] [JUDGE] width_hold=판별불가[키네마틱] (12.8 → 최소 12.8 mm, 한쪽 기준)
   23:17:57 [시뮬] 작업 job_4d352afc4ac1 SUCCEEDED {'phase': 'verify', 'message': '배치 확인', 'placement_verified': True, 'checks': {'upright': True, 'depth': True, 'spine': True, 'x': True, 'floor': True, 'skew': True, 'no_jam': True}, 'fallen
   23:18:04 [시뮬] [주행] 회전 끝 — **실측** yaw +90.00° (목표 +90.00°)
   23:18:06 [FSM] Navigation succeeded: Navigation completed.
   23:18:06 [FSM] FSM transition completed: RETURN_HOME -> COMPLETED
   23:18:06 [FSM] FSM transition completed: COMPLETED -> IDLE
   23:18:06 [시뮬] [주행] 도착 (+4.986, -5.607)
끝 23:18:07 — 로그: /home/bryankim0200/b1_arm/logs (Isaac·노드는 그대로 떠 있다)
