[37;1m2026-09-29 01:41:41.334 [31;1m[[37;1mXMLProfileManager[31;1m Error] [37mCould not extract any profile[34;1m -> Function [36mextractProfiles[m
[INFO] [1790613701.498873122] [manipulation_node]: PlaceBook /place_book executor=sim profile=default tray_slots=6 status=/robot/status perception_bridge=True
[INFO] [1790613768.504506472] [manipulation_node]: 베이스 회전 명령 전송 (목표 yaw +0°, 서가 거리 0.444)
[INFO] [1790613772.645474094] [manipulation_node]: 베이스 회전 완료
[INFO] [1790613799.152760599] [manipulation_node]: [스캔캐시] 저장 — 관측 7개 (/World/bookshelves_main/shelf_brown__book_shelf_01)
[INFO] [1790613799.152996759] [manipulation_node]: 빈칸 관측 버림 (서가 밖): (0.794, 2.763, 1.414) 서가 x -0.66~0.66 y 0.41~0.80 z -0.33~2.19
[INFO] [1790613799.153151004] [manipulation_node]: 빈칸 관측 버림 (서가 밖): (-0.781, 0.503, 0.177) 서가 x -0.66~0.66 y 0.41~0.80 z -0.33~2.19
[INFO] [1790613799.153334454] [manipulation_node]: 빈칸 관측 버림 (서가 밖): (-0.781, 0.503, 0.177) 서가 x -0.66~0.66 y 0.41~0.80 z -0.33~2.19
[INFO] [1790613799.153564413] [manipulation_node]: 빈칸 깊이: 관측 y 0.523 → 칸중심 0.623 · 앞면 실측 0.444 → 칸중심 0.544 (차이 +79 mm) — **앞면 쪽을 쓴다** [slot_y_from_shelf_front]
[INFO] [1790613799.153726663] [manipulation_node]: 빈칸 깊이: 관측 y 0.506 → 칸중심 0.606 · 앞면 실측 0.444 → 칸중심 0.544 (차이 +62 mm) — **앞면 쪽을 쓴다** [slot_y_from_shelf_front]
[INFO] [1790613799.153881378] [manipulation_node]: 빈칸 깊이: 관측 y 0.539 → 칸중심 0.638 · 앞면 실측 0.444 → 칸중심 0.544 (차이 +95 mm) — **앞면 쪽을 쓴다** [slot_y_from_shelf_front]
[INFO] [1790613799.154145793] [manipulation_node]: 빈칸 x: 검출 +0.2588 → 실측 빈칸 중심 +0.2733 (+14.5 mm, 빈칸 폭 95.8 mm, 책 두께 35.2 mm, 남는 여유 한쪽 30.3 mm, 판 상대높이 +0.000 m) [slot_x_snap_to_gap]
[INFO] [1790613799.154477637] [manipulation_node]: [배정] 책 35.2 mm → 칸 95.8 mm (여유 합 60.6 mm)
[INFO] [1790613799.154914531] [manipulation_node]: 빈칸 선택: 책 사이 틈 관측 (0.273, 0.523, 0.356) → 칸 중심 y 0.544, z 0.340 (판 높이로 스냅); 꽂기 전 차체를 옆으로 +0.623 m 옮겨 틈을 x -0.35 에 둔다
[INFO] [1790613799.155224222] [manipulation_node]: 빈 슬롯 스캔 완료: (-0.35, 0.5439, 0.3399), 삽입깊이 0.300m
[INFO] [1790613799.158049746] [manipulation_node]: 베이스 회전 명령 전송 (목표 yaw +0°, 서가 거리 0.444)
[INFO] [1790613805.210810871] [manipulation_node]: 베이스 회전 완료
[WARN] [1790613805.411498774] [manipulation_node]: 책 관측이 안 정해진다: 관측 1개가 책 1권에 흩어져 있다 — 가장 많이 본 것도 1개뿐이라 (필요 2) 어느 것이 튄 값인지 알 수 없다 — 더 본다
[WARN] [1790613805.512056835] [manipulation_node]: 책 관측이 안 정해진다: 관측 1개가 책 1권에 흩어져 있다 — 가장 많이 본 것도 1개뿐이라 (필요 2) 어느 것이 튄 값인지 알 수 없다 — 더 본다
[WARN] [1790613805.612513712] [manipulation_node]: 책 관측이 안 정해진다: 관측 1개가 책 1권에 흩어져 있다 — 가장 많이 본 것도 1개뿐이라 (필요 2) 어느 것이 튄 값인지 알 수 없다 — 더 본다
[WARN] [1790613805.712994525] [manipulation_node]: 책 관측이 안 정해진다: 관측 1개가 책 1권에 흩어져 있다 — 가장 많이 본 것도 1개뿐이라 (필요 2) 어느 것이 튄 값인지 알 수 없다 — 더 본다
[INFO] [1790613805.813554779] [manipulation_node]: 책 좌표 정함 (-0.3582, -0.0004, +0.2104) — 관측 2개 · 책 1권 · 고른 책 2개 (x 흔들림 1 mm) → 축마다 중앙값
[INFO] [1790613805.814120930] [manipulation_node]: 작업 job_0ac905011684 book=book_003 트레이 칸 0 파지 [-0.35818130959938216, -0.0004285015584393967, 0.1345406468685738] (vision) → (-0.35, 0.5438500024676323, 0.3399) 삽입 속도 0.030 m/s
[INFO] [1790613919.592845305] [manipulation_node]: 빈칸 실측이 낡았다 (배치 1회째) — 다음 판은 다시 스캔해야 한다. 트레이 쓴 칸 [0] / 전체 6
[INFO] [1790613919.593189462] [manipulation_node]: PlaceBook 성공 job=job_0ac905011684 code=0(OK) phase= 배치 확인
[INFO] [1790613919.599220704] [manipulation_node]: 베이스 회전 명령 전송 (목표 yaw +0°, 서가 거리 0.444)
[INFO] [1790613924.175095151] [manipulation_node]: 베이스 회전 완료
[INFO] [1790613924.175315912] [manipulation_node]: [스캔캐시] 후보 — 관측 7개 (/World/bookshelves_main/shelf_brown__book_shelf_01). 팔 스윕 생략, 빈칸만 다시 잰다
[INFO] [1790613928.449438075] [manipulation_node]: [스캔캐시] 사용 — 관측 7개 (/World/bookshelves_main/shelf_brown__book_shelf_01)
[INFO] [1790613928.449671170] [manipulation_node]: 빈칸 관측 버림 (서가 밖): (0.794, 2.763, 1.414) 서가 x -0.66~0.66 y 0.41~0.80 z -0.33~2.19
[INFO] [1790613928.449817880] [manipulation_node]: 빈칸 관측 버림 (서가 밖): (-0.781, 0.503, 0.177) 서가 x -0.66~0.66 y 0.41~0.80 z -0.33~2.19
[INFO] [1790613928.450005888] [manipulation_node]: 빈칸 관측 버림 (서가 밖): (-0.781, 0.503, 0.177) 서가 x -0.66~0.66 y 0.41~0.80 z -0.33~2.19
[INFO] [1790613928.450217993] [manipulation_node]: 빈칸 깊이: 관측 y 0.523 → 칸중심 0.623 · 앞면 실측 0.444 → 칸중심 0.544 (차이 +79 mm) — **앞면 쪽을 쓴다** [slot_y_from_shelf_front]
[INFO] [1790613928.450371816] [manipulation_node]: 빈칸 깊이: 관측 y 0.506 → 칸중심 0.606 · 앞면 실측 0.444 → 칸중심 0.544 (차이 +62 mm) — **앞면 쪽을 쓴다** [slot_y_from_shelf_front]
[INFO] [1790613928.450526351] [manipulation_node]: 빈칸 깊이: 관측 y 0.539 → 칸중심 0.638 · 앞면 실측 0.444 → 칸중심 0.544 (차이 +95 mm) — **앞면 쪽을 쓴다** [slot_y_from_shelf_front]
[WARN] [1790613928.450808148] [manipulation_node]: **판을 옮긴다** — 가리킨 판에 자리가 없다 (들어가는 빈칸이 없다 — 실측 빈칸 3개 중 가장 넓은 것이 33.4 mm 인데 책 두께 35.2 mm 에 양쪽 여유 5.0 mm 씩이면 45.2 mm 가 필요하다). 상대 +0.544 m 판의 81 mm 칸으로 간다 (여유 한쪽 22.7 mm). **높이도 그 판 것으로 바꿔야 한다**  칸 중심 z +0.3399 → +0.8839
[INFO] [1790613928.451066811] [manipulation_node]: 빈칸 x: 검출 +0.2588 → 실측 빈칸 중심 -0.4007 (-659.5 mm, 빈칸 폭 80.5 mm, 책 두께 35.2 mm, 남는 여유 한쪽 22.7 mm, 판 상대높이 +0.544 m) [slot_x_snap_to_gap]
[INFO] [1790613928.451407110] [manipulation_node]: [배정] 책 35.2 mm → 칸 80.5 mm (여유 합 45.3 mm)
[INFO] [1790613928.451696813] [manipulation_node]: 빈칸 선택: 책 사이 틈 관측 (-0.401, 0.523, 0.356) → 칸 중심 y 0.544, z 0.884 (판 높이로 스냅); 꽂기 전 차체를 옆으로 -0.051 m 옮겨 틈을 x -0.35 에 둔다
[INFO] [1790613928.451952670] [manipulation_node]: 빈 슬롯 스캔 완료: (-0.35, 0.5439, 0.8839), 삽입깊이 0.300m
[INFO] [1790613928.454727452] [manipulation_node]: 베이스 회전 명령 전송 (목표 yaw +0°, 서가 거리 0.444)
[INFO] [1790613929.170084869] [manipulation_node]: 베이스 회전 완료
[WARN] [1790613929.270659436] [manipulation_node]: 책 관측이 안 정해진다: 관측 1개가 책 1권에 흩어져 있다 — 가장 많이 본 것도 1개뿐이라 (필요 2) 어느 것이 튄 값인지 알 수 없다 — 더 본다
[WARN] [1790613929.371102984] [manipulation_node]: 책 관측이 안 정해진다: 관측 1개가 책 1권에 흩어져 있다 — 가장 많이 본 것도 1개뿐이라 (필요 2) 어느 것이 튄 값인지 알 수 없다 — 더 본다
[WARN] [1790613929.471551111] [manipulation_node]: 책 관측이 안 정해진다: 관측 1개가 책 1권에 흩어져 있다 — 가장 많이 본 것도 1개뿐이라 (필요 2) 어느 것이 튄 값인지 알 수 없다 — 더 본다
[WARN] [1790613929.572019135] [manipulation_node]: 책 관측이 안 정해진다: 관측 1개가 책 1권에 흩어져 있다 — 가장 많이 본 것도 1개뿐이라 (필요 2) 어느 것이 튄 값인지 알 수 없다 — 더 본다
[WARN] [1790613929.672478834] [manipulation_node]: 책 관측이 안 정해진다: 관측 1개가 책 1권에 흩어져 있다 — 가장 많이 본 것도 1개뿐이라 (필요 2) 어느 것이 튄 값인지 알 수 없다 — 더 본다
[INFO] [1790613929.772974391] [manipulation_node]: 책 좌표 정함 (-0.3428, -0.1049, +0.2115) — 관측 2개 · 책 1권 · 고른 책 2개 (x 흔들림 1 mm) → 축마다 중앙값
[INFO] [1790613929.773505213] [manipulation_node]: 작업 job_0ac905011684 book=book_004 트레이 칸 1 파지 [-0.3427964829792396, -0.10485309136728055, 0.13565391577679634] (vision) → (-0.35, 0.5438500024676323, 0.8839) 삽입 속도 0.030 m/s
[INFO] [1790614042.424805142] [manipulation_node]: 빈칸 실측이 낡았다 (배치 2회째) — 다음 판은 다시 스캔해야 한다. 트레이 쓴 칸 [0, 1] / 전체 6
[INFO] [1790614042.425137606] [manipulation_node]: PlaceBook 성공 job=job_0ac905011684 code=0(OK) phase= 배치 확인
[INFO] [1790614068.391455495] [manipulation_node]: 베이스 회전 명령 전송 (목표 yaw +0°, 서가 거리 0.444)
[INFO] [1790614070.328031321] [manipulation_node]: 베이스 회전 완료
[INFO] [1790614070.328239147] [manipulation_node]: [스캔캐시] 후보 — 관측 7개 (/World/bookshelves_main/shelf_brown__book_shelf_01). 팔 스윕 생략, 빈칸만 다시 잰다
[INFO] [1790614075.249918331] [manipulation_node]: [스캔캐시] 무효 — 서가가 바뀜 /World/bookshelves_main/shelf_brown__book_shelf_01 → /World/bookshelves_main/shelf_brown__book_shelf_11. 스윕한다
[INFO] [1790614098.320985699] [manipulation_node]: [스캔캐시] 저장 — 관측 8개 (/World/bookshelves_main/shelf_brown__book_shelf_11)
[INFO] [1790614098.321215907] [manipulation_node]: 빈칸 관측 버림 (서가 밖): (-0.781, 2.612, 1.384) 서가 x -0.66~0.66 y 0.41~0.80 z -0.33~2.19
[INFO] [1790614098.321379168] [manipulation_node]: 빈칸 깊이: 관측 y 0.628 → 칸중심 0.728 · 앞면 실측 0.444 → 칸중심 0.544 (차이 +184 mm) — **앞면 쪽을 쓴다** [slot_y_from_shelf_front]
[INFO] [1790614098.321538000] [manipulation_node]: 빈칸 깊이: 관측 y 0.547 → 칸중심 0.647 · 앞면 실측 0.444 → 칸중심 0.544 (차이 +103 mm) — **앞면 쪽을 쓴다** [slot_y_from_shelf_front]
[INFO] [1790614098.321699989] [manipulation_node]: 빈칸 관측 버림 (서가 밖): (-0.787, 0.518, 0.184) 서가 x -0.66~0.66 y 0.41~0.80 z -0.33~2.19
[INFO] [1790614098.321890171] [manipulation_node]: 빈칸 관측 버림 (서가 밖): (-0.791, 0.495, 0.169) 서가 x -0.66~0.66 y 0.41~0.80 z -0.33~2.19
[INFO] [1790614098.322074342] [manipulation_node]: 빈칸 깊이: 관측 y 0.490 → 칸중심 0.590 · 앞면 실측 0.444 → 칸중심 0.544 (차이 +46 mm) — **앞면 쪽을 쓴다** [slot_y_from_shelf_front]
[INFO] [1790614098.322228135] [manipulation_node]: 빈칸 깊이: 관측 y 0.502 → 칸중심 0.602 · 앞면 실측 0.444 → 칸중심 0.544 (차이 +58 mm) — **앞면 쪽을 쓴다** [slot_y_from_shelf_front]
[INFO] [1790614098.322378662] [manipulation_node]: 빈칸 깊이: 관측 y 0.502 → 칸중심 0.602 · 앞면 실측 0.444 → 칸중심 0.544 (차이 +58 mm) — **앞면 쪽을 쓴다** [slot_y_from_shelf_front]
[INFO] [1790614098.322626504] [manipulation_node]: 빈칸 x: 검출 -0.0595 → 실측 빈칸 중심 -0.0896 (-30.0 mm, 빈칸 폭 85.9 mm, 책 두께 35.2 mm, 남는 여유 한쪽 25.4 mm, 판 상대높이 +0.000 m) [slot_x_snap_to_gap]
[INFO] [1790614098.322904804] [manipulation_node]: [배정] 책 35.2 mm → 칸 85.9 mm (여유 합 50.7 mm)
[INFO] [1790614098.323296961] [manipulation_node]: 빈칸 선택: 책 사이 틈 관측 (-0.090, 0.502, 0.359) → 칸 중심 y 0.544, z 0.340 (판 높이로 스냅); 꽂기 전 차체를 옆으로 +0.260 m 옮겨 틈을 x -0.35 에 둔다
[INFO] [1790614098.323601040] [manipulation_node]: 빈 슬롯 스캔 완료: (-0.35, 0.5439, 0.3399), 삽입깊이 0.300m
[INFO] [1790614098.327026715] [manipulation_node]: 베이스 회전 명령 전송 (목표 yaw +0°, 서가 거리 0.444)
[INFO] [1790614100.267011102] [manipulation_node]: 베이스 회전 완료
[WARN] [1790614100.367609243] [manipulation_node]: 책 관측이 안 정해진다: 관측 1개가 책 1권에 흩어져 있다 — 가장 많이 본 것도 1개뿐이라 (필요 2) 어느 것이 튄 값인지 알 수 없다 — 더 본다
[WARN] [1790614100.468096122] [manipulation_node]: 책 관측이 안 정해진다: 관측 1개가 책 1권에 흩어져 있다 — 가장 많이 본 것도 1개뿐이라 (필요 2) 어느 것이 튄 값인지 알 수 없다 — 더 본다
[WARN] [1790614100.568613318] [manipulation_node]: 책 관측이 안 정해진다: 관측 1개가 책 1권에 흩어져 있다 — 가장 많이 본 것도 1개뿐이라 (필요 2) 어느 것이 튄 값인지 알 수 없다 — 더 본다
[WARN] [1790614100.669115526] [manipulation_node]: 책 관측이 안 정해진다: 관측 1개가 책 1권에 흩어져 있다 — 가장 많이 본 것도 1개뿐이라 (필요 2) 어느 것이 튄 값인지 알 수 없다 — 더 본다
[WARN] [1790614100.769699399] [manipulation_node]: 책 관측이 안 정해진다: 관측 1개가 책 1권에 흩어져 있다 — 가장 많이 본 것도 1개뿐이라 (필요 2) 어느 것이 튄 값인지 알 수 없다 — 더 본다
[WARN] [1790614100.870213319] [manipulation_node]: 책 관측이 안 정해진다: 관측 2개가 책 2권에 흩어져 있다 — 가장 많이 본 것도 1개뿐이라 (필요 2) 어느 것이 튄 값인지 알 수 없다 — 더 본다
[WARN] [1790614100.970644993] [manipulation_node]: 책 관측이 안 정해진다: 관측 2개가 책 2권에 흩어져 있다 — 가장 많이 본 것도 1개뿐이라 (필요 2) 어느 것이 튄 값인지 알 수 없다 — 더 본다
[WARN] [1790614101.071142320] [manipulation_node]: 책 관측이 안 정해진다: 관측 2개가 책 2권에 흩어져 있다 — 가장 많이 본 것도 1개뿐이라 (필요 2) 어느 것이 튄 값인지 알 수 없다 — 더 본다
[WARN] [1790614101.171636431] [manipulation_node]: 책 관측이 안 정해진다: 관측 2개가 책 2권에 흩어져 있다 — 가장 많이 본 것도 1개뿐이라 (필요 2) 어느 것이 튄 값인지 알 수 없다 — 더 본다
[WARN] [1790614101.272088132] [manipulation_node]: 책 관측이 안 정해진다: 관측 2개가 책 2권에 흩어져 있다 — 가장 많이 본 것도 1개뿐이라 (필요 2) 어느 것이 튄 값인지 알 수 없다 — 더 본다
[INFO] [1790614101.372659210] [manipulation_node]: 책 좌표 정함 (-0.3169, +0.0770, +0.2142) — 관측 3개 · 책 2권 · 고른 책 2개 (x 흔들림 0 mm) → 축마다 중앙값
[INFO] [1790614101.373289080] [manipulation_node]: 작업 job_0ac905011684 book=book_001 트레이 칸 2 파지 [-0.3168778580574636, 0.07697683671523814, 0.13833936851736717] (vision) → (-0.35, 0.5438500024676323, 0.3399) 삽입 속도 0.030 m/s
[INFO] [1790614222.929422358] [manipulation_node]: 빈칸 실측이 낡았다 (배치 3회째) — 다음 판은 다시 스캔해야 한다. 트레이 쓴 칸 [0, 1, 2] / 전체 6
[INFO] [1790614222.929791581] [manipulation_node]: PlaceBook 성공 job=job_0ac905011684 code=0(OK) phase= 배치 확인
[INFO] [1790614222.936027391] [manipulation_node]: 베이스 회전 명령 전송 (목표 yaw +0°, 서가 거리 0.444)
[INFO] [1790614224.709898330] [manipulation_node]: 베이스 회전 완료
[INFO] [1790614224.710100756] [manipulation_node]: [스캔캐시] 후보 — 관측 8개 (/World/bookshelves_main/shelf_brown__book_shelf_11). 팔 스윕 생략, 빈칸만 다시 잰다
[INFO] [1790614228.935645090] [manipulation_node]: [스캔캐시] 사용 — 관측 8개 (/World/bookshelves_main/shelf_brown__book_shelf_11)
[INFO] [1790614228.935889015] [manipulation_node]: 빈칸 관측 버림 (서가 밖): (-0.781, 2.612, 1.384) 서가 x -0.66~0.66 y 0.41~0.80 z -0.33~2.19
[INFO] [1790614228.936084106] [manipulation_node]: 빈칸 깊이: 관측 y 0.628 → 칸중심 0.728 · 앞면 실측 0.444 → 칸중심 0.544 (차이 +184 mm) — **앞면 쪽을 쓴다** [slot_y_from_shelf_front]
[INFO] [1790614228.936326808] [manipulation_node]: 빈칸 깊이: 관측 y 0.547 → 칸중심 0.647 · 앞면 실측 0.444 → 칸중심 0.544 (차이 +103 mm) — **앞면 쪽을 쓴다** [slot_y_from_shelf_front]
[INFO] [1790614228.936474920] [manipulation_node]: 빈칸 관측 버림 (서가 밖): (-0.787, 0.518, 0.184) 서가 x -0.66~0.66 y 0.41~0.80 z -0.33~2.19
[INFO] [1790614228.936621449] [manipulation_node]: 빈칸 관측 버림 (서가 밖): (-0.791, 0.495, 0.169) 서가 x -0.66~0.66 y 0.41~0.80 z -0.33~2.19
[INFO] [1790614228.936776554] [manipulation_node]: 빈칸 깊이: 관측 y 0.490 → 칸중심 0.590 · 앞면 실측 0.444 → 칸중심 0.544 (차이 +46 mm) — **앞면 쪽을 쓴다** [slot_y_from_shelf_front]
[INFO] [1790614228.936961757] [manipulation_node]: 빈칸 깊이: 관측 y 0.502 → 칸중심 0.602 · 앞면 실측 0.444 → 칸중심 0.544 (차이 +58 mm) — **앞면 쪽을 쓴다** [slot_y_from_shelf_front]
[INFO] [1790614228.937121942] [manipulation_node]: 빈칸 깊이: 관측 y 0.502 → 칸중심 0.602 · 앞면 실측 0.444 → 칸중심 0.544 (차이 +58 mm) — **앞면 쪽을 쓴다** [slot_y_from_shelf_front]
[WARN] [1790614228.937413096] [manipulation_node]: **판을 옮긴다** — 가리킨 판에 자리가 없다 (들어가는 빈칸이 없다 — 실측 빈칸 2개 중 가장 넓은 것이 22.8 mm 인데 책 두께 35.2 mm 에 양쪽 여유 5.0 mm 씩이면 45.2 mm 가 필요하다). 상대 +0.544 m 판의 83 mm 칸으로 간다 (여유 한쪽 23.9 mm). **높이도 그 판 것으로 바꿔야 한다**  칸 중심 z +0.3399 → +0.8839
[INFO] [1790614228.937726623] [manipulation_node]: 빈칸 x: 검출 -0.0595 → 실측 빈칸 중심 +0.1387 (+198.3 mm, 빈칸 폭 82.9 mm, 책 두께 35.2 mm, 남는 여유 한쪽 23.9 mm, 판 상대높이 +0.544 m) [slot_x_snap_to_gap]
[INFO] [1790614228.937952322] [manipulation_node]: [배정] 책 35.2 mm → 칸 82.9 mm (여유 합 47.7 mm)
[INFO] [1790614228.938199002] [manipulation_node]: 빈칸 선택: 책 사이 틈 관측 (0.139, 0.502, 0.359) → 칸 중심 y 0.544, z 0.884 (판 높이로 스냅); 꽂기 전 차체를 옆으로 +0.489 m 옮겨 틈을 x -0.35 에 둔다
[INFO] [1790614228.938451031] [manipulation_node]: 빈 슬롯 스캔 완료: (-0.35, 0.5439, 0.8839), 삽입깊이 0.300m
[INFO] [1790614228.941239720] [manipulation_node]: 베이스 회전 명령 전송 (목표 yaw +0°, 서가 거리 0.444)
[INFO] [1790614232.445616048] [manipulation_node]: 베이스 회전 완료
[WARN] [1790614234.047728155] [manipulation_node]: 책 관측이 안 정해진다: 관측 1개가 책 1권에 흩어져 있다 — 가장 많이 본 것도 1개뿐이라 (필요 2) 어느 것이 튄 값인지 알 수 없다 — 더 본다
[WARN] [1790614234.148177844] [manipulation_node]: 책 관측이 안 정해진다: 관측 1개가 책 1권에 흩어져 있다 — 가장 많이 본 것도 1개뿐이라 (필요 2) 어느 것이 튄 값인지 알 수 없다 — 더 본다
[WARN] [1790614234.248647621] [manipulation_node]: 책 관측이 안 정해진다: 관측 1개가 책 1권에 흩어져 있다 — 가장 많이 본 것도 1개뿐이라 (필요 2) 어느 것이 튄 값인지 알 수 없다 — 더 본다
[WARN] [1790614234.349133489] [manipulation_node]: 책 관측이 안 정해진다: 관측 1개가 책 1권에 흩어져 있다 — 가장 많이 본 것도 1개뿐이라 (필요 2) 어느 것이 튄 값인지 알 수 없다 — 더 본다
[WARN] [1790614234.449630779] [manipulation_node]: 책 관측이 안 정해진다: 관측 1개가 책 1권에 흩어져 있다 — 가장 많이 본 것도 1개뿐이라 (필요 2) 어느 것이 튄 값인지 알 수 없다 — 더 본다
[WARN] [1790614234.550268165] [manipulation_node]: 책 관측이 안 정해진다: 관측 1개가 책 1권에 흩어져 있다 — 가장 많이 본 것도 1개뿐이라 (필요 2) 어느 것이 튄 값인지 알 수 없다 — 더 본다
[WARN] [1790614234.650702595] [manipulation_node]: 책 관측이 안 정해진다: 관측 1개가 책 1권에 흩어져 있다 — 가장 많이 본 것도 1개뿐이라 (필요 2) 어느 것이 튄 값인지 알 수 없다 — 더 본다
[WARN] [1790614234.751260079] [manipulation_node]: 책 관측이 안 정해진다: 관측 1개가 책 1권에 흩어져 있다 — 가장 많이 본 것도 1개뿐이라 (필요 2) 어느 것이 튄 값인지 알 수 없다 — 더 본다
[WARN] [1790614234.851705079] [manipulation_node]: 책 관측이 안 정해진다: 관측 1개가 책 1권에 흩어져 있다 — 가장 많이 본 것도 1개뿐이라 (필요 2) 어느 것이 튄 값인지 알 수 없다 — 더 본다
[WARN] [1790614234.952202379] [manipulation_node]: 책 관측이 안 정해진다: 관측 1개가 책 1권에 흩어져 있다 — 가장 많이 본 것도 1개뿐이라 (필요 2) 어느 것이 튄 값인지 알 수 없다 — 더 본다
[WARN] [1790614235.052704828] [manipulation_node]: 책 관측이 안 정해진다: 관측 1개가 책 1권에 흩어져 있다 — 가장 많이 본 것도 1개뿐이라 (필요 2) 어느 것이 튄 값인지 알 수 없다 — 더 본다
[WARN] [1790614235.153104771] [manipulation_node]: 책 관측이 안 정해진다: 관측 1개가 책 1권에 흩어져 있다 — 가장 많이 본 것도 1개뿐이라 (필요 2) 어느 것이 튄 값인지 알 수 없다 — 더 본다
[WARN] [1790614235.253586871] [manipulation_node]: 책 관측이 안 정해진다: 관측 1개가 책 1권에 흩어져 있다 — 가장 많이 본 것도 1개뿐이라 (필요 2) 어느 것이 튄 값인지 알 수 없다 — 더 본다
[WARN] [1790614235.354048151] [manipulation_node]: 책 관측이 안 정해진다: 관측 1개가 책 1권에 흩어져 있다 — 가장 많이 본 것도 1개뿐이라 (필요 2) 어느 것이 튄 값인지 알 수 없다 — 더 본다
[WARN] [1790614235.454498861] [manipulation_node]: 책 관측이 안 정해진다: 관측 1개가 책 1권에 흩어져 있다 — 가장 많이 본 것도 1개뿐이라 (필요 2) 어느 것이 튄 값인지 알 수 없다 — 더 본다
[WARN] [1790614235.554979799] [manipulation_node]: 책 관측이 안 정해진다: 관측 1개가 책 1권에 흩어져 있다 — 가장 많이 본 것도 1개뿐이라 (필요 2) 어느 것이 튄 값인지 알 수 없다 — 더 본다
[WARN] [1790614235.655433024] [manipulation_node]: 책 관측이 안 정해진다: 관측 1개가 책 1권에 흩어져 있다 — 가장 많이 본 것도 1개뿐이라 (필요 2) 어느 것이 튄 값인지 알 수 없다 — 더 본다
[WARN] [1790614235.755899444] [manipulation_node]: 책 관측이 안 정해진다: 관측 1개가 책 1권에 흩어져 있다 — 가장 많이 본 것도 1개뿐이라 (필요 2) 어느 것이 튄 값인지 알 수 없다 — 더 본다
[WARN] [1790614235.856328152] [manipulation_node]: 책 관측이 안 정해진다: 관측 1개가 책 1권에 흩어져 있다 — 가장 많이 본 것도 1개뿐이라 (필요 2) 어느 것이 튄 값인지 알 수 없다 — 더 본다
[WARN] [1790614235.956782940] [manipulation_node]: 책 관측이 안 정해진다: 관측 1개가 책 1권에 흩어져 있다 — 가장 많이 본 것도 1개뿐이라 (필요 2) 어느 것이 튄 값인지 알 수 없다 — 더 본다
[WARN] [1790614236.057284627] [manipulation_node]: 책 관측이 안 정해진다: 관측 1개가 책 1권에 흩어져 있다 — 가장 많이 본 것도 1개뿐이라 (필요 2) 어느 것이 튄 값인지 알 수 없다 — 더 본다
[WARN] [1790614236.157799418] [manipulation_node]: 책 관측이 안 정해진다: 관측 1개가 책 1권에 흩어져 있다 — 가장 많이 본 것도 1개뿐이라 (필요 2) 어느 것이 튄 값인지 알 수 없다 — 더 본다
[WARN] [1790614236.258293821] [manipulation_node]: 책 관측이 안 정해진다: 관측 1개가 책 1권에 흩어져 있다 — 가장 많이 본 것도 1개뿐이라 (필요 2) 어느 것이 튄 값인지 알 수 없다 — 더 본다
[WARN] [1790614236.358764237] [manipulation_node]: 책 관측이 안 정해진다: 관측 1개가 책 1권에 흩어져 있다 — 가장 많이 본 것도 1개뿐이라 (필요 2) 어느 것이 튄 값인지 알 수 없다 — 더 본다
[WARN] [1790614236.459167126] [manipulation_node]: 책 관측이 안 정해진다: 관측 1개가 책 1권에 흩어져 있다 — 가장 많이 본 것도 1개뿐이라 (필요 2) 어느 것이 튄 값인지 알 수 없다 — 더 본다
[WARN] [1790614236.559688289] [manipulation_node]: 책 관측이 안 정해진다: 관측 1개가 책 1권에 흩어져 있다 — 가장 많이 본 것도 1개뿐이라 (필요 2) 어느 것이 튄 값인지 알 수 없다 — 더 본다
[WARN] [1790614236.660153426] [manipulation_node]: 책 관측이 안 정해진다: 관측 1개가 책 1권에 흩어져 있다 — 가장 많이 본 것도 1개뿐이라 (필요 2) 어느 것이 튄 값인지 알 수 없다 — 더 본다
[WARN] [1790614236.760602021] [manipulation_node]: 책 관측이 안 정해진다: 관측 1개가 책 1권에 흩어져 있다 — 가장 많이 본 것도 1개뿐이라 (필요 2) 어느 것이 튄 값인지 알 수 없다 — 더 본다
[WARN] [1790614236.861066957] [manipulation_node]: 책 관측이 안 정해진다: 관측 1개가 책 1권에 흩어져 있다 — 가장 많이 본 것도 1개뿐이라 (필요 2) 어느 것이 튄 값인지 알 수 없다 — 더 본다
[WARN] [1790614236.961634509] [manipulation_node]: 책 관측이 안 정해진다: 관측 1개가 책 1권에 흩어져 있다 — 가장 많이 본 것도 1개뿐이라 (필요 2) 어느 것이 튄 값인지 알 수 없다 — 더 본다
[WARN] [1790614237.062142136] [manipulation_node]: 책 관측이 안 정해진다: 관측 2개가 책 2권에 흩어져 있다 — 가장 많이 본 것도 1개뿐이라 (필요 2) 어느 것이 튄 값인지 알 수 없다 — 더 본다
[WARN] [1790614237.162634093] [manipulation_node]: 책 관측이 안 정해진다: 관측 2개가 책 2권에 흩어져 있다 — 가장 많이 본 것도 1개뿐이라 (필요 2) 어느 것이 튄 값인지 알 수 없다 — 더 본다
[WARN] [1790614237.263180003] [manipulation_node]: 책 관측이 안 정해진다: 관측 2개가 책 2권에 흩어져 있다 — 가장 많이 본 것도 1개뿐이라 (필요 2) 어느 것이 튄 값인지 알 수 없다 — 더 본다
[WARN] [1790614237.363621233] [manipulation_node]: 책 관측이 안 정해진다: 관측 2개가 책 2권에 흩어져 있다 — 가장 많이 본 것도 1개뿐이라 (필요 2) 어느 것이 튄 값인지 알 수 없다 — 더 본다
[WARN] [1790614237.464053957] [manipulation_node]: 책 관측이 안 정해진다: 관측 2개가 책 2권에 흩어져 있다 — 가장 많이 본 것도 1개뿐이라 (필요 2) 어느 것이 튄 값인지 알 수 없다 — 더 본다
[INFO] [1790614237.564610387] [manipulation_node]: 책 좌표 정함 (-0.3559, +0.1581, +0.2134) — 관측 3개 · 책 2권 · 고른 책 2개 (x 흔들림 0 mm) → 축마다 중앙값
[INFO] [1790614237.565132661] [manipulation_node]: 작업 job_0ac905011684 book=book_002 트레이 칸 3 파지 [-0.355894709211796, 0.15806994505628158, 0.13754664028198652] (vision) → (-0.35, 0.5438500024676323, 0.8839) 삽입 속도 0.030 m/s
[INFO] [1790614354.689199961] [manipulation_node]: 빈칸 실측이 낡았다 (배치 4회째) — 다음 판은 다시 스캔해야 한다. 트레이 쓴 칸 [0, 1, 2, 3] / 전체 6
[INFO] [1790614354.689505492] [manipulation_node]: PlaceBook 성공 job=job_0ac905011684 code=0(OK) phase= 배치 확인
