[37;1m2026-09-30 02:31:52.154 [31;1m[[37;1mXMLProfileManager[31;1m Error] [37mCould not extract any profile[34;1m -> Function [36mextractProfiles[m
[INFO] [1790703112.229189880] [manipulation_node]: PlaceBook /place_book executor=sim profile=default tray_slots=6 status=/robot/status perception_bridge=True
[INFO] [1790703194.329836373] [manipulation_node]: 베이스 회전 명령 전송 (목표 yaw +0°, 서가 거리 0.444)
[INFO] [1790703198.716167261] [manipulation_node]: 베이스 회전 완료
[INFO] [1790703242.881748613] [manipulation_node]: [스캔캐시] 저장 — 관측 7개 (/World/bookshelves_main/shelf_brown__book_shelf_01)
[INFO] [1790703242.882011998] [manipulation_node]: 빈칸 깊이: 관측 y 0.624 → 칸중심 0.724 · 앞면 실측 0.444 → 칸중심 0.544 (차이 +180 mm) — **앞면 쪽을 쓴다** [slot_y_from_shelf_front]
[INFO] [1790703242.882160543] [manipulation_node]: 빈칸 관측 버림 (서가 밖): (-0.781, 0.504, 0.181) 서가 x -0.66~0.66 y 0.41~0.80 z -0.33~2.19
[INFO] [1790703242.882328676] [manipulation_node]: 빈칸 관측 버림 (서가 밖): (-0.782, 0.490, 0.188) 서가 x -0.66~0.66 y 0.41~0.80 z -0.33~2.19
[INFO] [1790703242.882477481] [manipulation_node]: 빈칸 깊이: 관측 y 0.523 → 칸중심 0.623 · 앞면 실측 0.444 → 칸중심 0.544 (차이 +79 mm) — **앞면 쪽을 쓴다** [slot_y_from_shelf_front]
[INFO] [1790703242.882655863] [manipulation_node]: 빈칸 깊이: 관측 y 0.506 → 칸중심 0.606 · 앞면 실측 0.444 → 칸중심 0.544 (차이 +62 mm) — **앞면 쪽을 쓴다** [slot_y_from_shelf_front]
[INFO] [1790703242.882803496] [manipulation_node]: 빈칸 깊이: 관측 y 0.536 → 칸중심 0.635 · 앞면 실측 0.444 → 칸중심 0.544 (차이 +92 mm) — **앞면 쪽을 쓴다** [slot_y_from_shelf_front]
[INFO] [1790703242.883117709] [manipulation_node]: 빈칸 x: 검출 +0.2591 → 실측 빈칸 중심 +0.2733 (+14.2 mm, 빈칸 폭 95.8 mm, 책 두께 35.2 mm, 남는 여유 한쪽 30.3 mm, 판 상대높이 +0.000 m) [slot_x_snap_to_gap]
[INFO] [1790703242.883385362] [manipulation_node]: [배정] 책 35.2 mm → 칸 95.8 mm (여유 합 60.6 mm)
[INFO] [1790703242.883637676] [manipulation_node]: 빈칸 선택: 책 사이 틈 관측 (0.273, 0.523, 0.357) → 칸 중심 y 0.544, z 0.340 (판 높이로 스냅); 꽂기 전 차체를 옆으로 +0.623 m 옮겨 틈을 x -0.35 에 둔다
[INFO] [1790703242.883949835] [manipulation_node]: 빈 슬롯 스캔 완료: (-0.35, 0.5439, 0.3399), 삽입깊이 0.300m
[INFO] [1790703242.887494584] [manipulation_node]: 베이스 회전 명령 전송 (목표 yaw +0°, 서가 거리 0.444)
[INFO] [1790703249.307085990] [manipulation_node]: 베이스 회전 완료
[WARN] [1790703249.407659631] [manipulation_node]: 책 관측이 안 정해진다: 관측 1개가 책 1권에 흩어져 있다 — 가장 많이 본 것도 1개뿐이라 (필요 2) 어느 것이 튄 값인지 알 수 없다 — 더 본다
[WARN] [1790703249.508097160] [manipulation_node]: 책 관측이 안 정해진다: 관측 1개가 책 1권에 흩어져 있다 — 가장 많이 본 것도 1개뿐이라 (필요 2) 어느 것이 튄 값인지 알 수 없다 — 더 본다
[WARN] [1790703249.608545861] [manipulation_node]: 책 관측이 안 정해진다: 관측 1개가 책 1권에 흩어져 있다 — 가장 많이 본 것도 1개뿐이라 (필요 2) 어느 것이 튄 값인지 알 수 없다 — 더 본다
[WARN] [1790703249.709070728] [manipulation_node]: 책 관측이 안 정해진다: 관측 1개가 책 1권에 흩어져 있다 — 가장 많이 본 것도 1개뿐이라 (필요 2) 어느 것이 튄 값인지 알 수 없다 — 더 본다
[WARN] [1790703249.809496155] [manipulation_node]: 책 관측이 안 정해진다: 관측 1개가 책 1권에 흩어져 있다 — 가장 많이 본 것도 1개뿐이라 (필요 2) 어느 것이 튄 값인지 알 수 없다 — 더 본다
[WARN] [1790703249.909983941] [manipulation_node]: 책 관측이 안 정해진다: 관측 1개가 책 1권에 흩어져 있다 — 가장 많이 본 것도 1개뿐이라 (필요 2) 어느 것이 튄 값인지 알 수 없다 — 더 본다
[INFO] [1790703250.010411522] [manipulation_node]: 책 좌표 정함 (-0.3575, -0.0037, +0.2118) — 관측 2개 · 책 1권 · 고른 책 2개 (x 흔들림 3 mm) → 축마다 중앙값
[INFO] [1790703250.010913003] [manipulation_node]: 작업 job_01deba529a37 book=book_003 트레이 칸 0 파지 [-0.3574534573791135, -0.0036874648678301217, 0.135921829525754] (vision) → (-0.35, 0.5438500024676323, 0.3399) 삽입 속도 0.030 m/s
[INFO] [1790703399.915334041] [manipulation_node]: 빈칸 실측이 낡았다 (배치 1회째) — 다음 판은 다시 스캔해야 한다. 트레이 쓴 칸 [0] / 전체 6
[INFO] [1790703399.915580624] [manipulation_node]: PlaceBook 성공 job=job_01deba529a37 code=0(OK) phase= 배치 확인
[INFO] [1790703399.921446013] [manipulation_node]: 베이스 회전 명령 전송 (목표 yaw +0°, 서가 거리 0.444)
[INFO] [1790703405.015914607] [manipulation_node]: 베이스 회전 완료
[INFO] [1790703405.016096426] [manipulation_node]: [스캔캐시] 후보 — 관측 7개 (/World/bookshelves_main/shelf_brown__book_shelf_01). 팔 스윕 생략, 빈칸만 다시 잰다
[INFO] [1790703412.240557182] [manipulation_node]: [스캔캐시] 사용 — 관측 7개 (/World/bookshelves_main/shelf_brown__book_shelf_01)
[INFO] [1790703412.240794627] [manipulation_node]: 빈칸 깊이: 관측 y 0.624 → 칸중심 0.724 · 앞면 실측 0.444 → 칸중심 0.544 (차이 +180 mm) — **앞면 쪽을 쓴다** [slot_y_from_shelf_front]
[INFO] [1790703412.240939736] [manipulation_node]: 빈칸 관측 버림 (서가 밖): (-0.781, 0.504, 0.181) 서가 x -0.66~0.66 y 0.41~0.80 z -0.33~2.19
[INFO] [1790703412.241073522] [manipulation_node]: 빈칸 관측 버림 (서가 밖): (-0.782, 0.490, 0.188) 서가 x -0.66~0.66 y 0.41~0.80 z -0.33~2.19
[INFO] [1790703412.241217669] [manipulation_node]: 빈칸 깊이: 관측 y 0.523 → 칸중심 0.623 · 앞면 실측 0.444 → 칸중심 0.544 (차이 +79 mm) — **앞면 쪽을 쓴다** [slot_y_from_shelf_front]
[INFO] [1790703412.241360162] [manipulation_node]: 빈칸 깊이: 관측 y 0.506 → 칸중심 0.606 · 앞면 실측 0.444 → 칸중심 0.544 (차이 +62 mm) — **앞면 쪽을 쓴다** [slot_y_from_shelf_front]
[INFO] [1790703412.241532863] [manipulation_node]: 빈칸 깊이: 관측 y 0.536 → 칸중심 0.635 · 앞면 실측 0.444 → 칸중심 0.544 (차이 +92 mm) — **앞면 쪽을 쓴다** [slot_y_from_shelf_front]
[WARN] [1790703412.241857516] [manipulation_node]: **판을 옮긴다** — 가리킨 판에 자리가 없다 (들어가는 빈칸이 없다 — 실측 빈칸 3개 중 가장 넓은 것이 31.9 mm 인데 책 두께 35.2 mm 에 양쪽 여유 5.0 mm 씩이면 45.2 mm 가 필요하다). 상대 +0.544 m 판의 81 mm 칸으로 간다 (여유 한쪽 22.7 mm). **높이도 그 판 것으로 바꿔야 한다**  칸 중심 z +0.3399 → +0.8839
[INFO] [1790703412.242078710] [manipulation_node]: 빈칸 x: 검출 +0.2591 → 실측 빈칸 중심 -0.4007 (-659.8 mm, 빈칸 폭 80.5 mm, 책 두께 35.2 mm, 남는 여유 한쪽 22.7 mm, 판 상대높이 +0.544 m) [slot_x_snap_to_gap]
[INFO] [1790703412.242323830] [manipulation_node]: [배정] 책 35.2 mm → 칸 80.5 mm (여유 합 45.3 mm)
[INFO] [1790703412.242564592] [manipulation_node]: 빈칸 선택: 책 사이 틈 관측 (-0.401, 0.523, 0.357) → 칸 중심 y 0.544, z 0.884 (판 높이로 스냅); 꽂기 전 차체를 옆으로 -0.051 m 옮겨 틈을 x -0.35 에 둔다
[INFO] [1790703412.242835762] [manipulation_node]: 빈 슬롯 스캔 완료: (-0.35, 0.5439, 0.8839), 삽입깊이 0.300m
[INFO] [1790703412.245901051] [manipulation_node]: 베이스 회전 명령 전송 (목표 yaw +0°, 서가 거리 0.444)
[INFO] [1790703413.142644298] [manipulation_node]: 베이스 회전 완료
[WARN] [1790703413.243228138] [manipulation_node]: 책 관측이 안 정해진다: 관측 1개가 책 1권에 흩어져 있다 — 가장 많이 본 것도 1개뿐이라 (필요 2) 어느 것이 튄 값인지 알 수 없다 — 더 본다
[WARN] [1790703413.343647603] [manipulation_node]: 책 관측이 안 정해진다: 관측 1개가 책 1권에 흩어져 있다 — 가장 많이 본 것도 1개뿐이라 (필요 2) 어느 것이 튄 값인지 알 수 없다 — 더 본다
[WARN] [1790703413.444201796] [manipulation_node]: 책 관측이 안 정해진다: 관측 1개가 책 1권에 흩어져 있다 — 가장 많이 본 것도 1개뿐이라 (필요 2) 어느 것이 튄 값인지 알 수 없다 — 더 본다
[WARN] [1790703413.544738005] [manipulation_node]: 책 관측이 안 정해진다: 관측 1개가 책 1권에 흩어져 있다 — 가장 많이 본 것도 1개뿐이라 (필요 2) 어느 것이 튄 값인지 알 수 없다 — 더 본다
[WARN] [1790703413.645286046] [manipulation_node]: 책 관측이 안 정해진다: 관측 1개가 책 1권에 흩어져 있다 — 가장 많이 본 것도 1개뿐이라 (필요 2) 어느 것이 튄 값인지 알 수 없다 — 더 본다
[INFO] [1790703413.745921555] [manipulation_node]: 책 좌표 정함 (-0.3456, -0.1046, +0.2122) — 관측 2개 · 책 1권 · 고른 책 2개 (x 흔들림 4 mm) → 축마다 중앙값
[INFO] [1790703413.746561102] [manipulation_node]: 작업 job_01deba529a37 book=book_004 트레이 칸 1 파지 [-0.34560943915846876, -0.10456788425490855, 0.136335648736668] (vision) → (-0.35, 0.5438500024676323, 0.8839) 삽입 속도 0.030 m/s
[INFO] [1790703559.122437634] [manipulation_node]: 빈칸 실측이 낡았다 (배치 2회째) — 다음 판은 다시 스캔해야 한다. 트레이 쓴 칸 [0, 1] / 전체 6
[INFO] [1790703559.122726478] [manipulation_node]: PlaceBook 성공 job=job_01deba529a37 code=0(OK) phase= 배치 확인
[INFO] [1790703594.000505839] [manipulation_node]: 베이스 회전 명령 전송 (목표 yaw +0°, 서가 거리 0.444)
[INFO] [1790703596.269228871] [manipulation_node]: 베이스 회전 완료
[INFO] [1790703596.269416301] [manipulation_node]: [스캔캐시] 후보 — 관측 7개 (/World/bookshelves_main/shelf_brown__book_shelf_01). 팔 스윕 생략, 빈칸만 다시 잰다
[INFO] [1790703604.838226884] [manipulation_node]: [스캔캐시] 무효 — 서가가 바뀜 /World/bookshelves_main/shelf_brown__book_shelf_01 → /World/bookshelves_main/shelf_brown__book_shelf_11. 스윕한다
[INFO] [1790703652.533478197] [manipulation_node]: [스캔캐시] 저장 — 관측 9개 (/World/bookshelves_main/shelf_brown__book_shelf_11)
[INFO] [1790703652.533988285] [manipulation_node]: 빈칸 관측 버림 (서가 밖): (-0.782, 2.612, 1.382) 서가 x -0.66~0.66 y 0.41~0.80 z -0.33~2.19
[INFO] [1790703652.534177347] [manipulation_node]: 빈칸 깊이: 관측 y 0.543 → 칸중심 0.643 · 앞면 실측 0.444 → 칸중심 0.544 (차이 +99 mm) — **앞면 쪽을 쓴다** [slot_y_from_shelf_front]
[INFO] [1790703652.534384374] [manipulation_node]: 빈칸 깊이: 관측 y 0.636 → 칸중심 0.736 · 앞면 실측 0.444 → 칸중심 0.544 (차이 +192 mm) — **앞면 쪽을 쓴다** [slot_y_from_shelf_front]
[INFO] [1790703652.534586672] [manipulation_node]: 빈칸 깊이: 관측 y 0.548 → 칸중심 0.648 · 앞면 실측 0.444 → 칸중심 0.544 (차이 +104 mm) — **앞면 쪽을 쓴다** [slot_y_from_shelf_front]
[INFO] [1790703652.534717493] [manipulation_node]: 빈칸 관측 버림 (서가 밖): (-0.788, 0.521, 0.279) 서가 x -0.66~0.66 y 0.41~0.80 z -0.33~2.19
[INFO] [1790703652.534863072] [manipulation_node]: 빈칸 깊이: 관측 y 0.491 → 칸중심 0.591 · 앞면 실측 0.444 → 칸중심 0.544 (차이 +47 mm) — **앞면 쪽을 쓴다** [slot_y_from_shelf_front]
[INFO] [1790703652.535010926] [manipulation_node]: 빈칸 깊이: 관측 y 0.489 → 칸중심 0.589 · 앞면 실측 0.444 → 칸중심 0.544 (차이 +45 mm) — **앞면 쪽을 쓴다** [slot_y_from_shelf_front]
[INFO] [1790703652.535166244] [manipulation_node]: 빈칸 깊이: 관측 y 0.502 → 칸중심 0.602 · 앞면 실측 0.444 → 칸중심 0.544 (차이 +58 mm) — **앞면 쪽을 쓴다** [slot_y_from_shelf_front]
[INFO] [1790703652.535311983] [manipulation_node]: 빈칸 깊이: 관측 y 0.502 → 칸중심 0.602 · 앞면 실측 0.444 → 칸중심 0.544 (차이 +58 mm) — **앞면 쪽을 쓴다** [slot_y_from_shelf_front]
[INFO] [1790703652.535557895] [manipulation_node]: 빈칸 x: 검출 -0.0595 → 실측 빈칸 중심 -0.0896 (-30.0 mm, 빈칸 폭 85.9 mm, 책 두께 35.2 mm, 남는 여유 한쪽 25.4 mm, 판 상대높이 +0.000 m) [slot_x_snap_to_gap]
[INFO] [1790703652.535774891] [manipulation_node]: [배정] 책 35.2 mm → 칸 85.9 mm (여유 합 50.7 mm)
[INFO] [1790703652.536015402] [manipulation_node]: 빈칸 선택: 책 사이 틈 관측 (-0.090, 0.502, 0.359) → 칸 중심 y 0.544, z 0.340 (판 높이로 스냅); 꽂기 전 차체를 옆으로 +0.260 m 옮겨 틈을 x -0.35 에 둔다
[INFO] [1790703652.536251825] [manipulation_node]: 빈 슬롯 스캔 완료: (-0.35, 0.5439, 0.3399), 삽입깊이 0.300m
[INFO] [1790703652.538957784] [manipulation_node]: 베이스 회전 명령 전송 (목표 yaw +0°, 서가 거리 0.444)
[INFO] [1790703655.087903967] [manipulation_node]: 베이스 회전 완료
[WARN] [1790703663.300014003] [manipulation_node]: 책 관측이 안 정해진다: 관측 1개가 책 1권에 흩어져 있다 — 가장 많이 본 것도 1개뿐이라 (필요 2) 어느 것이 튄 값인지 알 수 없다 — 더 본다
[WARN] [1790703663.400607761] [manipulation_node]: 책 관측이 안 정해진다: 관측 1개가 책 1권에 흩어져 있다 — 가장 많이 본 것도 1개뿐이라 (필요 2) 어느 것이 튄 값인지 알 수 없다 — 더 본다
[WARN] [1790703663.501148518] [manipulation_node]: 책 관측이 안 정해진다: 관측 1개가 책 1권에 흩어져 있다 — 가장 많이 본 것도 1개뿐이라 (필요 2) 어느 것이 튄 값인지 알 수 없다 — 더 본다
[WARN] [1790703663.601772684] [manipulation_node]: 책 관측이 안 정해진다: 관측 1개가 책 1권에 흩어져 있다 — 가장 많이 본 것도 1개뿐이라 (필요 2) 어느 것이 튄 값인지 알 수 없다 — 더 본다
[WARN] [1790703663.702578248] [manipulation_node]: 책 관측이 안 정해진다: 관측 1개가 책 1권에 흩어져 있다 — 가장 많이 본 것도 1개뿐이라 (필요 2) 어느 것이 튄 값인지 알 수 없다 — 더 본다
[WARN] [1790703663.803101561] [manipulation_node]: 책 관측이 안 정해진다: 관측 1개가 책 1권에 흩어져 있다 — 가장 많이 본 것도 1개뿐이라 (필요 2) 어느 것이 튄 값인지 알 수 없다 — 더 본다
[WARN] [1790703663.903501607] [manipulation_node]: 책 관측이 안 정해진다: 관측 1개가 책 1권에 흩어져 있다 — 가장 많이 본 것도 1개뿐이라 (필요 2) 어느 것이 튄 값인지 알 수 없다 — 더 본다
[WARN] [1790703664.003969844] [manipulation_node]: 책 관측이 안 정해진다: 관측 1개가 책 1권에 흩어져 있다 — 가장 많이 본 것도 1개뿐이라 (필요 2) 어느 것이 튄 값인지 알 수 없다 — 더 본다
[WARN] [1790703664.104374881] [manipulation_node]: 책 관측이 안 정해진다: 관측 1개가 책 1권에 흩어져 있다 — 가장 많이 본 것도 1개뿐이라 (필요 2) 어느 것이 튄 값인지 알 수 없다 — 더 본다
[INFO] [1790703664.204990300] [manipulation_node]: 책 좌표 정함 (-0.3566, +0.1581, +0.2134) — 관측 2개 · 책 1권 · 고른 책 2개 (x 흔들림 1 mm) → 축마다 중앙값
[INFO] [1790703664.205563970] [manipulation_node]: 작업 job_01deba529a37 book=book_001 트레이 칸 2 파지 [-0.356594538967988, 0.1580702613068779, 0.1375615808364749] (vision) → (-0.35, 0.5438500024676323, 0.3399) 삽입 속도 0.030 m/s
[INFO] [1790703833.568846920] [manipulation_node]: 빈칸 실측이 낡았다 (배치 3회째) — 다음 판은 다시 스캔해야 한다. 트레이 쓴 칸 [0, 1, 2] / 전체 6
[INFO] [1790703833.569168216] [manipulation_node]: PlaceBook 성공 job=job_01deba529a37 code=0(OK) phase= 배치 확인
[INFO] [1790703833.575275466] [manipulation_node]: 베이스 회전 명령 전송 (목표 yaw +0°, 서가 거리 0.444)
[INFO] [1790703835.956959279] [manipulation_node]: 베이스 회전 완료
[INFO] [1790703835.957125558] [manipulation_node]: [스캔캐시] 후보 — 관측 9개 (/World/bookshelves_main/shelf_brown__book_shelf_11). 팔 스윕 생략, 빈칸만 다시 잰다
[INFO] [1790703844.644666212] [manipulation_node]: [스캔캐시] 사용 — 관측 9개 (/World/bookshelves_main/shelf_brown__book_shelf_11)
[INFO] [1790703844.644881475] [manipulation_node]: 빈칸 관측 버림 (서가 밖): (-0.782, 2.612, 1.382) 서가 x -0.66~0.66 y 0.41~0.80 z -0.33~2.19
[INFO] [1790703844.645044227] [manipulation_node]: 빈칸 깊이: 관측 y 0.543 → 칸중심 0.643 · 앞면 실측 0.444 → 칸중심 0.544 (차이 +99 mm) — **앞면 쪽을 쓴다** [slot_y_from_shelf_front]
[INFO] [1790703844.645192210] [manipulation_node]: 빈칸 깊이: 관측 y 0.636 → 칸중심 0.736 · 앞면 실측 0.444 → 칸중심 0.544 (차이 +192 mm) — **앞면 쪽을 쓴다** [slot_y_from_shelf_front]
[INFO] [1790703844.645361535] [manipulation_node]: 빈칸 깊이: 관측 y 0.548 → 칸중심 0.648 · 앞면 실측 0.444 → 칸중심 0.544 (차이 +104 mm) — **앞면 쪽을 쓴다** [slot_y_from_shelf_front]
[INFO] [1790703844.645499700] [manipulation_node]: 빈칸 관측 버림 (서가 밖): (-0.788, 0.521, 0.279) 서가 x -0.66~0.66 y 0.41~0.80 z -0.33~2.19
[INFO] [1790703844.645645550] [manipulation_node]: 빈칸 깊이: 관측 y 0.491 → 칸중심 0.591 · 앞면 실측 0.444 → 칸중심 0.544 (차이 +47 mm) — **앞면 쪽을 쓴다** [slot_y_from_shelf_front]
[INFO] [1790703844.645790477] [manipulation_node]: 빈칸 깊이: 관측 y 0.489 → 칸중심 0.589 · 앞면 실측 0.444 → 칸중심 0.544 (차이 +45 mm) — **앞면 쪽을 쓴다** [slot_y_from_shelf_front]
[INFO] [1790703844.645940515] [manipulation_node]: 빈칸 깊이: 관측 y 0.502 → 칸중심 0.602 · 앞면 실측 0.444 → 칸중심 0.544 (차이 +58 mm) — **앞면 쪽을 쓴다** [slot_y_from_shelf_front]
[INFO] [1790703844.646086746] [manipulation_node]: 빈칸 깊이: 관측 y 0.502 → 칸중심 0.602 · 앞면 실측 0.444 → 칸중심 0.544 (차이 +58 mm) — **앞면 쪽을 쓴다** [slot_y_from_shelf_front]
[WARN] [1790703844.646325293] [manipulation_node]: **판을 옮긴다** — 가리킨 판에 자리가 없다 (들어가는 빈칸이 없다 — 실측 빈칸 2개 중 가장 넓은 것이 29.0 mm 인데 책 두께 35.2 mm 에 양쪽 여유 5.0 mm 씩이면 45.2 mm 가 필요하다). 상대 +0.544 m 판의 83 mm 칸으로 간다 (여유 한쪽 23.9 mm). **높이도 그 판 것으로 바꿔야 한다**  칸 중심 z +0.3399 → +0.8839
[INFO] [1790703844.646543111] [manipulation_node]: 빈칸 x: 검출 -0.0595 → 실측 빈칸 중심 +0.1387 (+198.3 mm, 빈칸 폭 82.9 mm, 책 두께 35.2 mm, 남는 여유 한쪽 23.9 mm, 판 상대높이 +0.544 m) [slot_x_snap_to_gap]
[INFO] [1790703844.646767080] [manipulation_node]: [배정] 책 35.2 mm → 칸 82.9 mm (여유 합 47.7 mm)
[INFO] [1790703844.647012731] [manipulation_node]: 빈칸 선택: 책 사이 틈 관측 (0.139, 0.502, 0.359) → 칸 중심 y 0.544, z 0.884 (판 높이로 스냅); 꽂기 전 차체를 옆으로 +0.489 m 옮겨 틈을 x -0.35 에 둔다
[INFO] [1790703844.647255326] [manipulation_node]: 빈 슬롯 스캔 완료: (-0.35, 0.5439, 0.8839), 삽입깊이 0.300m
[INFO] [1790703844.650208609] [manipulation_node]: 베이스 회전 명령 전송 (목표 yaw +0°, 서가 거리 0.444)
[INFO] [1790703848.696255103] [manipulation_node]: 베이스 회전 완료
[WARN] [1790703886.339249662] [manipulation_node]: 책 관측이 안 정해진다: 관측 1개가 책 1권에 흩어져 있다 — 가장 많이 본 것도 1개뿐이라 (필요 2) 어느 것이 튄 값인지 알 수 없다 — 더 본다
[WARN] [1790703886.439650753] [manipulation_node]: 책 관측이 안 정해진다: 관측 1개가 책 1권에 흩어져 있다 — 가장 많이 본 것도 1개뿐이라 (필요 2) 어느 것이 튄 값인지 알 수 없다 — 더 본다
[WARN] [1790703886.540224566] [manipulation_node]: 책 관측이 안 정해진다: 관측 1개가 책 1권에 흩어져 있다 — 가장 많이 본 것도 1개뿐이라 (필요 2) 어느 것이 튄 값인지 알 수 없다 — 더 본다
[WARN] [1790703886.640647459] [manipulation_node]: 책 관측이 안 정해진다: 관측 1개가 책 1권에 흩어져 있다 — 가장 많이 본 것도 1개뿐이라 (필요 2) 어느 것이 튄 값인지 알 수 없다 — 더 본다
[WARN] [1790703886.741058719] [manipulation_node]: 책 관측이 안 정해진다: 관측 1개가 책 1권에 흩어져 있다 — 가장 많이 본 것도 1개뿐이라 (필요 2) 어느 것이 튄 값인지 알 수 없다 — 더 본다
[WARN] [1790703886.841812096] [manipulation_node]: 책 관측이 안 정해진다: 관측 1개가 책 1권에 흩어져 있다 — 가장 많이 본 것도 1개뿐이라 (필요 2) 어느 것이 튄 값인지 알 수 없다 — 더 본다
[WARN] [1790703886.942255338] [manipulation_node]: 책 관측이 안 정해진다: 관측 1개가 책 1권에 흩어져 있다 — 가장 많이 본 것도 1개뿐이라 (필요 2) 어느 것이 튄 값인지 알 수 없다 — 더 본다
[WARN] [1790703887.042770127] [manipulation_node]: 책 관측이 안 정해진다: 관측 1개가 책 1권에 흩어져 있다 — 가장 많이 본 것도 1개뿐이라 (필요 2) 어느 것이 튄 값인지 알 수 없다 — 더 본다
[WARN] [1790703887.143302620] [manipulation_node]: 책 관측이 안 정해진다: 관측 1개가 책 1권에 흩어져 있다 — 가장 많이 본 것도 1개뿐이라 (필요 2) 어느 것이 튄 값인지 알 수 없다 — 더 본다
[WARN] [1790703887.243729921] [manipulation_node]: 책 관측이 안 정해진다: 관측 1개가 책 1권에 흩어져 있다 — 가장 많이 본 것도 1개뿐이라 (필요 2) 어느 것이 튄 값인지 알 수 없다 — 더 본다
[WARN] [1790703887.344193292] [manipulation_node]: 책 관측이 안 정해진다: 관측 1개가 책 1권에 흩어져 있다 — 가장 많이 본 것도 1개뿐이라 (필요 2) 어느 것이 튄 값인지 알 수 없다 — 더 본다
[WARN] [1790703887.444653175] [manipulation_node]: 책 관측이 안 정해진다: 관측 1개가 책 1권에 흩어져 있다 — 가장 많이 본 것도 1개뿐이라 (필요 2) 어느 것이 튄 값인지 알 수 없다 — 더 본다
[WARN] [1790703887.545084765] [manipulation_node]: 책 관측이 안 정해진다: 관측 1개가 책 1권에 흩어져 있다 — 가장 많이 본 것도 1개뿐이라 (필요 2) 어느 것이 튄 값인지 알 수 없다 — 더 본다
[WARN] [1790703887.645513349] [manipulation_node]: 책 관측이 안 정해진다: 관측 1개가 책 1권에 흩어져 있다 — 가장 많이 본 것도 1개뿐이라 (필요 2) 어느 것이 튄 값인지 알 수 없다 — 더 본다
[WARN] [1790703887.745996297] [manipulation_node]: 책 관측이 안 정해진다: 관측 1개가 책 1권에 흩어져 있다 — 가장 많이 본 것도 1개뿐이라 (필요 2) 어느 것이 튄 값인지 알 수 없다 — 더 본다
[WARN] [1790703887.846520394] [manipulation_node]: 책 관측이 안 정해진다: 관측 1개가 책 1권에 흩어져 있다 — 가장 많이 본 것도 1개뿐이라 (필요 2) 어느 것이 튄 값인지 알 수 없다 — 더 본다
[WARN] [1790703887.946934029] [manipulation_node]: 책 관측이 안 정해진다: 관측 1개가 책 1권에 흩어져 있다 — 가장 많이 본 것도 1개뿐이라 (필요 2) 어느 것이 튄 값인지 알 수 없다 — 더 본다
[WARN] [1790703888.047317626] [manipulation_node]: 책 관측이 안 정해진다: 관측 1개가 책 1권에 흩어져 있다 — 가장 많이 본 것도 1개뿐이라 (필요 2) 어느 것이 튄 값인지 알 수 없다 — 더 본다
[WARN] [1790703888.147761690] [manipulation_node]: 책 관측이 안 정해진다: 관측 1개가 책 1권에 흩어져 있다 — 가장 많이 본 것도 1개뿐이라 (필요 2) 어느 것이 튄 값인지 알 수 없다 — 더 본다
[WARN] [1790703888.248322868] [manipulation_node]: 책 관측이 안 정해진다: 관측 1개가 책 1권에 흩어져 있다 — 가장 많이 본 것도 1개뿐이라 (필요 2) 어느 것이 튄 값인지 알 수 없다 — 더 본다
[WARN] [1790703888.348848197] [manipulation_node]: 책 관측이 안 정해진다: 관측 1개가 책 1권에 흩어져 있다 — 가장 많이 본 것도 1개뿐이라 (필요 2) 어느 것이 튄 값인지 알 수 없다 — 더 본다
[WARN] [1790703888.449473908] [manipulation_node]: 책 관측이 안 정해진다: 관측 1개가 책 1권에 흩어져 있다 — 가장 많이 본 것도 1개뿐이라 (필요 2) 어느 것이 튄 값인지 알 수 없다 — 더 본다
[WARN] [1790703888.550259957] [manipulation_node]: 책 관측이 안 정해진다: 관측 1개가 책 1권에 흩어져 있다 — 가장 많이 본 것도 1개뿐이라 (필요 2) 어느 것이 튄 값인지 알 수 없다 — 더 본다
[WARN] [1790703888.650792390] [manipulation_node]: 책 관측이 안 정해진다: 관측 1개가 책 1권에 흩어져 있다 — 가장 많이 본 것도 1개뿐이라 (필요 2) 어느 것이 튄 값인지 알 수 없다 — 더 본다
[WARN] [1790703888.751211526] [manipulation_node]: 책 관측이 안 정해진다: 관측 1개가 책 1권에 흩어져 있다 — 가장 많이 본 것도 1개뿐이라 (필요 2) 어느 것이 튄 값인지 알 수 없다 — 더 본다
[WARN] [1790703888.851684384] [manipulation_node]: 책 관측이 안 정해진다: 관측 1개가 책 1권에 흩어져 있다 — 가장 많이 본 것도 1개뿐이라 (필요 2) 어느 것이 튄 값인지 알 수 없다 — 더 본다
[WARN] [1790703888.952224783] [manipulation_node]: 책 관측이 안 정해진다: 관측 1개가 책 1권에 흩어져 있다 — 가장 많이 본 것도 1개뿐이라 (필요 2) 어느 것이 튄 값인지 알 수 없다 — 더 본다
[WARN] [1790703889.052823743] [manipulation_node]: 책 관측이 안 정해진다: 관측 1개가 책 1권에 흩어져 있다 — 가장 많이 본 것도 1개뿐이라 (필요 2) 어느 것이 튄 값인지 알 수 없다 — 더 본다
[WARN] [1790703889.153368569] [manipulation_node]: 책 관측이 안 정해진다: 관측 1개가 책 1권에 흩어져 있다 — 가장 많이 본 것도 1개뿐이라 (필요 2) 어느 것이 튄 값인지 알 수 없다 — 더 본다
[WARN] [1790703889.253819586] [manipulation_node]: 책 관측이 안 정해진다: 관측 1개가 책 1권에 흩어져 있다 — 가장 많이 본 것도 1개뿐이라 (필요 2) 어느 것이 튄 값인지 알 수 없다 — 더 본다
[WARN] [1790703889.354302694] [manipulation_node]: 책 관측이 안 정해진다: 관측 1개가 책 1권에 흩어져 있다 — 가장 많이 본 것도 1개뿐이라 (필요 2) 어느 것이 튄 값인지 알 수 없다 — 더 본다
[WARN] [1790703889.454767718] [manipulation_node]: 책 관측이 안 정해진다: 관측 1개가 책 1권에 흩어져 있다 — 가장 많이 본 것도 1개뿐이라 (필요 2) 어느 것이 튄 값인지 알 수 없다 — 더 본다
[WARN] [1790703889.555188387] [manipulation_node]: 책 관측이 안 정해진다: 관측 1개가 책 1권에 흩어져 있다 — 가장 많이 본 것도 1개뿐이라 (필요 2) 어느 것이 튄 값인지 알 수 없다 — 더 본다
[WARN] [1790703889.655619516] [manipulation_node]: 책 관측이 안 정해진다: 관측 1개가 책 1권에 흩어져 있다 — 가장 많이 본 것도 1개뿐이라 (필요 2) 어느 것이 튄 값인지 알 수 없다 — 더 본다
[WARN] [1790703889.756047056] [manipulation_node]: 책 관측이 안 정해진다: 관측 1개가 책 1권에 흩어져 있다 — 가장 많이 본 것도 1개뿐이라 (필요 2) 어느 것이 튄 값인지 알 수 없다 — 더 본다
[WARN] [1790703889.856506038] [manipulation_node]: 책 관측이 안 정해진다: 관측 1개가 책 1권에 흩어져 있다 — 가장 많이 본 것도 1개뿐이라 (필요 2) 어느 것이 튄 값인지 알 수 없다 — 더 본다
[WARN] [1790703889.957024424] [manipulation_node]: 책 관측이 안 정해진다: 관측 1개가 책 1권에 흩어져 있다 — 가장 많이 본 것도 1개뿐이라 (필요 2) 어느 것이 튄 값인지 알 수 없다 — 더 본다
[WARN] [1790703890.057504817] [manipulation_node]: 책 관측이 안 정해진다: 관측 1개가 책 1권에 흩어져 있다 — 가장 많이 본 것도 1개뿐이라 (필요 2) 어느 것이 튄 값인지 알 수 없다 — 더 본다
[WARN] [1790703890.157948670] [manipulation_node]: 책 관측이 안 정해진다: 관측 1개가 책 1권에 흩어져 있다 — 가장 많이 본 것도 1개뿐이라 (필요 2) 어느 것이 튄 값인지 알 수 없다 — 더 본다
[WARN] [1790703890.258470302] [manipulation_node]: 책 관측이 안 정해진다: 관측 1개가 책 1권에 흩어져 있다 — 가장 많이 본 것도 1개뿐이라 (필요 2) 어느 것이 튄 값인지 알 수 없다 — 더 본다
[WARN] [1790703890.359044695] [manipulation_node]: 책 관측이 안 정해진다: 관측 1개가 책 1권에 흩어져 있다 — 가장 많이 본 것도 1개뿐이라 (필요 2) 어느 것이 튄 값인지 알 수 없다 — 더 본다
[WARN] [1790703890.459504539] [manipulation_node]: 책 관측이 안 정해진다: 관측 1개가 책 1권에 흩어져 있다 — 가장 많이 본 것도 1개뿐이라 (필요 2) 어느 것이 튄 값인지 알 수 없다 — 더 본다
[WARN] [1790703890.560009228] [manipulation_node]: 책 관측이 안 정해진다: 관측 1개가 책 1권에 흩어져 있다 — 가장 많이 본 것도 1개뿐이라 (필요 2) 어느 것이 튄 값인지 알 수 없다 — 더 본다
[WARN] [1790703890.660424166] [manipulation_node]: 책 관측이 안 정해진다: 관측 1개가 책 1권에 흩어져 있다 — 가장 많이 본 것도 1개뿐이라 (필요 2) 어느 것이 튄 값인지 알 수 없다 — 더 본다
[WARN] [1790703890.760819676] [manipulation_node]: 책 관측이 안 정해진다: 관측 1개가 책 1권에 흩어져 있다 — 가장 많이 본 것도 1개뿐이라 (필요 2) 어느 것이 튄 값인지 알 수 없다 — 더 본다
[WARN] [1790703890.861331950] [manipulation_node]: 책 관측이 안 정해진다: 관측 1개가 책 1권에 흩어져 있다 — 가장 많이 본 것도 1개뿐이라 (필요 2) 어느 것이 튄 값인지 알 수 없다 — 더 본다
[WARN] [1790703890.961779590] [manipulation_node]: 책 관측이 안 정해진다: 관측 1개가 책 1권에 흩어져 있다 — 가장 많이 본 것도 1개뿐이라 (필요 2) 어느 것이 튄 값인지 알 수 없다 — 더 본다
[WARN] [1790703891.062487709] [manipulation_node]: 책 관측이 안 정해진다: 관측 1개가 책 1권에 흩어져 있다 — 가장 많이 본 것도 1개뿐이라 (필요 2) 어느 것이 튄 값인지 알 수 없다 — 더 본다
[WARN] [1790703891.163013550] [manipulation_node]: 책 관측이 안 정해진다: 관측 1개가 책 1권에 흩어져 있다 — 가장 많이 본 것도 1개뿐이라 (필요 2) 어느 것이 튄 값인지 알 수 없다 — 더 본다
[WARN] [1790703891.263501056] [manipulation_node]: 책 관측이 안 정해진다: 관측 1개가 책 1권에 흩어져 있다 — 가장 많이 본 것도 1개뿐이라 (필요 2) 어느 것이 튄 값인지 알 수 없다 — 더 본다
[WARN] [1790703891.364153779] [manipulation_node]: 책 관측이 안 정해진다: 관측 1개가 책 1권에 흩어져 있다 — 가장 많이 본 것도 1개뿐이라 (필요 2) 어느 것이 튄 값인지 알 수 없다 — 더 본다
[WARN] [1790703891.464772628] [manipulation_node]: 책 관측이 안 정해진다: 관측 1개가 책 1권에 흩어져 있다 — 가장 많이 본 것도 1개뿐이라 (필요 2) 어느 것이 튄 값인지 알 수 없다 — 더 본다
[WARN] [1790703891.565219115] [manipulation_node]: 책 관측이 안 정해진다: 관측 1개가 책 1권에 흩어져 있다 — 가장 많이 본 것도 1개뿐이라 (필요 2) 어느 것이 튄 값인지 알 수 없다 — 더 본다
[WARN] [1790703891.665637800] [manipulation_node]: 책 관측이 안 정해진다: 관측 1개가 책 1권에 흩어져 있다 — 가장 많이 본 것도 1개뿐이라 (필요 2) 어느 것이 튄 값인지 알 수 없다 — 더 본다
[WARN] [1790703891.766124786] [manipulation_node]: 책 관측이 안 정해진다: 관측 1개가 책 1권에 흩어져 있다 — 가장 많이 본 것도 1개뿐이라 (필요 2) 어느 것이 튄 값인지 알 수 없다 — 더 본다
[WARN] [1790703891.866639003] [manipulation_node]: 책 관측이 안 정해진다: 관측 1개가 책 1권에 흩어져 있다 — 가장 많이 본 것도 1개뿐이라 (필요 2) 어느 것이 튄 값인지 알 수 없다 — 더 본다
[WARN] [1790703891.967096352] [manipulation_node]: 책 관측이 안 정해진다: 관측 1개가 책 1권에 흩어져 있다 — 가장 많이 본 것도 1개뿐이라 (필요 2) 어느 것이 튄 값인지 알 수 없다 — 더 본다
[WARN] [1790703892.067537830] [manipulation_node]: 책 관측이 안 정해진다: 관측 1개가 책 1권에 흩어져 있다 — 가장 많이 본 것도 1개뿐이라 (필요 2) 어느 것이 튄 값인지 알 수 없다 — 더 본다
[WARN] [1790703892.167982164] [manipulation_node]: 책 관측이 안 정해진다: 관측 1개가 책 1권에 흩어져 있다 — 가장 많이 본 것도 1개뿐이라 (필요 2) 어느 것이 튄 값인지 알 수 없다 — 더 본다
[WARN] [1790703892.268416368] [manipulation_node]: 책 관측이 안 정해진다: 관측 1개가 책 1권에 흩어져 있다 — 가장 많이 본 것도 1개뿐이라 (필요 2) 어느 것이 튄 값인지 알 수 없다 — 더 본다
[WARN] [1790703892.368931307] [manipulation_node]: 책 관측이 안 정해진다: 관측 1개가 책 1권에 흩어져 있다 — 가장 많이 본 것도 1개뿐이라 (필요 2) 어느 것이 튄 값인지 알 수 없다 — 더 본다
[WARN] [1790703892.469355963] [manipulation_node]: 책 관측이 안 정해진다: 관측 1개가 책 1권에 흩어져 있다 — 가장 많이 본 것도 1개뿐이라 (필요 2) 어느 것이 튄 값인지 알 수 없다 — 더 본다
[WARN] [1790703892.569929104] [manipulation_node]: 책 관측이 안 정해진다: 관측 1개가 책 1권에 흩어져 있다 — 가장 많이 본 것도 1개뿐이라 (필요 2) 어느 것이 튄 값인지 알 수 없다 — 더 본다
[WARN] [1790703892.670357457] [manipulation_node]: 책 관측이 안 정해진다: 관측 1개가 책 1권에 흩어져 있다 — 가장 많이 본 것도 1개뿐이라 (필요 2) 어느 것이 튄 값인지 알 수 없다 — 더 본다
[WARN] [1790703892.770780890] [manipulation_node]: 책 관측이 안 정해진다: 관측 1개가 책 1권에 흩어져 있다 — 가장 많이 본 것도 1개뿐이라 (필요 2) 어느 것이 튄 값인지 알 수 없다 — 더 본다
[WARN] [1790703892.871305818] [manipulation_node]: 책 관측이 안 정해진다: 관측 1개가 책 1권에 흩어져 있다 — 가장 많이 본 것도 1개뿐이라 (필요 2) 어느 것이 튄 값인지 알 수 없다 — 더 본다
[WARN] [1790703892.971708522] [manipulation_node]: 책 관측이 안 정해진다: 관측 1개가 책 1권에 흩어져 있다 — 가장 많이 본 것도 1개뿐이라 (필요 2) 어느 것이 튄 값인지 알 수 없다 — 더 본다
[WARN] [1790703893.072158016] [manipulation_node]: 책 관측이 안 정해진다: 관측 1개가 책 1권에 흩어져 있다 — 가장 많이 본 것도 1개뿐이라 (필요 2) 어느 것이 튄 값인지 알 수 없다 — 더 본다
[WARN] [1790703893.172667765] [manipulation_node]: 책 관측이 안 정해진다: 관측 1개가 책 1권에 흩어져 있다 — 가장 많이 본 것도 1개뿐이라 (필요 2) 어느 것이 튄 값인지 알 수 없다 — 더 본다
[WARN] [1790703893.273829785] [manipulation_node]: 책 관측이 안 정해진다: 관측 1개가 책 1권에 흩어져 있다 — 가장 많이 본 것도 1개뿐이라 (필요 2) 어느 것이 튄 값인지 알 수 없다 — 더 본다
[WARN] [1790703893.374297142] [manipulation_node]: 책 관측이 안 정해진다: 관측 1개가 책 1권에 흩어져 있다 — 가장 많이 본 것도 1개뿐이라 (필요 2) 어느 것이 튄 값인지 알 수 없다 — 더 본다
[WARN] [1790703893.474942281] [manipulation_node]: 책 관측이 안 정해진다: 관측 1개가 책 1권에 흩어져 있다 — 가장 많이 본 것도 1개뿐이라 (필요 2) 어느 것이 튄 값인지 알 수 없다 — 더 본다
[WARN] [1790703893.575575928] [manipulation_node]: 책 관측이 안 정해진다: 관측 1개가 책 1권에 흩어져 있다 — 가장 많이 본 것도 1개뿐이라 (필요 2) 어느 것이 튄 값인지 알 수 없다 — 더 본다
[WARN] [1790703893.676216377] [manipulation_node]: 책 관측이 안 정해진다: 관측 1개가 책 1권에 흩어져 있다 — 가장 많이 본 것도 1개뿐이라 (필요 2) 어느 것이 튄 값인지 알 수 없다 — 더 본다
[WARN] [1790703893.776735424] [manipulation_node]: 책 관측이 안 정해진다: 관측 1개가 책 1권에 흩어져 있다 — 가장 많이 본 것도 1개뿐이라 (필요 2) 어느 것이 튄 값인지 알 수 없다 — 더 본다
[WARN] [1790703893.877187262] [manipulation_node]: 책 관측이 안 정해진다: 관측 1개가 책 1권에 흩어져 있다 — 가장 많이 본 것도 1개뿐이라 (필요 2) 어느 것이 튄 값인지 알 수 없다 — 더 본다
[WARN] [1790703893.977680820] [manipulation_node]: 책 관측이 안 정해진다: 관측 1개가 책 1권에 흩어져 있다 — 가장 많이 본 것도 1개뿐이라 (필요 2) 어느 것이 튄 값인지 알 수 없다 — 더 본다
[WARN] [1790703894.078183686] [manipulation_node]: 책 관측이 안 정해진다: 관측 1개가 책 1권에 흩어져 있다 — 가장 많이 본 것도 1개뿐이라 (필요 2) 어느 것이 튄 값인지 알 수 없다 — 더 본다
[WARN] [1790703894.178657355] [manipulation_node]: 책 관측이 안 정해진다: 관측 1개가 책 1권에 흩어져 있다 — 가장 많이 본 것도 1개뿐이라 (필요 2) 어느 것이 튄 값인지 알 수 없다 — 더 본다
[WARN] [1790703894.279100597] [manipulation_node]: 책 관측이 안 정해진다: 관측 1개가 책 1권에 흩어져 있다 — 가장 많이 본 것도 1개뿐이라 (필요 2) 어느 것이 튄 값인지 알 수 없다 — 더 본다
[WARN] [1790703894.379607090] [manipulation_node]: 책 관측이 안 정해진다: 관측 1개가 책 1권에 흩어져 있다 — 가장 많이 본 것도 1개뿐이라 (필요 2) 어느 것이 튄 값인지 알 수 없다 — 더 본다
[WARN] [1790703894.480130625] [manipulation_node]: 책 관측이 안 정해진다: 관측 1개가 책 1권에 흩어져 있다 — 가장 많이 본 것도 1개뿐이라 (필요 2) 어느 것이 튄 값인지 알 수 없다 — 더 본다
[WARN] [1790703894.580715828] [manipulation_node]: 책 관측이 안 정해진다: 관측 1개가 책 1권에 흩어져 있다 — 가장 많이 본 것도 1개뿐이라 (필요 2) 어느 것이 튄 값인지 알 수 없다 — 더 본다
[WARN] [1790703894.681203816] [manipulation_node]: 책 관측이 안 정해진다: 관측 1개가 책 1권에 흩어져 있다 — 가장 많이 본 것도 1개뿐이라 (필요 2) 어느 것이 튄 값인지 알 수 없다 — 더 본다
[WARN] [1790703894.781818105] [manipulation_node]: 책 관측이 안 정해진다: 관측 1개가 책 1권에 흩어져 있다 — 가장 많이 본 것도 1개뿐이라 (필요 2) 어느 것이 튄 값인지 알 수 없다 — 더 본다
[INFO] [1790703894.882291945] [manipulation_node]: 책 좌표 정함 (-0.3640, -0.1820, +0.1864) — 관측 2개 · 책 1권 · 고른 책 2개 (x 흔들림 0 mm) → 축마다 중앙값
[INFO] [1790703894.882762478] [manipulation_node]: 작업 job_01deba529a37 book=book_002 트레이 칸 3 파지 [-0.3640201302233581, -0.18203503551153735, 0.11054408754278122] (vision) → (-0.35, 0.5438500024676323, 0.8839) 삽입 속도 0.030 m/s
[INFO] [1790704049.671730590] [manipulation_node]: 빈칸 실측이 낡았다 (배치 4회째) — 다음 판은 다시 스캔해야 한다. 트레이 쓴 칸 [0, 1, 2, 3] / 전체 6
[INFO] [1790704049.671985138] [manipulation_node]: PlaceBook 성공 job=job_01deba529a37 code=0(OK) phase= 배치 확인
