[demo_env] SIM_LEVEL=/home/bryankim0200/b1_level_props_collect_0929_v3/Final_Level_Shaded_robot.light1_props.usdc
[촬영2판] HEAD=c73f4d5
책 대체: 저장소 usd_v2 4권
[1/4] Isaac 시작 (약 3~4분) — 레벨 Final_Level_Shaded_robot.light1_props.usdc  02:30:21
      준비 대기.........
      준비 완료 02:31:51
 [py stderr]: ### 레벨 책 4권을 그대로 쓴다
 [py stderr]: ### 장면 준비: 트레이 칸 6개, 책 4권, 원본 0종
 [py stderr]: ###   팔 베이스 출발 자리 (+4.9850, -5.3071) yaw +90.00° — 돌아왔을 때 여기로 맞춘다
 [py stderr]: ###   루트 출발 자리 (+4.9859, -5.6067) — **복귀는 여기로 간다** (팔 베이스와 0.300 m 다르다)
[2/4] TF·비전·로봇팔·주행·FSM 노드  02:31:51
[3/4] 반납 작업 1건 투입 (25.0s 뒤)  02:32:01
[4/4] 진행 상태 — 검출 좌표·단계 전이를 실시간으로 (같은 내용이 /home/bryankim0200/b1_arm/logs/detections.log 에 남는다)  02:32:01
   02:32:01 [조작] PlaceBook /place_book executor=sim profile=default tray_slots=6 status=/robot/status perception_bridge=True
   02:32:01 [시뮬] 관측 자세 손목(관절 7) -59.2° → +30.8° 로 돌림 [SIM_HOME_J7_DEG=+90] (홈은 그대로)
   02:32:01 [시뮬] 관측 자세 이동 [0.0, 0.0, 0.1] m: 손 [-0.389, 0.079, 0.573] → [-0.389, 0.079, 0.673], 관절 [2.811, -0.514, 0.102, -2.213, 0.051, 1.701, 0.538] → [2.094, -0.576, 0.563, -1.891, 0.3, 1.397, 0.278] (한계 여유 0.873) [SIM_HOME_SHIFT] (홈은
   02:32:27 [FSM] FSM transition completed: PLANNING -> NAV_TO_RETURN
   02:32:27 [FSM] Navigation succeeded: Navigation waypoint is already satisfied in simulation.
   02:32:27 [FSM] FSM transition completed: NAV_TO_RETURN -> RECEIVE_TRAY
   02:32:27 [FSM] FSM transition completed: RECEIVE_TRAY -> SELECT_BOOK
   02:32:27 [FSM] FSM transition completed: SELECT_BOOK -> NAV_TO_SHELF
   02:33:09 [시뮬] [주행] 도착 (-0.548, +1.225)
   02:33:13 [시뮬] [주행] 회전 끝 — **실측** yaw +0.00° (목표 +0.00°)
   02:33:14 [FSM] Navigation succeeded: Navigation completed.
   02:33:14 [FSM] FSM transition completed: NAV_TO_SHELF -> DETECT_TARGET_SLOT
   02:33:14 [조작] 베이스 회전 명령 전송 (목표 yaw +0°, 서가 거리 0.444)
   02:33:14 [시뮬] [주행] 도착 (-0.548, +1.225)
   02:33:14 [시뮬] 서가 앞면 0.443 m → 목표 0.444 m (앞뒤 -0.001), 서가 중심 팔기준 x -0.417 → 옆으로 -0.417: 차체를 0.417 m 옮긴다
   02:33:19 [조작] 베이스 회전 완료
   02:33:19 [시뮬] 서가 앞면 실측 0.444 m (목표 0.444), 서가 x 범위 팔기준 -0.71~+0.71
   02:33:19 [시뮬] [스윕] 시작 자세 q=[2.811, -0.514, 0.102, -2.213, 0.051, 1.701, -1.033]
   02:33:19 [시뮬] [스윕] 판 1.042 (팔기준 z 0.712, 앞면 0.444) 정지점 5/5 여유 0.171 rad 최대변화 0.06 길이 3.95
   02:33:19 [시뮬] [스윕] 판 0.498 (팔기준 z 0.168, 앞면 0.444) 정지점 5/5 여유 0.225 rad 최대변화 0.05 길이 2.52
   02:33:19 [시뮬] 스윕 시작: 판 [1.042, 0.498], 정지점 10개, 정지 1.2s
   02:33:19 [시뮬] [판목록] 레벨 실측 [0.4976, 1.0417, 1.5812, 2.0582, 2.52] · 쓰는 값 [0.497, 0.498, 1.042] · 차이 [-0.3, -0.4, +0.6] mm  (그림자 — 판단은 상수 그대로)
   02:33:29 [비전] ROI 밖 책: (0.024, 0.573, 0.395) @arm_base_link
   02:33:29 [비전] ROI 밖 책: (0.064, 0.574, 0.394) @arm_base_link
   02:33:29 [비전] ROI 밖 책: (-0.205, 0.535, 0.403) @arm_base_link
   02:33:29 [비전] ROI 밖 책: (-0.070, 0.548, 0.396) @arm_base_link
   02:33:29 [비전] ROI 밖 책: (-0.625, 0.536, 0.833) @arm_base_link
   02:33:29 [비전] ROI 밖 책: (-0.229, 0.522, 0.362) @arm_base_link
   02:33:29 [비전] ROI 밖 책 6권 제외 (남은 0권). ROI [-0.4, -0.2, 0.0] ~ [-0.26, 0.4, 0.32] @arm_base_link
   02:33:30 [비전] Empty center pixel=(276, 259), shelf_front_z=1.528m; Depth L/C/R=0.432/6.085/2.624m; center-left=5.653m, center-right=3.461m; contrast=PASS
   02:33:30 [비전] Empty shelf target: xyz=(-0.562, 1.650, 0.917)
   02:33:31 [비전] ROI 밖 책: (0.332, 0.578, 0.382) @arm_base_link
   02:33:31 [비전] ROI 밖 책: (0.057, 0.561, 0.393) @arm_base_link
   02:33:31 [비전] ROI 밖 책: (-0.057, 0.532, 0.395) @arm_base_link
   02:33:31 [비전] ROI 밖 책: (0.024, 0.572, 0.397) @arm_base_link
   02:33:31 [비전] ROI 밖 책 4권 제외 (남은 0권). ROI [-0.4, -0.2, 0.0] ~ [-0.26, 0.4, 0.32] @arm_base_link
   02:33:33 [비전] ROI 밖 책: (0.485, 0.579, 0.394) @arm_base_link
   02:33:33 [비전] ROI 밖 책: (0.366, 0.537, 0.395) @arm_base_link
   02:33:33 [비전] ROI 밖 책: (0.094, 0.536, 0.396) @arm_base_link
   02:33:33 [비전] ROI 밖 책: (0.332, 0.553, 0.373) @arm_base_link
   02:33:33 [비전] ROI 밖 책: (0.430, 0.566, 0.395) @arm_base_link
   02:33:33 [비전] ROI 밖 책: (0.131, 0.537, 0.393) @arm_base_link
   02:33:33 [비전] ROI 밖 책: (0.171, 0.535, 0.395) @arm_base_link
   02:33:33 [비전] ROI 밖 책: (0.215, 0.536, 0.831) @arm_base_link
   02:33:33 [비전] ROI 밖 책: (0.508, 0.585, 0.394) @arm_base_link
   02:33:33 [비전] ROI 밖 책: (0.061, 0.577, 0.392) @arm_base_link
   02:33:33 [비전] ROI 밖 책 10권 제외 (남은 0권). ROI [-0.4, -0.2, 0.0] ~ [-0.26, 0.4, 0.32] @arm_base_link
   02:33:36 [비전] ROI 밖 책: (0.497, 0.573, 0.394) @arm_base_link
   02:33:36 [비전] ROI 밖 책: (0.336, 0.536, 0.390) @arm_base_link
   02:33:36 [비전] ROI 밖 책: (0.371, 0.534, 0.396) @arm_base_link
   02:33:36 [비전] ROI 밖 책: (0.472, 0.536, 0.394) @arm_base_link
   02:33:36 [비전] ROI 밖 책: (0.423, 0.554, 0.395) @arm_base_link
   02:33:36 [비전] ROI 밖 책: (0.177, 0.634, 0.396) @arm_base_link
   02:33:36 [비전] ROI 밖 책: (0.463, 0.574, 0.394) @arm_base_link
   02:33:36 [비전] ROI 밖 책: (0.441, 0.529, 0.394) @arm_base_link
   02:33:36 [비전] ROI 밖 책: (-0.048, 0.571, 0.394) @arm_base_link
   02:33:36 [비전] ROI 밖 책: (0.058, 0.569, 0.393) @arm_base_link
   02:33:36 [비전] ROI 밖 책 10권 제외 (남은 0권). ROI [-0.4, -0.2, 0.0] ~ [-0.26, 0.4, 0.32] @arm_base_link
   02:33:39 [비전] ROI 밖 책: (-0.031, 0.578, 0.394) @arm_base_link
   02:33:39 [비전] ROI 밖 책: (0.211, 0.536, 0.826) @arm_base_link
   02:33:39 [비전] ROI 밖 책: (0.590, 0.620, 0.395) @arm_base_link
   02:33:39 [비전] ROI 밖 책: (0.052, 0.576, 0.394) @arm_base_link
   02:33:39 [비전] ROI 밖 책: (0.428, 0.578, 0.394) @arm_base_link
   02:33:39 [비전] ROI 밖 책: (0.506, 0.608, 0.394) @arm_base_link
   02:33:39 [비전] ROI 밖 책: (0.606, 0.576, 0.398) @arm_base_link
   02:33:39 [비전] ROI 밖 책: (0.384, 0.537, 0.396) @arm_base_link
   02:33:39 [비전] ROI 밖 책: (0.486, 0.538, 0.393) @arm_base_link
   02:33:39 [비전] ROI 밖 책: (0.487, 0.568, 0.392) @arm_base_link
   02:33:39 [비전] ROI 밖 책: (0.014, 0.575, 0.395) @arm_base_link
   02:33:39 [비전] ROI 밖 책: (0.567, 0.562, 0.392) @arm_base_link
   02:33:39 [비전] ROI 밖 책: (0.086, 0.579, 0.395) @arm_base_link
   02:33:39 [비전] ROI 밖 책 13권 제외 (남은 0권). ROI [-0.4, -0.2, 0.0] ~ [-0.26, 0.4, 0.32] @arm_base_link
   02:33:39 [비전] Empty center pixel=(286, 550), shelf_front_z=0.618m; Depth L/C/R=0.677/1.387/0.558m; center-left=0.710m, center-right=0.829m; contrast=PASS
   02:33:39 [비전] Empty shelf target: xyz=(0.283, 0.624, 0.344)
   02:33:44 [비전] ROI 밖 책: (-1.029, 0.185, -0.341) @arm_base_link
   02:33:44 [비전] ROI 밖 책: (0.122, 0.508, 0.339) @arm_base_link
   02:33:44 [비전] ROI 밖 책: (0.082, 0.505, 0.343) @arm_base_link
   02:33:44 [비전] ROI 밖 책 3권 제외 (남은 2권). ROI [-0.4, -0.2, 0.0] ~ [-0.26, 0.4, 0.32] @arm_base_link
   02:33:44 [비전] Book picked(best): xyz=(-0.364, -0.018, 0.217), center=(309, 593), conf=0.89, depth=patch, yaw=0.000 rad (후보 2권)
   02:33:44 [비전] Empty center pixel=(156, 337), shelf_front_z=0.833m; Depth L/C/R=0.906/1.044/0.759m; center-left=0.138m, center-right=0.285m; contrast=PASS
   02:33:44 [비전] Empty shelf target: xyz=(-0.781, 0.504, 0.181)
   02:33:46 [비전] ROI 밖 책: (0.171, 0.511, 0.340) @arm_base_link
   02:33:46 [비전] ROI 밖 책: (-0.722, 0.093, -0.002) @arm_base_link
   02:33:46 [비전] ROI 밖 책 2권 제외 (남은 2권). ROI [-0.4, -0.2, 0.0] ~ [-0.26, 0.4, 0.32] @arm_base_link
   02:33:46 [비전] Book picked(best): xyz=(-0.357, -0.018, 0.216), center=(188, 592), conf=0.89, depth=patch, yaw=0.000 rad (후보 2권)
   02:33:46 [비전] Empty center pixel=(89, 338), shelf_front_z=0.817m; Depth L/C/R=0.872/0.966/0.763m; center-left=0.094m, center-right=0.203m; contrast=PASS
   02:33:46 [비전] Empty shelf target: xyz=(-0.782, 0.490, 0.188)
   02:33:49 [비전] ROI 밖 책: (0.560, 0.183, -0.341) @arm_base_link
   02:33:49 [비전] ROI 밖 책: (-0.431, 0.033, 0.156) @arm_base_link
   02:33:49 [비전] ROI 밖 책: (0.198, 0.528, 0.381) @arm_base_link
   02:33:49 [비전] ROI 밖 책: (0.174, 0.511, 0.337) @arm_base_link
   02:33:49 [비전] ROI 밖 책 4권 제외 (남은 1권). ROI [-0.4, -0.2, 0.0] ~ [-0.26, 0.4, 0.32] @arm_base_link
   02:33:49 [비전] Book picked(best): xyz=(-0.312, -0.027, 0.199), center=(87, 603), conf=0.94, depth=patch, yaw=0.000 rad (후보 1권)
   02:33:49 [비전] Empty center pixel=(435, 275), shelf_front_z=0.734m; Depth L/C/R=0.720/2.017/0.747m; center-left=1.297m, center-right=1.270m; contrast=PASS
   02:33:49 [비전] Empty shelf target: xyz=(0.259, 0.523, 0.357)
   02:33:51 [비전] ROI 밖 책: (0.592, 0.180, -0.341) @arm_base_link
   02:33:51 [비전] ROI 밖 책 1권 제외 (남은 0권). ROI [-0.4, -0.2, 0.0] ~ [-0.26, 0.4, 0.32] @arm_base_link
   02:33:51 [비전] Empty center pixel=(359, 274), shelf_front_z=0.713m; Depth L/C/R=0.690/2.043/0.736m; center-left=1.353m, center-right=1.308m; contrast=PASS
   02:33:51 [비전] Empty shelf target: xyz=(0.262, 0.506, 0.369)
   02:33:54 [비전] ROI 밖 책: (0.673, 0.183, -0.341) @arm_base_link
   02:33:54 [비전] ROI 밖 책: (-0.315, 0.522, 0.357) @arm_base_link
   02:33:54 [비전] ROI 밖 책: (0.486, 0.518, 0.359) @arm_base_link
   02:33:54 [비전] ROI 밖 책 3권 제외 (남은 0권). ROI [-0.4, -0.2, 0.0] ~ [-0.26, 0.4, 0.32] @arm_base_link
   02:33:54 [비전] Empty center pixel=(294, 273), shelf_front_z=0.745m; Depth L/C/R=0.777/2.052/0.713m; center-left=1.275m, center-right=1.340m; contrast=PASS
   02:33:54 [비전] Empty shelf target: xyz=(0.287, 0.536, 0.354)
   02:34:03 [FSM] Empty slot detected: frame_id=arm_base_link, x=-0.350, y=0.544, z=0.340, confidence=1.00, candidate_count=7
   02:34:03 [FSM] FSM transition completed: DETECT_TARGET_SLOT -> PLACE_BOOK
   02:34:03 [FSM] Book-placement goal was accepted.
   02:34:03 [조작] 빈칸 관측 버림 (서가 밖): (-0.781, 0.504, 0.181) 서가 x -0.66~0.66 y 0.41~0.80 z -0.33~2.19
   02:34:03 [조작] 빈칸 관측 버림 (서가 밖): (-0.782, 0.490, 0.188) 서가 x -0.66~0.66 y 0.41~0.80 z -0.33~2.19
   02:34:03 [조작] 빈칸 선택: 책 사이 틈 관측 (0.273, 0.523, 0.357) → 칸 중심 y 0.544, z 0.340 (판 높이로 스냅); 꽂기 전 차체를 옆으로 +0.623 m 옮겨 틈을 x -0.35 에 둔다
   02:34:03 [조작] 빈 슬롯 스캔 완료: (-0.35, 0.5439, 0.3399), 삽입깊이 0.300m
   02:34:03 [조작] 베이스 회전 명령 전송 (목표 yaw +0°, 서가 거리 0.444)
   02:34:03 [시뮬] 작업 job_01deba529a37:scan SUCCEEDED {'phase': 'scan_done', 'message': '서가 스캔 완료', 'placement_verified': False, 'sim_steps': 2039, 'render_steps': 2039} (43.3s)
   02:34:03 [시뮬] 서가 앞면 0.444 m → 목표 0.444 m (앞뒤 +0.000), 서가 중심 팔기준 x +0.623 → 옆으로 +0.623: 차체를 0.623 m 옮긴다
   02:34:09 [비전] ROI 밖 책: (-0.117, -0.692, -0.341) @arm_base_link
   02:34:09 [비전] ROI 밖 책: (-0.230, 0.504, 0.205) @arm_base_link
   02:34:09 [비전] ROI 밖 책: (0.485, 0.239, -0.341) @arm_base_link
   02:34:09 [비전] ROI 밖 책: (-0.532, 0.505, 0.208) @arm_base_link
   02:34:09 [비전] ROI 밖 책 4권 제외 (남은 4권). ROI [-0.4, -0.2, 0.0] ~ [-0.26, 0.4, 0.32] @arm_base_link
   02:34:09 [비전] Book picked(best): xyz=(-0.356, -0.003, 0.212), center=(261, 315), conf=0.85, depth=patch, yaw=0.000 rad (후보 4권)
   02:34:09 [조작] 베이스 회전 완료
   02:34:09 [시뮬] 서가 앞면 실측 0.444 m (목표 0.444), 서가 x 범위 팔기준 -1.33~+0.08
   02:34:10 [비전] ROI 밖 책: (-0.120, -0.683, -0.341) @arm_base_link
   02:34:10 [비전] ROI 밖 책: (-0.230, 0.504, 0.205) @arm_base_link
   02:34:10 [비전] ROI 밖 책: (-0.531, 0.505, 0.207) @arm_base_link
   02:34:10 [비전] ROI 밖 책: (0.485, 0.283, -0.341) @arm_base_link
   02:34:10 [비전] ROI 밖 책 4권 제외 (남은 3권). ROI [-0.4, -0.2, 0.0] ~ [-0.26, 0.4, 0.32] @arm_base_link
   02:34:10 [비전] Book picked(best): xyz=(-0.359, -0.004, 0.212), center=(260, 313), conf=0.87, depth=patch, yaw=0.000 rad (후보 3권)
   02:34:10 [조작] 책 좌표 정함 (-0.3575, -0.0037, +0.2118) — 관측 2개 · 책 1권 · 고른 책 2개 (x 흔들림 3 mm) → 축마다 중앙값
   02:34:10 [조작] 작업 job_01deba529a37 book=book_003 트레이 칸 0 파지 [-0.3574534573791135, -0.0036874648678301217, 0.135921829525754] (vision) → (-0.35, 0.5438500024676323, 0.3399) 삽입 속도 0.030 m/s
   02:34:30 [시뮬] [JUDGE] 손 안 어긋남(406) **판별불가** — 키네마틱 파지는 매 스텝 책을 손에 맞춰 다시 써 넣는다. 이 신호는 마찰 파지(SIM_GRASP_KINEMATIC=0)에서만 의미가 있다
   02:34:38 [시뮬] [JUDGE] rise=16.9cm(ok) width=13.6mm = 지령 13.6mm (책 반두께 17.6) → **판별불가** [키네마틱 파지라 빈손이어도 같은 값이 나온다]
   02:36:40 [FSM] FSM transition completed: PLACE_BOOK -> UPDATE_DATA
   02:36:40 [FSM] FSM transition completed: UPDATE_DATA -> NEXT_BOOK
   02:36:40 [FSM] FSM transition completed: NEXT_BOOK -> SELECT_BOOK
   02:36:40 [FSM] FSM transition completed: SELECT_BOOK -> NAV_TO_SHELF
   02:36:40 [FSM] Navigation succeeded: Navigation waypoint is already satisfied in simulation.
   02:36:40 [FSM] FSM transition completed: NAV_TO_SHELF -> DETECT_TARGET_SLOT
   02:36:40 [조작] PlaceBook 성공 job=job_01deba529a37 code=0(OK) phase= 배치 확인
   02:36:40 [조작] 베이스 회전 명령 전송 (목표 yaw +0°, 서가 거리 0.444)
   02:36:40 [시뮬] [JUDGE] width_hold=판별불가[키네마틱] (13.6 → 최소 13.6 mm, 한쪽 기준)
   02:36:40 [시뮬] 작업 job_01deba529a37 SUCCEEDED {'phase': 'verify', 'message': '배치 확인', 'placement_verified': True, 'checks': {'upright': True, 'depth': True, 'spine': True, 'x': True, 'floor': True, 'skew': True, 'no_jam': True}, 'fallen
   02:36:40 [시뮬] 서가 앞면 0.444 m → 목표 0.444 m (앞뒤 +0.000), 서가 중심 팔기준 x -0.623 → 옆으로 -0.623: 차체를 0.623 m 옮긴다
   02:36:45 [조작] 베이스 회전 완료
   02:36:45 [시뮬] 서가 앞면 실측 0.444 m (목표 0.444), 서가 x 범위 팔기준 -0.71~+0.71
   02:36:45 [시뮬] [재측정] 스윕 없이 빈칸만 다시 재고 관측 자세로 돌아간다 — 서가 /World/bookshelves_main/shelf_brown__book_shelf_01 · 판 [1.042, 0.498] · 빈칸 4개 · 관측 자세까지 Δ최대 1.311 rad
   02:36:52 [FSM] Empty slot detected: frame_id=arm_base_link, x=-0.350, y=0.544, z=0.884, confidence=1.00, candidate_count=7
   02:36:52 [FSM] FSM transition completed: DETECT_TARGET_SLOT -> PLACE_BOOK
   02:36:52 [FSM] Book-placement goal was accepted.
   02:36:52 [조작] 빈칸 관측 버림 (서가 밖): (-0.781, 0.504, 0.181) 서가 x -0.66~0.66 y 0.41~0.80 z -0.33~2.19
   02:36:52 [조작] 빈칸 관측 버림 (서가 밖): (-0.782, 0.490, 0.188) 서가 x -0.66~0.66 y 0.41~0.80 z -0.33~2.19
   02:36:52 [조작] 빈칸 선택: 책 사이 틈 관측 (-0.401, 0.523, 0.357) → 칸 중심 y 0.544, z 0.884 (판 높이로 스냅); 꽂기 전 차체를 옆으로 -0.051 m 옮겨 틈을 x -0.35 에 둔다
   02:36:52 [조작] 빈 슬롯 스캔 완료: (-0.35, 0.5439, 0.8839), 삽입깊이 0.300m
   02:36:52 [조작] 베이스 회전 명령 전송 (목표 yaw +0°, 서가 거리 0.444)
   02:36:52 [시뮬] 작업 job_01deba529a37:scan SUCCEEDED {'phase': 'scan_done', 'message': '서가 스캔 완료', 'placement_verified': False, 'sim_steps': 324, 'render_steps': 324} (7.2s)
   02:36:52 [시뮬] 서가 앞면 0.444 m → 목표 0.444 m (앞뒤 +0.000), 서가 중심 팔기준 x -0.051 → 옆으로 -0.051: 차체를 0.051 m 옮긴다
   02:36:53 [비전] ROI 밖 책: (-0.104, -0.720, -0.341) @arm_base_link
   02:36:53 [비전] ROI 밖 책: (0.485, 0.230, -0.341) @arm_base_link
   02:36:53 [비전] ROI 밖 책: (-0.088, 0.522, 0.192) @arm_base_link
   02:36:53 [비전] ROI 밖 책 3권 제외 (남은 2권). ROI [-0.4, -0.2, 0.0] ~ [-0.26, 0.4, 0.32] @arm_base_link
   02:36:53 [비전] Book picked(best): xyz=(-0.348, -0.105, 0.212), center=(188, 321), conf=0.68, depth=patch, yaw=0.000 rad (후보 2권)
   02:36:53 [비전] ROI 밖 책: (-0.117, -0.711, -0.341) @arm_base_link
   02:36:53 [비전] ROI 밖 책: (0.482, 0.230, -0.341) @arm_base_link
   02:36:53 [비전] ROI 밖 책: (-0.088, 0.522, 0.192) @arm_base_link
   02:36:53 [비전] ROI 밖 책 3권 제외 (남은 1권). ROI [-0.4, -0.2, 0.0] ~ [-0.26, 0.4, 0.32] @arm_base_link
   02:36:53 [비전] Book picked(best): xyz=(-0.344, -0.104, 0.212), center=(189, 324), conf=0.65, depth=patch, yaw=0.000 rad (후보 1권)
   02:36:53 [조작] 베이스 회전 완료
   02:36:53 [조작] 책 좌표 정함 (-0.3456, -0.1046, +0.2122) — 관측 2개 · 책 1권 · 고른 책 2개 (x 흔들림 4 mm) → 축마다 중앙값
   02:36:53 [조작] 작업 job_01deba529a37 book=book_004 트레이 칸 1 파지 [-0.34560943915846876, -0.10456788425490855, 0.136335648736668] (vision) → (-0.35, 0.5438500024676323, 0.8839) 삽입 속도 0.030 m/s
   02:36:53 [시뮬] 서가 앞면 실측 0.444 m (목표 0.444), 서가 x 범위 팔기준 -0.66~+0.76
   02:37:15 [시뮬] [JUDGE] 손 안 어긋남(406) **판별불가** — 키네마틱 파지는 매 스텝 책을 손에 맞춰 다시 써 넣는다. 이 신호는 마찰 파지(SIM_GRASP_KINEMATIC=0)에서만 의미가 있다
   02:37:23 [시뮬] [JUDGE] rise=16.9cm(ok) width=17.6mm = 지령 17.6mm (책 반두께 21.6) → **판별불가** [키네마틱 파지라 빈손이어도 같은 값이 나온다]
   02:39:20 [FSM] FSM transition completed: PLACE_BOOK -> UPDATE_DATA
   02:39:20 [FSM] FSM transition completed: UPDATE_DATA -> NEXT_BOOK
   02:39:20 [FSM] FSM transition completed: NEXT_BOOK -> SELECT_BOOK
   02:39:20 [FSM] FSM transition completed: SELECT_BOOK -> NAV_TO_SHELF
   02:39:20 [조작] PlaceBook 성공 job=job_01deba529a37 code=0(OK) phase= 배치 확인
   02:39:20 [시뮬] [JUDGE] width_hold=판별불가[키네마틱] (17.6 → 최소 17.6 mm, 한쪽 기준)
   02:39:20 [시뮬] 작업 job_01deba529a37 SUCCEEDED {'phase': 'verify', 'message': '배치 확인', 'placement_verified': True, 'checks': {'upright': True, 'depth': True, 'spine': True, 'x': True, 'floor': True, 'skew': True, 'no_jam': True}, 'fallen
   02:39:49 [시뮬] [주행] 도착 (+2.535, -3.019)
   02:39:53 [시뮬] [주행] 회전 끝 — **실측** yaw +0.00° (목표 +0.00°)
   02:39:54 [FSM] Navigation succeeded: Navigation completed.
   02:39:54 [FSM] FSM transition completed: NAV_TO_SHELF -> DETECT_TARGET_SLOT
   02:39:54 [조작] 베이스 회전 명령 전송 (목표 yaw +0°, 서가 거리 0.444)
   02:39:54 [시뮬] [주행] 도착 (+2.535, -3.019)
   02:39:54 [시뮬] 서가 앞면 0.443 m → 목표 0.444 m (앞뒤 -0.001), 서가 중심 팔기준 x -0.261 → 옆으로 -0.261: 차체를 0.261 m 옮긴다
   02:39:57 [조작] 베이스 회전 완료
   02:39:57 [시뮬] 서가 앞면 실측 0.444 m (목표 0.444), 서가 x 범위 팔기준 -0.71~+0.71
   02:39:57 [시뮬] [재측정] 스윕 없이 빈칸만 다시 재고 관측 자세로 돌아간다 — 서가 /World/bookshelves_main/shelf_brown__book_shelf_11 · 판 [1.042, 0.498] · 빈칸 2개 · 관측 자세까지 Δ최대 1.541 rad
   02:40:05 [시뮬] 작업 job_01deba529a37:scan SUCCEEDED {'phase': 'scan_done', 'message': '서가 스캔 완료', 'placement_verified': False, 'sim_steps': 380, 'render_steps': 380} (8.5s)
   02:40:05 [시뮬] [스윕] 시작 자세 q=[2.0937, -0.5756, 0.5627, -1.8915, 0.2999, 1.3974, 0.2783]
   02:40:05 [시뮬] [스윕] 판 1.042 (팔기준 z 0.712, 앞면 0.444) 정지점 5/5 여유 0.518 rad 최대변화 0.06 길이 2.68
   02:40:05 [시뮬] [스윕] 판 0.498 (팔기준 z 0.168, 앞면 0.444) 정지점 5/5 여유 0.221 rad 최대변화 0.05 길이 2.45
   02:40:05 [시뮬] 스윕 시작: 판 [1.042, 0.498], 정지점 10개, 정지 1.2s
   02:40:05 [시뮬] [판목록] 레벨 실측 [0.4976, 1.0417, 1.5812, 2.0582, 2.52] · 쓰는 값 [0.497, 0.498, 1.042] · 차이 [-0.3, -0.4, +0.6] mm  (그림자 — 판단은 상수 그대로)
   02:40:11 [비전] ROI 밖 책: (-0.628, 0.507, 0.833) @arm_base_link
   02:40:11 [비전] ROI 밖 책 1권 제외 (남은 0권). ROI [-0.4, -0.2, 0.0] ~ [-0.26, 0.4, 0.32] @arm_base_link
   02:40:11 [비전] Empty center pixel=(263, 198), shelf_front_z=2.394m; Depth L/C/R=2.392/4.407/2.395m; center-left=2.014m, center-right=2.011m; contrast=PASS
   02:40:11 [비전] Empty shelf target: xyz=(-0.782, 2.612, 1.382)
   02:40:14 [비전] ROI 밖 책: (0.233, 0.486, 0.437) @arm_base_link
   02:40:14 [비전] ROI 밖 책: (0.235, 0.553, 0.421) @arm_base_link
   02:40:14 [비전] ROI 밖 책 2권 제외 (남은 0권). ROI [-0.4, -0.2, 0.0] ~ [-0.26, 0.4, 0.32] @arm_base_link
   02:40:17 [비전] ROI 밖 책: (0.472, 0.552, 0.394) @arm_base_link
   02:40:17 [비전] ROI 밖 책: (0.096, 0.529, 0.396) @arm_base_link
   02:40:17 [비전] ROI 밖 책: (0.492, 0.554, 0.392) @arm_base_link
   02:40:17 [비전] ROI 밖 책: (0.058, 0.555, 0.393) @arm_base_link
   02:40:17 [비전] ROI 밖 책: (0.426, 0.535, 0.395) @arm_base_link
   02:40:17 [비전] ROI 밖 책: (0.378, 0.537, 0.396) @arm_base_link
   02:40:17 [비전] ROI 밖 책: (0.518, 0.558, 0.395) @arm_base_link
   02:40:17 [비전] ROI 밖 책: (0.342, 0.531, 0.396) @arm_base_link
   02:40:17 [비전] ROI 밖 책: (0.529, 0.570, 0.395) @arm_base_link
   02:40:17 [비전] ROI 밖 책: (0.177, 0.525, 0.397) @arm_base_link
   02:40:17 [비전] ROI 밖 책: (0.414, 0.535, 0.395) @arm_base_link
   02:40:17 [비전] ROI 밖 책: (0.305, 0.537, 0.395) @arm_base_link
   02:40:17 [비전] ROI 밖 책: (-0.015, 0.546, 0.393) @arm_base_link
   02:40:17 [비전] ROI 밖 책: (0.455, 0.527, 0.394) @arm_base_link
   02:40:17 [비전] ROI 밖 책 14권 제외 (남은 0권). ROI [-0.4, -0.2, 0.0] ~ [-0.26, 0.4, 0.32] @arm_base_link
   02:40:17 [비전] Empty center pixel=(418, 292), shelf_front_z=0.449m; Depth L/C/R=0.412/10.442/0.487m; center-left=10.030m, center-right=9.955m; contrast=PASS
   02:40:17 [비전] Empty shelf target: xyz=(0.133, 0.543, 0.854)
   02:40:20 [비전] ROI 밖 책: (0.261, 0.520, 0.393) @arm_base_link
   02:40:20 [비전] ROI 밖 책: (0.426, 0.538, 0.395) @arm_base_link
   02:40:20 [비전] ROI 밖 책: (0.493, 0.539, 0.394) @arm_base_link
   02:40:20 [비전] ROI 밖 책: (0.018, 0.546, 0.396) @arm_base_link
   02:40:20 [비전] ROI 밖 책: (0.463, 0.542, 0.393) @arm_base_link
   02:40:20 [비전] ROI 밖 책: (0.339, 0.524, 0.396) @arm_base_link
   02:40:20 [비전] ROI 밖 책: (0.050, 0.557, 0.392) @arm_base_link
   02:40:20 [비전] ROI 밖 책: (0.425, 0.529, 0.394) @arm_base_link
   02:40:20 [비전] ROI 밖 책: (0.298, 0.521, 0.395) @arm_base_link
   02:40:20 [비전] ROI 밖 책: (0.570, 0.550, 0.394) @arm_base_link
   02:40:20 [비전] ROI 밖 책: (0.374, 0.528, 0.395) @arm_base_link
   02:40:20 [비전] ROI 밖 책: (-0.019, 0.553, 0.392) @arm_base_link
   02:40:20 [비전] ROI 밖 책: (0.091, 0.527, 0.396) @arm_base_link
   02:40:20 [비전] ROI 밖 책: (0.244, 0.523, 0.395) @arm_base_link
   02:40:20 [비전] ROI 밖 책 14권 제외 (남은 0권). ROI [-0.4, -0.2, 0.0] ~ [-0.26, 0.4, 0.32] @arm_base_link
   02:40:20 [비전] Empty center pixel=(304, 296), shelf_front_z=0.544m; Depth L/C/R=0.546/2.480/0.541m; center-left=1.934m, center-right=1.939m; contrast=PASS
   02:40:20 [비전] Empty shelf target: xyz=(0.140, 0.636, 0.839)
   02:40:23 [비전] ROI 밖 책: (0.247, 0.520, 0.395) @arm_base_link
   02:40:23 [비전] ROI 밖 책: (0.269, 0.521, 0.393) @arm_base_link
   02:40:23 [비전] ROI 밖 책: (0.495, 0.551, 0.392) @arm_base_link
   02:40:23 [비전] ROI 밖 책: (0.049, 0.551, 0.394) @arm_base_link
   02:40:23 [비전] ROI 밖 책: (0.606, 0.557, 0.404) @arm_base_link
   02:40:23 [비전] ROI 밖 책: (0.428, 0.549, 0.394) @arm_base_link
   02:40:23 [비전] ROI 밖 책: (0.482, 0.547, 0.393) @arm_base_link
   02:40:23 [비전] ROI 밖 책: (0.579, 0.570, 0.394) @arm_base_link
   02:40:23 [비전] ROI 밖 책: (0.381, 0.527, 0.396) @arm_base_link
   02:40:23 [비전] ROI 밖 책: (0.142, 0.558, 0.393) @arm_base_link
   02:40:23 [비전] ROI 밖 책: (0.460, 0.538, 0.393) @arm_base_link
   02:40:23 [비전] ROI 밖 책: (0.593, 0.531, 0.395) @arm_base_link
   02:40:23 [비전] ROI 밖 책 12권 제외 (남은 0권). ROI [-0.4, -0.2, 0.0] ~ [-0.26, 0.4, 0.32] @arm_base_link
   02:40:24 [비전] Empty center pixel=(183, 290), shelf_front_z=0.453m; Depth L/C/R=0.494/4.634/0.413m; center-left=4.140m, center-right=4.221m; contrast=PASS
   02:40:24 [비전] Empty shelf target: xyz=(0.153, 0.548, 0.856)
   02:40:30 [비전] ROI 밖 책: (0.123, 0.481, 0.335) @arm_base_link
   02:40:30 [비전] ROI 밖 책: (0.082, 0.476, 0.339) @arm_base_link
   02:40:30 [비전] ROI 밖 책 2권 제외 (남은 0권). ROI [-0.4, -0.2, 0.0] ~ [-0.26, 0.4, 0.32] @arm_base_link
   02:40:30 [비전] Empty center pixel=(144, 307), shelf_front_z=0.788m; Depth L/C/R=0.879/1.002/0.698m; center-left=0.123m, center-right=0.304m; contrast=PASS
   02:40:30 [비전] Empty shelf target: xyz=(-0.788, 0.521, 0.279)
   02:40:33 [비전] ROI 밖 책: (0.367, 0.477, 0.328) @arm_base_link
   02:40:33 [비전] ROI 밖 책: (0.168, 0.483, 0.342) @arm_base_link
   02:40:33 [비전] ROI 밖 책: (0.330, 0.478, 0.327) @arm_base_link
   02:40:33 [비전] ROI 밖 책: (0.278, 0.481, 0.316) @arm_base_link
   02:40:33 [비전] ROI 밖 책: (0.306, 0.477, 0.327) @arm_base_link
   02:40:33 [비전] ROI 밖 책: (-0.716, 0.094, -0.001) @arm_base_link
   02:40:33 [비전] ROI 밖 책: (0.129, 0.482, 0.338) @arm_base_link
   02:40:33 [비전] ROI 밖 책: (0.254, 0.482, 0.304) @arm_base_link
   02:40:33 [비전] ROI 밖 책: (0.458, 0.474, 0.343) @arm_base_link
   02:40:33 [비전] ROI 밖 책: (0.383, 0.474, 0.343) @arm_base_link
   02:40:33 [비전] ROI 밖 책 10권 제외 (남은 0권). ROI [-0.4, -0.2, 0.0] ~ [-0.26, 0.4, 0.32] @arm_base_link
   02:40:33 [비전] Empty center pixel=(354, 279), shelf_front_z=0.704m; Depth L/C/R=0.707/1.999/0.700m; center-left=1.291m, center-right=1.298m; contrast=PASS
   02:40:33 [비전] Empty shelf target: xyz=(-0.100, 0.491, 0.366)
   02:40:36 [비전] ROI 밖 책: (0.283, 0.480, 0.328) @arm_base_link
   02:40:36 [비전] ROI 밖 책: (0.331, 0.478, 0.332) @arm_base_link
   02:40:36 [비전] ROI 밖 책: (0.367, 0.477, 0.336) @arm_base_link
   02:40:36 [비전] ROI 밖 책: (0.167, 0.483, 0.348) @arm_base_link
   02:40:36 [비전] ROI 밖 책: (0.302, 0.477, 0.336) @arm_base_link
   02:40:36 [비전] ROI 밖 책 5권 제외 (남은 0권). ROI [-0.4, -0.2, 0.0] ~ [-0.26, 0.4, 0.32] @arm_base_link
   02:40:36 [비전] Empty center pixel=(288, 280), shelf_front_z=0.703m; Depth L/C/R=0.713/1.991/0.692m; center-left=1.278m, center-right=1.299m; contrast=PASS
   02:40:36 [비전] Empty shelf target: xyz=(-0.079, 0.489, 0.365)
   02:40:39 [비전] ROI 밖 책: (0.483, 0.478, 0.342) @arm_base_link
   02:40:39 [비전] ROI 밖 책: (0.446, 0.472, 0.355) @arm_base_link
   02:40:39 [비전] ROI 밖 책: (0.373, 0.476, 0.327) @arm_base_link
   02:40:39 [비전] ROI 밖 책: (0.340, 0.479, 0.326) @arm_base_link
   02:40:39 [비전] ROI 밖 책: (0.560, 0.038, -0.341) @arm_base_link
   02:40:39 [비전] ROI 밖 책 5권 제외 (남은 0권). ROI [-0.4, -0.2, 0.0] ~ [-0.26, 0.4, 0.32] @arm_base_link
   02:40:39 [비전] Empty center pixel=(214, 280), shelf_front_z=0.718m; Depth L/C/R=0.744/1.973/0.693m; center-left=1.229m, center-right=1.280m; contrast=PASS
   02:40:39 [비전] Empty shelf target: xyz=(-0.066, 0.502, 0.356)
   02:40:43 [비전] ROI 밖 책: (0.557, 0.481, 0.359) @arm_base_link
   02:40:43 [비전] ROI 밖 책: (0.485, 0.479, 0.350) @arm_base_link
   02:40:43 [비전] ROI 밖 책: (0.592, 0.477, 0.345) @arm_base_link
   02:40:43 [비전] ROI 밖 책 3권 제외 (남은 0권). ROI [-0.4, -0.2, 0.0] ~ [-0.26, 0.4, 0.32] @arm_base_link
   02:40:43 [비전] Empty center pixel=(139, 279), shelf_front_z=0.716m; Depth L/C/R=0.742/0.822/0.690m; center-left=0.080m, center-right=0.132m; contrast=PASS
   02:40:43 [비전] Empty shelf target: xyz=(-0.060, 0.502, 0.359)
   02:40:53 [FSM] Empty slot detected: frame_id=arm_base_link, x=-0.350, y=0.544, z=0.340, confidence=1.00, candidate_count=9
   02:40:53 [FSM] FSM transition completed: DETECT_TARGET_SLOT -> PLACE_BOOK
   02:40:53 [FSM] Book-placement goal was accepted.
   02:40:53 [조작] 빈칸 관측 버림 (서가 밖): (-0.782, 2.612, 1.382) 서가 x -0.66~0.66 y 0.41~0.80 z -0.33~2.19
   02:40:53 [조작] 빈칸 관측 버림 (서가 밖): (-0.788, 0.521, 0.279) 서가 x -0.66~0.66 y 0.41~0.80 z -0.33~2.19
   02:40:53 [조작] 빈칸 선택: 책 사이 틈 관측 (-0.090, 0.502, 0.359) → 칸 중심 y 0.544, z 0.340 (판 높이로 스냅); 꽂기 전 차체를 옆으로 +0.260 m 옮겨 틈을 x -0.35 에 둔다
   02:40:53 [조작] 빈 슬롯 스캔 완료: (-0.35, 0.5439, 0.3399), 삽입깊이 0.300m
   02:40:53 [조작] 베이스 회전 명령 전송 (목표 yaw +0°, 서가 거리 0.444)
   02:40:53 [시뮬] 작업 job_01deba529a37:scan SUCCEEDED {'phase': 'scan_done', 'message': '서가 스캔 완료', 'placement_verified': False, 'sim_steps': 1829, 'render_steps': 1829} (47.5s)
   02:40:53 [시뮬] 서가 앞면 0.444 m → 목표 0.444 m (앞뒤 +0.000), 서가 중심 팔기준 x +0.260 → 옆으로 +0.260: 차체를 0.260 m 옮긴다
   02:40:55 [비전] ROI 밖 책: (-0.126, -0.651, -0.341) @arm_base_link
   02:40:55 [비전] ROI 밖 책 1권 제외 (남은 0권). ROI [-0.4, -0.2, 0.0] ~ [-0.26, 0.4, 0.32] @arm_base_link
   02:40:55 [조작] 베이스 회전 완료
   02:40:55 [시뮬] 서가 앞면 실측 0.444 m (목표 0.444), 서가 x 범위 팔기준 -0.97~+0.45
   02:40:56 [비전] ROI 밖 책: (-0.117, -0.683, -0.341) @arm_base_link
   02:40:56 [비전] ROI 밖 책: (-0.152, 0.478, 0.220) @arm_base_link
   02:40:56 [비전] ROI 밖 책 2권 제외 (남은 0권). ROI [-0.4, -0.2, 0.0] ~ [-0.26, 0.4, 0.32] @arm_base_link
   02:40:57 [비전] ROI 밖 책: (-0.111, -0.673, -0.341) @arm_base_link
   02:40:57 [비전] ROI 밖 책: (-0.153, 0.477, 0.220) @arm_base_link
   02:40:57 [비전] ROI 밖 책 2권 제외 (남은 0권). ROI [-0.4, -0.2, 0.0] ~ [-0.26, 0.4, 0.32] @arm_base_link
   02:40:57 [비전] ROI 밖 책: (-0.111, -0.676, -0.341) @arm_base_link
   02:40:57 [비전] ROI 밖 책 1권 제외 (남은 0권). ROI [-0.4, -0.2, 0.0] ~ [-0.26, 0.4, 0.32] @arm_base_link
   02:40:57 [비전] ROI 밖 책: (-0.111, -0.683, -0.341) @arm_base_link
   02:40:57 [비전] ROI 밖 책: (-0.153, 0.477, 0.220) @arm_base_link
   02:40:57 [비전] ROI 밖 책 2권 제외 (남은 0권). ROI [-0.4, -0.2, 0.0] ~ [-0.26, 0.4, 0.32] @arm_base_link
   02:40:58 [비전] ROI 밖 책: (-0.114, -0.673, -0.341) @arm_base_link
   02:40:58 [비전] ROI 밖 책 1권 제외 (남은 0권). ROI [-0.4, -0.2, 0.0] ~ [-0.26, 0.4, 0.32] @arm_base_link
   02:40:58 [비전] ROI 밖 책: (-0.114, -0.670, -0.341) @arm_base_link
   02:40:58 [비전] ROI 밖 책 1권 제외 (남은 0권). ROI [-0.4, -0.2, 0.0] ~ [-0.26, 0.4, 0.32] @arm_base_link
   02:40:59 [비전] ROI 밖 책: (-0.107, -0.670, -0.341) @arm_base_link
   02:40:59 [비전] ROI 밖 책 1권 제외 (남은 0권). ROI [-0.4, -0.2, 0.0] ~ [-0.26, 0.4, 0.32] @arm_base_link
   02:40:59 [비전] ROI 밖 책: (-0.114, -0.670, -0.341) @arm_base_link
   02:40:59 [비전] ROI 밖 책 1권 제외 (남은 0권). ROI [-0.4, -0.2, 0.0] ~ [-0.26, 0.4, 0.32] @arm_base_link
   02:41:00 [비전] ROI 밖 책: (-0.107, -0.670, -0.341) @arm_base_link
   02:41:00 [비전] ROI 밖 책 1권 제외 (남은 0권). ROI [-0.4, -0.2, 0.0] ~ [-0.26, 0.4, 0.32] @arm_base_link
   02:41:00 [비전] ROI 밖 책: (-0.111, -0.670, -0.341) @arm_base_link
   02:41:00 [비전] ROI 밖 책 1권 제외 (남은 0권). ROI [-0.4, -0.2, 0.0] ~ [-0.26, 0.4, 0.32] @arm_base_link
   02:41:01 [비전] ROI 밖 책: (-0.111, -0.670, -0.341) @arm_base_link
   02:41:01 [비전] ROI 밖 책 1권 제외 (남은 0권). ROI [-0.4, -0.2, 0.0] ~ [-0.26, 0.4, 0.32] @arm_base_link
   02:41:01 [비전] ROI 밖 책: (-0.111, -0.673, -0.341) @arm_base_link
   02:41:01 [비전] ROI 밖 책 1권 제외 (남은 0권). ROI [-0.4, -0.2, 0.0] ~ [-0.26, 0.4, 0.32] @arm_base_link
   02:41:02 [비전] ROI 밖 책: (-0.107, -0.673, -0.341) @arm_base_link
   02:41:02 [비전] ROI 밖 책 1권 제외 (남은 0권). ROI [-0.4, -0.2, 0.0] ~ [-0.26, 0.4, 0.32] @arm_base_link
   02:41:02 [비전] ROI 밖 책: (-0.123, -0.670, -0.341) @arm_base_link
   02:41:02 [비전] ROI 밖 책 1권 제외 (남은 0권). ROI [-0.4, -0.2, 0.0] ~ [-0.26, 0.4, 0.32] @arm_base_link
   02:41:03 [비전] ROI 밖 책: (-0.111, -0.673, -0.341) @arm_base_link
   02:41:03 [비전] ROI 밖 책 1권 제외 (남은 0권). ROI [-0.4, -0.2, 0.0] ~ [-0.26, 0.4, 0.32] @arm_base_link
   02:41:03 [비전] ROI 밖 책: (-0.111, -0.673, -0.341) @arm_base_link
   02:41:03 [비전] ROI 밖 책 1권 제외 (남은 1권). ROI [-0.4, -0.2, 0.0] ~ [-0.26, 0.4, 0.32] @arm_base_link
   02:41:03 [비전] Book picked(best): xyz=(-0.356, 0.158, 0.213), center=(376, 315), conf=0.64, depth=patch, yaw=0.000 rad (후보 1권)
   02:41:04 [비전] ROI 밖 책: (-0.114, -0.673, -0.341) @arm_base_link
   02:41:04 [비전] ROI 밖 책 1권 제외 (남은 0권). ROI [-0.4, -0.2, 0.0] ~ [-0.26, 0.4, 0.32] @arm_base_link
   02:41:04 [비전] ROI 밖 책: (-0.107, -0.673, -0.341) @arm_base_link
   02:41:04 [비전] ROI 밖 책 1권 제외 (남은 1권). ROI [-0.4, -0.2, 0.0] ~ [-0.26, 0.4, 0.32] @arm_base_link
   02:41:04 [비전] Book picked(best): xyz=(-0.357, 0.158, 0.213), center=(376, 314), conf=0.68, depth=patch, yaw=0.000 rad (후보 1권)
   02:41:04 [조작] 책 좌표 정함 (-0.3566, +0.1581, +0.2134) — 관측 2개 · 책 1권 · 고른 책 2개 (x 흔들림 1 mm) → 축마다 중앙값
   02:41:04 [조작] 작업 job_01deba529a37 book=book_001 트레이 칸 2 파지 [-0.356594538967988, 0.1580702613068779, 0.1375615808364749] (vision) → (-0.35, 0.5438500024676323, 0.3399) 삽입 속도 0.030 m/s
   02:41:31 [시뮬] [JUDGE] 손 안 어긋남(406) **판별불가** — 키네마틱 파지는 매 스텝 책을 손에 맞춰 다시 써 넣는다. 이 신호는 마찰 파지(SIM_GRASP_KINEMATIC=0)에서만 의미가 있다
   02:41:38 [시뮬] [JUDGE] rise=16.9cm(ok) width=12.8mm = 지령 12.8mm (책 반두께 16.8) → **판별불가** [키네마틱 파지라 빈손이어도 같은 값이 나온다]
   02:43:53 [FSM] FSM transition completed: PLACE_BOOK -> UPDATE_DATA
   02:43:53 [FSM] FSM transition completed: UPDATE_DATA -> NEXT_BOOK
   02:43:53 [FSM] FSM transition completed: NEXT_BOOK -> SELECT_BOOK
   02:43:53 [FSM] FSM transition completed: SELECT_BOOK -> NAV_TO_SHELF
   02:43:53 [FSM] Navigation succeeded: Navigation waypoint is already satisfied in simulation.
   02:43:53 [FSM] FSM transition completed: NAV_TO_SHELF -> DETECT_TARGET_SLOT
   02:43:53 [조작] PlaceBook 성공 job=job_01deba529a37 code=0(OK) phase= 배치 확인
   02:43:53 [조작] 베이스 회전 명령 전송 (목표 yaw +0°, 서가 거리 0.444)
   02:43:53 [시뮬] [JUDGE] width_hold=판별불가[키네마틱] (12.8 → 최소 12.8 mm, 한쪽 기준)
   02:43:53 [시뮬] 작업 job_01deba529a37 SUCCEEDED {'phase': 'verify', 'message': '배치 확인', 'placement_verified': True, 'checks': {'upright': True, 'depth': True, 'spine': True, 'x': True, 'floor': True, 'skew': True, 'no_jam': True}, 'fallen
   02:43:53 [시뮬] 서가 앞면 0.444 m → 목표 0.444 m (앞뒤 +0.000), 서가 중심 팔기준 x -0.260 → 옆으로 -0.260: 차체를 0.260 m 옮긴다
   02:43:56 [조작] 베이스 회전 완료
   02:43:56 [시뮬] 서가 앞면 실측 0.444 m (목표 0.444), 서가 x 범위 팔기준 -0.71~+0.71
   02:43:56 [시뮬] [재측정] 스윕 없이 빈칸만 다시 재고 관측 자세로 돌아간다 — 서가 /World/bookshelves_main/shelf_brown__book_shelf_11 · 판 [1.042, 0.498] · 빈칸 3개 · 관측 자세까지 Δ최대 1.311 rad
   02:44:04 [FSM] Empty slot detected: frame_id=arm_base_link, x=-0.350, y=0.544, z=0.884, confidence=1.00, candidate_count=9
   02:44:04 [FSM] FSM transition completed: DETECT_TARGET_SLOT -> PLACE_BOOK
   02:44:04 [FSM] Book-placement goal was accepted.
   02:44:04 [조작] 빈칸 관측 버림 (서가 밖): (-0.782, 2.612, 1.382) 서가 x -0.66~0.66 y 0.41~0.80 z -0.33~2.19
   02:44:04 [조작] 빈칸 관측 버림 (서가 밖): (-0.788, 0.521, 0.279) 서가 x -0.66~0.66 y 0.41~0.80 z -0.33~2.19
   02:44:04 [조작] 빈칸 선택: 책 사이 틈 관측 (0.139, 0.502, 0.359) → 칸 중심 y 0.544, z 0.884 (판 높이로 스냅); 꽂기 전 차체를 옆으로 +0.489 m 옮겨 틈을 x -0.35 에 둔다
   02:44:04 [조작] 빈 슬롯 스캔 완료: (-0.35, 0.5439, 0.8839), 삽입깊이 0.300m
   02:44:04 [조작] 베이스 회전 명령 전송 (목표 yaw +0°, 서가 거리 0.444)
   02:44:04 [시뮬] 작업 job_01deba529a37:scan SUCCEEDED {'phase': 'scan_done', 'message': '서가 스캔 완료', 'placement_verified': False, 'sim_steps': 324, 'render_steps': 324} (8.6s)
   02:44:05 [시뮬] 서가 앞면 0.444 m → 목표 0.444 m (앞뒤 +0.000), 서가 중심 팔기준 x +0.489 → 옆으로 +0.489: 차체를 0.489 m 옮긴다
   02:44:08 [시뮬] 서가 앞면 실측 0.444 m (목표 0.444), 서가 x 범위 팔기준 -1.20~+0.22
   02:44:09 [비전] ROI 밖 책: (-0.114, -0.673, -0.341) @arm_base_link
   02:44:09 [비전] ROI 밖 책: (-0.399, 0.476, 0.222) @arm_base_link
   02:44:09 [비전] ROI 밖 책: (-0.313, 0.484, 0.216) @arm_base_link
   02:44:09 [비전] ROI 밖 책 3권 제외 (남은 0권). ROI [-0.4, -0.2, 0.0] ~ [-0.26, 0.4, 0.32] @arm_base_link
   02:44:09 [비전] ROI 밖 책: (-0.117, -0.676, -0.341) @arm_base_link
   02:44:09 [비전] ROI 밖 책: (-0.396, 0.475, 0.224) @arm_base_link
   02:44:09 [비전] ROI 밖 책 2권 제외 (남은 0권). ROI [-0.4, -0.2, 0.0] ~ [-0.26, 0.4, 0.32] @arm_base_link
   02:44:09 [조작] 베이스 회전 완료
   02:44:10 [비전] ROI 밖 책: (-0.104, -0.670, -0.341) @arm_base_link
   02:44:10 [비전] ROI 밖 책: (-0.399, 0.476, 0.222) @arm_base_link
   02:44:10 [비전] ROI 밖 책 2권 제외 (남은 0권). ROI [-0.4, -0.2, 0.0] ~ [-0.26, 0.4, 0.32] @arm_base_link
   02:44:10 [비전] ROI 밖 책: (-0.104, -0.670, -0.341) @arm_base_link
   02:44:10 [비전] ROI 밖 책: (-0.396, 0.475, 0.224) @arm_base_link
   02:44:10 [비전] ROI 밖 책 2권 제외 (남은 0권). ROI [-0.4, -0.2, 0.0] ~ [-0.26, 0.4, 0.32] @arm_base_link
   02:44:11 [비전] ROI 밖 책: (-0.104, -0.667, -0.341) @arm_base_link
   02:44:11 [비전] ROI 밖 책: (-0.399, 0.476, 0.222) @arm_base_link
   02:44:11 [비전] ROI 밖 책 2권 제외 (남은 0권). ROI [-0.4, -0.2, 0.0] ~ [-0.26, 0.4, 0.32] @arm_base_link
   02:44:11 [비전] ROI 밖 책: (-0.104, -0.667, -0.341) @arm_base_link
   02:44:11 [비전] ROI 밖 책: (-0.399, 0.476, 0.222) @arm_base_link
   02:44:11 [비전] ROI 밖 책 2권 제외 (남은 0권). ROI [-0.4, -0.2, 0.0] ~ [-0.26, 0.4, 0.32] @arm_base_link
   02:44:12 [비전] ROI 밖 책: (-0.133, -0.651, -0.341) @arm_base_link
   02:44:12 [비전] ROI 밖 책: (-0.399, 0.476, 0.222) @arm_base_link
   02:44:12 [비전] ROI 밖 책 2권 제외 (남은 0권). ROI [-0.4, -0.2, 0.0] ~ [-0.26, 0.4, 0.32] @arm_base_link
   02:44:12 [비전] ROI 밖 책: (-0.104, -0.667, -0.341) @arm_base_link
   02:44:12 [비전] ROI 밖 책: (-0.399, 0.476, 0.222) @arm_base_link
   02:44:12 [비전] ROI 밖 책: (-0.311, 0.484, 0.216) @arm_base_link
   02:44:12 [비전] ROI 밖 책 3권 제외 (남은 0권). ROI [-0.4, -0.2, 0.0] ~ [-0.26, 0.4, 0.32] @arm_base_link
   02:44:13 [비전] ROI 밖 책: (-0.104, -0.670, -0.341) @arm_base_link
   02:44:13 [비전] ROI 밖 책: (-0.396, 0.475, 0.224) @arm_base_link
   02:44:13 [비전] ROI 밖 책: (-0.311, 0.484, 0.216) @arm_base_link
   02:44:13 [비전] ROI 밖 책 3권 제외 (남은 0권). ROI [-0.4, -0.2, 0.0] ~ [-0.26, 0.4, 0.32] @arm_base_link
   02:44:13 [비전] ROI 밖 책: (-0.133, -0.651, -0.341) @arm_base_link
   02:44:13 [비전] ROI 밖 책: (-0.399, 0.476, 0.222) @arm_base_link
   02:44:13 [비전] ROI 밖 책 2권 제외 (남은 0권). ROI [-0.4, -0.2, 0.0] ~ [-0.26, 0.4, 0.32] @arm_base_link
   02:44:14 [비전] ROI 밖 책: (-0.104, -0.667, -0.341) @arm_base_link
   02:44:14 [비전] ROI 밖 책: (-0.399, 0.476, 0.222) @arm_base_link
   02:44:14 [비전] ROI 밖 책 2권 제외 (남은 0권). ROI [-0.4, -0.2, 0.0] ~ [-0.26, 0.4, 0.32] @arm_base_link
   02:44:14 [비전] ROI 밖 책: (-0.107, -0.667, -0.341) @arm_base_link
   02:44:14 [비전] ROI 밖 책: (-0.399, 0.476, 0.222) @arm_base_link
   02:44:14 [비전] ROI 밖 책 2권 제외 (남은 0권). ROI [-0.4, -0.2, 0.0] ~ [-0.26, 0.4, 0.32] @arm_base_link
   02:44:15 [비전] ROI 밖 책: (-0.104, -0.670, -0.341) @arm_base_link
   02:44:15 [비전] ROI 밖 책: (-0.399, 0.476, 0.222) @arm_base_link
   02:44:15 [비전] ROI 밖 책 2권 제외 (남은 0권). ROI [-0.4, -0.2, 0.0] ~ [-0.26, 0.4, 0.32] @arm_base_link
   02:44:15 [비전] ROI 밖 책: (-0.104, -0.667, -0.341) @arm_base_link
   02:44:15 [비전] ROI 밖 책: (-0.399, 0.476, 0.222) @arm_base_link
   02:44:15 [비전] ROI 밖 책 2권 제외 (남은 0권). ROI [-0.4, -0.2, 0.0] ~ [-0.26, 0.4, 0.32] @arm_base_link
   02:44:16 [비전] ROI 밖 책: (-0.107, -0.664, -0.341) @arm_base_link
   02:44:16 [비전] ROI 밖 책: (-0.398, 0.475, 0.222) @arm_base_link
   02:44:16 [비전] ROI 밖 책 2권 제외 (남은 0권). ROI [-0.4, -0.2, 0.0] ~ [-0.26, 0.4, 0.32] @arm_base_link
   02:44:16 [비전] ROI 밖 책: (-0.104, -0.664, -0.341) @arm_base_link
   02:44:16 [비전] ROI 밖 책: (-0.398, 0.475, 0.222) @arm_base_link
   02:44:16 [비전] ROI 밖 책 2권 제외 (남은 0권). ROI [-0.4, -0.2, 0.0] ~ [-0.26, 0.4, 0.32] @arm_base_link
   02:44:17 [비전] ROI 밖 책: (-0.111, -0.664, -0.341) @arm_base_link
   02:44:17 [비전] ROI 밖 책: (-0.399, 0.476, 0.222) @arm_base_link
   02:44:17 [비전] ROI 밖 책 2권 제외 (남은 0권). ROI [-0.4, -0.2, 0.0] ~ [-0.26, 0.4, 0.32] @arm_base_link
   02:44:17 [비전] ROI 밖 책: (-0.104, -0.664, -0.341) @arm_base_link
   02:44:17 [비전] ROI 밖 책: (-0.399, 0.476, 0.222) @arm_base_link
   02:44:17 [비전] ROI 밖 책 2권 제외 (남은 0권). ROI [-0.4, -0.2, 0.0] ~ [-0.26, 0.4, 0.32] @arm_base_link
   02:44:18 [비전] ROI 밖 책: (-0.107, -0.664, -0.341) @arm_base_link
   02:44:18 [비전] ROI 밖 책: (-0.399, 0.476, 0.222) @arm_base_link
   02:44:18 [비전] ROI 밖 책 2권 제외 (남은 0권). ROI [-0.4, -0.2, 0.0] ~ [-0.26, 0.4, 0.32] @arm_base_link
   02:44:18 [비전] ROI 밖 책: (-0.104, -0.667, -0.341) @arm_base_link
   02:44:18 [비전] ROI 밖 책: (-0.399, 0.476, 0.224) @arm_base_link
   02:44:18 [비전] ROI 밖 책 2권 제외 (남은 0권). ROI [-0.4, -0.2, 0.0] ~ [-0.26, 0.4, 0.32] @arm_base_link
   02:44:19 [비전] ROI 밖 책: (-0.104, -0.664, -0.341) @arm_base_link
   02:44:19 [비전] ROI 밖 책: (-0.396, 0.475, 0.224) @arm_base_link
   02:44:19 [비전] ROI 밖 책 2권 제외 (남은 0권). ROI [-0.4, -0.2, 0.0] ~ [-0.26, 0.4, 0.32] @arm_base_link
   02:44:19 [비전] ROI 밖 책: (-0.104, -0.664, -0.341) @arm_base_link
   02:44:19 [비전] ROI 밖 책: (-0.399, 0.476, 0.222) @arm_base_link
   02:44:19 [비전] ROI 밖 책 2권 제외 (남은 0권). ROI [-0.4, -0.2, 0.0] ~ [-0.26, 0.4, 0.32] @arm_base_link
   02:44:20 [비전] ROI 밖 책: (-0.104, -0.664, -0.341) @arm_base_link
   02:44:20 [비전] ROI 밖 책: (-0.399, 0.476, 0.222) @arm_base_link
   02:44:20 [비전] ROI 밖 책 2권 제외 (남은 0권). ROI [-0.4, -0.2, 0.0] ~ [-0.26, 0.4, 0.32] @arm_base_link
   02:44:20 [비전] ROI 밖 책: (-0.104, -0.664, -0.341) @arm_base_link
   02:44:20 [비전] ROI 밖 책: (-0.399, 0.476, 0.222) @arm_base_link
   02:44:20 [비전] ROI 밖 책 2권 제외 (남은 0권). ROI [-0.4, -0.2, 0.0] ~ [-0.26, 0.4, 0.32] @arm_base_link
   02:44:21 [비전] ROI 밖 책: (-0.114, -0.664, -0.341) @arm_base_link
   02:44:21 [비전] ROI 밖 책: (-0.399, 0.476, 0.222) @arm_base_link
   02:44:21 [비전] ROI 밖 책 2권 제외 (남은 0권). ROI [-0.4, -0.2, 0.0] ~ [-0.26, 0.4, 0.32] @arm_base_link
   02:44:21 [비전] ROI 밖 책: (-0.114, -0.664, -0.341) @arm_base_link
   02:44:21 [비전] ROI 밖 책: (-0.399, 0.476, 0.222) @arm_base_link
   02:44:21 [비전] ROI 밖 책 2권 제외 (남은 0권). ROI [-0.4, -0.2, 0.0] ~ [-0.26, 0.4, 0.32] @arm_base_link
   02:44:22 [비전] ROI 밖 책: (-0.104, -0.667, -0.341) @arm_base_link
   02:44:22 [비전] ROI 밖 책: (-0.399, 0.476, 0.222) @arm_base_link
   02:44:22 [비전] ROI 밖 책 2권 제외 (남은 0권). ROI [-0.4, -0.2, 0.0] ~ [-0.26, 0.4, 0.32] @arm_base_link
   02:44:22 [비전] ROI 밖 책: (-0.107, -0.664, -0.341) @arm_base_link
   02:44:22 [비전] ROI 밖 책: (-0.399, 0.476, 0.224) @arm_base_link
   02:44:22 [비전] ROI 밖 책 2권 제외 (남은 0권). ROI [-0.4, -0.2, 0.0] ~ [-0.26, 0.4, 0.32] @arm_base_link
   02:44:23 [비전] ROI 밖 책: (-0.111, -0.667, -0.341) @arm_base_link
   02:44:23 [비전] ROI 밖 책: (-0.399, 0.476, 0.222) @arm_base_link
   02:44:23 [비전] ROI 밖 책 2권 제외 (남은 0권). ROI [-0.4, -0.2, 0.0] ~ [-0.26, 0.4, 0.32] @arm_base_link
   02:44:23 [비전] ROI 밖 책: (-0.104, -0.664, -0.341) @arm_base_link
   02:44:23 [비전] ROI 밖 책: (-0.399, 0.476, 0.222) @arm_base_link
   02:44:23 [비전] ROI 밖 책 2권 제외 (남은 0권). ROI [-0.4, -0.2, 0.0] ~ [-0.26, 0.4, 0.32] @arm_base_link
   02:44:24 [비전] ROI 밖 책: (-0.104, -0.667, -0.341) @arm_base_link
   02:44:24 [비전] ROI 밖 책: (-0.399, 0.476, 0.222) @arm_base_link
   02:44:24 [비전] ROI 밖 책 2권 제외 (남은 0권). ROI [-0.4, -0.2, 0.0] ~ [-0.26, 0.4, 0.32] @arm_base_link
   02:44:24 [비전] ROI 밖 책: (-0.111, -0.664, -0.341) @arm_base_link
   02:44:24 [비전] ROI 밖 책: (-0.399, 0.476, 0.222) @arm_base_link
   02:44:24 [비전] ROI 밖 책 2권 제외 (남은 0권). ROI [-0.4, -0.2, 0.0] ~ [-0.26, 0.4, 0.32] @arm_base_link
   02:44:25 [비전] ROI 밖 책: (-0.117, -0.664, -0.341) @arm_base_link
   02:44:25 [비전] ROI 밖 책: (-0.398, 0.475, 0.222) @arm_base_link
   02:44:25 [비전] ROI 밖 책 2권 제외 (남은 0권). ROI [-0.4, -0.2, 0.0] ~ [-0.26, 0.4, 0.32] @arm_base_link
   02:44:25 [비전] ROI 밖 책: (-0.117, -0.664, -0.341) @arm_base_link
   02:44:25 [비전] ROI 밖 책: (-0.399, 0.476, 0.222) @arm_base_link
   02:44:25 [비전] ROI 밖 책 2권 제외 (남은 0권). ROI [-0.4, -0.2, 0.0] ~ [-0.26, 0.4, 0.32] @arm_base_link
   02:44:26 [비전] ROI 밖 책: (-0.107, -0.664, -0.341) @arm_base_link
   02:44:26 [비전] ROI 밖 책: (-0.399, 0.476, 0.222) @arm_base_link
   02:44:26 [비전] ROI 밖 책 2권 제외 (남은 0권). ROI [-0.4, -0.2, 0.0] ~ [-0.26, 0.4, 0.32] @arm_base_link
   02:44:26 [비전] ROI 밖 책: (-0.117, -0.664, -0.341) @arm_base_link
   02:44:26 [비전] ROI 밖 책: (-0.398, 0.475, 0.222) @arm_base_link
   02:44:26 [비전] ROI 밖 책 2권 제외 (남은 0권). ROI [-0.4, -0.2, 0.0] ~ [-0.26, 0.4, 0.32] @arm_base_link
   02:44:27 [비전] ROI 밖 책: (-0.107, -0.664, -0.341) @arm_base_link
   02:44:27 [비전] ROI 밖 책: (-0.399, 0.476, 0.222) @arm_base_link
   02:44:27 [비전] ROI 밖 책 2권 제외 (남은 0권). ROI [-0.4, -0.2, 0.0] ~ [-0.26, 0.4, 0.32] @arm_base_link
   02:44:27 [비전] ROI 밖 책: (-0.107, -0.667, -0.341) @arm_base_link
   02:44:27 [비전] ROI 밖 책: (-0.399, 0.476, 0.222) @arm_base_link
   02:44:27 [비전] ROI 밖 책 2권 제외 (남은 0권). ROI [-0.4, -0.2, 0.0] ~ [-0.26, 0.4, 0.32] @arm_base_link
   02:44:28 [비전] ROI 밖 책: (-0.104, -0.667, -0.341) @arm_base_link
   02:44:28 [비전] ROI 밖 책: (-0.399, 0.476, 0.222) @arm_base_link
   02:44:28 [비전] ROI 밖 책 2권 제외 (남은 0권). ROI [-0.4, -0.2, 0.0] ~ [-0.26, 0.4, 0.32] @arm_base_link
   02:44:28 [비전] ROI 밖 책: (-0.101, -0.667, -0.341) @arm_base_link
   02:44:28 [비전] ROI 밖 책: (-0.399, 0.476, 0.222) @arm_base_link
   02:44:28 [비전] ROI 밖 책 2권 제외 (남은 0권). ROI [-0.4, -0.2, 0.0] ~ [-0.26, 0.4, 0.32] @arm_base_link
   02:44:29 [비전] ROI 밖 책: (-0.104, -0.667, -0.341) @arm_base_link
   02:44:29 [비전] ROI 밖 책: (-0.399, 0.476, 0.222) @arm_base_link
   02:44:29 [비전] ROI 밖 책 2권 제외 (남은 0권). ROI [-0.4, -0.2, 0.0] ~ [-0.26, 0.4, 0.32] @arm_base_link
   02:44:29 [비전] ROI 밖 책: (-0.101, -0.667, -0.341) @arm_base_link
   02:44:29 [비전] ROI 밖 책: (-0.399, 0.476, 0.222) @arm_base_link
   02:44:29 [비전] ROI 밖 책 2권 제외 (남은 0권). ROI [-0.4, -0.2, 0.0] ~ [-0.26, 0.4, 0.32] @arm_base_link
   02:44:30 [비전] ROI 밖 책: (-0.104, -0.667, -0.341) @arm_base_link
   02:44:30 [비전] ROI 밖 책: (-0.398, 0.475, 0.222) @arm_base_link
   02:44:30 [비전] ROI 밖 책 2권 제외 (남은 0권). ROI [-0.4, -0.2, 0.0] ~ [-0.26, 0.4, 0.32] @arm_base_link
   02:44:30 [비전] ROI 밖 책: (-0.107, -0.664, -0.341) @arm_base_link
   02:44:30 [비전] ROI 밖 책: (-0.398, 0.475, 0.222) @arm_base_link
   02:44:30 [비전] ROI 밖 책 2권 제외 (남은 0권). ROI [-0.4, -0.2, 0.0] ~ [-0.26, 0.4, 0.32] @arm_base_link
   02:44:31 [비전] ROI 밖 책: (-0.104, -0.667, -0.341) @arm_base_link
   02:44:31 [비전] ROI 밖 책: (-0.398, 0.475, 0.222) @arm_base_link
   02:44:31 [비전] ROI 밖 책 2권 제외 (남은 0권). ROI [-0.4, -0.2, 0.0] ~ [-0.26, 0.4, 0.32] @arm_base_link
   02:44:31 [비전] ROI 밖 책: (-0.107, -0.667, -0.341) @arm_base_link
   02:44:31 [비전] ROI 밖 책: (-0.399, 0.476, 0.222) @arm_base_link
   02:44:31 [비전] ROI 밖 책 2권 제외 (남은 0권). ROI [-0.4, -0.2, 0.0] ~ [-0.26, 0.4, 0.32] @arm_base_link
   02:44:32 [비전] ROI 밖 책: (-0.107, -0.664, -0.341) @arm_base_link
   02:44:32 [비전] ROI 밖 책: (-0.399, 0.476, 0.222) @arm_base_link
   02:44:32 [비전] ROI 밖 책 2권 제외 (남은 0권). ROI [-0.4, -0.2, 0.0] ~ [-0.26, 0.4, 0.32] @arm_base_link
   02:44:32 [비전] ROI 밖 책: (-0.111, -0.664, -0.341) @arm_base_link
   02:44:32 [비전] ROI 밖 책: (-0.399, 0.476, 0.222) @arm_base_link
   02:44:32 [비전] ROI 밖 책 2권 제외 (남은 0권). ROI [-0.4, -0.2, 0.0] ~ [-0.26, 0.4, 0.32] @arm_base_link
   02:44:33 [비전] ROI 밖 책: (-0.107, -0.660, -0.341) @arm_base_link
   02:44:33 [비전] ROI 밖 책: (-0.398, 0.475, 0.222) @arm_base_link
   02:44:33 [비전] ROI 밖 책 2권 제외 (남은 0권). ROI [-0.4, -0.2, 0.0] ~ [-0.26, 0.4, 0.32] @arm_base_link
   02:44:33 [비전] ROI 밖 책: (-0.104, -0.664, -0.341) @arm_base_link
   02:44:33 [비전] ROI 밖 책: (-0.399, 0.476, 0.222) @arm_base_link
   02:44:33 [비전] ROI 밖 책 2권 제외 (남은 0권). ROI [-0.4, -0.2, 0.0] ~ [-0.26, 0.4, 0.32] @arm_base_link
   02:44:34 [비전] ROI 밖 책: (-0.104, -0.667, -0.341) @arm_base_link
   02:44:34 [비전] ROI 밖 책: (-0.399, 0.476, 0.222) @arm_base_link
   02:44:34 [비전] ROI 밖 책 2권 제외 (남은 0권). ROI [-0.4, -0.2, 0.0] ~ [-0.26, 0.4, 0.32] @arm_base_link
   02:44:34 [비전] ROI 밖 책: (-0.101, -0.670, -0.341) @arm_base_link
   02:44:34 [비전] ROI 밖 책: (-0.399, 0.476, 0.222) @arm_base_link
   02:44:34 [비전] ROI 밖 책 2권 제외 (남은 0권). ROI [-0.4, -0.2, 0.0] ~ [-0.26, 0.4, 0.32] @arm_base_link
   02:44:35 [비전] ROI 밖 책: (-0.101, -0.667, -0.341) @arm_base_link
   02:44:35 [비전] ROI 밖 책: (-0.399, 0.476, 0.222) @arm_base_link
   02:44:35 [비전] ROI 밖 책 2권 제외 (남은 0권). ROI [-0.4, -0.2, 0.0] ~ [-0.26, 0.4, 0.32] @arm_base_link
   02:44:35 [비전] ROI 밖 책: (-0.101, -0.667, -0.341) @arm_base_link
   02:44:35 [비전] ROI 밖 책: (-0.398, 0.475, 0.222) @arm_base_link
   02:44:35 [비전] ROI 밖 책 2권 제외 (남은 0권). ROI [-0.4, -0.2, 0.0] ~ [-0.26, 0.4, 0.32] @arm_base_link
   02:44:36 [비전] ROI 밖 책: (-0.104, -0.667, -0.341) @arm_base_link
   02:44:36 [비전] ROI 밖 책: (-0.398, 0.475, 0.222) @arm_base_link
   02:44:36 [비전] ROI 밖 책 2권 제외 (남은 0권). ROI [-0.4, -0.2, 0.0] ~ [-0.26, 0.4, 0.32] @arm_base_link
   02:44:36 [비전] ROI 밖 책: (-0.104, -0.667, -0.341) @arm_base_link
   02:44:36 [비전] ROI 밖 책: (-0.399, 0.476, 0.222) @arm_base_link
   02:44:36 [비전] ROI 밖 책 2권 제외 (남은 0권). ROI [-0.4, -0.2, 0.0] ~ [-0.26, 0.4, 0.32] @arm_base_link
   02:44:37 [비전] ROI 밖 책: (-0.107, -0.667, -0.341) @arm_base_link
   02:44:37 [비전] ROI 밖 책: (-0.398, 0.475, 0.222) @arm_base_link
   02:44:37 [비전] ROI 밖 책 2권 제외 (남은 0권). ROI [-0.4, -0.2, 0.0] ~ [-0.26, 0.4, 0.32] @arm_base_link
   02:44:37 [비전] ROI 밖 책: (-0.104, -0.664, -0.341) @arm_base_link
   02:44:37 [비전] ROI 밖 책: (-0.398, 0.475, 0.222) @arm_base_link
   02:44:37 [비전] ROI 밖 책 2권 제외 (남은 0권). ROI [-0.4, -0.2, 0.0] ~ [-0.26, 0.4, 0.32] @arm_base_link
   02:44:38 [비전] ROI 밖 책: (-0.104, -0.667, -0.341) @arm_base_link
   02:44:38 [비전] ROI 밖 책: (-0.399, 0.476, 0.222) @arm_base_link
   02:44:38 [비전] ROI 밖 책 2권 제외 (남은 0권). ROI [-0.4, -0.2, 0.0] ~ [-0.26, 0.4, 0.32] @arm_base_link
   02:44:38 [비전] ROI 밖 책: (-0.104, -0.667, -0.341) @arm_base_link
   02:44:38 [비전] ROI 밖 책: (-0.401, 0.476, 0.222) @arm_base_link
   02:44:38 [비전] ROI 밖 책 2권 제외 (남은 0권). ROI [-0.4, -0.2, 0.0] ~ [-0.26, 0.4, 0.32] @arm_base_link
   02:44:39 [비전] ROI 밖 책: (-0.101, -0.667, -0.341) @arm_base_link
   02:44:39 [비전] ROI 밖 책: (-0.398, 0.475, 0.222) @arm_base_link
   02:44:39 [비전] ROI 밖 책 2권 제외 (남은 0권). ROI [-0.4, -0.2, 0.0] ~ [-0.26, 0.4, 0.32] @arm_base_link
   02:44:39 [비전] ROI 밖 책: (-0.101, -0.667, -0.341) @arm_base_link
   02:44:39 [비전] ROI 밖 책: (-0.398, 0.475, 0.222) @arm_base_link
   02:44:39 [비전] ROI 밖 책 2권 제외 (남은 0권). ROI [-0.4, -0.2, 0.0] ~ [-0.26, 0.4, 0.32] @arm_base_link
   02:44:40 [비전] ROI 밖 책: (-0.101, -0.667, -0.341) @arm_base_link
   02:44:40 [비전] ROI 밖 책: (-0.398, 0.475, 0.222) @arm_base_link
   02:44:40 [비전] ROI 밖 책 2권 제외 (남은 0권). ROI [-0.4, -0.2, 0.0] ~ [-0.26, 0.4, 0.32] @arm_base_link
   02:44:40 [비전] ROI 밖 책: (-0.101, -0.667, -0.341) @arm_base_link
   02:44:40 [비전] ROI 밖 책: (-0.396, 0.475, 0.224) @arm_base_link
   02:44:40 [비전] ROI 밖 책 2권 제외 (남은 0권). ROI [-0.4, -0.2, 0.0] ~ [-0.26, 0.4, 0.32] @arm_base_link
   02:44:41 [비전] ROI 밖 책: (-0.104, -0.670, -0.341) @arm_base_link
   02:44:41 [비전] ROI 밖 책: (-0.396, 0.475, 0.224) @arm_base_link
   02:44:41 [비전] ROI 밖 책 2권 제외 (남은 0권). ROI [-0.4, -0.2, 0.0] ~ [-0.26, 0.4, 0.32] @arm_base_link
   02:44:41 [비전] ROI 밖 책: (-0.101, -0.667, -0.341) @arm_base_link
   02:44:41 [비전] ROI 밖 책: (-0.398, 0.475, 0.222) @arm_base_link
   02:44:41 [비전] ROI 밖 책 2권 제외 (남은 0권). ROI [-0.4, -0.2, 0.0] ~ [-0.26, 0.4, 0.32] @arm_base_link
   02:44:42 [비전] ROI 밖 책: (-0.104, -0.667, -0.341) @arm_base_link
   02:44:42 [비전] ROI 밖 책: (-0.399, 0.476, 0.224) @arm_base_link
   02:44:42 [비전] ROI 밖 책 2권 제외 (남은 0권). ROI [-0.4, -0.2, 0.0] ~ [-0.26, 0.4, 0.32] @arm_base_link
   02:44:42 [비전] ROI 밖 책: (-0.104, -0.664, -0.341) @arm_base_link
   02:44:42 [비전] ROI 밖 책: (-0.398, 0.475, 0.222) @arm_base_link
   02:44:42 [비전] ROI 밖 책 2권 제외 (남은 0권). ROI [-0.4, -0.2, 0.0] ~ [-0.26, 0.4, 0.32] @arm_base_link
   02:44:43 [비전] ROI 밖 책: (-0.104, -0.667, -0.341) @arm_base_link
   02:44:43 [비전] ROI 밖 책: (-0.399, 0.476, 0.224) @arm_base_link
   02:44:43 [비전] ROI 밖 책 2권 제외 (남은 0권). ROI [-0.4, -0.2, 0.0] ~ [-0.26, 0.4, 0.32] @arm_base_link
   02:44:43 [비전] ROI 밖 책: (-0.104, -0.670, -0.341) @arm_base_link
   02:44:43 [비전] ROI 밖 책: (-0.398, 0.475, 0.222) @arm_base_link
   02:44:43 [비전] ROI 밖 책 2권 제외 (남은 0권). ROI [-0.4, -0.2, 0.0] ~ [-0.26, 0.4, 0.32] @arm_base_link
   02:44:44 [비전] ROI 밖 책: (-0.101, -0.670, -0.341) @arm_base_link
   02:44:44 [비전] ROI 밖 책: (-0.398, 0.475, 0.222) @arm_base_link
   02:44:44 [비전] ROI 밖 책 2권 제외 (남은 0권). ROI [-0.4, -0.2, 0.0] ~ [-0.26, 0.4, 0.32] @arm_base_link
   02:44:44 [비전] ROI 밖 책: (-0.104, -0.670, -0.341) @arm_base_link
   02:44:44 [비전] ROI 밖 책: (-0.398, 0.475, 0.222) @arm_base_link
   02:44:44 [비전] ROI 밖 책 2권 제외 (남은 0권). ROI [-0.4, -0.2, 0.0] ~ [-0.26, 0.4, 0.32] @arm_base_link
   02:44:45 [비전] ROI 밖 책: (-0.104, -0.667, -0.341) @arm_base_link
   02:44:45 [비전] ROI 밖 책: (-0.399, 0.476, 0.222) @arm_base_link
   02:44:45 [비전] ROI 밖 책 2권 제외 (남은 0권). ROI [-0.4, -0.2, 0.0] ~ [-0.26, 0.4, 0.32] @arm_base_link
   02:44:45 [비전] ROI 밖 책: (-0.104, -0.670, -0.341) @arm_base_link
   02:44:45 [비전] ROI 밖 책: (-0.401, 0.476, 0.222) @arm_base_link
   02:44:45 [비전] ROI 밖 책 2권 제외 (남은 0권). ROI [-0.4, -0.2, 0.0] ~ [-0.26, 0.4, 0.32] @arm_base_link
   02:44:46 [비전] ROI 밖 책: (-0.114, -0.667, -0.341) @arm_base_link
   02:44:46 [비전] ROI 밖 책: (-0.399, 0.476, 0.222) @arm_base_link
   02:44:46 [비전] ROI 밖 책 2권 제외 (남은 0권). ROI [-0.4, -0.2, 0.0] ~ [-0.26, 0.4, 0.32] @arm_base_link
   02:44:46 [비전] ROI 밖 책: (-0.111, -0.667, -0.341) @arm_base_link
   02:44:46 [비전] ROI 밖 책: (-0.399, 0.476, 0.222) @arm_base_link
   02:44:46 [비전] ROI 밖 책 2권 제외 (남은 1권). ROI [-0.4, -0.2, 0.0] ~ [-0.26, 0.4, 0.32] @arm_base_link
   02:44:46 [비전] Book picked(best): xyz=(-0.364, -0.182, 0.185), center=(144, 310), conf=0.56, depth=patch, yaw=0.000 rad (후보 1권)
   02:44:47 [비전] ROI 밖 책: (-0.104, -0.667, -0.341) @arm_base_link
   02:44:47 [비전] ROI 밖 책: (-0.398, 0.475, 0.222) @arm_base_link
   02:44:47 [비전] ROI 밖 책 2권 제외 (남은 0권). ROI [-0.4, -0.2, 0.0] ~ [-0.26, 0.4, 0.32] @arm_base_link
   02:44:47 [비전] ROI 밖 책: (-0.104, -0.667, -0.341) @arm_base_link
   02:44:47 [비전] ROI 밖 책: (-0.399, 0.476, 0.222) @arm_base_link
   02:44:47 [비전] ROI 밖 책 2권 제외 (남은 0권). ROI [-0.4, -0.2, 0.0] ~ [-0.26, 0.4, 0.32] @arm_base_link
   02:44:48 [비전] ROI 밖 책: (-0.104, -0.670, -0.341) @arm_base_link
   02:44:48 [비전] ROI 밖 책: (-0.398, 0.475, 0.222) @arm_base_link
   02:44:48 [비전] ROI 밖 책 2권 제외 (남은 0권). ROI [-0.4, -0.2, 0.0] ~ [-0.26, 0.4, 0.32] @arm_base_link
   02:44:48 [비전] ROI 밖 책: (-0.114, -0.670, -0.341) @arm_base_link
   02:44:48 [비전] ROI 밖 책: (-0.398, 0.475, 0.222) @arm_base_link
   02:44:48 [비전] ROI 밖 책 2권 제외 (남은 0권). ROI [-0.4, -0.2, 0.0] ~ [-0.26, 0.4, 0.32] @arm_base_link
   02:44:49 [비전] ROI 밖 책: (-0.107, -0.670, -0.341) @arm_base_link
   02:44:49 [비전] ROI 밖 책: (-0.399, 0.476, 0.222) @arm_base_link
   02:44:49 [비전] ROI 밖 책 2권 제외 (남은 0권). ROI [-0.4, -0.2, 0.0] ~ [-0.26, 0.4, 0.32] @arm_base_link
   02:44:49 [비전] ROI 밖 책: (-0.104, -0.670, -0.341) @arm_base_link
   02:44:49 [비전] ROI 밖 책: (-0.399, 0.476, 0.224) @arm_base_link
   02:44:49 [비전] ROI 밖 책 2권 제외 (남은 0권). ROI [-0.4, -0.2, 0.0] ~ [-0.26, 0.4, 0.32] @arm_base_link
   02:44:50 [비전] ROI 밖 책: (-0.101, -0.673, -0.341) @arm_base_link
   02:44:50 [비전] ROI 밖 책: (-0.399, 0.476, 0.222) @arm_base_link
   02:44:50 [비전] ROI 밖 책 2권 제외 (남은 0권). ROI [-0.4, -0.2, 0.0] ~ [-0.26, 0.4, 0.32] @arm_base_link
   02:44:50 [비전] ROI 밖 책: (-0.104, -0.670, -0.341) @arm_base_link
   02:44:50 [비전] ROI 밖 책: (-0.399, 0.476, 0.222) @arm_base_link
   02:44:50 [비전] ROI 밖 책 2권 제외 (남은 0권). ROI [-0.4, -0.2, 0.0] ~ [-0.26, 0.4, 0.32] @arm_base_link
   02:44:51 [비전] ROI 밖 책: (-0.104, -0.670, -0.341) @arm_base_link
   02:44:51 [비전] ROI 밖 책: (-0.398, 0.475, 0.222) @arm_base_link
   02:44:51 [비전] ROI 밖 책 2권 제외 (남은 0권). ROI [-0.4, -0.2, 0.0] ~ [-0.26, 0.4, 0.32] @arm_base_link
   02:44:51 [비전] ROI 밖 책: (-0.104, -0.673, -0.341) @arm_base_link
   02:44:51 [비전] ROI 밖 책: (-0.398, 0.475, 0.222) @arm_base_link
   02:44:51 [비전] ROI 밖 책 2권 제외 (남은 0권). ROI [-0.4, -0.2, 0.0] ~ [-0.26, 0.4, 0.32] @arm_base_link
   02:44:52 [비전] ROI 밖 책: (-0.104, -0.670, -0.341) @arm_base_link
   02:44:52 [비전] ROI 밖 책: (-0.399, 0.476, 0.222) @arm_base_link
   02:44:52 [비전] ROI 밖 책 2권 제외 (남은 0권). ROI [-0.4, -0.2, 0.0] ~ [-0.26, 0.4, 0.32] @arm_base_link
   02:44:52 [비전] ROI 밖 책: (-0.104, -0.667, -0.341) @arm_base_link
   02:44:52 [비전] ROI 밖 책: (-0.399, 0.476, 0.224) @arm_base_link
   02:44:52 [비전] ROI 밖 책 2권 제외 (남은 0권). ROI [-0.4, -0.2, 0.0] ~ [-0.26, 0.4, 0.32] @arm_base_link
   02:44:53 [비전] ROI 밖 책: (-0.104, -0.667, -0.341) @arm_base_link
   02:44:53 [비전] ROI 밖 책: (-0.401, 0.476, 0.224) @arm_base_link
   02:44:53 [비전] ROI 밖 책 2권 제외 (남은 0권). ROI [-0.4, -0.2, 0.0] ~ [-0.26, 0.4, 0.32] @arm_base_link
   02:44:53 [비전] ROI 밖 책: (-0.104, -0.670, -0.341) @arm_base_link
   02:44:53 [비전] ROI 밖 책: (-0.396, 0.475, 0.224) @arm_base_link
   02:44:53 [비전] ROI 밖 책 2권 제외 (남은 0권). ROI [-0.4, -0.2, 0.0] ~ [-0.26, 0.4, 0.32] @arm_base_link
   02:44:54 [비전] ROI 밖 책: (-0.107, -0.667, -0.341) @arm_base_link
   02:44:54 [비전] ROI 밖 책: (-0.396, 0.476, 0.225) @arm_base_link
   02:44:54 [비전] ROI 밖 책 2권 제외 (남은 0권). ROI [-0.4, -0.2, 0.0] ~ [-0.26, 0.4, 0.32] @arm_base_link
   02:44:54 [비전] ROI 밖 책: (-0.104, -0.673, -0.341) @arm_base_link
   02:44:54 [비전] ROI 밖 책: (-0.399, 0.476, 0.222) @arm_base_link
   02:44:54 [비전] ROI 밖 책 2권 제외 (남은 0권). ROI [-0.4, -0.2, 0.0] ~ [-0.26, 0.4, 0.32] @arm_base_link
   02:44:55 [비전] ROI 밖 책: (-0.117, -0.667, -0.341) @arm_base_link
   02:44:55 [비전] ROI 밖 책: (-0.399, 0.476, 0.224) @arm_base_link
   02:44:55 [비전] ROI 밖 책 2권 제외 (남은 1권). ROI [-0.4, -0.2, 0.0] ~ [-0.26, 0.4, 0.32] @arm_base_link
   02:44:55 [비전] Book picked(best): xyz=(-0.364, -0.182, 0.188), center=(143, 310), conf=0.56, depth=patch, yaw=0.000 rad (후보 1권)
   02:44:55 [조작] 책 좌표 정함 (-0.3640, -0.1820, +0.1864) — 관측 2개 · 책 1권 · 고른 책 2개 (x 흔들림 0 mm) → 축마다 중앙값
   02:44:55 [조작] 작업 job_01deba529a37 book=book_002 트레이 칸 3 파지 [-0.3640201302233581, -0.18203503551153735, 0.11054408754278122] (vision) → (-0.35, 0.5438500024676323, 0.8839) 삽입 속도 0.030 m/s
   02:45:21 [시뮬] [JUDGE] 손 안 어긋남(406) **판별불가** — 키네마틱 파지는 매 스텝 책을 손에 맞춰 다시 써 넣는다. 이 신호는 마찰 파지(SIM_GRASP_KINEMATIC=0)에서만 의미가 있다
   02:45:29 [시뮬] [JUDGE] rise=16.9cm(ok) width=15.1mm = 지령 15.1mm (책 반두께 19.1) → **판별불가** [키네마틱 파지라 빈손이어도 같은 값이 나온다]
   02:47:30 [FSM] FSM transition completed: PLACE_BOOK -> UPDATE_DATA
   02:47:30 [FSM] FSM transition completed: UPDATE_DATA -> NEXT_BOOK
   02:47:30 [FSM] FSM transition completed: NEXT_BOOK -> RETURN_HOME
   02:47:30 [조작] PlaceBook 성공 job=job_01deba529a37 code=0(OK) phase= 배치 확인
   02:47:30 [시뮬] [JUDGE] width_hold=판별불가[키네마틱] (15.1 → 최소 15.1 mm, 한쪽 기준)
   02:47:30 [시뮬] 작업 job_01deba529a37 SUCCEEDED {'phase': 'verify', 'message': '배치 확인', 'placement_verified': True, 'checks': {'upright': True, 'depth': True, 'spine': True, 'x': True, 'floor': True, 'skew': True, 'no_jam': True}, 'fallen
   02:47:43 [시뮬] [주행] 회전 끝 — **실측** yaw +90.00° (목표 +90.00°)
   02:47:45 [FSM] Navigation succeeded: Navigation completed.
   02:47:45 [FSM] FSM transition completed: RETURN_HOME -> COMPLETED
   02:47:45 [FSM] FSM transition completed: COMPLETED -> IDLE
   02:47:45 [시뮬] [주행] 도착 (+4.986, -5.607)
끝 02:47:46 — 로그: /home/bryankim0200/b1_arm/logs (Isaac·노드는 그대로 떠 있다)
