[37;1m2026-09-29 02:59:50.698 [31;1m[[37;1mXMLProfileManager[31;1m Error] [37mCould not extract any profile[34;1m -> Function [36mextractProfiles[m
[INFO] [1790618390.739910976] [manipulation_node]: PlaceBook /place_book executor=sim profile=default tray_slots=6 status=/robot/status perception_bridge=True
[INFO] [1790618543.626140515] [manipulation_node]: 베이스 회전 명령 전송 (목표 yaw +0°, 서가 거리 0.444)
[INFO] [1790618548.364498840] [manipulation_node]: 베이스 회전 완료
[INFO] [1790618684.300505799] [manipulation_node]: [스캔캐시] 저장 — 관측 8개 (/World/bookshelves_main/shelf_brown__book_shelf_01)
[INFO] [1790618684.300756589] [manipulation_node]: 빈칸 깊이: 관측 y 0.568 → 칸중심 0.668 · 앞면 실측 0.444 → 칸중심 0.544 (차이 +124 mm) — **앞면 쪽을 쓴다** [slot_y_from_shelf_front]
[INFO] [1790618684.300922086] [manipulation_node]: 빈칸 깊이: 관측 y 0.624 → 칸중심 0.724 · 앞면 실측 0.444 → 칸중심 0.544 (차이 +180 mm) — **앞면 쪽을 쓴다** [slot_y_from_shelf_front]
[INFO] [1790618684.301063036] [manipulation_node]: 빈칸 관측 버림 (서가 밖): (-0.780, 0.504, 0.172) 서가 x -0.66~0.66 y 0.41~0.80 z -0.33~2.19
[INFO] [1790618684.301202463] [manipulation_node]: 빈칸 관측 버림 (서가 밖): (-0.783, 0.488, 0.190) 서가 x -0.66~0.66 y 0.41~0.80 z -0.33~2.19
[INFO] [1790618684.301385404] [manipulation_node]: 빈칸 깊이: 관측 y 0.523 → 칸중심 0.623 · 앞면 실측 0.444 → 칸중심 0.544 (차이 +79 mm) — **앞면 쪽을 쓴다** [slot_y_from_shelf_front]
[INFO] [1790618684.301596548] [manipulation_node]: 빈칸 깊이: 관측 y 0.510 → 칸중심 0.610 · 앞면 실측 0.444 → 칸중심 0.544 (차이 +66 mm) — **앞면 쪽을 쓴다** [slot_y_from_shelf_front]
[INFO] [1790618684.301772455] [manipulation_node]: 빈칸 깊이: 관측 y 0.535 → 칸중심 0.635 · 앞면 실측 0.444 → 칸중심 0.544 (차이 +91 mm) — **앞면 쪽을 쓴다** [slot_y_from_shelf_front]
[INFO] [1790618684.302047492] [manipulation_node]: 빈칸 x: 검출 +0.2588 → 실측 빈칸 중심 +0.2733 (+14.5 mm, 빈칸 폭 95.8 mm, 책 두께 35.2 mm, 남는 여유 한쪽 30.3 mm, 판 상대높이 +0.000 m) [slot_x_snap_to_gap]
[INFO] [1790618684.302270599] [manipulation_node]: [배정] 책 35.2 mm → 칸 95.8 mm (여유 합 60.6 mm)
[INFO] [1790618684.302565775] [manipulation_node]: 빈칸 선택: 책 사이 틈 관측 (0.273, 0.523, 0.356) → 칸 중심 y 0.544, z 0.340 (판 높이로 스냅); 꽂기 전 차체를 옆으로 +0.623 m 옮겨 틈을 x -0.35 에 둔다
[INFO] [1790618684.302885067] [manipulation_node]: 빈 슬롯 스캔 완료: (-0.35, 0.5439, 0.3399), 삽입깊이 0.300m
[INFO] [1790618684.306133189] [manipulation_node]: 베이스 회전 명령 전송 (목표 yaw +0°, 서가 거리 0.444)
[INFO] [1790618691.199815495] [manipulation_node]: 베이스 회전 완료
[WARN] [1790618691.400493959] [manipulation_node]: 책 관측이 안 정해진다: 관측 1개가 책 1권에 흩어져 있다 — 가장 많이 본 것도 1개뿐이라 (필요 2) 어느 것이 튄 값인지 알 수 없다 — 더 본다
[WARN] [1790618691.500847699] [manipulation_node]: 책 관측이 안 정해진다: 관측 1개가 책 1권에 흩어져 있다 — 가장 많이 본 것도 1개뿐이라 (필요 2) 어느 것이 튄 값인지 알 수 없다 — 더 본다
[WARN] [1790618691.601333231] [manipulation_node]: 책 관측이 안 정해진다: 관측 1개가 책 1권에 흩어져 있다 — 가장 많이 본 것도 1개뿐이라 (필요 2) 어느 것이 튄 값인지 알 수 없다 — 더 본다
[WARN] [1790618691.701852889] [manipulation_node]: 책 관측이 안 정해진다: 관측 1개가 책 1권에 흩어져 있다 — 가장 많이 본 것도 1개뿐이라 (필요 2) 어느 것이 튄 값인지 알 수 없다 — 더 본다
[WARN] [1790618691.802410840] [manipulation_node]: 책 관측이 안 정해진다: 관측 1개가 책 1권에 흩어져 있다 — 가장 많이 본 것도 1개뿐이라 (필요 2) 어느 것이 튄 값인지 알 수 없다 — 더 본다
[WARN] [1790618691.902931529] [manipulation_node]: 책 관측이 안 정해진다: 관측 1개가 책 1권에 흩어져 있다 — 가장 많이 본 것도 1개뿐이라 (필요 2) 어느 것이 튄 값인지 알 수 없다 — 더 본다
[WARN] [1790618692.003411641] [manipulation_node]: 책 관측이 안 정해진다: 관측 1개가 책 1권에 흩어져 있다 — 가장 많이 본 것도 1개뿐이라 (필요 2) 어느 것이 튄 값인지 알 수 없다 — 더 본다
[INFO] [1790618692.103789156] [manipulation_node]: 책 좌표 정함 (-0.3568, -0.0054, +0.2104) — 관측 2개 · 책 1권 · 고른 책 2개 (x 흔들림 1 mm) → 축마다 중앙값
[INFO] [1790618692.104254398] [manipulation_node]: 작업 job_6df7684316c1 book=book_003 트레이 칸 0 파지 [-0.35677744168612885, -0.005354631907719419, 0.13454607357483842] (vision) → (-0.35, 0.5438500024676323, 0.3399) 삽입 속도 0.030 m/s
[INFO] [1790619024.056844468] [manipulation_node]: 빈칸 실측이 낡았다 (배치 1회째) — 다음 판은 다시 스캔해야 한다. 트레이 쓴 칸 [0] / 전체 6
[INFO] [1790619024.057190631] [manipulation_node]: PlaceBook 성공 job=job_6df7684316c1 code=0(OK) phase= 배치 확인
[INFO] [1790619024.063006359] [manipulation_node]: 베이스 회전 명령 전송 (목표 yaw +0°, 서가 거리 0.444)
[INFO] [1790619029.440347971] [manipulation_node]: 베이스 회전 완료
[INFO] [1790619029.440571890] [manipulation_node]: [스캔캐시] 후보 — 관측 8개 (/World/bookshelves_main/shelf_brown__book_shelf_01). 팔 스윕 생략, 빈칸만 다시 잰다
[INFO] [1790619051.392061269] [manipulation_node]: [스캔캐시] 사용 — 관측 8개 (/World/bookshelves_main/shelf_brown__book_shelf_01)
[INFO] [1790619051.392297662] [manipulation_node]: 빈칸 깊이: 관측 y 0.568 → 칸중심 0.668 · 앞면 실측 0.444 → 칸중심 0.544 (차이 +124 mm) — **앞면 쪽을 쓴다** [slot_y_from_shelf_front]
[INFO] [1790619051.392452779] [manipulation_node]: 빈칸 깊이: 관측 y 0.624 → 칸중심 0.724 · 앞면 실측 0.444 → 칸중심 0.544 (차이 +180 mm) — **앞면 쪽을 쓴다** [slot_y_from_shelf_front]
[INFO] [1790619051.392595873] [manipulation_node]: 빈칸 관측 버림 (서가 밖): (-0.780, 0.504, 0.172) 서가 x -0.66~0.66 y 0.41~0.80 z -0.33~2.19
[INFO] [1790619051.392737494] [manipulation_node]: 빈칸 관측 버림 (서가 밖): (-0.783, 0.488, 0.190) 서가 x -0.66~0.66 y 0.41~0.80 z -0.33~2.19
[INFO] [1790619051.392899835] [manipulation_node]: 빈칸 깊이: 관측 y 0.523 → 칸중심 0.623 · 앞면 실측 0.444 → 칸중심 0.544 (차이 +79 mm) — **앞면 쪽을 쓴다** [slot_y_from_shelf_front]
[INFO] [1790619051.393045735] [manipulation_node]: 빈칸 깊이: 관측 y 0.510 → 칸중심 0.610 · 앞면 실측 0.444 → 칸중심 0.544 (차이 +66 mm) — **앞면 쪽을 쓴다** [slot_y_from_shelf_front]
[INFO] [1790619051.393216231] [manipulation_node]: 빈칸 깊이: 관측 y 0.535 → 칸중심 0.635 · 앞면 실측 0.444 → 칸중심 0.544 (차이 +91 mm) — **앞면 쪽을 쓴다** [slot_y_from_shelf_front]
[WARN] [1790619051.393520554] [manipulation_node]: **판을 옮긴다** — 가리킨 판에 자리가 없다 (들어가는 빈칸이 없다 — 실측 빈칸 3개 중 가장 넓은 것이 32.4 mm 인데 책 두께 35.2 mm 에 양쪽 여유 5.0 mm 씩이면 45.2 mm 가 필요하다). 상대 +0.544 m 판의 81 mm 칸으로 간다 (여유 한쪽 22.7 mm). **높이도 그 판 것으로 바꿔야 한다**  칸 중심 z +0.3399 → +0.8839
[INFO] [1790619051.393823855] [manipulation_node]: 빈칸 x: 검출 +0.2588 → 실측 빈칸 중심 -0.4007 (-659.6 mm, 빈칸 폭 80.5 mm, 책 두께 35.2 mm, 남는 여유 한쪽 22.7 mm, 판 상대높이 +0.544 m) [slot_x_snap_to_gap]
[INFO] [1790619051.394045289] [manipulation_node]: [배정] 책 35.2 mm → 칸 80.5 mm (여유 합 45.3 mm)
[INFO] [1790619051.394289537] [manipulation_node]: 빈칸 선택: 책 사이 틈 관측 (-0.401, 0.523, 0.356) → 칸 중심 y 0.544, z 0.884 (판 높이로 스냅); 꽂기 전 차체를 옆으로 -0.051 m 옮겨 틈을 x -0.35 에 둔다
[INFO] [1790619051.394557680] [manipulation_node]: 빈 슬롯 스캔 완료: (-0.35, 0.5439, 0.8839), 삽입깊이 0.300m
[INFO] [1790619051.397936951] [manipulation_node]: 베이스 회전 명령 전송 (목표 yaw +0°, 서가 거리 0.444)
[INFO] [1790619052.321001733] [manipulation_node]: 베이스 회전 완료
[WARN] [1790619052.421608337] [manipulation_node]: 책 관측이 안 정해진다: 관측 1개가 책 1권에 흩어져 있다 — 가장 많이 본 것도 1개뿐이라 (필요 2) 어느 것이 튄 값인지 알 수 없다 — 더 본다
[WARN] [1790619052.522040436] [manipulation_node]: 책 관측이 안 정해진다: 관측 1개가 책 1권에 흩어져 있다 — 가장 많이 본 것도 1개뿐이라 (필요 2) 어느 것이 튄 값인지 알 수 없다 — 더 본다
[WARN] [1790619052.622472927] [manipulation_node]: 책 관측이 안 정해진다: 관측 1개가 책 1권에 흩어져 있다 — 가장 많이 본 것도 1개뿐이라 (필요 2) 어느 것이 튄 값인지 알 수 없다 — 더 본다
[WARN] [1790619052.723011260] [manipulation_node]: 책 관측이 안 정해진다: 관측 1개가 책 1권에 흩어져 있다 — 가장 많이 본 것도 1개뿐이라 (필요 2) 어느 것이 튄 값인지 알 수 없다 — 더 본다
[WARN] [1790619052.823323140] [manipulation_node]: 책 관측이 안 정해진다: 관측 1개가 책 1권에 흩어져 있다 — 가장 많이 본 것도 1개뿐이라 (필요 2) 어느 것이 튄 값인지 알 수 없다 — 더 본다
[WARN] [1790619052.923949171] [manipulation_node]: 책 관측이 안 정해진다: 관측 1개가 책 1권에 흩어져 있다 — 가장 많이 본 것도 1개뿐이라 (필요 2) 어느 것이 튄 값인지 알 수 없다 — 더 본다
[WARN] [1790619053.024534524] [manipulation_node]: 책 관측이 안 정해진다: 관측 1개가 책 1권에 흩어져 있다 — 가장 많이 본 것도 1개뿐이라 (필요 2) 어느 것이 튄 값인지 알 수 없다 — 더 본다
[WARN] [1790619053.125067717] [manipulation_node]: 책 관측이 안 정해진다: 관측 1개가 책 1권에 흩어져 있다 — 가장 많이 본 것도 1개뿐이라 (필요 2) 어느 것이 튄 값인지 알 수 없다 — 더 본다
[WARN] [1790619053.225573718] [manipulation_node]: 책 관측이 안 정해진다: 관측 1개가 책 1권에 흩어져 있다 — 가장 많이 본 것도 1개뿐이라 (필요 2) 어느 것이 튄 값인지 알 수 없다 — 더 본다
[INFO] [1790619053.326082485] [manipulation_node]: 책 좌표 정함 (-0.3428, -0.1049, +0.2115) — 관측 2개 · 책 1권 · 고른 책 2개 (x 흔들림 1 mm) → 축마다 중앙값
[INFO] [1790619053.326589085] [manipulation_node]: 작업 job_6df7684316c1 book=book_004 트레이 칸 1 파지 [-0.3427962362778201, -0.10485128306060229, 0.13565746384343064] (vision) → (-0.35, 0.5438500024676323, 0.8839) 삽입 속도 0.030 m/s
[INFO] [1790619367.347237740] [manipulation_node]: 빈칸 실측이 낡았다 (배치 2회째) — 다음 판은 다시 스캔해야 한다. 트레이 쓴 칸 [0, 1] / 전체 6
[INFO] [1790619367.347521935] [manipulation_node]: PlaceBook 성공 job=job_6df7684316c1 code=0(OK) phase= 배치 확인
[INFO] [1790619472.876304142] [manipulation_node]: 베이스 회전 명령 전송 (목표 yaw +0°, 서가 거리 0.444)
[INFO] [1790619475.269976432] [manipulation_node]: 베이스 회전 완료
[INFO] [1790619475.270221702] [manipulation_node]: [스캔캐시] 후보 — 관측 8개 (/World/bookshelves_main/shelf_brown__book_shelf_01). 팔 스윕 생략, 빈칸만 다시 잰다
[INFO] [1790619500.363791047] [manipulation_node]: [스캔캐시] 무효 — 서가가 바뀜 /World/bookshelves_main/shelf_brown__book_shelf_01 → /World/bookshelves_main/shelf_brown__book_shelf_11. 스윕한다
[INFO] [1790619622.651113838] [manipulation_node]: [스캔캐시] 저장 — 관측 9개 (/World/bookshelves_main/shelf_brown__book_shelf_11)
[INFO] [1790619622.651474490] [manipulation_node]: 빈칸 관측 버림 (서가 밖): (-0.782, 2.612, 1.382) 서가 x -0.66~0.66 y 0.41~0.80 z -0.33~2.19
[INFO] [1790619622.651771188] [manipulation_node]: 빈칸 깊이: 관측 y 0.543 → 칸중심 0.643 · 앞면 실측 0.444 → 칸중심 0.544 (차이 +99 mm) — **앞면 쪽을 쓴다** [slot_y_from_shelf_front]
[INFO] [1790619622.652015847] [manipulation_node]: 빈칸 깊이: 관측 y 0.636 → 칸중심 0.736 · 앞면 실측 0.444 → 칸중심 0.544 (차이 +192 mm) — **앞면 쪽을 쓴다** [slot_y_from_shelf_front]
[INFO] [1790619622.652250617] [manipulation_node]: 빈칸 깊이: 관측 y 0.548 → 칸중심 0.648 · 앞면 실측 0.444 → 칸중심 0.544 (차이 +104 mm) — **앞면 쪽을 쓴다** [slot_y_from_shelf_front]
[INFO] [1790619622.652458485] [manipulation_node]: 빈칸 관측 버림 (서가 밖): (-0.787, 0.516, 0.186) 서가 x -0.66~0.66 y 0.41~0.80 z -0.33~2.19
[INFO] [1790619622.652668618] [manipulation_node]: 빈칸 관측 버림 (서가 밖): (-0.791, 0.495, 0.169) 서가 x -0.66~0.66 y 0.41~0.80 z -0.33~2.19
[INFO] [1790619622.652902246] [manipulation_node]: 빈칸 깊이: 관측 y 0.490 → 칸중심 0.590 · 앞면 실측 0.444 → 칸중심 0.544 (차이 +46 mm) — **앞면 쪽을 쓴다** [slot_y_from_shelf_front]
[INFO] [1790619622.653135222] [manipulation_node]: 빈칸 깊이: 관측 y 0.502 → 칸중심 0.602 · 앞면 실측 0.444 → 칸중심 0.544 (차이 +58 mm) — **앞면 쪽을 쓴다** [slot_y_from_shelf_front]
[INFO] [1790619622.653303224] [manipulation_node]: 빈칸 깊이: 관측 y 0.502 → 칸중심 0.602 · 앞면 실측 0.444 → 칸중심 0.544 (차이 +58 mm) — **앞면 쪽을 쓴다** [slot_y_from_shelf_front]
[INFO] [1790619622.653620512] [manipulation_node]: 빈칸 x: 검출 -0.0595 → 실측 빈칸 중심 -0.0896 (-30.0 mm, 빈칸 폭 85.9 mm, 책 두께 35.2 mm, 남는 여유 한쪽 25.4 mm, 판 상대높이 +0.000 m) [slot_x_snap_to_gap]
[INFO] [1790619622.654034706] [manipulation_node]: [배정] 책 35.2 mm → 칸 85.9 mm (여유 합 50.7 mm)
[INFO] [1790619622.654433621] [manipulation_node]: 빈칸 선택: 책 사이 틈 관측 (-0.090, 0.502, 0.359) → 칸 중심 y 0.544, z 0.340 (판 높이로 스냅); 꽂기 전 차체를 옆으로 +0.260 m 옮겨 틈을 x -0.35 에 둔다
[INFO] [1790619622.654721462] [manipulation_node]: 빈 슬롯 스캔 완료: (-0.35, 0.5439, 0.3399), 삽입깊이 0.300m
[INFO] [1790619622.657290316] [manipulation_node]: 베이스 회전 명령 전송 (목표 yaw +0°, 서가 거리 0.444)
[INFO] [1790619625.040838697] [manipulation_node]: 베이스 회전 완료
[WARN] [1790619629.245736066] [manipulation_node]: 책 관측이 안 정해진다: 관측 1개가 책 1권에 흩어져 있다 — 가장 많이 본 것도 1개뿐이라 (필요 2) 어느 것이 튄 값인지 알 수 없다 — 더 본다
[WARN] [1790619629.346010335] [manipulation_node]: 책 관측이 안 정해진다: 관측 1개가 책 1권에 흩어져 있다 — 가장 많이 본 것도 1개뿐이라 (필요 2) 어느 것이 튄 값인지 알 수 없다 — 더 본다
[WARN] [1790619629.446483837] [manipulation_node]: 책 관측이 안 정해진다: 관측 1개가 책 1권에 흩어져 있다 — 가장 많이 본 것도 1개뿐이라 (필요 2) 어느 것이 튄 값인지 알 수 없다 — 더 본다
[WARN] [1790619629.547045467] [manipulation_node]: 책 관측이 안 정해진다: 관측 1개가 책 1권에 흩어져 있다 — 가장 많이 본 것도 1개뿐이라 (필요 2) 어느 것이 튄 값인지 알 수 없다 — 더 본다
[WARN] [1790619629.647436491] [manipulation_node]: 책 관측이 안 정해진다: 관측 1개가 책 1권에 흩어져 있다 — 가장 많이 본 것도 1개뿐이라 (필요 2) 어느 것이 튄 값인지 알 수 없다 — 더 본다
[WARN] [1790619629.747721000] [manipulation_node]: 책 관측이 안 정해진다: 관측 1개가 책 1권에 흩어져 있다 — 가장 많이 본 것도 1개뿐이라 (필요 2) 어느 것이 튄 값인지 알 수 없다 — 더 본다
[WARN] [1790619629.847962888] [manipulation_node]: 책 관측이 안 정해진다: 관측 1개가 책 1권에 흩어져 있다 — 가장 많이 본 것도 1개뿐이라 (필요 2) 어느 것이 튄 값인지 알 수 없다 — 더 본다
[WARN] [1790619629.948431751] [manipulation_node]: 책 관측이 안 정해진다: 관측 1개가 책 1권에 흩어져 있다 — 가장 많이 본 것도 1개뿐이라 (필요 2) 어느 것이 튄 값인지 알 수 없다 — 더 본다
[INFO] [1790619630.048976750] [manipulation_node]: 책 좌표 정함 (-0.3538, +0.1585, +0.2111) — 관측 2개 · 책 1권 · 고른 책 2개 (x 흔들림 1 mm) → 축마다 중앙값
[INFO] [1790619630.049592930] [manipulation_node]: 작업 job_6df7684316c1 book=book_001 트레이 칸 2 파지 [-0.35382406198212657, 0.15848055803376104, 0.13520583291252877] (vision) → (-0.35, 0.5438500024676323, 0.3399) 삽입 속도 0.030 m/s
[INFO] [1790619945.487002574] [manipulation_node]: 빈칸 실측이 낡았다 (배치 3회째) — 다음 판은 다시 스캔해야 한다. 트레이 쓴 칸 [0, 1, 2] / 전체 6
[INFO] [1790619945.487255659] [manipulation_node]: PlaceBook 성공 job=job_6df7684316c1 code=0(OK) phase= 배치 확인
[INFO] [1790619945.493090026] [manipulation_node]: 베이스 회전 명령 전송 (목표 yaw +0°, 서가 거리 0.444)
[INFO] [1790619947.729806406] [manipulation_node]: 베이스 회전 완료
[INFO] [1790619947.730012871] [manipulation_node]: [스캔캐시] 후보 — 관측 9개 (/World/bookshelves_main/shelf_brown__book_shelf_11). 팔 스윕 생략, 빈칸만 다시 잰다
[INFO] [1790619969.586047294] [manipulation_node]: [스캔캐시] 사용 — 관측 9개 (/World/bookshelves_main/shelf_brown__book_shelf_11)
[INFO] [1790619969.586354032] [manipulation_node]: 빈칸 관측 버림 (서가 밖): (-0.782, 2.612, 1.382) 서가 x -0.66~0.66 y 0.41~0.80 z -0.33~2.19
[INFO] [1790619969.586606145] [manipulation_node]: 빈칸 깊이: 관측 y 0.543 → 칸중심 0.643 · 앞면 실측 0.444 → 칸중심 0.544 (차이 +99 mm) — **앞면 쪽을 쓴다** [slot_y_from_shelf_front]
[INFO] [1790619969.586846094] [manipulation_node]: 빈칸 깊이: 관측 y 0.636 → 칸중심 0.736 · 앞면 실측 0.444 → 칸중심 0.544 (차이 +192 mm) — **앞면 쪽을 쓴다** [slot_y_from_shelf_front]
[INFO] [1790619969.587081956] [manipulation_node]: 빈칸 깊이: 관측 y 0.548 → 칸중심 0.648 · 앞면 실측 0.444 → 칸중심 0.544 (차이 +104 mm) — **앞면 쪽을 쓴다** [slot_y_from_shelf_front]
[INFO] [1790619969.587292990] [manipulation_node]: 빈칸 관측 버림 (서가 밖): (-0.787, 0.516, 0.186) 서가 x -0.66~0.66 y 0.41~0.80 z -0.33~2.19
[INFO] [1790619969.587509635] [manipulation_node]: 빈칸 관측 버림 (서가 밖): (-0.791, 0.495, 0.169) 서가 x -0.66~0.66 y 0.41~0.80 z -0.33~2.19
[INFO] [1790619969.587746329] [manipulation_node]: 빈칸 깊이: 관측 y 0.490 → 칸중심 0.590 · 앞면 실측 0.444 → 칸중심 0.544 (차이 +46 mm) — **앞면 쪽을 쓴다** [slot_y_from_shelf_front]
[INFO] [1790619969.587982191] [manipulation_node]: 빈칸 깊이: 관측 y 0.502 → 칸중심 0.602 · 앞면 실측 0.444 → 칸중심 0.544 (차이 +58 mm) — **앞면 쪽을 쓴다** [slot_y_from_shelf_front]
[INFO] [1790619969.588218834] [manipulation_node]: 빈칸 깊이: 관측 y 0.502 → 칸중심 0.602 · 앞면 실측 0.444 → 칸중심 0.544 (차이 +58 mm) — **앞면 쪽을 쓴다** [slot_y_from_shelf_front]
[WARN] [1790619969.588610374] [manipulation_node]: **판을 옮긴다** — 가리킨 판에 자리가 없다 (들어가는 빈칸이 없다 — 실측 빈칸 2개 중 가장 넓은 것이 27.5 mm 인데 책 두께 35.2 mm 에 양쪽 여유 5.0 mm 씩이면 45.2 mm 가 필요하다). 상대 +0.544 m 판의 83 mm 칸으로 간다 (여유 한쪽 23.9 mm). **높이도 그 판 것으로 바꿔야 한다**  칸 중심 z +0.3399 → +0.8839
[INFO] [1790619969.588898426] [manipulation_node]: 빈칸 x: 검출 -0.0595 → 실측 빈칸 중심 +0.1387 (+198.3 mm, 빈칸 폭 82.9 mm, 책 두께 35.2 mm, 남는 여유 한쪽 23.9 mm, 판 상대높이 +0.544 m) [slot_x_snap_to_gap]
[INFO] [1790619969.589140821] [manipulation_node]: [배정] 책 35.2 mm → 칸 82.9 mm (여유 합 47.7 mm)
[INFO] [1790619969.589380800] [manipulation_node]: 빈칸 선택: 책 사이 틈 관측 (0.139, 0.502, 0.359) → 칸 중심 y 0.544, z 0.884 (판 높이로 스냅); 꽂기 전 차체를 옆으로 +0.489 m 옮겨 틈을 x -0.35 에 둔다
[INFO] [1790619969.589642271] [manipulation_node]: 빈 슬롯 스캔 완료: (-0.35, 0.5439, 0.8839), 삽입깊이 0.300m
[INFO] [1790619969.592430743] [manipulation_node]: 베이스 회전 명령 전송 (목표 yaw +0°, 서가 거리 0.444)
[INFO] [1790619973.814436674] [manipulation_node]: 베이스 회전 완료
[WARN] [1790620003.843680109] [manipulation_node]: PlaceBook 실패 job=job_6df7684316c1 code=411(NOT_READY) phase=DETECTING_BOOK 책 관측 자세에서 30s 동안 책 좌표 없음
