[Info] [carb] Logging to file: /home/rokey/isaacsim/kit/logs/Kit/Isaac-Sim Python/5.1/kit_20260917_151409.log
2026-09-17T06:14:09Z [0ms] [Warning] [carb.crashreporter-breakpad.plugin] [previous crash] preventing upload of minidump due to user opt-out: '/home/rokey/isaacsim/kit/data/Kit/Isaac-Sim Python/5.1/fc99d165-c9ea-41c6-bf8abab5-b7340e51.dmp'
2026-09-17T06:14:09Z [0ms] [Warning] [carb.crashreporter-breakpad.plugin] [previous crash] preventing upload of minidump due to user opt-out: '/home/rokey/isaacsim/kit/data/Kit/Isaac-Sim Python/5.1/be7a1636-ad49-4711-a04b3693-1c0c4f8f.dmp'
[0.028s] [ext: omni.kit.async_engine-0.0.3] startup
[0.180s] [ext: omni.metrics.core-0.0.3] startup
[0.180s] [ext: omni.client.lib-1.1.0] startup
[0.188s] [ext: omni.blobkey-1.1.2] startup
[0.188s] [ext: omni.stats-1.0.1] startup
[0.188s] [ext: omni.datastore-0.0.0] startup
[0.191s] [ext: omni.client-1.3.0] startup
[0.194s] [ext: omni.ujitso.default-1.0.0] startup
[0.195s] [ext: omni.hsscclient-1.1.2] startup
[0.198s] [ext: omni.gpu_foundation.shadercache.vulkan-1.0.0] startup
[0.199s] [ext: omni.assets.plugins-0.0.0] startup
[0.199s] [ext: omni.gpu_foundation-0.0.0] startup
[0.203s] [ext: carb.windowing.plugins-1.0.0] startup
2026-09-17T06:14:09Z [193ms] [Warning] [carb.windowing-glfw.plugin] GLFW initialization failed.
2026-09-17T06:14:09Z [193ms] [Warning] [carb] Failed to startup plugin carb.windowing-glfw.plugin (interfaces: [carb::windowing::IGLContext v1.0],[carb::windowing::IWindowing v1.5]) (impl: carb.windowing-glfw.plugin)
[0.204s] [ext: omni.kit.renderer.init-0.0.0] startup
2026-09-17T06:14:09Z [203ms] [Warning] [omni.platforminfo.plugin] failed to open the default display.  Can't verify X Server version.
2026-09-17T06:14:10Z [564ms] [Warning] [gpu.foundation.plugin] Skipping unsupported non-NVIDIA GPU: Intel(R) Graphics (ARL)
2026-09-17T06:14:10Z [564ms] [Warning] [gpu.foundation.plugin] Skipping unsupported non-NVIDIA GPU: Intel(R) Graphics (ARL)

|---------------------------------------------------------------------------------------------|
| Driver Version: 580.173.02    | Graphics API: Vulkan
|=============================================================================================|
| GPU | Name                             | Active | LDA | GPU Memory | Vendor-ID | LUID       |
|     |                                  |        |     |            | Device-ID | UUID       |
|     |                                  |        |     |            | Bus-ID    |            |
|---------------------------------------------------------------------------------------------|
| 0   | NVIDIA GeForce RTX 5080 Laptop.. | Yes: 0 |     | 16303   MB | 10de      | 0          |
|     |                                  |        |     |            | 2c19      | 507b5eb6.. |
|     |                                  |        |     |            | 1         |            |
|---------------------------------------------------------------------------------------------|
| 1   | Intel(R) Graphics (ARL)          |        |     | 47779   MB | 8086      | 0          |
|     |                                  |        |     |            | 7d67      | 8680677d.. |
|     |                                  |        |     |            | 0         |            |
|=============================================================================================|
| OS: 24.04.4 LTS (Noble Numbat) ubuntu, Version: 24.04.4, Kernel: 6.14.0-27-generic
| Processor: Intel(R) Core(TM) Ultra 9 275HX
| Cores: 24 | Logical Cores: 24
|---------------------------------------------------------------------------------------------|
| Total Memory (MB): 63706 | Free Memory: 57526
| Total Page/Swap (MB): 8191 | Free Page/Swap: 8191
|---------------------------------------------------------------------------------------------|
2026-09-17T06:14:10Z [890ms] [Warning] [gpu.foundation.plugin] CPU performance profile is set to powersave. This profile sets the CPU to the lowest frequency reducing performance.
2026-09-17T06:14:10Z [899ms] [Warning] [gpu.foundation.plugin] PCIe link width current (8) and maximum (16) for device 0 don't match.
2026-09-17T06:14:10Z [900ms] [Warning] [gpu.foundation.plugin] IOMMU is enabled.
2026-09-17T06:14:10Z [900ms] [Warning] [gpu.foundation.plugin] Detected IOMMU is enabled. Running CUDA peer-to-peer bandwidth and latency validation.
Unidirectional P2P=Enabled Bandwidth (P2P Writes) Matrix (GB/s)
   D\D     0 
     0 519.10 
P2P=Enabled Latency (P2P Writes) Matrix (us)
   GPU     0 
     0   2.06 

   CPU     0 
     0   1.60 
[1.041s] [ext: omni.kit.pipapi-0.0.0] startup
[1.042s] [ext: omni.kit.pip_archive-0.0.0] startup
[1.042s] [ext: omni.pip.compute-1.6.3] startup
[1.043s] [ext: omni.materialx.libs-1.0.7] startup
[1.047s] [ext: omni.pip.cloud-1.4.3] startup
[1.049s] [ext: omni.isaac.core_archive-3.0.0] startup
[1.049s] [ext: omni.usd.config-1.0.6] startup
[1.051s] [ext: omni.gpucompute.plugins-0.0.0] startup
[1.051s] [ext: omni.usd.libs-1.0.1] startup
[1.093s] [ext: omni.kit.telemetry-0.5.2] startup
[1.113s] [ext: omni.mdl-56.0.3] startup
[1.159s] [ext: omni.iray.libs-0.0.0] startup
[1.164s] [ext: omni.mdl.neuraylib-0.2.12] startup
[1.166s] [ext: omni.kit.usd.mdl-1.1.5] startup
[1.224s] [ext: omni.isaac.ml_archive-3.0.4] startup
[1.224s] [ext: omni.kit.loop-isaac-1.3.7] startup
[1.225s] [ext: omni.kit.test-2.0.1] startup
[1.252s] [ext: omni.appwindow-1.1.10] startup
2026-09-17T06:14:10Z [1,242ms] [Warning] [carb.windowing-glfw.plugin] GLFW initialization failed.
2026-09-17T06:14:10Z [1,242ms] [Warning] [carb] Failed to startup plugin carb.windowing-glfw.plugin (interfaces: [carb::windowing::IGLContext v1.0],[carb::windowing::IWindowing v1.5]) (impl: carb.windowing-glfw.plugin)
[1.253s] [ext: omni.kit.renderer.core-1.1.0] startup
2026-09-17T06:14:10Z [1,259ms] [Warning] [carb.windowing-glfw.plugin] GLFW initialization failed.
2026-09-17T06:14:10Z [1,259ms] [Warning] [carb] Failed to startup plugin carb.windowing-glfw.plugin (interfaces: [carb::windowing::IGLContext v1.0],[carb::windowing::IWindowing v1.5]) (impl: carb.windowing-glfw.plugin)
2026-09-17T06:14:10Z [1,266ms] [Warning] [carb.windowing-glfw.plugin] GLFW initialization failed.
2026-09-17T06:14:10Z [1,266ms] [Warning] [carb] Failed to startup plugin carb.windowing-glfw.plugin (interfaces: [carb::windowing::IGLContext v1.0],[carb::windowing::IWindowing v1.5]) (impl: carb.windowing-glfw.plugin)
[1.277s] [ext: omni.kit.renderer.capture-0.0.0] startup
[1.279s] [ext: omni.kit.renderer.imgui-2.0.5] startup
2026-09-17T06:14:10Z [1,270ms] [Warning] [carb.windowing-glfw.plugin] GLFW initialization failed.
2026-09-17T06:14:10Z [1,270ms] [Warning] [carb] Failed to startup plugin carb.windowing-glfw.plugin (interfaces: [carb::windowing::IGLContext v1.0],[carb::windowing::IWindowing v1.5]) (impl: carb.windowing-glfw.plugin)
2026-09-17T06:14:10Z [1,271ms] [Warning] [carb.windowing-glfw.plugin] GLFW initialization failed.
2026-09-17T06:14:10Z [1,271ms] [Warning] [carb] Failed to startup plugin carb.windowing-glfw.plugin (interfaces: [carb::windowing::IGLContext v1.0],[carb::windowing::IWindowing v1.5]) (impl: carb.windowing-glfw.plugin)
2026-09-17T06:14:10Z [1,271ms] [Warning] [carb.windowing-glfw.plugin] GLFW initialization failed.
2026-09-17T06:14:10Z [1,271ms] [Warning] [carb] Failed to startup plugin carb.windowing-glfw.plugin (interfaces: [carb::windowing::IGLContext v1.0],[carb::windowing::IWindowing v1.5]) (impl: carb.windowing-glfw.plugin)
[1.321s] [ext: omni.ui-2.27.1] startup
[1.326s] [ext: omni.kit.mainwindow-1.0.3] startup
[1.327s] [ext: carb.audio-0.1.0] startup
[1.329s] [ext: omni.uiaudio-1.0.0] startup
[1.329s] [ext: omni.kit.uiapp-0.0.0] startup
[1.329s] [ext: omni.usd.schema.metrics.assembler-107.3.1] startup
[1.331s] [ext: omni.usd.schema.audio-0.0.0] startup
[1.333s] [ext: omni.anim.graph.schema-107.3.3] startup
[1.338s] [ext: omni.usd_resolver-1.0.0] startup
[1.340s] [ext: omni.usd.core-1.5.3] startup
[1.341s] [ext: omni.usd.schema.render_settings.rtx-0.0.0] startup
[1.355s] [ext: omni.usd.schema.semantics-0.0.0] startup
[1.356s] [ext: isaacsim.robot.schema-3.6.0] startup
[1.360s] [ext: omni.usd.schema.geospatial-0.0.0] startup
[1.361s] [ext: omni.usd.schema.anim-0.0.0] startup
[1.369s] [ext: omni.kit.window.popup_dialog-2.0.24] startup
[1.371s] [ext: usdrt.scenegraph-7.6.1] startup
[1.392s] [ext: omni.timeline-1.0.14] startup
[1.393s] [ext: omni.resourcemonitor-107.0.1] startup
[1.394s] [ext: omni.activity.core-1.0.3] startup
[1.395s] [ext: omni.kit.widget.nucleus_connector-2.0.1] startup
[1.396s] [ext: omni.hydra.usdrt_delegate-7.5.1] startup
[1.399s] [ext: omni.kit.actions.core-1.0.0] startup
[1.401s] [ext: omni.graph.exec-0.9.6] startup
[1.401s] [ext: omni.kit.commands-1.4.10] startup
[1.403s] [ext: omni.kit.usd_undo-0.1.8] startup
[1.403s] [ext: omni.kit.exec.core-0.13.4] startup
[1.404s] [ext: omni.kit.audiodeviceenum-1.0.2] startup
[1.404s] [ext: omni.hydra.scene_delegate-0.3.4] startup
[1.407s] [ext: omni.usd-1.13.10] startup
[1.422s] [ext: omni.kit.asset_converter-5.0.17] startup
[1.428s] [ext: omni.usd.schema.flow-107.1.1] startup
[1.428s] [ext: omni.usd.schema.omnigraph-1.0.0] startup
[1.432s] [ext: omni.usd.schema.omni_sensors-0.0.0] startup
[1.432s] [ext: omni.anim.navigation.schema-107.3.3] startup
[1.434s] [ext: omni.inspect-1.0.2] startup
[1.434s] [ext: omni.kit.notification_manager-1.0.10] startup
[1.435s] [ext: omni.graph.core-2.184.5] startup
[1.437s] [ext: isaacsim.core.deprecation_manager-0.2.7] startup
[1.437s] [ext: omni.usd.schema.physx-107.3.26] startup
[1.456s] [ext: omni.usd.schema.isaac-3.0.5] startup
[1.456s] [ext: omni.usd.schema.omniscripting-1.0.0] startup
[1.458s] [ext: omni.usd.schema.omni_lens_distortion-0.0.0] startup
[1.458s] [ext: omni.kvdb-107.3.26] startup
[1.459s] [ext: omni.usdphysics-107.3.26] startup
[1.460s] [ext: omni.physx.foundation-107.3.26] startup
[1.461s] [ext: omni.localcache-107.3.26] startup
[1.462s] [ext: omni.convexdecomposition-107.3.26] startup
[1.463s] [ext: omni.physx.cooking-107.3.26] startup
[1.465s] [ext: omni.physx-107.3.26] startup
[1.470s] [ext: omni.physics-107.3.26] startup
[1.472s] [ext: omni.kit.usd.layers-2.2.11] startup
[1.476s] [ext: omni.physics.physx-107.3.26] startup
2026-09-17T06:14:11Z [1,467ms] [Warning] [carb] Acquiring non optional plugin interface which is not listed as dependency: [omni::physx::IPhysxBenchmarks v1.0] (plugin: <default plugin>), by client: omni.physics.physx.plugin. Add it to CARB_PLUGIN_IMPL_DEPS() macro of a client.
[1.477s] [ext: omni.physics.stageupdate-107.3.26] startup
[1.478s] [ext: omni.kit.numpy.common-0.1.3] startup
[1.479s] [ext: isaacsim.core.version-2.0.6] startup
[1.479s] [ext: omni.isaac.dynamic_control-2.0.7] startup
2026-09-17T06:14:11Z [1,472ms] [Warning] [omni.isaac.dynamic_control] omni.isaac.dynamic_control is deprecated as of Isaac Sim 4.5. No action is needed from end-users.
[1.482s] [ext: isaacsim.storage.native-1.5.1] startup
[1.483s] [ext: omni.kit.menu.core-1.1.2] startup
[1.489s] [ext: omni.kit.helper.file_utils-0.1.9] startup
[1.490s] [ext: omni.usd.metrics.assembler-107.3.1] startup
[1.495s] [ext: omni.kit.widget.context_menu-1.2.5] startup
[1.496s] [ext: omni.warp.core-1.8.2] startup
[1.606s] [ext: omni.usd.metrics.assembler.physics-107.3.26] startup
[1.607s] [ext: omni.physics.tensors-107.3.26] startup
[1.610s] [ext: omni.kit.context_menu-1.8.6] startup
[1.611s] [ext: omni.kit.clipboard-1.0.5] startup
[1.612s] [ext: isaacsim.core.utils-3.5.1] startup
[1.613s] [ext: omni.kit.widget.filebrowser-2.12.3] startup
[1.616s] [ext: omni.kit.widget.options_menu-1.1.6] startup
[1.618s] [ext: omni.kit.widget.path_field-2.0.11] startup
[1.618s] [ext: omni.index.libs-380600.8087.0] startup
[1.618s] [ext: omni.ui.scene-1.11.5] startup
[1.620s] [ext: omni.kit.widget.options_button-1.0.3] startup
[1.621s] [ext: omni.kit.widget.browser_bar-2.0.10] startup
[1.621s] [ext: omni.index-1.0.1] startup
[1.621s] [ext: omni.hydra.rtx.shadercache.vulkan-1.0.0] startup
[1.622s] [ext: omni.kit.window.filepicker-2.13.4] startup
[1.629s] [ext: omni.volume-0.5.2] startup
[1.631s] [ext: omni.ujitso.client-0.0.0] startup
[1.631s] [ext: omni.graph.tools-1.79.2] startup
[1.643s] [ext: omni.graph.image.core-0.6.1] startup
[1.644s] [ext: omni.hydra.rtx-1.0.0] startup
2026-09-17T06:14:11Z [1,643ms] [Warning] [omni.log] Source: omni.hydra was already registered.
[1.661s] [ext: omni.kit.window.file_importer-1.1.18] startup
[1.663s] [ext: omni.kit.menu.utils-2.0.5] startup
[1.667s] [ext: omni.graph.image.nodes-1.3.1] startup
[1.667s] [ext: omni.kit.widget.searchable_combobox-1.0.6] startup
[1.668s] [ext: omni.kit.hydra_texture-1.4.6] startup
[1.670s] [ext: omni.kit.material.library-2.0.7] startup
[1.672s] [ext: omni.hydra.engine.stats-1.0.3] startup
[1.673s] [ext: omni.kit.viewport.scene_camera_model-1.0.6] startup
[1.676s] [ext: omni.kit.widget.settings-1.2.6] startup
[1.677s] [ext: omni.kit.viewport.legacy_gizmos-1.0.19] startup
[1.678s] [ext: omni.kit.widget.viewport-107.1.3] startup
[1.680s] [ext: omni.kit.viewport.registry-104.0.6] startup
[1.680s] [ext: omni.kit.raycast.query-1.1.0] startup
[1.683s] [ext: omni.physx.tensors-107.3.26] startup
[1.686s] [ext: omni.kit.window.drop_support-1.0.5] startup
[1.686s] [ext: omni.kit.primitive.mesh-1.0.17] startup
[1.688s] [ext: omni.kit.viewport.window-107.2.0] startup
[1.699s] [ext: omni.kit.window.preferences-1.8.0] startup
[1.701s] [ext: isaacsim.core.simulation_manager-1.4.4] startup
[2.424s] [ext: omni.graph.action_core-1.1.7] startup
[2.425s] [ext: omni.graph-1.141.2] startup
[2.449s] [ext: omni.kit.viewport.utility-1.1.2] startup
[2.450s] [ext: omni.kit.viewport.menubar.core-107.2.1] startup
[2.458s] [ext: isaacsim.core.prims-0.6.1] startup
[2.473s] [ext: omni.graph.action_nodes-1.50.4] startup
[2.475s] [ext: omni.kit.stage_template.core-1.1.22] startup
[2.477s] [ext: omni.syntheticdata-0.6.13] startup
[2.494s] [ext: omni.graph.nodes-1.170.10] startup
[2.502s] [ext: omni.graph.action-1.130.0] startup
[2.502s] [ext: omni.kit.stage_templates-2.0.0] startup
[2.509s] [ext: omni.kit.widget.filter-1.1.4] startup
[2.514s] [ext: omni.kit.widget.graph-2.0.0] startup
[2.520s] [ext: omni.kit.property.adapter.core-1.0.2] startup
[2.522s] [ext: omni.kit.window.file_exporter-1.0.33] startup
[2.529s] [ext: omni.kit.widget.searchfield-1.1.8] startup
[2.538s] [ext: omni.kit.hotkeys.core-1.3.10] startup
[2.539s] [ext: omni.kit.graph.delegate.default-1.2.3] startup
[2.540s] [ext: omni.kit.property.adapter.fabric-1.0.3] startup
[2.541s] [ext: omni.kit.widget.stage-3.1.4] startup
[2.548s] [ext: omni.kit.property.adapter.usd-1.0.2] startup
[2.549s] [ext: omni.kit.graph.editor.core-1.5.3] startup
[2.551s] [ext: omni.kit.widget.material_preview-1.0.16] startup
[2.552s] [ext: omni.kit.widget.highlight_label-1.0.3] startup
[2.553s] [ext: omni.kit.window.file-2.0.5] startup
[2.555s] [ext: omni.kit.window.content_browser_registry-0.0.6] startup
[2.556s] [ext: omni.kit.window.property-1.12.1] startup
[2.558s] [ext: omni.kit.window.content_browser-3.1.3] startup
[2.565s] [ext: omni.kit.graph.usd.commands-1.3.1] startup
[2.566s] [ext: omni.kit.property.usd-4.5.12] startup
[2.572s] [ext: omni.graph.ui_nodes-1.50.5] startup
[2.574s] [ext: omni.videoencoding-0.1.2] startup
[2.576s] [ext: omni.kit.window.material_graph-1.9.1] startup
[2.583s] [ext: omni.warp-1.8.2] startup
[2.588s] [ext: isaacsim.core.api-4.8.0] startup
[2.603s] [ext: omni.graph.scriptnode-1.50.0] startup
[2.606s] [ext: isaacsim.test.docstring-1.1.0] startup
[2.611s] [ext: isaacsim.core.experimental.utils-0.3.0] startup
[2.615s] [ext: omni.replicator.core-1.12.27] startup
2026-09-17T06:14:12Z [2,617ms] [Warning] [pxr.Semantics] pxr.Semantics is deprecated - please use Semantics instead
2026-09-17T06:14:12Z [2,718ms] [Warning] [omni.graph.core.plugin] Found duplicate of category 'Replicator' - was 'Annotators', adding 'Fabric Reader'
2026-09-17T06:14:12Z [2,718ms] [Warning] [omni.graph.core.plugin] Category 'Replicator' not accepted on node type 'omni.replicator.core.FabricReader' in extension 'omni.replicator.core'
2026-09-17T06:14:12Z [2,718ms] [Warning] [omni.replicator.core.scripts.extension] No material configuration file, adding configuration to material settings directly.
[2.731s] [ext: isaacsim.core.experimental.prims-0.8.1] startup
[2.758s] [ext: omni.kit.window.extensions-1.4.27] startup
[2.768s] [ext: isaacsim.core.experimental.objects-0.4.0] startup
[2.772s] [ext: omni.ui_query-1.1.8] startup
[2.775s] [ext: omni.kit.manipulator.viewport-107.0.1] startup
[2.778s] [ext: isaacsim.robot.surface_gripper-3.3.1] startup
[2.781s] [ext: omni.kit.ui_test-1.3.7] startup
[2.784s] [ext: omni.graph.visualization.nodes-2.1.3] startup
[2.809s] [ext: isaacsim.robot_motion.lula-4.0.8] startup
[2.816s] [ext: isaacsim.core.nodes-3.4.3] startup
[2.916s] [ext: isaacsim.gui.components-1.2.1] startup
[3.052s] [ext: isaacsim.robot_motion.motion_generation-8.0.26] startup
[3.130s] [ext: isaacsim.robot.manipulators-3.3.6] startup
[3.139s] [ext: isaacsim.core.experimental.materials-0.4.0] startup
[3.149s] [ext: isaacsim.robot.manipulators.examples-1.1.2] startup
[3.153s] [ext: isaacsim.cortex.framework-1.0.12] startup
[3.161s] [ext: isaacsim.cortex.behaviors-2.0.14] startup
[3.167s] [ext: omni.isaac.cortex.sample_behaviors-2.0.5] startup
2026-09-17T06:14:12Z [3,157ms] [Warning] [omni.isaac.cortex] omni.isaac.cortex has been deprecated in favor of isaacsim.cortex.framework. Please update your code accordingly.
2026-09-17T06:14:12Z [3,158ms] [Warning] [omni.isaac.cortex.sample_behaviors] omni.isaac.cortex.sample_behaviors has been deprecated in favor of isaacsim.cortex.behaviors. Please update your code accordingly.
[3.169s] [ext: omni.kit.widget.zoombar-1.0.6] startup
[3.180s] [ext: isaacsim.gui.content_browser-0.1.11] startup
[3.186s] [ext: omni.kit.browser.core-2.3.13] startup
[3.193s] [ext: omni.kit.widget.stage_icons-1.0.8] startup
[3.194s] [ext: omni.kit.widget.prompt-1.0.7] startup
[3.196s] [ext: omni.kit.usd.collect-2.4.5] startup
[3.202s] [ext: omni.kit.browser.folder.core-1.10.9] startup
[3.215s] [ext: omni.kit.window.stage-2.6.1] startup
[3.222s] [ext: omni.kit.usdz_export-1.0.9] startup
[3.224s] [ext: omni.kit.tool.collect-2.2.18] startup
[3.226s] [ext: omni.kit.menu.stage-1.2.7] startup
[3.227s] [ext: omni.kit.tool.asset_importer-4.3.2] startup
[3.230s] [ext: isaacsim.robot.wheeled_robots-4.0.24] startup
[3.234s] [ext: isaacsim.examples.browser-0.2.1] startup
[3.238s] [ext: isaacsim.asset.importer.urdf-2.4.30] startup
[3.288s] [ext: omni.isaac.wheeled_robots-3.0.7] startup
2026-09-17T06:14:12Z [3,278ms] [Warning] [omni.isaac.wheeled_robots] omni.isaac.wheeled_robots has been deprecated in favor of isaacsim.robot.wheeled_robots. Please update your code accordingly.
2026-09-17T06:14:12Z [3,278ms] [Warning] [omni.isaac.wheeled_robots.controllers] omni.isaac.wheeled_robots has been deprecated in favor of isaacsim.robot.wheeled_robots. Please update your code accordingly.
2026-09-17T06:14:12Z [3,278ms] [Warning] [omni.isaac.wheeled_robots.controllers.ackermann_controller] omni.isaac.wheeled_robots has been deprecated in favor of isaacsim.robot.wheeled_robots. Please update your code accordingly.
2026-09-17T06:14:12Z [3,278ms] [Warning] [omni.isaac.wheeled_robots.controllers.differential_controller] omni.isaac.wheeled_robots has been deprecated in favor of isaacsim.robot.wheeled_robots. Please update your code accordingly.
2026-09-17T06:14:12Z [3,278ms] [Warning] [omni.isaac.wheeled_robots.controllers.holonomic_controller] omni.isaac.wheeled_robots has been deprecated in favor of isaacsim.robot.wheeled_robots. Please update your code accordingly.
2026-09-17T06:14:12Z [3,278ms] [Warning] [omni.isaac.wheeled_robots.controllers.quintic_path_planner] omni.isaac.wheeled_robots has been deprecated in favor of isaacsim.robot.wheeled_robots. Please update your code accordingly.
2026-09-17T06:14:12Z [3,279ms] [Warning] [omni.isaac.wheeled_robots.controllers.stanley_control] omni.isaac.wheeled_robots has been deprecated in favor of isaacsim.robot.wheeled_robots. Please update your code accordingly.
2026-09-17T06:14:12Z [3,280ms] [Warning] [omni.isaac.wheeled_robots.controllers.wheel_base_pose_controller] omni.isaac.wheeled_robots has been deprecated in favor of isaacsim.robot.wheeled_robots. Please update your code accordingly.
2026-09-17T06:14:12Z [3,280ms] [Warning] [omni.isaac.wheeled_robots.impl] omni.isaac.wheeled_robots has been deprecated in favor of isaacsim.robot.wheeled_robots. Please update your code accordingly.
2026-09-17T06:14:12Z [3,280ms] [Warning] [omni.isaac.wheeled_robots.robots] omni.isaac.wheeled_robots has been deprecated in favor of isaacsim.robot.wheeled_robots. Please update your code accordingly.
2026-09-17T06:14:12Z [3,280ms] [Warning] [omni.isaac.wheeled_robots.robots.holonomic_robot_usd_setup] omni.isaac.wheeled_robots has been deprecated in favor of isaacsim.robot.wheeled_robots. Please update your code accordingly.
2026-09-17T06:14:12Z [3,280ms] [Warning] [omni.isaac.wheeled_robots.robots.wheeled_robot] omni.isaac.wheeled_robots has been deprecated in favor of isaacsim.robot.wheeled_robots. Please update your code accordingly.
[3.291s] [ext: isaacsim.simulation_app-2.12.2] startup
[3.291s] [ext: omni.isaac.franka-1.0.7] startup
2026-09-17T06:14:12Z [3,281ms] [Warning] [omni.isaac.franka] omni.isaac.franka has been deprecated in favor of isaacsim.robot.manipulators.examples.franka. Please update your code accordingly.
2026-09-17T06:14:12Z [3,282ms] [Warning] [omni.isaac.franka.franka] omni.isaac.franka has been deprecated in favor of isaacsim.robot.manipulators.examples.franka. Please update your code accordingly.
2026-09-17T06:14:12Z [3,295ms] [Warning] [omni.isaac.franka.kinematics_solver] omni.isaac.franka has been deprecated in favor of isaacsim.robot.manipulators.examples.franka. Please update your code accordingly.
[3.307s] [ext: omni.isaac.kit-2.0.6] startup
2026-09-17T06:14:12Z [3,301ms] [Warning] [omni.isaac.kit] omni.isaac.kit has been deprecated in favor of isaacsim.simulation_app. Please update your code accordingly.
[3.311s] [ext: omni.kit.selection-0.1.6] startup
[3.317s] [ext: omni.isaac.lula-4.0.6] startup
2026-09-17T06:14:12Z [3,307ms] [Warning] [omni.isaac.lula] omni.isaac.lula has been deprecated in favor of isaacsim.robot_motion.lula. Please update your code accordingly.
[3.317s] [ext: isaacsim.robot_motion.lula_test_widget-1.0.12] startup
[3.320s] [ext: isaacsim.asset.browser-1.3.23] startup
[3.358s] [ext: omni.kit.viewport.actions-107.0.2] startup
[3.362s] [ext: isaacsim.gui.menu-2.4.4] startup
[3.366s] [ext: omni.isaac.manipulators-3.0.7] startup
2026-09-17T06:14:12Z [3,357ms] [Warning] [omni.isaac.manipulators] omni.isaac.manipulators has been deprecated in favor of isaacsim.robot.manipulators. Please update your code accordingly.
2026-09-17T06:14:12Z [3,357ms] [Warning] [omni.isaac.manipulators.controllers] omni.isaac.manipulators has been deprecated in favor of isaacsim.robot.manipulators. Please update your code accordingly.
2026-09-17T06:14:12Z [3,357ms] [Warning] [omni.isaac.manipulators.controllers.pick_place_controller] omni.isaac.manipulators has been deprecated in favor of isaacsim.robot.manipulators. Please update your code accordingly.
2026-09-17T06:14:12Z [3,357ms] [Warning] [omni.isaac.manipulators.controllers.stacking_controller] omni.isaac.manipulators has been deprecated in favor of isaacsim.robot.manipulators. Please update your code accordingly.
2026-09-17T06:14:12Z [3,358ms] [Warning] [omni.isaac.manipulators.grippers] omni.isaac.manipulators has been deprecated in favor of isaacsim.robot.manipulators. Please update your code accordingly.
2026-09-17T06:14:12Z [3,358ms] [Warning] [omni.isaac.manipulators.grippers.gripper] omni.isaac.manipulators has been deprecated in favor of isaacsim.robot.manipulators. Please update your code accordingly.
2026-09-17T06:14:12Z [3,359ms] [Warning] [omni.isaac.manipulators.grippers.parallel_gripper] omni.isaac.manipulators has been deprecated in favor of isaacsim.robot.manipulators. Please update your code accordingly.
2026-09-17T06:14:12Z [3,359ms] [Warning] [omni.isaac.manipulators.grippers.surface_gripper] omni.isaac.manipulators has been deprecated in favor of isaacsim.robot.manipulators. Please update your code accordingly.
2026-09-17T06:14:12Z [3,359ms] [Warning] [omni.isaac.manipulators.manipulators] omni.isaac.manipulators has been deprecated in favor of isaacsim.robot.manipulators. Please update your code accordingly.
2026-09-17T06:14:12Z [3,359ms] [Warning] [omni.isaac.manipulators.manipulators.single_manipulator] omni.isaac.manipulators has been deprecated in favor of isaacsim.robot.manipulators. Please update your code accordingly.
[3.369s] [ext: omni.isaac.lula_test_widget-1.0.6] startup
2026-09-17T06:14:12Z [3,359ms] [Warning] [omni.isaac.lula_test_widget] omni.isaac.lula_test_widget has been deprecated in favor of isaacsim.robot_motion.lula_test_widget. Please update your code accordingly.
[3.371s] [ext: omni.isaac.asset_browser-1.0.6] startup
2026-09-17T06:14:12Z [3,361ms] [Warning] [omni.isaac.asset_browser] omni.isaac.asset_browser has been deprecated in favor of isaacsim.asset.browser. Please update your code accordingly.
[3.373s] [ext: omni.kit.viewport.menubar.display-107.0.3] startup
[3.376s] [ext: omni.isaac.menu-1.0.6] startup
2026-09-17T06:14:12Z [3,367ms] [Warning] [omni.isaac.menu] omni.isaac.menu has been deprecated in favor of isaacsim.gui.menu. Please update your code accordingly.
[3.378s] [ext: omni.isaac.motion_generation-8.0.7] startup
2026-09-17T06:14:12Z [3,369ms] [Warning] [omni.isaac.motion_generation] omni.isaac.motion_generation has been deprecated in favor of isaacsim.robot_motion.motion_generation. Please update your code accordingly.
2026-09-17T06:14:12Z [3,369ms] [Warning] [omni.isaac.motion_generation.articulation_kinematics_solver] omni.isaac.motion_generation has been deprecated in favor of isaacsim.robot_motion.motion_generation. Please update your code accordingly.
2026-09-17T06:14:12Z [3,369ms] [Warning] [omni.isaac.motion_generation.articulation_motion_policy] omni.isaac.motion_generation has been deprecated in favor of isaacsim.robot_motion.motion_generation. Please update your code accordingly.
2026-09-17T06:14:12Z [3,370ms] [Warning] [omni.isaac.motion_generation.articulation_trajectory] omni.isaac.motion_generation has been deprecated in favor of isaacsim.robot_motion.motion_generation. Please update your code accordingly.
2026-09-17T06:14:12Z [3,371ms] [Warning] [omni.isaac.motion_generation.kinematics_interface] omni.isaac.motion_generation has been deprecated in favor of isaacsim.robot_motion.motion_generation. Please update your code accordingly.
2026-09-17T06:14:12Z [3,371ms] [Warning] [omni.isaac.motion_generation.lula] omni.isaac.motion_generation has been deprecated in favor of isaacsim.robot_motion.motion_generation. Please update your code accordingly.
2026-09-17T06:14:12Z [3,371ms] [Warning] [omni.isaac.motion_generation.lula.kinematics] omni.isaac.motion_generation has been deprecated in favor of isaacsim.robot_motion.motion_generation. Please update your code accordingly.
2026-09-17T06:14:12Z [3,371ms] [Warning] [omni.isaac.motion_generation.lula.motion_policies] omni.isaac.motion_generation has been deprecated in favor of isaacsim.robot_motion.motion_generation. Please update your code accordingly.
2026-09-17T06:14:12Z [3,371ms] [Warning] [omni.isaac.motion_generation.lula.path_planners] omni.isaac.motion_generation has been deprecated in favor of isaacsim.robot_motion.motion_generation. Please update your code accordingly.
2026-09-17T06:14:12Z [3,373ms] [Warning] [omni.isaac.motion_generation.lula.trajectory_generator] omni.isaac.motion_generation has been deprecated in favor of isaacsim.robot_motion.motion_generation. Please update your code accordingly.
2026-09-17T06:14:12Z [3,373ms] [Warning] [omni.isaac.motion_generation.motion_policy_controller] omni.isaac.motion_generation has been deprecated in favor of isaacsim.robot_motion.motion_generation. Please update your code accordingly.
2026-09-17T06:14:12Z [3,373ms] [Warning] [omni.isaac.motion_generation.motion_policy_interface] omni.isaac.motion_generation has been deprecated in favor of isaacsim.robot_motion.motion_generation. Please update your code accordingly.
2026-09-17T06:14:12Z [3,373ms] [Warning] [omni.isaac.motion_generation.path_planner_visualizer] omni.isaac.motion_generation has been deprecated in favor of isaacsim.robot_motion.motion_generation. Please update your code accordingly.
2026-09-17T06:14:12Z [3,373ms] [Warning] [omni.isaac.motion_generation.path_planning_interface] omni.isaac.motion_generation has been deprecated in favor of isaacsim.robot_motion.motion_generation. Please update your code accordingly.
2026-09-17T06:14:12Z [3,373ms] [Warning] [omni.isaac.motion_generation.trajectory] omni.isaac.motion_generation has been deprecated in favor of isaacsim.robot_motion.motion_generation. Please update your code accordingly.
2026-09-17T06:14:12Z [3,373ms] [Warning] [omni.isaac.motion_generation.world_interface] omni.isaac.motion_generation has been deprecated in favor of isaacsim.robot_motion.motion_generation. Please update your code accordingly.
[3.383s] [ext: omni.isaac.assets_check-0.3.13] startup
2026-09-17T06:14:12Z [3,373ms] [Warning] [omni.isaac.assets_check] omni.isaac.assets_check has been deprecated in favor of isaacsim.asset.browser. Please update your code accordingly.
[3.384s] [ext: isaacsim.gui.sensors.icon-2.0.3] startup
[3.394s] [ext: isaacsim.asset.importer.mjcf-2.5.13] startup
[3.398s] [ext: omni.sensors.nv.common-3.0.0] startup
[3.404s] [ext: isaacsim.sensors.physics-0.4.3] startup
[3.408s] [ext: omni.sensors.net-1.0.0] startup
[3.410s] [ext: omni.isaac.nucleus-1.0.6] startup
2026-09-17T06:14:12Z [3,401ms] [Warning] [omni.isaac.nucleus] omni.isaac.nucleus has been deprecated in favor of isaacsim.storage.native. Please update your code accordingly.
2026-09-17T06:14:12Z [3,401ms] [Warning] [omni.isaac.nucleus.nucleus] omni.isaac.nucleus.nucleus has been deprecated in favor of isaacsim.storage.native. Please update your code accordingly.
[3.411s] [ext: omni.sensors.nv.materials-2.0.0] startup
[3.414s] [ext: isaacsim.robot.policy.examples-4.1.11] startup
[3.416s] [ext: omni.sensors.nv.wpm-3.0.0] startup
[3.418s] [ext: omni.sensors.nv.lidar-3.0.0] startup
[3.423s] [ext: isaacsim.util.debug_draw-3.1.0] startup
[3.427s] [ext: omni.sensors.nv.radar-3.0.0] startup
[3.429s] [ext: omni.sensors.nv.ids-2.0.0] startup
[3.430s] [ext: isaacsim.core.cloner-1.4.10] startup
[3.431s] [ext: isaacsim.sensors.physx-2.3.2] startup
[3.435s] [ext: isaacsim.sensors.rtx-15.8.4] startup
[3.441s] [ext: isaacsim.sensors.camera-1.3.6] startup
[3.448s] [ext: omni.isaac.quadruped-3.0.7] startup
2026-09-17T06:14:12Z [3,439ms] [Warning] [omni.isaac.quadruped] omni.isaac.quadruped has been deprecated in favor of isaacsim.robot.policy.examples. Please update your code accordingly.
[3.451s] [ext: omni.isaac.cloner-1.0.7] startup
2026-09-17T06:14:12Z [3,442ms] [Warning] [omni.isaac.cloner] omni.isaac.cloner has been deprecated in favor of isaacsim.core.cloner. Please update your code accordingly.
[3.453s] [ext: omni.isaac.range_sensor-4.0.6] startup
2026-09-17T06:14:13Z [3,447ms] [Warning] [omni.isaac.range_sensor] omni.isaac.range_sensor has been deprecated in favor of isaacsim.sensors.physx. Please update your code accordingly.
2026-09-17T06:14:13Z [3,447ms] [Warning] [omni.isaac.range_sensor.commands] omni.isaac.range_sensor.commands has been deprecated in favor of isaacsim.sensors.physx.commands. Please update your code accordingly.
[3.457s] [ext: omni.isaac.sensor-13.0.7] startup
2026-09-17T06:14:13Z [3,450ms] [Warning] [omni.isaac.sensor] omni.isaac.sensor has been deprecated in favor of isaacsim.sensors.camera, isaacsim.sensors.physics, isaacsim.sensors.physx, and isaacsim.sensors.rtx. Please update your code accordingly.
2026-09-17T06:14:13Z [3,450ms] [Warning] [omni.isaac.sensor.camera] omni.isaac.sensor.camera has been deprecated in favor of isaacsim.sensors.camera.camera. Please update your code accordingly.
2026-09-17T06:14:13Z [3,450ms] [Warning] [omni.isaac.sensor.camera_view] omni.isaac.sensor.camera_view has been deprecated in favor of isaacsim.sensors.camera.camera_view. Please update your code accordingly.
2026-09-17T06:14:13Z [3,451ms] [Warning] [omni.isaac.sensor.commands] omni.isaac.sensor.commands has been deprecated in favor of isaacsim.sensors.physics.commands, isaacsim.sensors.physx.commands, and isaacsim.sensors.rtx.commands. Please update your code accordingly.
2026-09-17T06:14:13Z [3,452ms] [Warning] [omni.isaac.sensor.contact_sensor] omni.isaac.sensor.contact_sensor has been deprecated in favor of isaacsim.sensors.physics.contact_sensor. Please update your code accordingly.
2026-09-17T06:14:13Z [3,452ms] [Warning] [omni.isaac.sensor.imu_sensor] omni.isaac.sensor.imu_sensor has been deprecated in favor of isaacsim.sensors.physics.imu_sensor. Please update your code accordingly.
2026-09-17T06:14:13Z [3,452ms] [Warning] [omni.isaac.sensor.lidar_rtx] omni.isaac.sensor.lidar_rtx has been deprecated in favor of isaacsim.sensors.rtx.lidar_rtx. Please update your code accordingly.
2026-09-17T06:14:13Z [3,452ms] [Warning] [omni.isaac.sensor.rotating_lidar_physX] omni.isaac.sensor.imu_sensor has been deprecated in favor of isaacsim.sensors.physix.rotating_lidar_physX. Please update your code accordingly.
2026-09-17T06:14:13Z [3,452ms] [Warning] [omni.isaac.sensor.scripts.samples.contact_sensor] omni.isaac.sensor.scripts.samples.contact_sensor has been deprecated in favor of isaacsim.sensors.physics.scripts.samples.contact_sensor. Please update your code accordingly.
2026-09-17T06:14:13Z [3,452ms] [Warning] [omni.isaac.sensor.scripts.samples.imu_sensor] omni.isaac.sensor.scripts.samples.imu_sensor has been deprecated in favor of isaacsim.sensors.physics.scripts.samples.imu_sensor. Please update your code accordingly.
2026-09-17T06:14:13Z [3,452ms] [Warning] [omni.isaac.sensor.scripts.samples.lightbeam_sensor] omni.isaac.sensor.scripts.samples.lightbeam_sensor has been deprecated in favor of isaacsim.sensors.physx.scripts.samples.lightbeam_sensor. Please update your code accordingly.
[3.463s] [ext: omni.kit.menu.create-2.0.1] startup
[3.466s] [ext: omni.kit.widget.toolbar-2.0.1] startup
[3.476s] [ext: omni.kit.manipulator.transform-107.0.0] startup
[3.479s] [ext: omni.isaac.core-4.0.7] startup
2026-09-17T06:14:13Z [3,469ms] [Warning] [omni.isaac.core.physics_context.physics_context] omni.isaac.core.physics_context.physics_context has been deprecated in favor of isaacsim.core.api.physics_context.physics_context. Please update your code accordingly.
2026-09-17T06:14:13Z [3,469ms] [Warning] [omni.isaac.core.simulation_context.simulation_context] omni.isaac.core.simulation_context.simulation_context has been deprecated in favor of isaacsim.core.api.simulation_context.simulation_context. Please update your code accordingly.
2026-09-17T06:14:13Z [3,469ms] [Warning] [omni.isaac.core.world.world] omni.isaac.core.world.world has been deprecated in favor of isaacsim.core.api.world.world. Please update your code accordingly.
2026-09-17T06:14:13Z [3,469ms] [Warning] [omni.isaac.core] omni.isaac.core has been deprecated in favor of isaacsim.core.api. Please update your code accordingly.
[3.480s] [ext: omni.kit.scripting-107.3.2] startup
[3.484s] [ext: omni.kit.manipulator.tool.snap-1.5.13] startup
[3.487s] [ext: omni.kit.manipulator.selector-1.1.3] startup
[3.488s] [ext: isaacsim.app.about-2.0.11] startup
[3.492s] [ext: isaacsim.replicator.behavior-1.1.16] startup
[3.493s] [ext: omni.kit.viewport.manipulator.transform-107.0.4] startup
[3.494s] [ext: omni.isaac.window.about-2.0.7] startup
2026-09-17T06:14:13Z [3,485ms] [Warning] [omni.isaac.window.about] omni.isaac.window.about has been deprecated in favor of isaacsim.app.about. Please update your code accordingly.
2026-09-17T06:14:13Z [3,485ms] [Warning] [omni.isaac.window.about.about] omni.isaac.window.about.about has been deprecated in favor of isaacsim.app.about.about. Please update your code accordingly.
[3.496s] [ext: omni.fabric.commands-1.1.6] startup
[3.498s] [ext: omni.kit.manipulator.prim.core-107.0.8] startup
[3.502s] [ext: omni.kit.property.audio-1.0.16] startup
[3.503s] [ext: omni.kit.property.camera-1.0.10] startup
[3.505s] [ext: omni.kit.property.geometry-2.0.4] startup
[3.507s] [ext: omni.hydra.scene_api-0.1.2] startup
[3.510s] [ext: omni.kit.property.light-1.0.12] startup
[3.521s] [ext: omni.kit.manipulator.prim.fabric-107.0.4] startup
[3.522s] [ext: omni.kit.manipulator.prim.usd-107.0.3] startup
[3.523s] [ext: omni.kit.property.material-1.11.9] startup
[3.528s] [ext: omni.kit.property.render-1.2.1] startup
[3.529s] [ext: omni.kit.property.transform-1.5.13] startup
[3.532s] [ext: isaacsim.gui.property-1.1.3] startup
[3.534s] [ext: omni.kit.manipulator.camera-106.0.4] startup
[3.536s] [ext: omni.kit.manipulator.prim-107.0.0] startup
[3.537s] [ext: omni.isaac.surface_gripper-2.0.6] startup
2026-09-17T06:14:13Z [3,527ms] [Warning] [omni.isaac.surface_gripper] omni.isaac.surface_gripper has been deprecated in favor of isaacsim.robot.surface_gripper. Please update your code accordingly.
[3.538s] [ext: omni.kit.manipulator.selection-106.0.1] startup
[3.541s] [ext: omni.kit.property.bundle-1.4.1] startup
[3.542s] [ext: omni.kit.property.isaac-1.0.6] startup
2026-09-17T06:14:13Z [3,531ms] [Warning] [omni.kit.property.isaac] omni.kit.property.isaac has been deprecated in favor of isaacsim.gui.property. Please update your code accordingly.
2026-09-17T06:14:13Z [3,532ms] [Warning] [omni.kit.property.isaac.widgets] omni.kit.property.isaac.widgets has been deprecated in favor of isaacsim.gui.property.widgets. Please update your code accordingly.
[3.543s] [ext: omni.isaac.universal_robots-1.0.6] startup
2026-09-17T06:14:13Z [3,534ms] [Warning] [omni.isaac.universal_robots] omni.isaac.universal_robots has been deprecated in favor of isaacsim.robot.manipulators.examples.universal_robots. Please update your code accordingly.
2026-09-17T06:14:13Z [3,534ms] [Warning] [omni.isaac.universal_robots.kinematics_solver] omni.isaac.franka has been deprecated in favor of isaacsim.robot.manipulators.examples.universal_robots. Please update your code accordingly.
2026-09-17T06:14:13Z [3,534ms] [Warning] [omni.isaac.universal_robots.ur10] omni.isaac.franka has been deprecated in favor of isaacsim.robot.manipulators.examples.universal_robots. Please update your code accordingly.
[3.545s] [ext: omni.isaac.core_nodes-2.0.6] startup
2026-09-17T06:14:13Z [3,537ms] [Warning] [omni.isaac.core_nodes] omni.isaac.core_nodes has been deprecated in favor of isaacsim.core.nodes. Please update your code accordingly.
[3.547s] [ext: omni.kit.viewport.menubar.camera-107.0.6] startup
[3.553s] [ext: omni.kit.viewport.menubar.lighting-107.3.1] startup
[3.555s] [ext: isaacsim.replicator.writers-1.0.17] startup
[3.564s] [ext: omni.kit.viewport.menubar.render-107.0.10] startup
[3.568s] [ext: omni.kit.viewport.menubar.settings-107.0.3] startup
[3.573s] [ext: omni.kit.window.console-1.1.4] startup
[3.578s] [ext: isaacsim.replicator.domain_randomization-1.0.16] startup
[3.580s] [ext: isaacsim.replicator.examples-1.3.6] startup
[3.582s] [ext: omni.ocio-0.1.1] startup
[3.584s] [ext: omni.rtx.window.settings-0.6.19] startup
[3.591s] [ext: omni.kit.window.status_bar-0.1.9] startup
[3.594s] [ext: omni.kit.window.toolbar-2.0.0] startup
[3.603s] [ext: omni.replicator.isaac-2.0.8] startup
2026-09-17T06:14:13Z [3,593ms] [Warning] [omni.replicator.isaac] omni.replicator.isaac has been deprecated in favor of isaacsim.replicator.domain_randomization, isaacsim.replicator.examples, isaacsim.replicator.writers. Please update your code accordingly.
[3.604s] [ext: omni.replicator.replicator_yaml-2.0.11] startup
[3.616s] [ext: omni.rtx.settings.core-0.6.5] startup
[3.620s] [ext: omni.usd.metrics.assembler.ui-107.3.1] startup
[3.627s] [ext: omni.isaac.utils-2.0.6] startup
[3.628s] [ext: semantics.schema.editor-2.0.2] startup
[3.632s] [ext: omni.kit.ui.actions-1.0.5] startup
[3.633s] [ext: semantics.schema.property-2.0.1] startup
[3.634s] [ext: omni.isaac.version-2.0.7] startup
2026-09-17T06:14:13Z [3,625ms] [Warning] [omni.isaac.version] omni.isaac.version has been deprecated in favor of isaacsim.core.version. Please update your code accordingly.
[3.635s] [ext: omni.isaac.cortex-1.0.5] startup
[3.636s] [ext: omni.anim.curve.core-1.3.1] startup
[3.642s] [ext: isaacsim.core.throttling-2.2.2] startup
[3.644s] [ext: omni.kit.menu.common-2.0.1] startup
[3.646s] [ext: isaacsim.exp.base-5.1.0] startup
[3.646s] [ext: isaacsim.exp.base.python-5.1.0] startup
[3.647s] Simulation App Starting
2026-09-17T06:14:13Z [3,722ms] [Warning] [omni.fabric.plugin] Warning: attribute viewportHandle not found for bucket id 9

[3.757s] app ready
[5.620s] Simulation App Startup Complete
2026-09-17T06:14:17Z [7,817ms] [Warning] [omni.fabric.plugin] Warning: attribute evaluatedTranslations not found for bucket id 9

2026-09-17T06:14:19Z [10,069ms] [Error] [omni.kit.app._impl] [py stderr]: ### prebuilt 레벨: 레벨 편집을 건너뛴다
2026-09-17T06:14:19Z [10,107ms] [Error] [omni.kit.app._impl] [py stderr]: ### 책 배치 보정 z +0.000 m, 흔들기 x -0.005 y -0.004
2026-09-17T06:14:19Z [10,115ms] [Warning] [isaacsim.sensors.camera.camera] 'verticalAperture' (1.5290800094604493) and 'horizontalAperture' (2.0954999923706055) are inconsistent with the pixel resolution aspect ratio (1.7777777777777777). Setting 'verticalAperture' to 1.1787187457084656 to ensure square pixels.
2026-09-17T06:14:19Z [10,125ms] [Warning] [isaacsim.sensors.camera.camera] 'verticalAperture' (1.5290800094604493) and 'horizontalAperture' (2.0954999923706055) are inconsistent with the pixel resolution aspect ratio (1.7777777777777777). Setting 'verticalAperture' to 1.1787187457084656 to ensure square pixels.
[93m[Lula] Joint 'panda_finger_joint2' is specified as a mimic joint, but its control chain ['panda_finger_joint2' -> 'panda_finger_joint1'] terminates with a joint ['panda_finger_joint1'] that is not a c-space coordinate. Mimic attributes will be ignored.
[0m2026-09-17T06:14:20Z [10,519ms] [Error] [omni.kit.app._impl] [py stderr]: ### right_gripper 로컬 접근축 [0.0, 0.0, 1.0] / 닫힘축 [-0.0, 1.0, 0.0]
2026-09-17T06:14:20Z [10,519ms] [Error] [omni.kit.app._impl] [py stderr]: ### 책 AABB [2.425, -3.063, 0.286, 2.46, -2.826, 0.449]  중심 [2.443, -2.945, 0.368]  반치수 [0.018, 0.119, 0.082]
2026-09-17T06:14:20Z [10,519ms] [Error] [omni.kit.app._impl] [py stderr]: ### 선반 AABB [1.866, -2.575, 0.0, 3.278, -2.27, 2.52]
2026-09-17T06:14:20Z [10,520ms] [Error] [omni.kit.app._impl] [py stderr]: ### 칸 바닥 0.497 천장 0.987  배치 손끝 [2.485, -2.426, 0.637]
2026-09-17T06:14:20Z [10,522ms] [Error] [omni.kit.app._impl] [py stderr]: ### IK 사전확인 pre_grasp    [2.443, -2.945, 0.544] -> True
2026-09-17T06:14:20Z [10,522ms] [Error] [omni.kit.app._impl] [py stderr]: ### IK 사전확인 grasp        [2.443, -2.945, 0.414] -> True
2026-09-17T06:14:20Z [10,522ms] [Error] [omni.kit.app._impl] [py stderr]: ### IK 사전확인 lift         [2.443, -2.945, 0.584] -> True
2026-09-17T06:14:20Z [10,522ms] [Error] [omni.kit.app._impl] [py stderr]: ### IK 사전확인 place_out    [2.485, -2.775, 0.667] -> True
2026-09-17T06:14:20Z [10,522ms] [Error] [omni.kit.app._impl] [py stderr]: ### IK 사전확인 place_hover  [2.485, -2.426, 0.667] -> True
2026-09-17T06:14:20Z [10,523ms] [Error] [omni.kit.app._impl] [py stderr]: ### IK 사전확인 place        [2.485, -2.426, 0.637] -> True
2026-09-17T06:14:20Z [10,527ms] [Error] [omni.kit.app._impl] [py stderr]: ### 데크 홈 자세(책 위 30cm): [2.828, -0.508, 0.098, -2.209, 0.049, 1.703, -1.019]
2026-09-17T06:14:20Z [10,529ms] [Error] [omni.kit.app._impl] [py stderr]: ### 계획 내려가기 28점 최대 0.017 rad  / 들기 37점 최대 0.018 rad 
2026-09-17T06:14:20Z [10,530ms] [Error] [omni.kit.app._impl] [py stderr]: ### 경로 IK lift     [2.443, -2.945, 0.584] -> True  최대변화 0.12 rad (joint6)  q=[2.82, -0.43, 0.13, -2.57, 0.06, 2.14, -1.02]
2026-09-17T06:14:20Z [10,530ms] [Error] [omni.kit.app._impl] [py stderr]: ### 경로 IK transfer [2.485, -2.753, 0.68] -> True  최대변화 0.43 rad (joint3)  q=[2.84, -0.39, -0.3, -2.27, -0.12, 1.89, -1.33]
2026-09-17T06:14:20Z [10,530ms] [Error] [omni.kit.app._impl] [py stderr]: ### 경로 IK rot1     [2.485, -2.75, 0.671] -> True  최대변화 0.24 rad (joint5)  q=[2.81, -0.46, -0.22, -2.4, -0.37, 2.06, -1.16]
2026-09-17T06:14:20Z [10,530ms] [Error] [omni.kit.app._impl] [py stderr]: ### 경로 IK rot2     [2.485, -2.746, 0.663] -> True  최대변화 0.29 rad (joint5)  q=[2.78, -0.5, -0.14, -2.51, -0.65, 2.18, -0.95]
2026-09-17T06:14:20Z [10,530ms] [Error] [omni.kit.app._impl] [py stderr]: ### 경로 IK rot3     [2.485, -2.743, 0.655] -> True  최대변화 0.32 rad (joint5)  q=[2.74, -0.5, -0.07, -2.59, -0.98, 2.23, -0.68]
2026-09-17T06:14:20Z [10,530ms] [Error] [omni.kit.app._impl] [py stderr]: ### 경로 IK rot4     [2.485, -2.74, 0.646] -> True  최대변화 0.32 rad (joint5)  q=[2.71, -0.47, 0.02, -2.64, -1.3, 2.18, -0.38]
2026-09-17T06:14:20Z [10,530ms] [Error] [omni.kit.app._impl] [py stderr]: ### 경로 IK rot5     [2.485, -2.736, 0.638] -> True  최대변화 0.27 rad (joint7)  q=[2.7, -0.41, 0.1, -2.68, -1.56, 2.03, -0.12]
2026-09-17T06:14:20Z [10,530ms] [Error] [omni.kit.app._impl] [py stderr]: ### 경로 IK rot6     [2.485, -2.733, 0.63] -> True  최대변화 0.24 rad (joint6)  q=[2.69, -0.29, 0.18, -2.71, -1.75, 1.79, 0.1]
2026-09-17T06:14:20Z [10,530ms] [Error] [omni.kit.app._impl] [py stderr]: ### 경로 IK wedge    [2.485, -2.603, 0.62] -> True  최대변화 0.32 rad (joint3)  q=[2.68, -0.09, -0.14, -2.53, -2.06, 1.94, 0.17]
2026-09-17T06:14:20Z [10,530ms] [Error] [omni.kit.app._impl] [py stderr]: ### 경로 IK back     [2.485, -2.663, 0.62] -> True  최대변화 0.12 rad (joint5)  q=[2.72, -0.18, -0.04, -2.63, -1.94, 1.85, 0.15]
2026-09-17T06:14:20Z [10,530ms] [Error] [omni.kit.app._impl] [py stderr]: ### 경로 IK touch    [2.485, -2.646, 0.616] -> True  최대변화 0.04 rad (joint5)  q=[2.71, -0.15, -0.07, -2.61, -1.98, 1.87, 0.16]
2026-09-17T06:14:20Z [10,531ms] [Error] [omni.kit.app._impl] [py stderr]: ### 경로 IK push     [2.485, -2.563, 0.616] -> True  최대변화 0.16 rad (joint4)  q=[2.65, -0.02, -0.2, -2.45, -2.13, 2.0, 0.2]
2026-09-17T06:14:20Z [10,531ms] [Error] [omni.kit.app._impl] [py stderr]: ### 경로 IK retreat  [2.485, -2.705, 0.616] -> True  최대변화 0.32 rad (joint3)  q=[2.68, -0.22, 0.12, -2.69, -1.84, 1.81, 0.15]
2026-09-17T06:14:20Z [10,538ms] [Error] [omni.kit.app._impl] [py stderr]: ### 계획 운반·손목세우기·끼우기   119점  인접점 최대 관절변화 0.089 rad  
2026-09-17T06:14:20Z [10,538ms] [Error] [omni.kit.app._impl] [py stderr]: ### 계획 뒤로·닿기          15점  인접점 최대 관절변화 0.011 rad  
2026-09-17T06:14:20Z [10,538ms] [Error] [omni.kit.app._impl] [py stderr]: ### 계획 밀기             19점  인접점 최대 관절변화 0.011 rad  
2026-09-17T06:14:20Z [10,538ms] [Error] [omni.kit.app._impl] [py stderr]: ### 계획 후퇴             31점  인접점 최대 관절변화 0.014 rad  
2026-09-17T06:14:20Z [10,580ms] [Warning] [rtx.postprocessing.plugin] DLSS increasing input dimensions: Render resolution of (480, 270) is below minimal input resolution of 300.
2026-09-17T06:14:20Z [10,662ms] [Error] [omni.kit.app._impl] [py stderr]: ### step     0 단계 → move_joint   책원점 [2.067, -3.063, 0.348] 손끝 [3.552, -3.019, 0.844]
2026-09-17T06:14:20Z [10,707ms] [Warning] [omni.syntheticdata.plugin] OgnSdPostRenderVarToHost : rendervar copy from texture directly to host buffer is counter-performant. Please use copy from texture to device buffer first.
2026-09-17T06:14:21Z [11,468ms] [Error] [omni.kit.app._impl] [py stderr]: ### step   256 단계 → idle   책원점 [2.067, -3.063, 0.348] 손끝 [2.899, -3.019, 0.694]
2026-09-17T06:14:21Z [11,472ms] [Error] [omni.kit.app._impl] [py stderr]: ### step   257 단계 → move_joint   책원점 [2.067, -3.063, 0.348] 손끝 [2.899, -3.019, 0.694]
2026-09-17T06:14:21Z [12,411ms] [Error] [omni.kit.app._impl] [py stderr]: ### step   568 단계 → idle   책원점 [2.067, -3.063, 0.348] 손끝 [2.773, -2.999, 0.694]
2026-09-17T06:14:21Z [12,415ms] [Error] [omni.kit.app._impl] [py stderr]: ### step   569 단계 → move_joint   책원점 [2.067, -3.063, 0.348] 손끝 [2.773, -2.999, 0.694]
2026-09-17T06:14:22Z [12,563ms] [Warning] [carb] Client gpu.foundation.plugin has acquired [gpu::unstable::IMemoryBudgetManagerFactory v0.1] 100 times. Consider accessing this interface with carb::getCachedInterface() (Performance warning)
2026-09-17T06:14:22Z [12,884ms] [Error] [omni.kit.app._impl] [py stderr]: ### step   722 단계 → idle   책원점 [2.067, -3.063, 0.348] 손끝 [2.443, -2.945, 0.749]
2026-09-17T06:14:22Z [12,888ms] [Error] [omni.kit.app._impl] [py stderr]: ### step   723 단계 → pick:set_gripper   책원점 [2.067, -3.063, 0.348] 손끝 [2.443, -2.945, 0.749]
2026-09-17T06:14:22Z [12,934ms] [Error] [omni.kit.app._impl] [py stderr]: ### step   740 단계 → pick:move_joint   책원점 [2.067, -3.063, 0.348] 손끝 [2.443, -2.945, 0.749]
2026-09-17T06:14:22Z [13,119ms] [Error] [omni.kit.app._impl] [py stderr]: ### step   803 단계 → pick:down   책원점 [2.067, -3.063, 0.348] 손끝 [2.443, -2.945, 0.544]
2026-09-17T06:14:22Z [13,416ms] [Error] [omni.kit.app._impl] [py stderr]: ### step   904 단계 → pick:set_gripper   책원점 [2.067, -3.063, 0.348] 손끝 [2.443, -2.945, 0.415]
2026-09-17T06:14:23Z [13,500ms] [Error] [omni.kit.app._impl] [py stderr]: ### step   945 단계 → pick:attach   책원점 [2.067, -3.063, 0.347] 손끝 [2.443, -2.945, 0.415]
2026-09-17T06:14:23Z [13,516ms] [Error] [omni.kit.app._impl] [py stderr]: ### 책 고정 조인트 연결
2026-09-17T06:14:23Z [13,526ms] [Error] [omni.kit.app._impl] [py stderr]: ### step   946 단계 → pick:lift   책원점 [2.067, -3.063, 0.347] 손끝 [2.443, -2.945, 0.415]
2026-09-17T06:14:23Z [13,934ms] [Error] [omni.kit.app._impl] [py stderr]: ### step  1077 단계 → idle   책원점 [2.067, -3.063, 0.515] 손끝 [2.443, -2.945, 0.584]
2026-09-17T06:14:23Z [13,947ms] [Error] [omni.kit.app._impl] [py stderr]: ### step  1078 단계 → insert_spine_out:carry_rotate   책원점 [2.067, -3.061, 0.516] 손끝 [2.443, -2.943, 0.585]
2026-09-17T06:14:28Z [18,635ms] [Error] [omni.kit.app._impl] [py stderr]: ### step  1438 단계 → insert_spine_out:wedge   책원점 [2.109, -2.669, 0.51] 손끝 [2.485, -2.733, 0.631]
2026-09-17T06:14:28Z [19,385ms] [Error] [omni.kit.app._impl] [py stderr]: ### step  1496 단계 → insert_spine_out:detach   책원점 [2.109, -2.535, 0.501] 손끝 [2.485, -2.603, 0.62]
2026-09-17T06:14:28Z [19,386ms] [Error] [omni.kit.app._impl] [py stderr]: ### 책 고정 조인트 해제
2026-09-17T06:14:28Z [19,390ms] [Error] [omni.kit.app._impl] [py stderr]: ### step  1497 단계 → insert_spine_out:set_gripper   책원점 [2.11, -2.536, 0.496] 손끝 [2.485, -2.603, 0.62]
2026-09-17T06:14:29Z [19,472ms] [Error] [omni.kit.app._impl] [py stderr]: ### step  1526 단계 → insert_spine_out:wait   책원점 [2.11, -2.535, 0.498] 손끝 [2.485, -2.603, 0.62]
2026-09-17T06:14:29Z [19,552ms] [Error] [omni.kit.app._impl] [py stderr]: ### step  1550 단계 → idle   책원점 [2.11, -2.535, 0.498] 손끝 [2.485, -2.603, 0.62]
2026-09-17T06:14:29Z [19,555ms] [Error] [omni.kit.app._impl] [py stderr]: ### step  1551 단계 → push_spine_out:back   책원점 [2.11, -2.535, 0.498] 손끝 [2.485, -2.604, 0.62]
2026-09-17T06:14:29Z [19,628ms] [Error] [omni.kit.app._impl] [py stderr]: ### step  1576 단계 → push_spine_out:set_gripper   책원점 [2.11, -2.535, 0.498] 손끝 [2.485, -2.661, 0.62]
2026-09-17T06:14:29Z [19,709ms] [Error] [omni.kit.app._impl] [py stderr]: ### step  1608 단계 → push_spine_out:touch   책원점 [2.11, -2.535, 0.498] 손끝 [2.485, -2.661, 0.62]
2026-09-17T06:14:29Z [19,729ms] [Error] [omni.kit.app._impl] [py stderr]: ### step  1618 단계 → push_spine_out:push   책원점 [2.11, -2.534, 0.498] 손끝 [2.485, -2.646, 0.616]
2026-09-17T06:14:29Z [20,002ms] [Error] [omni.kit.app._impl] [py stderr]: ### step  1706 단계 → push_spine_out:wait   책원점 [2.109, -2.444, 0.498] 손끝 [2.485, -2.563, 0.616]
2026-09-17T06:14:29Z [20,052ms] [Error] [omni.kit.app._impl] [py stderr]: ### step  1724 단계 → push_spine_out:retreat   책원점 [2.109, -2.444, 0.498] 손끝 [2.485, -2.563, 0.616]
2026-09-17T06:14:29Z [20,221ms] [Error] [omni.kit.app._impl] [py stderr]: ### step  1778 단계 → idle   책원점 [2.109, -2.444, 0.498] 손끝 [2.485, -2.704, 0.616]
2026-09-17T06:14:29Z [20,224ms] [Error] [omni.kit.app._impl] [py stderr]: ### step  1779 단계 → move_joint   책원점 [2.109, -2.444, 0.498] 손끝 [2.485, -2.704, 0.616]
2026-09-17T06:14:30Z [20,852ms] [Error] [omni.kit.app._impl] [py stderr]: ### step  1996 단계 → idle   책원점 [2.109, -2.444, 0.498] 손끝 [2.443, -2.945, 0.749]
2026-09-17T06:14:30Z [20,852ms] [Error] [omni.kit.app._impl] [py stderr]: ### 시퀀스 완료 step 1996
2026-09-17T06:14:30Z [20,912ms] [Error] [omni.kit.app._impl] [py stderr]: ### 관절 각속도 80% 초과 합계 0스텝
2026-09-17T06:14:30Z [20,912ms] [Error] [omni.kit.app._impl] [py stderr]: ### 구간별 소요(초): 홈 이동 4.27 / 접근 1.33 / 파지 2.38 / 운반·손목세우기 8.18 / 끼우기 0.97 / 놓기·빠지기 1.32 / 밀기 2.47 / 후퇴 0.9 / 복귀 11.35  합계 33.17
2026-09-17T06:14:30Z [20,912ms] [Error] [omni.kit.app._impl] [py stderr]: ### 세워짐 True (높이 0.237) / 깊이 True (0.164) / 책등 y -2.551 (선반 앞 -2.575)
2026-09-17T06:14:30Z [20,913ms] [Error] [omni.kit.app._impl] [py stderr]: ### 결과 success=True 오류코드=0 각속도초과=0 inside_x=True inside_y=True on_floor=True 책AABB=[2.466, -2.551, 0.498, 2.504, -2.388, 0.735]
[22.145s] Simulation App Shutting Down
