[Info] [carb] Logging to file: /home/rokey/isaacsim/kit/logs/Kit/Isaac-Sim Python/5.1/kit_20260917_151627.log
2026-09-17T06:16:27Z [0ms] [Warning] [carb.crashreporter-breakpad.plugin] [previous crash] preventing upload of minidump due to user opt-out: '/home/rokey/isaacsim/kit/data/Kit/Isaac-Sim Python/5.1/fc99d165-c9ea-41c6-bf8abab5-b7340e51.dmp'
2026-09-17T06:16:27Z [0ms] [Warning] [carb.crashreporter-breakpad.plugin] [previous crash] preventing upload of minidump due to user opt-out: '/home/rokey/isaacsim/kit/data/Kit/Isaac-Sim Python/5.1/be7a1636-ad49-4711-a04b3693-1c0c4f8f.dmp'
[0.027s] [ext: omni.kit.async_engine-0.0.3] startup
[0.178s] [ext: omni.metrics.core-0.0.3] startup
[0.178s] [ext: omni.client.lib-1.1.0] startup
[0.185s] [ext: omni.blobkey-1.1.2] startup
[0.185s] [ext: omni.stats-1.0.1] startup
[0.186s] [ext: omni.datastore-0.0.0] startup
[0.189s] [ext: omni.client-1.3.0] startup
[0.192s] [ext: omni.ujitso.default-1.0.0] startup
[0.193s] [ext: omni.hsscclient-1.1.2] startup
[0.195s] [ext: omni.gpu_foundation.shadercache.vulkan-1.0.0] startup
[0.196s] [ext: omni.assets.plugins-0.0.0] startup
[0.196s] [ext: omni.gpu_foundation-0.0.0] startup
[0.200s] [ext: carb.windowing.plugins-1.0.0] startup
2026-09-17T06:16:27Z [192ms] [Warning] [carb.windowing-glfw.plugin] GLFW initialization failed.
2026-09-17T06:16:27Z [192ms] [Warning] [carb] Failed to startup plugin carb.windowing-glfw.plugin (interfaces: [carb::windowing::IGLContext v1.0],[carb::windowing::IWindowing v1.5]) (impl: carb.windowing-glfw.plugin)
[0.201s] [ext: omni.kit.renderer.init-0.0.0] startup
2026-09-17T06:16:27Z [201ms] [Warning] [omni.platforminfo.plugin] failed to open the default display.  Can't verify X Server version.
2026-09-17T06:16:27Z [546ms] [Warning] [gpu.foundation.plugin] Skipping unsupported non-NVIDIA GPU: Intel(R) Graphics (ARL)
2026-09-17T06:16:27Z [546ms] [Warning] [gpu.foundation.plugin] Skipping unsupported non-NVIDIA GPU: Intel(R) Graphics (ARL)

|---------------------------------------------------------------------------------------------|
| Driver Version: 580.173.02    | Graphics API: Vulkan
|=============================================================================================|
| GPU | Name                             | Active | LDA | GPU Memory | Vendor-ID | LUID       |
|     |                                  |        |     |            | Device-ID | UUID       |
|     |                                  |        |     |            | Bus-ID    |            |
|---------------------------------------------------------------------------------------------|
| 0   | NVIDIA GeForce RTX 5080 Laptop.. | Yes: 0 |     | 16303   MB | 10de      | 0          |
|     |                                  |        |     |            | 2c19      | 507b5eb6.. |
|     |                                  |        |     |            | 1         |            |
|---------------------------------------------------------------------------------------------|
| 1   | Intel(R) Graphics (ARL)          |        |     | 47779   MB | 8086      | 0          |
|     |                                  |        |     |            | 7d67      | 8680677d.. |
|     |                                  |        |     |            | 0         |            |
|=============================================================================================|
| OS: 24.04.4 LTS (Noble Numbat) ubuntu, Version: 24.04.4, Kernel: 6.14.0-27-generic
| Processor: Intel(R) Core(TM) Ultra 9 275HX
| Cores: 24 | Logical Cores: 24
|---------------------------------------------------------------------------------------------|
| Total Memory (MB): 63706 | Free Memory: 57497
| Total Page/Swap (MB): 8191 | Free Page/Swap: 8191
|---------------------------------------------------------------------------------------------|
2026-09-17T06:16:28Z [886ms] [Warning] [gpu.foundation.plugin] CPU performance profile is set to powersave. This profile sets the CPU to the lowest frequency reducing performance.
2026-09-17T06:16:28Z [895ms] [Warning] [gpu.foundation.plugin] PCIe link width current (8) and maximum (16) for device 0 don't match.
2026-09-17T06:16:28Z [895ms] [Warning] [gpu.foundation.plugin] IOMMU is enabled.
2026-09-17T06:16:28Z [895ms] [Warning] [gpu.foundation.plugin] Detected IOMMU is enabled. Running CUDA peer-to-peer bandwidth and latency validation.
Unidirectional P2P=Enabled Bandwidth (P2P Writes) Matrix (GB/s)
   D\D     0 
     0 519.10 
P2P=Enabled Latency (P2P Writes) Matrix (us)
   GPU     0 
     0   2.06 

   CPU     0 
     0   1.63 
[1.038s] [ext: omni.kit.pipapi-0.0.0] startup
[1.039s] [ext: omni.kit.pip_archive-0.0.0] startup
[1.039s] [ext: omni.pip.compute-1.6.3] startup
[1.040s] [ext: omni.materialx.libs-1.0.7] startup
[1.044s] [ext: omni.pip.cloud-1.4.3] startup
[1.046s] [ext: omni.isaac.core_archive-3.0.0] startup
[1.046s] [ext: omni.usd.config-1.0.6] startup
[1.047s] [ext: omni.gpucompute.plugins-0.0.0] startup
[1.048s] [ext: omni.usd.libs-1.0.1] startup
[1.090s] [ext: omni.kit.telemetry-0.5.2] startup
[1.109s] [ext: omni.mdl-56.0.3] startup
[1.173s] [ext: omni.iray.libs-0.0.0] startup
[1.178s] [ext: omni.mdl.neuraylib-0.2.12] startup
[1.180s] [ext: omni.kit.usd.mdl-1.1.5] startup
[1.242s] [ext: omni.isaac.ml_archive-3.0.4] startup
[1.242s] [ext: omni.kit.loop-isaac-1.3.7] startup
[1.243s] [ext: omni.kit.test-2.0.1] startup
[1.270s] [ext: omni.appwindow-1.1.10] startup
2026-09-17T06:16:28Z [1,262ms] [Warning] [carb.windowing-glfw.plugin] GLFW initialization failed.
2026-09-17T06:16:28Z [1,262ms] [Warning] [carb] Failed to startup plugin carb.windowing-glfw.plugin (interfaces: [carb::windowing::IGLContext v1.0],[carb::windowing::IWindowing v1.5]) (impl: carb.windowing-glfw.plugin)
[1.272s] [ext: omni.kit.renderer.core-1.1.0] startup
2026-09-17T06:16:28Z [1,279ms] [Warning] [carb.windowing-glfw.plugin] GLFW initialization failed.
2026-09-17T06:16:28Z [1,279ms] [Warning] [carb] Failed to startup plugin carb.windowing-glfw.plugin (interfaces: [carb::windowing::IGLContext v1.0],[carb::windowing::IWindowing v1.5]) (impl: carb.windowing-glfw.plugin)
2026-09-17T06:16:28Z [1,286ms] [Warning] [carb.windowing-glfw.plugin] GLFW initialization failed.
2026-09-17T06:16:28Z [1,286ms] [Warning] [carb] Failed to startup plugin carb.windowing-glfw.plugin (interfaces: [carb::windowing::IGLContext v1.0],[carb::windowing::IWindowing v1.5]) (impl: carb.windowing-glfw.plugin)
[1.296s] [ext: omni.kit.renderer.capture-0.0.0] startup
[1.297s] [ext: omni.kit.renderer.imgui-2.0.5] startup
2026-09-17T06:16:28Z [1,290ms] [Warning] [carb.windowing-glfw.plugin] GLFW initialization failed.
2026-09-17T06:16:28Z [1,290ms] [Warning] [carb] Failed to startup plugin carb.windowing-glfw.plugin (interfaces: [carb::windowing::IGLContext v1.0],[carb::windowing::IWindowing v1.5]) (impl: carb.windowing-glfw.plugin)
2026-09-17T06:16:28Z [1,291ms] [Warning] [carb.windowing-glfw.plugin] GLFW initialization failed.
2026-09-17T06:16:28Z [1,291ms] [Warning] [carb] Failed to startup plugin carb.windowing-glfw.plugin (interfaces: [carb::windowing::IGLContext v1.0],[carb::windowing::IWindowing v1.5]) (impl: carb.windowing-glfw.plugin)
2026-09-17T06:16:28Z [1,291ms] [Warning] [carb.windowing-glfw.plugin] GLFW initialization failed.
2026-09-17T06:16:28Z [1,291ms] [Warning] [carb] Failed to startup plugin carb.windowing-glfw.plugin (interfaces: [carb::windowing::IGLContext v1.0],[carb::windowing::IWindowing v1.5]) (impl: carb.windowing-glfw.plugin)
[1.338s] [ext: omni.ui-2.27.1] startup
[1.344s] [ext: omni.kit.mainwindow-1.0.3] startup
[1.345s] [ext: carb.audio-0.1.0] startup
[1.347s] [ext: omni.uiaudio-1.0.0] startup
[1.347s] [ext: omni.kit.uiapp-0.0.0] startup
[1.347s] [ext: omni.usd.schema.metrics.assembler-107.3.1] startup
[1.349s] [ext: omni.usd.schema.audio-0.0.0] startup
[1.350s] [ext: omni.anim.graph.schema-107.3.3] startup
[1.356s] [ext: omni.usd_resolver-1.0.0] startup
[1.358s] [ext: omni.usd.core-1.5.3] startup
[1.359s] [ext: omni.usd.schema.render_settings.rtx-0.0.0] startup
[1.373s] [ext: omni.usd.schema.semantics-0.0.0] startup
[1.374s] [ext: isaacsim.robot.schema-3.6.0] startup
[1.378s] [ext: omni.usd.schema.geospatial-0.0.0] startup
[1.379s] [ext: omni.usd.schema.anim-0.0.0] startup
[1.387s] [ext: omni.kit.window.popup_dialog-2.0.24] startup
[1.389s] [ext: usdrt.scenegraph-7.6.1] startup
[1.410s] [ext: omni.timeline-1.0.14] startup
[1.411s] [ext: omni.resourcemonitor-107.0.1] startup
[1.412s] [ext: omni.activity.core-1.0.3] startup
[1.413s] [ext: omni.kit.widget.nucleus_connector-2.0.1] startup
[1.414s] [ext: omni.hydra.usdrt_delegate-7.5.1] startup
[1.417s] [ext: omni.kit.actions.core-1.0.0] startup
[1.418s] [ext: omni.graph.exec-0.9.6] startup
[1.419s] [ext: omni.kit.commands-1.4.10] startup
[1.420s] [ext: omni.kit.usd_undo-0.1.8] startup
[1.421s] [ext: omni.kit.exec.core-0.13.4] startup
[1.421s] [ext: omni.kit.audiodeviceenum-1.0.2] startup
[1.422s] [ext: omni.hydra.scene_delegate-0.3.4] startup
[1.424s] [ext: omni.usd-1.13.10] startup
[1.439s] [ext: omni.kit.asset_converter-5.0.17] startup
[1.445s] [ext: omni.usd.schema.flow-107.1.1] startup
[1.445s] [ext: omni.usd.schema.omnigraph-1.0.0] startup
[1.448s] [ext: omni.usd.schema.omni_sensors-0.0.0] startup
[1.449s] [ext: omni.anim.navigation.schema-107.3.3] startup
[1.450s] [ext: omni.inspect-1.0.2] startup
[1.451s] [ext: omni.kit.notification_manager-1.0.10] startup
[1.452s] [ext: omni.graph.core-2.184.5] startup
[1.454s] [ext: isaacsim.core.deprecation_manager-0.2.7] startup
[1.454s] [ext: omni.usd.schema.physx-107.3.26] startup
[1.473s] [ext: omni.usd.schema.isaac-3.0.5] startup
[1.473s] [ext: omni.usd.schema.omniscripting-1.0.0] startup
[1.475s] [ext: omni.usd.schema.omni_lens_distortion-0.0.0] startup
[1.476s] [ext: omni.kvdb-107.3.26] startup
[1.476s] [ext: omni.usdphysics-107.3.26] startup
[1.477s] [ext: omni.physx.foundation-107.3.26] startup
[1.478s] [ext: omni.localcache-107.3.26] startup
[1.479s] [ext: omni.convexdecomposition-107.3.26] startup
[1.481s] [ext: omni.physx.cooking-107.3.26] startup
[1.482s] [ext: omni.physx-107.3.26] startup
[1.488s] [ext: omni.physics-107.3.26] startup
[1.489s] [ext: omni.kit.usd.layers-2.2.11] startup
[1.494s] [ext: omni.physics.physx-107.3.26] startup
2026-09-17T06:16:28Z [1,486ms] [Warning] [carb] Acquiring non optional plugin interface which is not listed as dependency: [omni::physx::IPhysxBenchmarks v1.0] (plugin: <default plugin>), by client: omni.physics.physx.plugin. Add it to CARB_PLUGIN_IMPL_DEPS() macro of a client.
[1.495s] [ext: omni.physics.stageupdate-107.3.26] startup
[1.496s] [ext: omni.kit.numpy.common-0.1.3] startup
[1.496s] [ext: isaacsim.core.version-2.0.6] startup
[1.497s] [ext: omni.isaac.dynamic_control-2.0.7] startup
2026-09-17T06:16:28Z [1,491ms] [Warning] [omni.isaac.dynamic_control] omni.isaac.dynamic_control is deprecated as of Isaac Sim 4.5. No action is needed from end-users.
[1.500s] [ext: isaacsim.storage.native-1.5.1] startup
[1.501s] [ext: omni.kit.menu.core-1.1.2] startup
[1.501s] [ext: omni.kit.helper.file_utils-0.1.9] startup
[1.502s] [ext: omni.usd.metrics.assembler-107.3.1] startup
[1.507s] [ext: omni.kit.widget.context_menu-1.2.5] startup
[1.507s] [ext: omni.warp.core-1.8.2] startup
[1.619s] [ext: omni.usd.metrics.assembler.physics-107.3.26] startup
[1.620s] [ext: omni.physics.tensors-107.3.26] startup
[1.623s] [ext: omni.kit.context_menu-1.8.6] startup
[1.624s] [ext: omni.kit.clipboard-1.0.5] startup
[1.624s] [ext: isaacsim.core.utils-3.5.1] startup
[1.626s] [ext: omni.kit.widget.filebrowser-2.12.3] startup
[1.629s] [ext: omni.kit.widget.options_menu-1.1.6] startup
[1.630s] [ext: omni.kit.widget.path_field-2.0.11] startup
[1.631s] [ext: omni.index.libs-380600.8087.0] startup
[1.631s] [ext: omni.ui.scene-1.11.5] startup
[1.633s] [ext: omni.kit.widget.options_button-1.0.3] startup
[1.633s] [ext: omni.kit.widget.browser_bar-2.0.10] startup
[1.634s] [ext: omni.index-1.0.1] startup
[1.634s] [ext: omni.hydra.rtx.shadercache.vulkan-1.0.0] startup
[1.635s] [ext: omni.kit.window.filepicker-2.13.4] startup
[1.642s] [ext: omni.volume-0.5.2] startup
[1.644s] [ext: omni.ujitso.client-0.0.0] startup
[1.644s] [ext: omni.graph.tools-1.79.2] startup
[1.656s] [ext: omni.graph.image.core-0.6.1] startup
[1.657s] [ext: omni.hydra.rtx-1.0.0] startup
2026-09-17T06:16:28Z [1,658ms] [Warning] [omni.log] Source: omni.hydra was already registered.
[1.675s] [ext: omni.kit.window.file_importer-1.1.18] startup
[1.677s] [ext: omni.kit.menu.utils-2.0.5] startup
[1.682s] [ext: omni.graph.image.nodes-1.3.1] startup
[1.683s] [ext: omni.kit.widget.searchable_combobox-1.0.6] startup
[1.683s] [ext: omni.kit.hydra_texture-1.4.6] startup
[1.685s] [ext: omni.kit.material.library-2.0.7] startup
[1.688s] [ext: omni.hydra.engine.stats-1.0.3] startup
[1.689s] [ext: omni.kit.viewport.scene_camera_model-1.0.6] startup
[1.692s] [ext: omni.kit.widget.settings-1.2.6] startup
[1.693s] [ext: omni.kit.viewport.legacy_gizmos-1.0.19] startup
[1.694s] [ext: omni.kit.widget.viewport-107.1.3] startup
[1.696s] [ext: omni.kit.viewport.registry-104.0.6] startup
[1.696s] [ext: omni.kit.raycast.query-1.1.0] startup
[1.699s] [ext: omni.physx.tensors-107.3.26] startup
[1.702s] [ext: omni.kit.window.drop_support-1.0.5] startup
[1.703s] [ext: omni.kit.primitive.mesh-1.0.17] startup
[1.704s] [ext: omni.kit.viewport.window-107.2.0] startup
[1.715s] [ext: omni.kit.window.preferences-1.8.0] startup
[1.717s] [ext: isaacsim.core.simulation_manager-1.4.4] startup
[2.445s] [ext: omni.graph.action_core-1.1.7] startup
[2.446s] [ext: omni.graph-1.141.2] startup
[2.470s] [ext: omni.kit.viewport.utility-1.1.2] startup
[2.471s] [ext: omni.kit.viewport.menubar.core-107.2.1] startup
[2.479s] [ext: isaacsim.core.prims-0.6.1] startup
[2.494s] [ext: omni.graph.action_nodes-1.50.4] startup
[2.496s] [ext: omni.kit.stage_template.core-1.1.22] startup
[2.498s] [ext: omni.syntheticdata-0.6.13] startup
[2.517s] [ext: omni.graph.nodes-1.170.10] startup
[2.523s] [ext: omni.graph.action-1.130.0] startup
[2.524s] [ext: omni.kit.stage_templates-2.0.0] startup
[2.533s] [ext: omni.kit.widget.filter-1.1.4] startup
[2.540s] [ext: omni.kit.widget.graph-2.0.0] startup
[2.555s] [ext: omni.kit.property.adapter.core-1.0.2] startup
[2.557s] [ext: omni.kit.window.file_exporter-1.0.33] startup
[2.558s] [ext: omni.kit.widget.searchfield-1.1.8] startup
[2.560s] [ext: omni.kit.hotkeys.core-1.3.10] startup
[2.561s] [ext: omni.kit.graph.delegate.default-1.2.3] startup
[2.562s] [ext: omni.kit.property.adapter.fabric-1.0.3] startup
[2.563s] [ext: omni.kit.widget.stage-3.1.4] startup
[2.570s] [ext: omni.kit.property.adapter.usd-1.0.2] startup
[2.571s] [ext: omni.kit.graph.editor.core-1.5.3] startup
[2.572s] [ext: omni.kit.widget.material_preview-1.0.16] startup
[2.574s] [ext: omni.kit.widget.highlight_label-1.0.3] startup
[2.575s] [ext: omni.kit.window.file-2.0.5] startup
[2.576s] [ext: omni.kit.window.content_browser_registry-0.0.6] startup
[2.577s] [ext: omni.kit.window.property-1.12.1] startup
[2.579s] [ext: omni.kit.window.content_browser-3.1.3] startup
[2.586s] [ext: omni.kit.graph.usd.commands-1.3.1] startup
[2.587s] [ext: omni.kit.property.usd-4.5.12] startup
[2.594s] [ext: omni.graph.ui_nodes-1.50.5] startup
[2.596s] [ext: omni.videoencoding-0.1.2] startup
[2.597s] [ext: omni.kit.window.material_graph-1.9.1] startup
[2.605s] [ext: omni.warp-1.8.2] startup
[2.609s] [ext: isaacsim.core.api-4.8.0] startup
[2.626s] [ext: omni.graph.scriptnode-1.50.0] startup
[2.631s] [ext: isaacsim.test.docstring-1.1.0] startup
[2.642s] [ext: isaacsim.core.experimental.utils-0.3.0] startup
[2.670s] [ext: omni.replicator.core-1.12.27] startup
2026-09-17T06:16:30Z [2,671ms] [Warning] [pxr.Semantics] pxr.Semantics is deprecated - please use Semantics instead
2026-09-17T06:16:30Z [2,732ms] [Warning] [omni.graph.core.plugin] Found duplicate of category 'Replicator' - was 'Annotators', adding 'Fabric Reader'
2026-09-17T06:16:30Z [2,732ms] [Warning] [omni.graph.core.plugin] Category 'Replicator' not accepted on node type 'omni.replicator.core.FabricReader' in extension 'omni.replicator.core'
2026-09-17T06:16:30Z [2,733ms] [Warning] [omni.replicator.core.scripts.extension] No material configuration file, adding configuration to material settings directly.
[2.744s] [ext: isaacsim.core.experimental.prims-0.8.1] startup
[2.771s] [ext: omni.kit.window.extensions-1.4.27] startup
[2.783s] [ext: isaacsim.core.experimental.objects-0.4.0] startup
[2.790s] [ext: omni.ui_query-1.1.8] startup
[2.793s] [ext: omni.kit.manipulator.viewport-107.0.1] startup
[2.794s] [ext: isaacsim.robot.surface_gripper-3.3.1] startup
[2.797s] [ext: omni.kit.ui_test-1.3.7] startup
[2.801s] [ext: omni.graph.visualization.nodes-2.1.3] startup
[2.825s] [ext: isaacsim.robot_motion.lula-4.0.8] startup
[2.831s] [ext: isaacsim.core.nodes-3.4.3] startup
[2.838s] [ext: isaacsim.gui.components-1.2.1] startup
[2.850s] [ext: isaacsim.robot_motion.motion_generation-8.0.26] startup
[3.135s] [ext: isaacsim.robot.manipulators-3.3.6] startup
[3.147s] [ext: isaacsim.core.experimental.materials-0.4.0] startup
[3.162s] [ext: isaacsim.robot.manipulators.examples-1.1.2] startup
[3.167s] [ext: isaacsim.cortex.framework-1.0.12] startup
[3.173s] [ext: isaacsim.cortex.behaviors-2.0.14] startup
[3.176s] [ext: omni.isaac.cortex.sample_behaviors-2.0.5] startup
2026-09-17T06:16:30Z [3,171ms] [Warning] [omni.isaac.cortex] omni.isaac.cortex has been deprecated in favor of isaacsim.cortex.framework. Please update your code accordingly.
2026-09-17T06:16:30Z [3,171ms] [Warning] [omni.isaac.cortex.sample_behaviors] omni.isaac.cortex.sample_behaviors has been deprecated in favor of isaacsim.cortex.behaviors. Please update your code accordingly.
[3.180s] [ext: omni.kit.widget.zoombar-1.0.6] startup
[3.186s] [ext: isaacsim.gui.content_browser-0.1.11] startup
[3.191s] [ext: omni.kit.browser.core-2.3.13] startup
[3.196s] [ext: omni.kit.widget.stage_icons-1.0.8] startup
[3.200s] [ext: omni.kit.widget.prompt-1.0.7] startup
[3.201s] [ext: omni.kit.usd.collect-2.4.5] startup
[3.204s] [ext: omni.kit.browser.folder.core-1.10.9] startup
[3.220s] [ext: omni.kit.window.stage-2.6.1] startup
[3.227s] [ext: omni.kit.usdz_export-1.0.9] startup
[3.229s] [ext: omni.kit.tool.collect-2.2.18] startup
[3.230s] [ext: omni.kit.menu.stage-1.2.7] startup
[3.231s] [ext: omni.kit.tool.asset_importer-4.3.2] startup
[3.234s] [ext: isaacsim.robot.wheeled_robots-4.0.24] startup
[3.238s] [ext: isaacsim.examples.browser-0.2.1] startup
[3.240s] [ext: isaacsim.asset.importer.urdf-2.4.30] startup
[3.289s] [ext: omni.isaac.wheeled_robots-3.0.7] startup
2026-09-17T06:16:30Z [3,281ms] [Warning] [omni.isaac.wheeled_robots] omni.isaac.wheeled_robots has been deprecated in favor of isaacsim.robot.wheeled_robots. Please update your code accordingly.
2026-09-17T06:16:30Z [3,281ms] [Warning] [omni.isaac.wheeled_robots.controllers] omni.isaac.wheeled_robots has been deprecated in favor of isaacsim.robot.wheeled_robots. Please update your code accordingly.
2026-09-17T06:16:30Z [3,281ms] [Warning] [omni.isaac.wheeled_robots.controllers.ackermann_controller] omni.isaac.wheeled_robots has been deprecated in favor of isaacsim.robot.wheeled_robots. Please update your code accordingly.
2026-09-17T06:16:30Z [3,281ms] [Warning] [omni.isaac.wheeled_robots.controllers.differential_controller] omni.isaac.wheeled_robots has been deprecated in favor of isaacsim.robot.wheeled_robots. Please update your code accordingly.
2026-09-17T06:16:30Z [3,282ms] [Warning] [omni.isaac.wheeled_robots.controllers.holonomic_controller] omni.isaac.wheeled_robots has been deprecated in favor of isaacsim.robot.wheeled_robots. Please update your code accordingly.
2026-09-17T06:16:30Z [3,282ms] [Warning] [omni.isaac.wheeled_robots.controllers.quintic_path_planner] omni.isaac.wheeled_robots has been deprecated in favor of isaacsim.robot.wheeled_robots. Please update your code accordingly.
2026-09-17T06:16:30Z [3,282ms] [Warning] [omni.isaac.wheeled_robots.controllers.stanley_control] omni.isaac.wheeled_robots has been deprecated in favor of isaacsim.robot.wheeled_robots. Please update your code accordingly.
2026-09-17T06:16:30Z [3,282ms] [Warning] [omni.isaac.wheeled_robots.controllers.wheel_base_pose_controller] omni.isaac.wheeled_robots has been deprecated in favor of isaacsim.robot.wheeled_robots. Please update your code accordingly.
2026-09-17T06:16:30Z [3,282ms] [Warning] [omni.isaac.wheeled_robots.impl] omni.isaac.wheeled_robots has been deprecated in favor of isaacsim.robot.wheeled_robots. Please update your code accordingly.
2026-09-17T06:16:30Z [3,282ms] [Warning] [omni.isaac.wheeled_robots.robots] omni.isaac.wheeled_robots has been deprecated in favor of isaacsim.robot.wheeled_robots. Please update your code accordingly.
2026-09-17T06:16:30Z [3,282ms] [Warning] [omni.isaac.wheeled_robots.robots.holonomic_robot_usd_setup] omni.isaac.wheeled_robots has been deprecated in favor of isaacsim.robot.wheeled_robots. Please update your code accordingly.
2026-09-17T06:16:30Z [3,283ms] [Warning] [omni.isaac.wheeled_robots.robots.wheeled_robot] omni.isaac.wheeled_robots has been deprecated in favor of isaacsim.robot.wheeled_robots. Please update your code accordingly.
[3.293s] [ext: isaacsim.simulation_app-2.12.2] startup
[3.294s] [ext: omni.isaac.franka-1.0.7] startup
2026-09-17T06:16:30Z [3,289ms] [Warning] [omni.isaac.franka] omni.isaac.franka has been deprecated in favor of isaacsim.robot.manipulators.examples.franka. Please update your code accordingly.
2026-09-17T06:16:30Z [3,289ms] [Warning] [omni.isaac.franka.franka] omni.isaac.franka has been deprecated in favor of isaacsim.robot.manipulators.examples.franka. Please update your code accordingly.
2026-09-17T06:16:30Z [3,300ms] [Warning] [omni.isaac.franka.kinematics_solver] omni.isaac.franka has been deprecated in favor of isaacsim.robot.manipulators.examples.franka. Please update your code accordingly.
[3.309s] [ext: omni.isaac.kit-2.0.6] startup
2026-09-17T06:16:30Z [3,302ms] [Warning] [omni.isaac.kit] omni.isaac.kit has been deprecated in favor of isaacsim.simulation_app. Please update your code accordingly.
[3.311s] [ext: omni.kit.selection-0.1.6] startup
[3.313s] [ext: omni.isaac.lula-4.0.6] startup
2026-09-17T06:16:30Z [3,305ms] [Warning] [omni.isaac.lula] omni.isaac.lula has been deprecated in favor of isaacsim.robot_motion.lula. Please update your code accordingly.
[3.314s] [ext: isaacsim.robot_motion.lula_test_widget-1.0.12] startup
[3.316s] [ext: isaacsim.asset.browser-1.3.23] startup
[3.354s] [ext: omni.kit.viewport.actions-107.0.2] startup
[3.357s] [ext: isaacsim.gui.menu-2.4.4] startup
[3.361s] [ext: omni.isaac.manipulators-3.0.7] startup
2026-09-17T06:16:30Z [3,353ms] [Warning] [omni.isaac.manipulators] omni.isaac.manipulators has been deprecated in favor of isaacsim.robot.manipulators. Please update your code accordingly.
2026-09-17T06:16:30Z [3,356ms] [Warning] [omni.isaac.manipulators.controllers] omni.isaac.manipulators has been deprecated in favor of isaacsim.robot.manipulators. Please update your code accordingly.
2026-09-17T06:16:30Z [3,356ms] [Warning] [omni.isaac.manipulators.controllers.pick_place_controller] omni.isaac.manipulators has been deprecated in favor of isaacsim.robot.manipulators. Please update your code accordingly.
2026-09-17T06:16:30Z [3,356ms] [Warning] [omni.isaac.manipulators.controllers.stacking_controller] omni.isaac.manipulators has been deprecated in favor of isaacsim.robot.manipulators. Please update your code accordingly.
2026-09-17T06:16:30Z [3,356ms] [Warning] [omni.isaac.manipulators.grippers] omni.isaac.manipulators has been deprecated in favor of isaacsim.robot.manipulators. Please update your code accordingly.
2026-09-17T06:16:30Z [3,356ms] [Warning] [omni.isaac.manipulators.grippers.gripper] omni.isaac.manipulators has been deprecated in favor of isaacsim.robot.manipulators. Please update your code accordingly.
2026-09-17T06:16:30Z [3,356ms] [Warning] [omni.isaac.manipulators.grippers.parallel_gripper] omni.isaac.manipulators has been deprecated in favor of isaacsim.robot.manipulators. Please update your code accordingly.
2026-09-17T06:16:30Z [3,356ms] [Warning] [omni.isaac.manipulators.grippers.surface_gripper] omni.isaac.manipulators has been deprecated in favor of isaacsim.robot.manipulators. Please update your code accordingly.
2026-09-17T06:16:30Z [3,356ms] [Warning] [omni.isaac.manipulators.manipulators] omni.isaac.manipulators has been deprecated in favor of isaacsim.robot.manipulators. Please update your code accordingly.
2026-09-17T06:16:30Z [3,356ms] [Warning] [omni.isaac.manipulators.manipulators.single_manipulator] omni.isaac.manipulators has been deprecated in favor of isaacsim.robot.manipulators. Please update your code accordingly.
[3.365s] [ext: omni.isaac.lula_test_widget-1.0.6] startup
2026-09-17T06:16:30Z [3,358ms] [Warning] [omni.isaac.lula_test_widget] omni.isaac.lula_test_widget has been deprecated in favor of isaacsim.robot_motion.lula_test_widget. Please update your code accordingly.
[3.367s] [ext: omni.isaac.asset_browser-1.0.6] startup
2026-09-17T06:16:30Z [3,359ms] [Warning] [omni.isaac.asset_browser] omni.isaac.asset_browser has been deprecated in favor of isaacsim.asset.browser. Please update your code accordingly.
[3.368s] [ext: omni.kit.viewport.menubar.display-107.0.3] startup
[3.373s] [ext: omni.isaac.menu-1.0.6] startup
2026-09-17T06:16:30Z [3,365ms] [Warning] [omni.isaac.menu] omni.isaac.menu has been deprecated in favor of isaacsim.gui.menu. Please update your code accordingly.
[3.374s] [ext: omni.isaac.motion_generation-8.0.7] startup
2026-09-17T06:16:30Z [3,365ms] [Warning] [omni.isaac.motion_generation] omni.isaac.motion_generation has been deprecated in favor of isaacsim.robot_motion.motion_generation. Please update your code accordingly.
2026-09-17T06:16:30Z [3,366ms] [Warning] [omni.isaac.motion_generation.articulation_kinematics_solver] omni.isaac.motion_generation has been deprecated in favor of isaacsim.robot_motion.motion_generation. Please update your code accordingly.
2026-09-17T06:16:30Z [3,366ms] [Warning] [omni.isaac.motion_generation.articulation_motion_policy] omni.isaac.motion_generation has been deprecated in favor of isaacsim.robot_motion.motion_generation. Please update your code accordingly.
2026-09-17T06:16:30Z [3,367ms] [Warning] [omni.isaac.motion_generation.articulation_trajectory] omni.isaac.motion_generation has been deprecated in favor of isaacsim.robot_motion.motion_generation. Please update your code accordingly.
2026-09-17T06:16:30Z [3,367ms] [Warning] [omni.isaac.motion_generation.kinematics_interface] omni.isaac.motion_generation has been deprecated in favor of isaacsim.robot_motion.motion_generation. Please update your code accordingly.
2026-09-17T06:16:30Z [3,367ms] [Warning] [omni.isaac.motion_generation.lula] omni.isaac.motion_generation has been deprecated in favor of isaacsim.robot_motion.motion_generation. Please update your code accordingly.
2026-09-17T06:16:30Z [3,367ms] [Warning] [omni.isaac.motion_generation.lula.kinematics] omni.isaac.motion_generation has been deprecated in favor of isaacsim.robot_motion.motion_generation. Please update your code accordingly.
2026-09-17T06:16:30Z [3,367ms] [Warning] [omni.isaac.motion_generation.lula.motion_policies] omni.isaac.motion_generation has been deprecated in favor of isaacsim.robot_motion.motion_generation. Please update your code accordingly.
2026-09-17T06:16:30Z [3,367ms] [Warning] [omni.isaac.motion_generation.lula.path_planners] omni.isaac.motion_generation has been deprecated in favor of isaacsim.robot_motion.motion_generation. Please update your code accordingly.
2026-09-17T06:16:30Z [3,367ms] [Warning] [omni.isaac.motion_generation.lula.trajectory_generator] omni.isaac.motion_generation has been deprecated in favor of isaacsim.robot_motion.motion_generation. Please update your code accordingly.
2026-09-17T06:16:30Z [3,367ms] [Warning] [omni.isaac.motion_generation.motion_policy_controller] omni.isaac.motion_generation has been deprecated in favor of isaacsim.robot_motion.motion_generation. Please update your code accordingly.
2026-09-17T06:16:30Z [3,367ms] [Warning] [omni.isaac.motion_generation.motion_policy_interface] omni.isaac.motion_generation has been deprecated in favor of isaacsim.robot_motion.motion_generation. Please update your code accordingly.
2026-09-17T06:16:30Z [3,367ms] [Warning] [omni.isaac.motion_generation.path_planner_visualizer] omni.isaac.motion_generation has been deprecated in favor of isaacsim.robot_motion.motion_generation. Please update your code accordingly.
2026-09-17T06:16:30Z [3,367ms] [Warning] [omni.isaac.motion_generation.path_planning_interface] omni.isaac.motion_generation has been deprecated in favor of isaacsim.robot_motion.motion_generation. Please update your code accordingly.
2026-09-17T06:16:30Z [3,367ms] [Warning] [omni.isaac.motion_generation.trajectory] omni.isaac.motion_generation has been deprecated in favor of isaacsim.robot_motion.motion_generation. Please update your code accordingly.
2026-09-17T06:16:30Z [3,367ms] [Warning] [omni.isaac.motion_generation.world_interface] omni.isaac.motion_generation has been deprecated in favor of isaacsim.robot_motion.motion_generation. Please update your code accordingly.
[3.377s] [ext: omni.isaac.assets_check-0.3.13] startup
2026-09-17T06:16:30Z [3,370ms] [Warning] [omni.isaac.assets_check] omni.isaac.assets_check has been deprecated in favor of isaacsim.asset.browser. Please update your code accordingly.
[3.379s] [ext: isaacsim.gui.sensors.icon-2.0.3] startup
[3.388s] [ext: isaacsim.asset.importer.mjcf-2.5.13] startup
[3.392s] [ext: omni.sensors.nv.common-3.0.0] startup
[3.398s] [ext: isaacsim.sensors.physics-0.4.3] startup
[3.402s] [ext: omni.sensors.net-1.0.0] startup
[3.405s] [ext: omni.isaac.nucleus-1.0.6] startup
2026-09-17T06:16:30Z [3,397ms] [Warning] [omni.isaac.nucleus] omni.isaac.nucleus has been deprecated in favor of isaacsim.storage.native. Please update your code accordingly.
2026-09-17T06:16:30Z [3,397ms] [Warning] [omni.isaac.nucleus.nucleus] omni.isaac.nucleus.nucleus has been deprecated in favor of isaacsim.storage.native. Please update your code accordingly.
[3.406s] [ext: omni.sensors.nv.materials-2.0.0] startup
[3.409s] [ext: isaacsim.robot.policy.examples-4.1.11] startup
[3.411s] [ext: omni.sensors.nv.wpm-3.0.0] startup
[3.413s] [ext: omni.sensors.nv.lidar-3.0.0] startup
[3.418s] [ext: isaacsim.util.debug_draw-3.1.0] startup
[3.420s] [ext: omni.sensors.nv.radar-3.0.0] startup
[3.422s] [ext: omni.sensors.nv.ids-2.0.0] startup
[3.423s] [ext: isaacsim.core.cloner-1.4.10] startup
[3.425s] [ext: isaacsim.sensors.physx-2.3.2] startup
[3.429s] [ext: isaacsim.sensors.rtx-15.8.4] startup
[3.434s] [ext: isaacsim.sensors.camera-1.3.6] startup
[3.440s] [ext: omni.isaac.quadruped-3.0.7] startup
2026-09-17T06:16:30Z [3,433ms] [Warning] [omni.isaac.quadruped] omni.isaac.quadruped has been deprecated in favor of isaacsim.robot.policy.examples. Please update your code accordingly.
[3.445s] [ext: omni.isaac.cloner-1.0.7] startup
2026-09-17T06:16:30Z [3,438ms] [Warning] [omni.isaac.cloner] omni.isaac.cloner has been deprecated in favor of isaacsim.core.cloner. Please update your code accordingly.
[3.447s] [ext: omni.isaac.range_sensor-4.0.6] startup
2026-09-17T06:16:30Z [3,440ms] [Warning] [omni.isaac.range_sensor] omni.isaac.range_sensor has been deprecated in favor of isaacsim.sensors.physx. Please update your code accordingly.
2026-09-17T06:16:30Z [3,442ms] [Warning] [omni.isaac.range_sensor.commands] omni.isaac.range_sensor.commands has been deprecated in favor of isaacsim.sensors.physx.commands. Please update your code accordingly.
[3.451s] [ext: omni.isaac.sensor-13.0.7] startup
2026-09-17T06:16:30Z [3,444ms] [Warning] [omni.isaac.sensor] omni.isaac.sensor has been deprecated in favor of isaacsim.sensors.camera, isaacsim.sensors.physics, isaacsim.sensors.physx, and isaacsim.sensors.rtx. Please update your code accordingly.
2026-09-17T06:16:30Z [3,445ms] [Warning] [omni.isaac.sensor.camera] omni.isaac.sensor.camera has been deprecated in favor of isaacsim.sensors.camera.camera. Please update your code accordingly.
2026-09-17T06:16:30Z [3,445ms] [Warning] [omni.isaac.sensor.camera_view] omni.isaac.sensor.camera_view has been deprecated in favor of isaacsim.sensors.camera.camera_view. Please update your code accordingly.
2026-09-17T06:16:30Z [3,445ms] [Warning] [omni.isaac.sensor.commands] omni.isaac.sensor.commands has been deprecated in favor of isaacsim.sensors.physics.commands, isaacsim.sensors.physx.commands, and isaacsim.sensors.rtx.commands. Please update your code accordingly.
2026-09-17T06:16:30Z [3,446ms] [Warning] [omni.isaac.sensor.contact_sensor] omni.isaac.sensor.contact_sensor has been deprecated in favor of isaacsim.sensors.physics.contact_sensor. Please update your code accordingly.
2026-09-17T06:16:30Z [3,446ms] [Warning] [omni.isaac.sensor.imu_sensor] omni.isaac.sensor.imu_sensor has been deprecated in favor of isaacsim.sensors.physics.imu_sensor. Please update your code accordingly.
2026-09-17T06:16:30Z [3,446ms] [Warning] [omni.isaac.sensor.lidar_rtx] omni.isaac.sensor.lidar_rtx has been deprecated in favor of isaacsim.sensors.rtx.lidar_rtx. Please update your code accordingly.
2026-09-17T06:16:30Z [3,447ms] [Warning] [omni.isaac.sensor.rotating_lidar_physX] omni.isaac.sensor.imu_sensor has been deprecated in favor of isaacsim.sensors.physix.rotating_lidar_physX. Please update your code accordingly.
2026-09-17T06:16:30Z [3,448ms] [Warning] [omni.isaac.sensor.scripts.samples.contact_sensor] omni.isaac.sensor.scripts.samples.contact_sensor has been deprecated in favor of isaacsim.sensors.physics.scripts.samples.contact_sensor. Please update your code accordingly.
2026-09-17T06:16:30Z [3,448ms] [Warning] [omni.isaac.sensor.scripts.samples.imu_sensor] omni.isaac.sensor.scripts.samples.imu_sensor has been deprecated in favor of isaacsim.sensors.physics.scripts.samples.imu_sensor. Please update your code accordingly.
2026-09-17T06:16:30Z [3,448ms] [Warning] [omni.isaac.sensor.scripts.samples.lightbeam_sensor] omni.isaac.sensor.scripts.samples.lightbeam_sensor has been deprecated in favor of isaacsim.sensors.physx.scripts.samples.lightbeam_sensor. Please update your code accordingly.
[3.457s] [ext: omni.kit.menu.create-2.0.1] startup
[3.459s] [ext: omni.kit.widget.toolbar-2.0.1] startup
[3.469s] [ext: omni.kit.manipulator.transform-107.0.0] startup
[3.472s] [ext: omni.isaac.core-4.0.7] startup
2026-09-17T06:16:30Z [3,465ms] [Warning] [omni.isaac.core.physics_context.physics_context] omni.isaac.core.physics_context.physics_context has been deprecated in favor of isaacsim.core.api.physics_context.physics_context. Please update your code accordingly.
2026-09-17T06:16:30Z [3,465ms] [Warning] [omni.isaac.core.simulation_context.simulation_context] omni.isaac.core.simulation_context.simulation_context has been deprecated in favor of isaacsim.core.api.simulation_context.simulation_context. Please update your code accordingly.
2026-09-17T06:16:30Z [3,465ms] [Warning] [omni.isaac.core.world.world] omni.isaac.core.world.world has been deprecated in favor of isaacsim.core.api.world.world. Please update your code accordingly.
2026-09-17T06:16:30Z [3,465ms] [Warning] [omni.isaac.core] omni.isaac.core has been deprecated in favor of isaacsim.core.api. Please update your code accordingly.
[3.474s] [ext: omni.kit.scripting-107.3.2] startup
[3.478s] [ext: omni.kit.manipulator.tool.snap-1.5.13] startup
[3.481s] [ext: omni.kit.manipulator.selector-1.1.3] startup
[3.483s] [ext: isaacsim.app.about-2.0.11] startup
[3.486s] [ext: isaacsim.replicator.behavior-1.1.16] startup
[3.487s] [ext: omni.kit.viewport.manipulator.transform-107.0.4] startup
[3.489s] [ext: omni.isaac.window.about-2.0.7] startup
2026-09-17T06:16:30Z [3,481ms] [Warning] [omni.isaac.window.about] omni.isaac.window.about has been deprecated in favor of isaacsim.app.about. Please update your code accordingly.
2026-09-17T06:16:30Z [3,481ms] [Warning] [omni.isaac.window.about.about] omni.isaac.window.about.about has been deprecated in favor of isaacsim.app.about.about. Please update your code accordingly.
[3.490s] [ext: omni.fabric.commands-1.1.6] startup
[3.492s] [ext: omni.kit.manipulator.prim.core-107.0.8] startup
[3.497s] [ext: omni.kit.property.audio-1.0.16] startup
[3.498s] [ext: omni.kit.property.camera-1.0.10] startup
[3.499s] [ext: omni.kit.property.geometry-2.0.4] startup
[3.501s] [ext: omni.hydra.scene_api-0.1.2] startup
[3.504s] [ext: omni.kit.property.light-1.0.12] startup
[3.512s] [ext: omni.kit.manipulator.prim.fabric-107.0.4] startup
[3.514s] [ext: omni.kit.manipulator.prim.usd-107.0.3] startup
[3.515s] [ext: omni.kit.property.material-1.11.9] startup
[3.519s] [ext: omni.kit.property.render-1.2.1] startup
[3.520s] [ext: omni.kit.property.transform-1.5.13] startup
[3.523s] [ext: isaacsim.gui.property-1.1.3] startup
[3.525s] [ext: omni.kit.manipulator.camera-106.0.4] startup
[3.527s] [ext: omni.kit.manipulator.prim-107.0.0] startup
[3.527s] [ext: omni.isaac.surface_gripper-2.0.6] startup
2026-09-17T06:16:30Z [3,519ms] [Warning] [omni.isaac.surface_gripper] omni.isaac.surface_gripper has been deprecated in favor of isaacsim.robot.surface_gripper. Please update your code accordingly.
[3.528s] [ext: omni.kit.manipulator.selection-106.0.1] startup
[3.531s] [ext: omni.kit.property.bundle-1.4.1] startup
[3.532s] [ext: omni.kit.property.isaac-1.0.6] startup
2026-09-17T06:16:30Z [3,523ms] [Warning] [omni.kit.property.isaac] omni.kit.property.isaac has been deprecated in favor of isaacsim.gui.property. Please update your code accordingly.
2026-09-17T06:16:30Z [3,524ms] [Warning] [omni.kit.property.isaac.widgets] omni.kit.property.isaac.widgets has been deprecated in favor of isaacsim.gui.property.widgets. Please update your code accordingly.
[3.533s] [ext: omni.isaac.universal_robots-1.0.6] startup
2026-09-17T06:16:30Z [3,525ms] [Warning] [omni.isaac.universal_robots] omni.isaac.universal_robots has been deprecated in favor of isaacsim.robot.manipulators.examples.universal_robots. Please update your code accordingly.
2026-09-17T06:16:30Z [3,525ms] [Warning] [omni.isaac.universal_robots.kinematics_solver] omni.isaac.franka has been deprecated in favor of isaacsim.robot.manipulators.examples.universal_robots. Please update your code accordingly.
2026-09-17T06:16:30Z [3,526ms] [Warning] [omni.isaac.universal_robots.ur10] omni.isaac.franka has been deprecated in favor of isaacsim.robot.manipulators.examples.universal_robots. Please update your code accordingly.
[3.535s] [ext: omni.isaac.core_nodes-2.0.6] startup
2026-09-17T06:16:30Z [3,528ms] [Warning] [omni.isaac.core_nodes] omni.isaac.core_nodes has been deprecated in favor of isaacsim.core.nodes. Please update your code accordingly.
[3.537s] [ext: omni.kit.viewport.menubar.camera-107.0.6] startup
[3.542s] [ext: omni.kit.viewport.menubar.lighting-107.3.1] startup
[3.544s] [ext: isaacsim.replicator.writers-1.0.17] startup
[3.553s] [ext: omni.kit.viewport.menubar.render-107.0.10] startup
[3.555s] [ext: omni.kit.viewport.menubar.settings-107.0.3] startup
[3.559s] [ext: omni.kit.window.console-1.1.4] startup
[3.563s] [ext: isaacsim.replicator.domain_randomization-1.0.16] startup
[3.567s] [ext: isaacsim.replicator.examples-1.3.6] startup
[3.569s] [ext: omni.ocio-0.1.1] startup
[3.571s] [ext: omni.rtx.window.settings-0.6.19] startup
[3.578s] [ext: omni.kit.window.status_bar-0.1.9] startup
[3.582s] [ext: omni.kit.window.toolbar-2.0.0] startup
[3.590s] [ext: omni.replicator.isaac-2.0.8] startup
2026-09-17T06:16:30Z [3,583ms] [Warning] [omni.replicator.isaac] omni.replicator.isaac has been deprecated in favor of isaacsim.replicator.domain_randomization, isaacsim.replicator.examples, isaacsim.replicator.writers. Please update your code accordingly.
[3.592s] [ext: omni.replicator.replicator_yaml-2.0.11] startup
[3.606s] [ext: omni.rtx.settings.core-0.6.5] startup
[3.611s] [ext: omni.usd.metrics.assembler.ui-107.3.1] startup
[3.618s] [ext: omni.isaac.utils-2.0.6] startup
[3.619s] [ext: semantics.schema.editor-2.0.2] startup
[3.623s] [ext: omni.kit.ui.actions-1.0.5] startup
[3.624s] [ext: semantics.schema.property-2.0.1] startup
[3.625s] [ext: omni.isaac.version-2.0.7] startup
2026-09-17T06:16:30Z [3,617ms] [Warning] [omni.isaac.version] omni.isaac.version has been deprecated in favor of isaacsim.core.version. Please update your code accordingly.
[3.626s] [ext: omni.isaac.cortex-1.0.5] startup
[3.628s] [ext: omni.anim.curve.core-1.3.1] startup
[3.635s] [ext: isaacsim.core.throttling-2.2.2] startup
[3.636s] [ext: omni.kit.menu.common-2.0.1] startup
[3.638s] [ext: isaacsim.exp.base-5.1.0] startup
[3.639s] [ext: isaacsim.exp.base.python-5.1.0] startup
[3.640s] Simulation App Starting
2026-09-17T06:16:31Z [3,724ms] [Warning] [omni.fabric.plugin] Warning: attribute viewportHandle not found for bucket id 9

2026-09-17T06:16:31Z [3,747ms] [Warning] [usdrt.population.plugin] [UsdNoticeHandler] Unhandled attribute type VtArray<std::string> (prim attribute: omni:rtx:material:db:flattener:reflection_roughness_constant)
2026-09-17T06:16:31Z [3,747ms] [Warning] [usdrt.population.plugin] [UsdNoticeHandler] Unhandled attribute type VtArray<std::string> (prim attribute: omni:rtx:material:db:flattener:ior_constant)
2026-09-17T06:16:31Z [3,747ms] [Warning] [usdrt.population.plugin] [UsdNoticeHandler] Unhandled attribute type VtArray<std::string> (prim attribute: omni:rtx:material:db:flattener:transmittance_color)
[3.762s] app ready
[5.650s] Simulation App Startup Complete
2026-09-17T06:16:34Z [7,341ms] [Warning] [omni.fabric.plugin] Warning: attribute evaluatedTranslations not found for bucket id 9

2026-09-17T06:16:36Z [9,519ms] [Error] [omni.kit.app._impl] [py stderr]: ### prebuilt 레벨: 레벨 편집을 건너뛴다
2026-09-17T06:16:36Z [9,562ms] [Error] [omni.kit.app._impl] [py stderr]: ### 책 배치 보정 z +0.000 m, 흔들기 x -0.003 y +0.010
2026-09-17T06:16:36Z [9,570ms] [Warning] [isaacsim.sensors.camera.camera] 'verticalAperture' (1.5290800094604493) and 'horizontalAperture' (2.0954999923706055) are inconsistent with the pixel resolution aspect ratio (1.7777777777777777). Setting 'verticalAperture' to 1.1787187457084656 to ensure square pixels.
2026-09-17T06:16:36Z [9,579ms] [Warning] [isaacsim.sensors.camera.camera] 'verticalAperture' (1.5290800094604493) and 'horizontalAperture' (2.0954999923706055) are inconsistent with the pixel resolution aspect ratio (1.7777777777777777). Setting 'verticalAperture' to 1.1787187457084656 to ensure square pixels.
[93m[Lula] Joint 'panda_finger_joint2' is specified as a mimic joint, but its control chain ['panda_finger_joint2' -> 'panda_finger_joint1'] terminates with a joint ['panda_finger_joint1'] that is not a c-space coordinate. Mimic attributes will be ignored.
[0m2026-09-17T06:16:37Z [9,965ms] [Error] [omni.kit.app._impl] [py stderr]: ### right_gripper 로컬 접근축 [0.0, 0.0, 1.0] / 닫힘축 [0.0, 1.0, -0.0]
2026-09-17T06:16:37Z [9,966ms] [Error] [omni.kit.app._impl] [py stderr]: ### 책 AABB [2.425, -3.049, 0.286, 2.46, -2.812, 0.449]  중심 [2.443, -2.931, 0.368]  반치수 [0.018, 0.119, 0.082]
2026-09-17T06:16:37Z [9,966ms] [Error] [omni.kit.app._impl] [py stderr]: ### 선반 AABB [1.866, -2.575, 0.0, 3.278, -2.27, 2.52]
2026-09-17T06:16:37Z [9,966ms] [Error] [omni.kit.app._impl] [py stderr]: ### 칸 바닥 0.497 천장 0.987  배치 손끝 [2.485, -2.426, 0.637]
2026-09-17T06:16:37Z [9,970ms] [Error] [omni.kit.app._impl] [py stderr]: ### IK 사전확인 pre_grasp    [2.443, -2.931, 0.544] -> True
2026-09-17T06:16:37Z [9,970ms] [Error] [omni.kit.app._impl] [py stderr]: ### IK 사전확인 grasp        [2.443, -2.931, 0.414] -> True
2026-09-17T06:16:37Z [9,970ms] [Error] [omni.kit.app._impl] [py stderr]: ### IK 사전확인 lift         [2.443, -2.931, 0.584] -> True
2026-09-17T06:16:37Z [9,970ms] [Error] [omni.kit.app._impl] [py stderr]: ### IK 사전확인 place_out    [2.485, -2.775, 0.667] -> True
2026-09-17T06:16:37Z [9,970ms] [Error] [omni.kit.app._impl] [py stderr]: ### IK 사전확인 place_hover  [2.485, -2.426, 0.667] -> True
2026-09-17T06:16:37Z [9,970ms] [Error] [omni.kit.app._impl] [py stderr]: ### IK 사전확인 place        [2.485, -2.426, 0.637] -> True
2026-09-17T06:16:37Z [9,974ms] [Error] [omni.kit.app._impl] [py stderr]: ### 데크 홈 자세(책 위 30cm): [2.826, -0.498, 0.074, -2.202, 0.036, 1.705, -1.04]
2026-09-17T06:16:37Z [9,977ms] [Error] [omni.kit.app._impl] [py stderr]: ### 계획 내려가기 28점 최대 0.017 rad  / 들기 37점 최대 0.016 rad 
2026-09-17T06:16:37Z [9,977ms] [Error] [omni.kit.app._impl] [py stderr]: ### 경로 IK lift     [2.443, -2.931, 0.584] -> True  최대변화 0.12 rad (joint6)  q=[2.82, -0.42, 0.1, -2.57, 0.05, 2.15, -1.04]
2026-09-17T06:16:37Z [9,977ms] [Error] [omni.kit.app._impl] [py stderr]: ### 경로 IK transfer [2.485, -2.753, 0.68] -> True  최대변화 0.40 rad (joint3)  q=[2.84, -0.39, -0.3, -2.27, -0.12, 1.89, -1.33]
2026-09-17T06:16:37Z [9,977ms] [Error] [omni.kit.app._impl] [py stderr]: ### 경로 IK rot1     [2.485, -2.75, 0.671] -> True  최대변화 0.24 rad (joint5)  q=[2.81, -0.46, -0.22, -2.4, -0.37, 2.06, -1.16]
2026-09-17T06:16:37Z [9,977ms] [Error] [omni.kit.app._impl] [py stderr]: ### 경로 IK rot2     [2.485, -2.746, 0.663] -> True  최대변화 0.29 rad (joint5)  q=[2.78, -0.5, -0.14, -2.51, -0.65, 2.18, -0.95]
2026-09-17T06:16:37Z [9,977ms] [Error] [omni.kit.app._impl] [py stderr]: ### 경로 IK rot3     [2.485, -2.743, 0.655] -> True  최대변화 0.32 rad (joint5)  q=[2.74, -0.5, -0.06, -2.59, -0.98, 2.23, -0.68]
2026-09-17T06:16:37Z [9,978ms] [Error] [omni.kit.app._impl] [py stderr]: ### 경로 IK rot4     [2.485, -2.74, 0.646] -> True  최대변화 0.32 rad (joint5)  q=[2.71, -0.47, 0.02, -2.64, -1.3, 2.18, -0.39]
2026-09-17T06:16:37Z [9,978ms] [Error] [omni.kit.app._impl] [py stderr]: ### 경로 IK rot5     [2.485, -2.736, 0.638] -> True  최대변화 0.27 rad (joint7)  q=[2.7, -0.41, 0.1, -2.68, -1.56, 2.03, -0.12]
2026-09-17T06:16:37Z [9,978ms] [Error] [omni.kit.app._impl] [py stderr]: ### 경로 IK rot6     [2.485, -2.733, 0.63] -> True  최대변화 0.24 rad (joint6)  q=[2.69, -0.29, 0.18, -2.71, -1.75, 1.79, 0.1]
2026-09-17T06:16:37Z [9,978ms] [Error] [omni.kit.app._impl] [py stderr]: ### 경로 IK wedge    [2.485, -2.603, 0.62] -> True  최대변화 0.32 rad (joint3)  q=[2.68, -0.09, -0.14, -2.53, -2.06, 1.94, 0.17]
2026-09-17T06:16:37Z [9,978ms] [Error] [omni.kit.app._impl] [py stderr]: ### 경로 IK back     [2.485, -2.663, 0.62] -> True  최대변화 0.12 rad (joint5)  q=[2.72, -0.18, -0.04, -2.63, -1.94, 1.85, 0.15]
2026-09-17T06:16:37Z [9,978ms] [Error] [omni.kit.app._impl] [py stderr]: ### 경로 IK touch    [2.485, -2.646, 0.616] -> True  최대변화 0.04 rad (joint5)  q=[2.71, -0.15, -0.07, -2.61, -1.98, 1.87, 0.16]
2026-09-17T06:16:37Z [9,978ms] [Error] [omni.kit.app._impl] [py stderr]: ### 경로 IK push     [2.485, -2.563, 0.616] -> True  최대변화 0.16 rad (joint4)  q=[2.65, -0.02, -0.2, -2.45, -2.13, 2.0, 0.2]
2026-09-17T06:16:37Z [9,978ms] [Error] [omni.kit.app._impl] [py stderr]: ### 경로 IK retreat  [2.485, -2.705, 0.616] -> True  최대변화 0.32 rad (joint3)  q=[2.68, -0.22, 0.12, -2.69, -1.84, 1.81, 0.15]
2026-09-17T06:16:37Z [9,985ms] [Error] [omni.kit.app._impl] [py stderr]: ### 계획 운반·손목세우기·끼우기   117점  인접점 최대 관절변화 0.089 rad  
2026-09-17T06:16:37Z [9,985ms] [Error] [omni.kit.app._impl] [py stderr]: ### 계획 뒤로·닿기          15점  인접점 최대 관절변화 0.011 rad  
2026-09-17T06:16:37Z [9,985ms] [Error] [omni.kit.app._impl] [py stderr]: ### 계획 밀기             19점  인접점 최대 관절변화 0.011 rad  
2026-09-17T06:16:37Z [9,985ms] [Error] [omni.kit.app._impl] [py stderr]: ### 계획 후퇴             31점  인접점 최대 관절변화 0.014 rad  
2026-09-17T06:16:37Z [10,024ms] [Warning] [rtx.postprocessing.plugin] DLSS increasing input dimensions: Render resolution of (480, 270) is below minimal input resolution of 300.
2026-09-17T06:16:37Z [10,107ms] [Error] [omni.kit.app._impl] [py stderr]: ### step     0 단계 → move_joint   책원점 [2.067, -3.049, 0.348] 손끝 [3.552, -3.019, 0.844]
2026-09-17T06:16:37Z [10,153ms] [Warning] [omni.syntheticdata.plugin] OgnSdPostRenderVarToHost : rendervar copy from texture directly to host buffer is counter-performant. Please use copy from texture to device buffer first.
2026-09-17T06:16:38Z [10,906ms] [Error] [omni.kit.app._impl] [py stderr]: ### step   256 단계 → idle   책원점 [2.067, -3.05, 0.348] 손끝 [2.899, -3.019, 0.694]
2026-09-17T06:16:38Z [10,910ms] [Error] [omni.kit.app._impl] [py stderr]: ### step   257 단계 → move_joint   책원점 [2.067, -3.05, 0.348] 손끝 [2.899, -3.019, 0.694]
2026-09-17T06:16:39Z [11,829ms] [Error] [omni.kit.app._impl] [py stderr]: ### step   568 단계 → idle   책원점 [2.067, -3.05, 0.348] 손끝 [2.773, -2.999, 0.694]
2026-09-17T06:16:39Z [11,833ms] [Error] [omni.kit.app._impl] [py stderr]: ### step   569 단계 → move_joint   책원점 [2.067, -3.05, 0.348] 손끝 [2.773, -2.999, 0.694]
2026-09-17T06:16:39Z [11,928ms] [Warning] [carb] Client gpu.foundation.plugin has acquired [gpu::unstable::IMemoryBudgetManagerFactory v0.1] 100 times. Consider accessing this interface with carb::getCachedInterface() (Performance warning)
2026-09-17T06:16:39Z [12,308ms] [Error] [omni.kit.app._impl] [py stderr]: ### step   723 단계 → idle   책원점 [2.067, -3.05, 0.348] 손끝 [2.443, -2.931, 0.749]
2026-09-17T06:16:39Z [12,312ms] [Error] [omni.kit.app._impl] [py stderr]: ### step   724 단계 → pick:set_gripper   책원점 [2.067, -3.05, 0.348] 손끝 [2.443, -2.931, 0.749]
2026-09-17T06:16:39Z [12,362ms] [Error] [omni.kit.app._impl] [py stderr]: ### step   741 단계 → pick:move_joint   책원점 [2.067, -3.05, 0.348] 손끝 [2.443, -2.931, 0.749]
2026-09-17T06:16:39Z [12,546ms] [Error] [omni.kit.app._impl] [py stderr]: ### step   804 단계 → pick:down   책원점 [2.067, -3.05, 0.348] 손끝 [2.443, -2.931, 0.544]
2026-09-17T06:16:40Z [12,847ms] [Error] [omni.kit.app._impl] [py stderr]: ### step   904 단계 → pick:set_gripper   책원점 [2.067, -3.05, 0.348] 손끝 [2.443, -2.931, 0.415]
2026-09-17T06:16:40Z [12,933ms] [Error] [omni.kit.app._impl] [py stderr]: ### step   945 단계 → pick:attach   책원점 [2.067, -3.05, 0.347] 손끝 [2.443, -2.931, 0.415]
2026-09-17T06:16:40Z [12,951ms] [Error] [omni.kit.app._impl] [py stderr]: ### 책 고정 조인트 연결
2026-09-17T06:16:40Z [12,960ms] [Error] [omni.kit.app._impl] [py stderr]: ### step   946 단계 → pick:lift   책원점 [2.067, -3.05, 0.347] 손끝 [2.443, -2.931, 0.415]
2026-09-17T06:16:40Z [13,371ms] [Error] [omni.kit.app._impl] [py stderr]: ### step  1076 단계 → idle   책원점 [2.067, -3.05, 0.515] 손끝 [2.443, -2.931, 0.584]
2026-09-17T06:16:40Z [13,385ms] [Error] [omni.kit.app._impl] [py stderr]: ### step  1077 단계 → insert_spine_out:carry_rotate   책원점 [2.067, -3.048, 0.516] 손끝 [2.443, -2.929, 0.585]
2026-09-17T06:16:45Z [18,061ms] [Error] [omni.kit.app._impl] [py stderr]: ### step  1431 단계 → insert_spine_out:wedge   책원점 [2.109, -2.669, 0.509] 손끝 [2.485, -2.733, 0.631]
2026-09-17T06:16:46Z [18,831ms] [Error] [omni.kit.app._impl] [py stderr]: ### step  1490 단계 → insert_spine_out:detach   책원점 [2.109, -2.534, 0.5] 손끝 [2.485, -2.603, 0.62]
2026-09-17T06:16:46Z [18,832ms] [Error] [omni.kit.app._impl] [py stderr]: ### 책 고정 조인트 해제
2026-09-17T06:16:46Z [18,835ms] [Error] [omni.kit.app._impl] [py stderr]: ### step  1491 단계 → insert_spine_out:set_gripper   책원점 [2.11, -2.535, 0.496] 손끝 [2.485, -2.603, 0.62]
2026-09-17T06:16:46Z [18,922ms] [Error] [omni.kit.app._impl] [py stderr]: ### step  1520 단계 → insert_spine_out:wait   책원점 [2.11, -2.535, 0.498] 손끝 [2.485, -2.603, 0.62]
2026-09-17T06:16:46Z [18,981ms] [Error] [omni.kit.app._impl] [py stderr]: ### step  1544 단계 → idle   책원점 [2.11, -2.535, 0.498] 손끝 [2.485, -2.603, 0.62]
2026-09-17T06:16:46Z [18,993ms] [Error] [omni.kit.app._impl] [py stderr]: ### step  1545 단계 → push_spine_out:back   책원점 [2.11, -2.535, 0.498] 손끝 [2.485, -2.605, 0.62]
2026-09-17T06:16:46Z [19,066ms] [Error] [omni.kit.app._impl] [py stderr]: ### step  1570 단계 → push_spine_out:set_gripper   책원점 [2.11, -2.535, 0.498] 손끝 [2.485, -2.661, 0.62]
2026-09-17T06:16:46Z [19,143ms] [Error] [omni.kit.app._impl] [py stderr]: ### step  1602 단계 → push_spine_out:touch   책원점 [2.11, -2.535, 0.498] 손끝 [2.485, -2.661, 0.62]
2026-09-17T06:16:46Z [19,181ms] [Error] [omni.kit.app._impl] [py stderr]: ### step  1612 단계 → push_spine_out:push   책원점 [2.11, -2.532, 0.498] 손끝 [2.485, -2.646, 0.616]
2026-09-17T06:16:46Z [19,452ms] [Error] [omni.kit.app._impl] [py stderr]: ### step  1699 단계 → push_spine_out:wait   책원점 [2.109, -2.443, 0.498] 손끝 [2.485, -2.563, 0.616]
2026-09-17T06:16:46Z [19,504ms] [Error] [omni.kit.app._impl] [py stderr]: ### step  1717 단계 → push_spine_out:retreat   책원점 [2.109, -2.443, 0.498] 손끝 [2.485, -2.563, 0.616]
2026-09-17T06:16:47Z [19,669ms] [Error] [omni.kit.app._impl] [py stderr]: ### step  1771 단계 → idle   책원점 [2.109, -2.443, 0.498] 손끝 [2.485, -2.704, 0.616]
2026-09-17T06:16:47Z [19,673ms] [Error] [omni.kit.app._impl] [py stderr]: ### step  1772 단계 → move_joint   책원점 [2.109, -2.443, 0.498] 손끝 [2.485, -2.704, 0.616]
2026-09-17T06:16:47Z [20,280ms] [Error] [omni.kit.app._impl] [py stderr]: ### step  1987 단계 → idle   책원점 [2.109, -2.443, 0.498] 손끝 [2.443, -2.931, 0.749]
2026-09-17T06:16:47Z [20,280ms] [Error] [omni.kit.app._impl] [py stderr]: ### 시퀀스 완료 step 1987
2026-09-17T06:16:47Z [20,334ms] [Error] [omni.kit.app._impl] [py stderr]: ### 관절 각속도 80% 초과 합계 0스텝
2026-09-17T06:16:47Z [20,334ms] [Error] [omni.kit.app._impl] [py stderr]: ### 구간별 소요(초): 홈 이동 4.27 / 접근 1.33 / 파지 2.37 / 운반·손목세우기 8.07 / 끼우기 0.98 / 놓기·빠지기 1.32 / 밀기 2.45 / 후퇴 0.9 / 복귀 11.33  합계 33.02
2026-09-17T06:16:47Z [20,335ms] [Error] [omni.kit.app._impl] [py stderr]: ### 세워짐 True (높이 0.237) / 깊이 True (0.164) / 책등 y -2.551 (선반 앞 -2.575)
2026-09-17T06:16:47Z [20,335ms] [Error] [omni.kit.app._impl] [py stderr]: ### 결과 success=True 오류코드=0 각속도초과=0 inside_x=True inside_y=True on_floor=True 책AABB=[2.465, -2.551, 0.498, 2.504, -2.388, 0.735]
[21.587s] Simulation App Shutting Down
