[37;1m2026-09-29 01:57:12.169 [31;1m[[37;1mXMLProfileManager[31;1m Error] [37mCould not extract any profile[34;1m -> Function [36mextractProfiles[m
[INFO] [1790614632.367331344] [manipulation_node]: PlaceBook /place_book executor=sim profile=default tray_slots=6 status=/robot/status perception_bridge=True
[INFO] [1790614699.289071289] [manipulation_node]: 베이스 회전 명령 전송 (목표 yaw +0°, 서가 거리 0.444)
[INFO] [1790614703.402469131] [manipulation_node]: 베이스 회전 완료
[INFO] [1790614730.216627771] [manipulation_node]: [스캔캐시] 저장 — 관측 7개 (/World/bookshelves_main/shelf_brown__book_shelf_01)
[INFO] [1790614730.216890570] [manipulation_node]: 빈칸 관측 버림 (서가 밖): (0.794, 2.763, 1.414) 서가 x -0.66~0.66 y 0.41~0.80 z -0.33~2.19
[INFO] [1790614730.217072617] [manipulation_node]: 빈칸 관측 버림 (서가 밖): (-0.780, 0.504, 0.172) 서가 x -0.66~0.66 y 0.41~0.80 z -0.33~2.19
[INFO] [1790614730.217261225] [manipulation_node]: 빈칸 관측 버림 (서가 밖): (-0.781, 0.490, 0.195) 서가 x -0.66~0.66 y 0.41~0.80 z -0.33~2.19
[INFO] [1790614730.217426850] [manipulation_node]: 빈칸 깊이: 관측 y 0.523 → 칸중심 0.623 · 앞면 실측 0.444 → 칸중심 0.544 (차이 +79 mm) — **앞면 쪽을 쓴다** [slot_y_from_shelf_front]
[INFO] [1790614730.217589188] [manipulation_node]: 빈칸 깊이: 관측 y 0.519 → 칸중심 0.619 · 앞면 실측 0.444 → 칸중심 0.544 (차이 +75 mm) — **앞면 쪽을 쓴다** [slot_y_from_shelf_front]
[INFO] [1790614730.217742670] [manipulation_node]: 빈칸 깊이: 관측 y 0.539 → 칸중심 0.638 · 앞면 실측 0.444 → 칸중심 0.544 (차이 +95 mm) — **앞면 쪽을 쓴다** [slot_y_from_shelf_front]
[INFO] [1790614730.218018404] [manipulation_node]: 빈칸 x: 검출 +0.2588 → 실측 빈칸 중심 +0.2733 (+14.5 mm, 빈칸 폭 95.8 mm, 책 두께 35.2 mm, 남는 여유 한쪽 30.3 mm, 판 상대높이 +0.000 m) [slot_x_snap_to_gap]
[INFO] [1790614730.218273820] [manipulation_node]: [배정] 책 35.2 mm → 칸 95.8 mm (여유 합 60.6 mm)
[INFO] [1790614730.218613435] [manipulation_node]: 빈칸 선택: 책 사이 틈 관측 (0.273, 0.523, 0.356) → 칸 중심 y 0.544, z 0.340 (판 높이로 스냅); 꽂기 전 차체를 옆으로 +0.623 m 옮겨 틈을 x -0.35 에 둔다
[INFO] [1790614730.218912103] [manipulation_node]: 빈 슬롯 스캔 완료: (-0.35, 0.5439, 0.3399), 삽입깊이 0.300m
[INFO] [1790614730.221823146] [manipulation_node]: 베이스 회전 명령 전송 (목표 yaw +0°, 서가 거리 0.444)
[INFO] [1790614736.219673474] [manipulation_node]: 베이스 회전 완료
[WARN] [1790614736.320285443] [manipulation_node]: 책 관측이 안 정해진다: 관측 1개가 책 1권에 흩어져 있다 — 가장 많이 본 것도 1개뿐이라 (필요 2) 어느 것이 튄 값인지 알 수 없다 — 더 본다
[WARN] [1790614736.420805447] [manipulation_node]: 책 관측이 안 정해진다: 관측 1개가 책 1권에 흩어져 있다 — 가장 많이 본 것도 1개뿐이라 (필요 2) 어느 것이 튄 값인지 알 수 없다 — 더 본다
[WARN] [1790614736.521313498] [manipulation_node]: 책 관측이 안 정해진다: 관측 1개가 책 1권에 흩어져 있다 — 가장 많이 본 것도 1개뿐이라 (필요 2) 어느 것이 튄 값인지 알 수 없다 — 더 본다
[WARN] [1790614736.621806451] [manipulation_node]: 책 관측이 안 정해진다: 관측 1개가 책 1권에 흩어져 있다 — 가장 많이 본 것도 1개뿐이라 (필요 2) 어느 것이 튄 값인지 알 수 없다 — 더 본다
[WARN] [1790614736.722247785] [manipulation_node]: 책 관측이 안 정해진다: 관측 1개가 책 1권에 흩어져 있다 — 가장 많이 본 것도 1개뿐이라 (필요 2) 어느 것이 튄 값인지 알 수 없다 — 더 본다
[INFO] [1790614736.822900001] [manipulation_node]: 책 좌표 정함 (-0.3568, -0.0040, +0.2104) — 관측 2개 · 책 1권 · 고른 책 2개 (x 흔들림 1 mm) → 축마다 중앙값
[INFO] [1790614736.823464924] [manipulation_node]: 작업 job_11e68a9d921d book=book_003 트레이 칸 0 파지 [-0.3567769011186397, -0.003951811111019214, 0.13452414122300568] (vision) → (-0.35, 0.5438500024676323, 0.3399) 삽입 속도 0.030 m/s
[INFO] [1790614850.378591612] [manipulation_node]: 빈칸 실측이 낡았다 (배치 1회째) — 다음 판은 다시 스캔해야 한다. 트레이 쓴 칸 [0] / 전체 6
[INFO] [1790614850.378845865] [manipulation_node]: PlaceBook 성공 job=job_11e68a9d921d code=0(OK) phase= 배치 확인
[INFO] [1790614850.385337021] [manipulation_node]: 베이스 회전 명령 전송 (목표 yaw +0°, 서가 거리 0.444)
[INFO] [1790614854.914911819] [manipulation_node]: 베이스 회전 완료
[INFO] [1790614854.915244081] [manipulation_node]: [스캔캐시] 후보 — 관측 7개 (/World/bookshelves_main/shelf_brown__book_shelf_01). 팔 스윕 생략, 빈칸만 다시 잰다
[INFO] [1790614859.149660567] [manipulation_node]: [스캔캐시] 사용 — 관측 7개 (/World/bookshelves_main/shelf_brown__book_shelf_01)
[INFO] [1790614859.149964304] [manipulation_node]: 빈칸 관측 버림 (서가 밖): (0.794, 2.763, 1.414) 서가 x -0.66~0.66 y 0.41~0.80 z -0.33~2.19
[INFO] [1790614859.150211895] [manipulation_node]: 빈칸 관측 버림 (서가 밖): (-0.780, 0.504, 0.172) 서가 x -0.66~0.66 y 0.41~0.80 z -0.33~2.19
[INFO] [1790614859.150382279] [manipulation_node]: 빈칸 관측 버림 (서가 밖): (-0.781, 0.490, 0.195) 서가 x -0.66~0.66 y 0.41~0.80 z -0.33~2.19
[INFO] [1790614859.150545679] [manipulation_node]: 빈칸 깊이: 관측 y 0.523 → 칸중심 0.623 · 앞면 실측 0.444 → 칸중심 0.544 (차이 +79 mm) — **앞면 쪽을 쓴다** [slot_y_from_shelf_front]
[INFO] [1790614859.150700964] [manipulation_node]: 빈칸 깊이: 관측 y 0.519 → 칸중심 0.619 · 앞면 실측 0.444 → 칸중심 0.544 (차이 +75 mm) — **앞면 쪽을 쓴다** [slot_y_from_shelf_front]
[INFO] [1790614859.150852663] [manipulation_node]: 빈칸 깊이: 관측 y 0.539 → 칸중심 0.638 · 앞면 실측 0.444 → 칸중심 0.544 (차이 +95 mm) — **앞면 쪽을 쓴다** [slot_y_from_shelf_front]
[WARN] [1790614859.151136031] [manipulation_node]: **판을 옮긴다** — 가리킨 판에 자리가 없다 (들어가는 빈칸이 없다 — 실측 빈칸 3개 중 가장 넓은 것이 33.6 mm 인데 책 두께 35.2 mm 에 양쪽 여유 5.0 mm 씩이면 45.2 mm 가 필요하다). 상대 +0.544 m 판의 81 mm 칸으로 간다 (여유 한쪽 22.7 mm). **높이도 그 판 것으로 바꿔야 한다**  칸 중심 z +0.3399 → +0.8839
[INFO] [1790614859.151420782] [manipulation_node]: 빈칸 x: 검출 +0.2588 → 실측 빈칸 중심 -0.4007 (-659.5 mm, 빈칸 폭 80.5 mm, 책 두께 35.2 mm, 남는 여유 한쪽 22.7 mm, 판 상대높이 +0.544 m) [slot_x_snap_to_gap]
[INFO] [1790614859.151817005] [manipulation_node]: [배정] 책 35.2 mm → 칸 80.5 mm (여유 합 45.3 mm)
[INFO] [1790614859.152096727] [manipulation_node]: 빈칸 선택: 책 사이 틈 관측 (-0.401, 0.523, 0.356) → 칸 중심 y 0.544, z 0.884 (판 높이로 스냅); 꽂기 전 차체를 옆으로 -0.051 m 옮겨 틈을 x -0.35 에 둔다
[INFO] [1790614859.152366730] [manipulation_node]: 빈 슬롯 스캔 완료: (-0.35, 0.5439, 0.8839), 삽입깊이 0.300m
[INFO] [1790614859.155454217] [manipulation_node]: 베이스 회전 명령 전송 (목표 yaw +0°, 서가 거리 0.444)
[INFO] [1790614859.880681980] [manipulation_node]: 베이스 회전 완료
[WARN] [1790614859.981294956] [manipulation_node]: 책 관측이 안 정해진다: 관측 1개가 책 1권에 흩어져 있다 — 가장 많이 본 것도 1개뿐이라 (필요 2) 어느 것이 튄 값인지 알 수 없다 — 더 본다
[WARN] [1790614860.081838239] [manipulation_node]: 책 관측이 안 정해진다: 관측 1개가 책 1권에 흩어져 있다 — 가장 많이 본 것도 1개뿐이라 (필요 2) 어느 것이 튄 값인지 알 수 없다 — 더 본다
[WARN] [1790614860.182594397] [manipulation_node]: 책 관측이 안 정해진다: 관측 1개가 책 1권에 흩어져 있다 — 가장 많이 본 것도 1개뿐이라 (필요 2) 어느 것이 튄 값인지 알 수 없다 — 더 본다
[WARN] [1790614860.283058560] [manipulation_node]: 책 관측이 안 정해진다: 관측 1개가 책 1권에 흩어져 있다 — 가장 많이 본 것도 1개뿐이라 (필요 2) 어느 것이 튄 값인지 알 수 없다 — 더 본다
[WARN] [1790614860.383562819] [manipulation_node]: 책 관측이 안 정해진다: 관측 1개가 책 1권에 흩어져 있다 — 가장 많이 본 것도 1개뿐이라 (필요 2) 어느 것이 튄 값인지 알 수 없다 — 더 본다
[WARN] [1790614860.484159735] [manipulation_node]: 책 관측이 안 정해진다: 관측 1개가 책 1권에 흩어져 있다 — 가장 많이 본 것도 1개뿐이라 (필요 2) 어느 것이 튄 값인지 알 수 없다 — 더 본다
[INFO] [1790614860.584699081] [manipulation_node]: 책 좌표 정함 (-0.3421, -0.1041, +0.2115) — 관측 2개 · 책 1권 · 고른 책 2개 (x 흔들림 0 mm) → 축마다 중앙값
[INFO] [1790614860.585212106] [manipulation_node]: 작업 job_11e68a9d921d book=book_004 트레이 칸 1 파지 [-0.3420943118657761, -0.10413957540244982, 0.1356819766179094] (vision) → (-0.35, 0.5438500024676323, 0.8839) 삽입 속도 0.030 m/s
[INFO] [1790614973.080746708] [manipulation_node]: 빈칸 실측이 낡았다 (배치 2회째) — 다음 판은 다시 스캔해야 한다. 트레이 쓴 칸 [0, 1] / 전체 6
[INFO] [1790614973.081007644] [manipulation_node]: PlaceBook 성공 job=job_11e68a9d921d code=0(OK) phase= 배치 확인
[INFO] [1790614998.651073765] [manipulation_node]: 베이스 회전 명령 전송 (목표 yaw +0°, 서가 거리 0.444)
[INFO] [1790615000.564426617] [manipulation_node]: 베이스 회전 완료
[INFO] [1790615000.564625815] [manipulation_node]: [스캔캐시] 후보 — 관측 7개 (/World/bookshelves_main/shelf_brown__book_shelf_01). 팔 스윕 생략, 빈칸만 다시 잰다
[INFO] [1790615005.453837176] [manipulation_node]: [스캔캐시] 무효 — 서가가 바뀜 /World/bookshelves_main/shelf_brown__book_shelf_01 → /World/bookshelves_main/shelf_brown__book_shelf_11. 스윕한다
[INFO] [1790615028.233434327] [manipulation_node]: [스캔캐시] 저장 — 관측 10개 (/World/bookshelves_main/shelf_brown__book_shelf_11)
[INFO] [1790615028.233681226] [manipulation_node]: 빈칸 관측 버림 (서가 밖): (-0.782, 2.612, 1.382) 서가 x -0.66~0.66 y 0.41~0.80 z -0.33~2.19
[INFO] [1790615028.233883911] [manipulation_node]: 빈칸 깊이: 관측 y 0.551 → 칸중심 0.651 · 앞면 실측 0.444 → 칸중심 0.544 (차이 +107 mm) — **앞면 쪽을 쓴다** [slot_y_from_shelf_front]
[INFO] [1790615028.234102997] [manipulation_node]: 빈칸 깊이: 관측 y 0.543 → 칸중심 0.643 · 앞면 실측 0.444 → 칸중심 0.544 (차이 +99 mm) — **앞면 쪽을 쓴다** [slot_y_from_shelf_front]
[INFO] [1790615028.234260316] [manipulation_node]: 빈칸 깊이: 관측 y 0.612 → 칸중심 0.711 · 앞면 실측 0.444 → 칸중심 0.544 (차이 +168 mm) — **앞면 쪽을 쓴다** [slot_y_from_shelf_front]
[INFO] [1790615028.234416122] [manipulation_node]: 빈칸 깊이: 관측 y 0.548 → 칸중심 0.648 · 앞면 실측 0.444 → 칸중심 0.544 (차이 +104 mm) — **앞면 쪽을 쓴다** [slot_y_from_shelf_front]
[INFO] [1790615028.234590954] [manipulation_node]: 빈칸 관측 버림 (서가 밖): (-0.787, 0.518, 0.170) 서가 x -0.66~0.66 y 0.41~0.80 z -0.33~2.19
[INFO] [1790615028.234746540] [manipulation_node]: 빈칸 깊이: 관측 y 0.491 → 칸중심 0.591 · 앞면 실측 0.444 → 칸중심 0.544 (차이 +47 mm) — **앞면 쪽을 쓴다** [slot_y_from_shelf_front]
[INFO] [1790615028.234927364] [manipulation_node]: 빈칸 깊이: 관측 y 0.489 → 칸중심 0.589 · 앞면 실측 0.444 → 칸중심 0.544 (차이 +45 mm) — **앞면 쪽을 쓴다** [slot_y_from_shelf_front]
[INFO] [1790615028.235141310] [manipulation_node]: 빈칸 깊이: 관측 y 0.502 → 칸중심 0.602 · 앞면 실측 0.444 → 칸중심 0.544 (차이 +58 mm) — **앞면 쪽을 쓴다** [slot_y_from_shelf_front]
[INFO] [1790615028.235384663] [manipulation_node]: 빈칸 깊이: 관측 y 0.502 → 칸중심 0.602 · 앞면 실측 0.444 → 칸중심 0.544 (차이 +58 mm) — **앞면 쪽을 쓴다** [slot_y_from_shelf_front]
[INFO] [1790615028.235684953] [manipulation_node]: 빈칸 x: 검출 -0.0595 → 실측 빈칸 중심 -0.0896 (-30.0 mm, 빈칸 폭 85.9 mm, 책 두께 35.2 mm, 남는 여유 한쪽 25.4 mm, 판 상대높이 +0.000 m) [slot_x_snap_to_gap]
[INFO] [1790615028.235922144] [manipulation_node]: [배정] 책 35.2 mm → 칸 85.9 mm (여유 합 50.7 mm)
[INFO] [1790615028.236180685] [manipulation_node]: 빈칸 선택: 책 사이 틈 관측 (-0.090, 0.502, 0.359) → 칸 중심 y 0.544, z 0.340 (판 높이로 스냅); 꽂기 전 차체를 옆으로 +0.260 m 옮겨 틈을 x -0.35 에 둔다
[INFO] [1790615028.236439707] [manipulation_node]: 빈 슬롯 스캔 완료: (-0.35, 0.5439, 0.3399), 삽입깊이 0.300m
[INFO] [1790615028.239254896] [manipulation_node]: 베이스 회전 명령 전송 (목표 yaw +0°, 서가 거리 0.444)
[INFO] [1790615030.149178860] [manipulation_node]: 베이스 회전 완료
[WARN] [1790615030.750290084] [manipulation_node]: 책 관측이 안 정해진다: 관측 1개가 책 1권에 흩어져 있다 — 가장 많이 본 것도 1개뿐이라 (필요 2) 어느 것이 튄 값인지 알 수 없다 — 더 본다
[WARN] [1790615030.850833853] [manipulation_node]: 책 관측이 안 정해진다: 관측 1개가 책 1권에 흩어져 있다 — 가장 많이 본 것도 1개뿐이라 (필요 2) 어느 것이 튄 값인지 알 수 없다 — 더 본다
[WARN] [1790615030.951268865] [manipulation_node]: 책 관측이 안 정해진다: 관측 1개가 책 1권에 흩어져 있다 — 가장 많이 본 것도 1개뿐이라 (필요 2) 어느 것이 튄 값인지 알 수 없다 — 더 본다
[WARN] [1790615031.051750775] [manipulation_node]: 책 관측이 안 정해진다: 관측 1개가 책 1권에 흩어져 있다 — 가장 많이 본 것도 1개뿐이라 (필요 2) 어느 것이 튄 값인지 알 수 없다 — 더 본다
[WARN] [1790615031.152266180] [manipulation_node]: 책 관측이 안 정해진다: 관측 1개가 책 1권에 흩어져 있다 — 가장 많이 본 것도 1개뿐이라 (필요 2) 어느 것이 튄 값인지 알 수 없다 — 더 본다
[WARN] [1790615031.252772287] [manipulation_node]: 책 관측이 안 정해진다: 관측 1개가 책 1권에 흩어져 있다 — 가장 많이 본 것도 1개뿐이라 (필요 2) 어느 것이 튄 값인지 알 수 없다 — 더 본다
[WARN] [1790615031.353196578] [manipulation_node]: 책 관측이 안 정해진다: 관측 1개가 책 1권에 흩어져 있다 — 가장 많이 본 것도 1개뿐이라 (필요 2) 어느 것이 튄 값인지 알 수 없다 — 더 본다
[WARN] [1790615031.453676095] [manipulation_node]: 책 관측이 안 정해진다: 관측 1개가 책 1권에 흩어져 있다 — 가장 많이 본 것도 1개뿐이라 (필요 2) 어느 것이 튄 값인지 알 수 없다 — 더 본다
[WARN] [1790615031.554295818] [manipulation_node]: 책 관측이 안 정해진다: 관측 1개가 책 1권에 흩어져 있다 — 가장 많이 본 것도 1개뿐이라 (필요 2) 어느 것이 튄 값인지 알 수 없다 — 더 본다
[WARN] [1790615031.654803507] [manipulation_node]: 책 관측이 안 정해진다: 관측 1개가 책 1권에 흩어져 있다 — 가장 많이 본 것도 1개뿐이라 (필요 2) 어느 것이 튄 값인지 알 수 없다 — 더 본다
[INFO] [1790615031.755835153] [manipulation_node]: 책 좌표 정함 (-0.3134, +0.0770, +0.2142) — 관측 2개 · 책 1권 · 고른 책 2개 (x 흔들림 7 mm) → 축마다 중앙값
[INFO] [1790615031.756344892] [manipulation_node]: 작업 job_11e68a9d921d book=book_001 트레이 칸 2 파지 [-0.31338919986896896, 0.07697456925642406, 0.138371016469185] (vision) → (-0.35, 0.5438500024676323, 0.3399) 삽입 속도 0.030 m/s
[INFO] [1790615141.545636084] [manipulation_node]: 빈칸 실측이 낡았다 (배치 3회째) — 다음 판은 다시 스캔해야 한다. 트레이 쓴 칸 [0, 1, 2] / 전체 6
[INFO] [1790615141.545904194] [manipulation_node]: PlaceBook 성공 job=job_11e68a9d921d code=0(OK) phase= 배치 확인
[INFO] [1790615141.551545201] [manipulation_node]: 베이스 회전 명령 전송 (목표 yaw +0°, 서가 거리 0.444)
[INFO] [1790615143.289923466] [manipulation_node]: 베이스 회전 완료
[INFO] [1790615143.290155657] [manipulation_node]: [스캔캐시] 후보 — 관측 10개 (/World/bookshelves_main/shelf_brown__book_shelf_11). 팔 스윕 생략, 빈칸만 다시 잰다
[INFO] [1790615147.522242684] [manipulation_node]: [스캔캐시] 사용 — 관측 10개 (/World/bookshelves_main/shelf_brown__book_shelf_11)
[INFO] [1790615147.522553875] [manipulation_node]: 빈칸 관측 버림 (서가 밖): (-0.782, 2.612, 1.382) 서가 x -0.66~0.66 y 0.41~0.80 z -0.33~2.19
[INFO] [1790615147.522809290] [manipulation_node]: 빈칸 깊이: 관측 y 0.551 → 칸중심 0.651 · 앞면 실측 0.444 → 칸중심 0.544 (차이 +107 mm) — **앞면 쪽을 쓴다** [slot_y_from_shelf_front]
[INFO] [1790615147.523039728] [manipulation_node]: 빈칸 깊이: 관측 y 0.543 → 칸중심 0.643 · 앞면 실측 0.444 → 칸중심 0.544 (차이 +99 mm) — **앞면 쪽을 쓴다** [slot_y_from_shelf_front]
[INFO] [1790615147.523198540] [manipulation_node]: 빈칸 깊이: 관측 y 0.612 → 칸중심 0.711 · 앞면 실측 0.444 → 칸중심 0.544 (차이 +168 mm) — **앞면 쪽을 쓴다** [slot_y_from_shelf_front]
[INFO] [1790615147.523352072] [manipulation_node]: 빈칸 깊이: 관측 y 0.548 → 칸중심 0.648 · 앞면 실측 0.444 → 칸중심 0.544 (차이 +104 mm) — **앞면 쪽을 쓴다** [slot_y_from_shelf_front]
[INFO] [1790615147.523493901] [manipulation_node]: 빈칸 관측 버림 (서가 밖): (-0.787, 0.518, 0.170) 서가 x -0.66~0.66 y 0.41~0.80 z -0.33~2.19
[INFO] [1790615147.523651460] [manipulation_node]: 빈칸 깊이: 관측 y 0.491 → 칸중심 0.591 · 앞면 실측 0.444 → 칸중심 0.544 (차이 +47 mm) — **앞면 쪽을 쓴다** [slot_y_from_shelf_front]
[INFO] [1790615147.523806836] [manipulation_node]: 빈칸 깊이: 관측 y 0.489 → 칸중심 0.589 · 앞면 실측 0.444 → 칸중심 0.544 (차이 +45 mm) — **앞면 쪽을 쓴다** [slot_y_from_shelf_front]
[INFO] [1790615147.523960407] [manipulation_node]: 빈칸 깊이: 관측 y 0.502 → 칸중심 0.602 · 앞면 실측 0.444 → 칸중심 0.544 (차이 +58 mm) — **앞면 쪽을 쓴다** [slot_y_from_shelf_front]
[INFO] [1790615147.524116263] [manipulation_node]: 빈칸 깊이: 관측 y 0.502 → 칸중심 0.602 · 앞면 실측 0.444 → 칸중심 0.544 (차이 +58 mm) — **앞면 쪽을 쓴다** [slot_y_from_shelf_front]
[WARN] [1790615147.524361529] [manipulation_node]: **판을 옮긴다** — 가리킨 판에 자리가 없다 (들어가는 빈칸이 없다 — 실측 빈칸 2개 중 가장 넓은 것이 21.8 mm 인데 책 두께 35.2 mm 에 양쪽 여유 5.0 mm 씩이면 45.2 mm 가 필요하다). 상대 +0.544 m 판의 83 mm 칸으로 간다 (여유 한쪽 23.9 mm). **높이도 그 판 것으로 바꿔야 한다**  칸 중심 z +0.3399 → +0.8839
[INFO] [1790615147.524590514] [manipulation_node]: 빈칸 x: 검출 -0.0595 → 실측 빈칸 중심 +0.1387 (+198.3 mm, 빈칸 폭 82.9 mm, 책 두께 35.2 mm, 남는 여유 한쪽 23.9 mm, 판 상대높이 +0.544 m) [slot_x_snap_to_gap]
[INFO] [1790615147.524829769] [manipulation_node]: [배정] 책 35.2 mm → 칸 82.9 mm (여유 합 47.7 mm)
[INFO] [1790615147.525080135] [manipulation_node]: 빈칸 선택: 책 사이 틈 관측 (0.139, 0.502, 0.359) → 칸 중심 y 0.544, z 0.884 (판 높이로 스냅); 꽂기 전 차체를 옆으로 +0.489 m 옮겨 틈을 x -0.35 에 둔다
[INFO] [1790615147.525395344] [manipulation_node]: 빈 슬롯 스캔 완료: (-0.35, 0.5439, 0.8839), 삽입깊이 0.300m
[INFO] [1790615147.528795834] [manipulation_node]: 베이스 회전 명령 전송 (목표 yaw +0°, 서가 거리 0.444)
[INFO] [1790615150.947857127] [manipulation_node]: 베이스 회전 완료
[WARN] [1790615151.048479837] [manipulation_node]: 책 관측이 안 정해진다: 관측 1개가 책 1권에 흩어져 있다 — 가장 많이 본 것도 1개뿐이라 (필요 2) 어느 것이 튄 값인지 알 수 없다 — 더 본다
[WARN] [1790615151.148990934] [manipulation_node]: 책 관측이 안 정해진다: 관측 1개가 책 1권에 흩어져 있다 — 가장 많이 본 것도 1개뿐이라 (필요 2) 어느 것이 튄 값인지 알 수 없다 — 더 본다
[WARN] [1790615151.249467316] [manipulation_node]: 책 관측이 안 정해진다: 관측 1개가 책 1권에 흩어져 있다 — 가장 많이 본 것도 1개뿐이라 (필요 2) 어느 것이 튄 값인지 알 수 없다 — 더 본다
[WARN] [1790615151.349978513] [manipulation_node]: 책 관측이 안 정해진다: 관측 1개가 책 1권에 흩어져 있다 — 가장 많이 본 것도 1개뿐이라 (필요 2) 어느 것이 튄 값인지 알 수 없다 — 더 본다
[WARN] [1790615151.450423325] [manipulation_node]: 책 관측이 안 정해진다: 관측 1개가 책 1권에 흩어져 있다 — 가장 많이 본 것도 1개뿐이라 (필요 2) 어느 것이 튄 값인지 알 수 없다 — 더 본다
[WARN] [1790615151.550975510] [manipulation_node]: 책 관측이 안 정해진다: 관측 1개가 책 1권에 흩어져 있다 — 가장 많이 본 것도 1개뿐이라 (필요 2) 어느 것이 튄 값인지 알 수 없다 — 더 본다
[WARN] [1790615151.651410132] [manipulation_node]: 책 관측이 안 정해진다: 관측 1개가 책 1권에 흩어져 있다 — 가장 많이 본 것도 1개뿐이라 (필요 2) 어느 것이 튄 값인지 알 수 없다 — 더 본다
[WARN] [1790615151.751882616] [manipulation_node]: 책 관측이 안 정해진다: 관측 1개가 책 1권에 흩어져 있다 — 가장 많이 본 것도 1개뿐이라 (필요 2) 어느 것이 튄 값인지 알 수 없다 — 더 본다
[WARN] [1790615151.852343919] [manipulation_node]: 책 관측이 안 정해진다: 관측 1개가 책 1권에 흩어져 있다 — 가장 많이 본 것도 1개뿐이라 (필요 2) 어느 것이 튄 값인지 알 수 없다 — 더 본다
[WARN] [1790615151.952930480] [manipulation_node]: 책 관측이 안 정해진다: 관측 1개가 책 1권에 흩어져 있다 — 가장 많이 본 것도 1개뿐이라 (필요 2) 어느 것이 튄 값인지 알 수 없다 — 더 본다
[WARN] [1790615152.053424705] [manipulation_node]: 책 관측이 안 정해진다: 관측 1개가 책 1권에 흩어져 있다 — 가장 많이 본 것도 1개뿐이라 (필요 2) 어느 것이 튄 값인지 알 수 없다 — 더 본다
[WARN] [1790615152.153868976] [manipulation_node]: 책 관측이 안 정해진다: 관측 1개가 책 1권에 흩어져 있다 — 가장 많이 본 것도 1개뿐이라 (필요 2) 어느 것이 튄 값인지 알 수 없다 — 더 본다
[WARN] [1790615152.254441550] [manipulation_node]: 책 관측이 안 정해진다: 관측 1개가 책 1권에 흩어져 있다 — 가장 많이 본 것도 1개뿐이라 (필요 2) 어느 것이 튄 값인지 알 수 없다 — 더 본다
[WARN] [1790615152.354886612] [manipulation_node]: 책 관측이 안 정해진다: 관측 1개가 책 1권에 흩어져 있다 — 가장 많이 본 것도 1개뿐이라 (필요 2) 어느 것이 튄 값인지 알 수 없다 — 더 본다
[WARN] [1790615152.455306516] [manipulation_node]: 책 관측이 안 정해진다: 관측 1개가 책 1권에 흩어져 있다 — 가장 많이 본 것도 1개뿐이라 (필요 2) 어느 것이 튄 값인지 알 수 없다 — 더 본다
[INFO] [1790615152.556369331] [manipulation_node]: 책 좌표 정함 (-0.3455, -0.1818, +0.1883) — 관측 2개 · 책 1권 · 고른 책 2개 (x 흔들림 1 mm) → 축마다 중앙값
[INFO] [1790615152.556825408] [manipulation_node]: 작업 job_11e68a9d921d book=book_002 트레이 칸 3 파지 [-0.3454892641547168, -0.1817500300925307, 0.11240584590703381] (vision) → (-0.35, 0.5438500024676323, 0.8839) 삽입 속도 0.030 m/s
[INFO] [1790615261.934817251] [manipulation_node]: 빈칸 실측이 낡았다 (배치 4회째) — 다음 판은 다시 스캔해야 한다. 트레이 쓴 칸 [0, 1, 2, 3] / 전체 6
[INFO] [1790615261.935109826] [manipulation_node]: PlaceBook 성공 job=job_11e68a9d921d code=0(OK) phase= 배치 확인
