[37;1m2026-09-29 02:37:49.841 [31;1m[[37;1mXMLProfileManager[31;1m Error] [37mCould not extract any profile[34;1m -> Function [36mextractProfiles[m
[INFO] [1790617069.894271353] [manipulation_node]: PlaceBook /place_book executor=sim profile=default tray_slots=6 status=/robot/status perception_bridge=True
[INFO] [1790617136.416183310] [manipulation_node]: 베이스 회전 명령 전송 (목표 yaw +0°, 서가 거리 0.444)
[INFO] [1790617140.520914568] [manipulation_node]: 베이스 회전 완료
[INFO] [1790617166.395938458] [manipulation_node]: [스캔캐시] 저장 — 관측 8개 (/World/bookshelves_main/shelf_brown__book_shelf_01)
[INFO] [1790617166.396342069] [manipulation_node]: 빈칸 깊이: 관측 y 0.547 → 칸중심 0.647 · 앞면 실측 0.444 → 칸중심 0.544 (차이 +103 mm) — **앞면 쪽을 쓴다** [slot_y_from_shelf_front]
[INFO] [1790617166.396607347] [manipulation_node]: 빈칸 깊이: 관측 y 0.624 → 칸중심 0.724 · 앞면 실측 0.444 → 칸중심 0.544 (차이 +180 mm) — **앞면 쪽을 쓴다** [slot_y_from_shelf_front]
[INFO] [1790617166.396841725] [manipulation_node]: 빈칸 관측 버림 (서가 밖): (-0.780, 0.504, 0.177) 서가 x -0.66~0.66 y 0.41~0.80 z -0.33~2.19
[INFO] [1790617166.396984338] [manipulation_node]: 빈칸 관측 버림 (서가 밖): (-0.781, 0.485, 0.098) 서가 x -0.66~0.66 y 0.41~0.80 z -0.33~2.19
[INFO] [1790617166.397166947] [manipulation_node]: 빈칸 깊이: 관측 y 0.523 → 칸중심 0.623 · 앞면 실측 0.444 → 칸중심 0.544 (차이 +79 mm) — **앞면 쪽을 쓴다** [slot_y_from_shelf_front]
[INFO] [1790617166.397338245] [manipulation_node]: 빈칸 깊이: 관측 y 0.506 → 칸중심 0.606 · 앞면 실측 0.444 → 칸중심 0.544 (차이 +62 mm) — **앞면 쪽을 쓴다** [slot_y_from_shelf_front]
[INFO] [1790617166.397502609] [manipulation_node]: 빈칸 깊이: 관측 y 0.536 → 칸중심 0.635 · 앞면 실측 0.444 → 칸중심 0.544 (차이 +92 mm) — **앞면 쪽을 쓴다** [slot_y_from_shelf_front]
[INFO] [1790617166.397836367] [manipulation_node]: 빈칸 x: 검출 +0.2588 → 실측 빈칸 중심 +0.2732 (+14.4 mm, 빈칸 폭 95.7 mm, 책 두께 35.2 mm, 남는 여유 한쪽 30.3 mm, 판 상대높이 +0.000 m) [slot_x_snap_to_gap]
[INFO] [1790617166.398090533] [manipulation_node]: [배정] 책 35.2 mm → 칸 95.7 mm (여유 합 60.5 mm)
[INFO] [1790617166.398340061] [manipulation_node]: 빈칸 선택: 책 사이 틈 관측 (0.273, 0.523, 0.356) → 칸 중심 y 0.544, z 0.340 (판 높이로 스냅); 꽂기 전 차체를 옆으로 +0.623 m 옮겨 틈을 x -0.35 에 둔다
[INFO] [1790617166.398596571] [manipulation_node]: 빈 슬롯 스캔 완료: (-0.35, 0.5439, 0.3399), 삽입깊이 0.300m
[INFO] [1790617166.401674698] [manipulation_node]: 베이스 회전 명령 전송 (목표 yaw +0°, 서가 거리 0.444)
[INFO] [1790617172.352112834] [manipulation_node]: 베이스 회전 완료
[WARN] [1790617172.452977077] [manipulation_node]: 책 관측이 안 정해진다: 관측 1개가 책 1권에 흩어져 있다 — 가장 많이 본 것도 1개뿐이라 (필요 2) 어느 것이 튄 값인지 알 수 없다 — 더 본다
[WARN] [1790617172.553480469] [manipulation_node]: 책 관측이 안 정해진다: 관측 1개가 책 1권에 흩어져 있다 — 가장 많이 본 것도 1개뿐이라 (필요 2) 어느 것이 튄 값인지 알 수 없다 — 더 본다
[WARN] [1790617172.654050950] [manipulation_node]: 책 관측이 안 정해진다: 관측 1개가 책 1권에 흩어져 있다 — 가장 많이 본 것도 1개뿐이라 (필요 2) 어느 것이 튄 값인지 알 수 없다 — 더 본다
[WARN] [1790617172.754494949] [manipulation_node]: 책 관측이 안 정해진다: 관측 1개가 책 1권에 흩어져 있다 — 가장 많이 본 것도 1개뿐이라 (필요 2) 어느 것이 튄 값인지 알 수 없다 — 더 본다
[WARN] [1790617172.854922026] [manipulation_node]: 책 관측이 안 정해진다: 관측 1개가 책 1권에 흩어져 있다 — 가장 많이 본 것도 1개뿐이라 (필요 2) 어느 것이 튄 값인지 알 수 없다 — 더 본다
[INFO] [1790617172.955567360] [manipulation_node]: 책 좌표 정함 (-0.3619, -0.0011, +0.2029) — 관측 2개 · 책 1권 · 고른 책 2개 (x 흔들림 0 mm) → 축마다 중앙값
[INFO] [1790617172.956262950] [manipulation_node]: 작업 job_1b5f927831ad book=book_003 트레이 칸 0 파지 [-0.3619143149285522, -0.0010530085328931335, 0.12708665866518554] (vision) → (-0.35, 0.5438500024676323, 0.3399) 삽입 속도 0.030 m/s
[INFO] [1790617285.486918817] [manipulation_node]: 빈칸 실측이 낡았다 (배치 1회째) — 다음 판은 다시 스캔해야 한다. 트레이 쓴 칸 [0] / 전체 6
[INFO] [1790617285.487362797] [manipulation_node]: PlaceBook 성공 job=job_1b5f927831ad code=0(OK) phase= 배치 확인
[INFO] [1790617285.494822869] [manipulation_node]: 베이스 회전 명령 전송 (목표 yaw +0°, 서가 거리 0.444)
[INFO] [1790617289.981897427] [manipulation_node]: 베이스 회전 완료
[INFO] [1790617289.982107834] [manipulation_node]: [스캔캐시] 후보 — 관측 8개 (/World/bookshelves_main/shelf_brown__book_shelf_01). 팔 스윕 생략, 빈칸만 다시 잰다
[INFO] [1790617294.171715271] [manipulation_node]: [스캔캐시] 사용 — 관측 8개 (/World/bookshelves_main/shelf_brown__book_shelf_01)
[INFO] [1790617294.171953672] [manipulation_node]: 빈칸 깊이: 관측 y 0.547 → 칸중심 0.647 · 앞면 실측 0.444 → 칸중심 0.544 (차이 +103 mm) — **앞면 쪽을 쓴다** [slot_y_from_shelf_front]
[INFO] [1790617294.172177756] [manipulation_node]: 빈칸 깊이: 관측 y 0.624 → 칸중심 0.724 · 앞면 실측 0.444 → 칸중심 0.544 (차이 +180 mm) — **앞면 쪽을 쓴다** [slot_y_from_shelf_front]
[INFO] [1790617294.172352764] [manipulation_node]: 빈칸 관측 버림 (서가 밖): (-0.780, 0.504, 0.177) 서가 x -0.66~0.66 y 0.41~0.80 z -0.33~2.19
[INFO] [1790617294.172493026] [manipulation_node]: 빈칸 관측 버림 (서가 밖): (-0.781, 0.485, 0.098) 서가 x -0.66~0.66 y 0.41~0.80 z -0.33~2.19
[INFO] [1790617294.172660580] [manipulation_node]: 빈칸 깊이: 관측 y 0.523 → 칸중심 0.623 · 앞면 실측 0.444 → 칸중심 0.544 (차이 +79 mm) — **앞면 쪽을 쓴다** [slot_y_from_shelf_front]
[INFO] [1790617294.172834397] [manipulation_node]: 빈칸 깊이: 관측 y 0.506 → 칸중심 0.606 · 앞면 실측 0.444 → 칸중심 0.544 (차이 +62 mm) — **앞면 쪽을 쓴다** [slot_y_from_shelf_front]
[INFO] [1790617294.173014285] [manipulation_node]: 빈칸 깊이: 관측 y 0.536 → 칸중심 0.635 · 앞면 실측 0.444 → 칸중심 0.544 (차이 +92 mm) — **앞면 쪽을 쓴다** [slot_y_from_shelf_front]
[WARN] [1790617294.173347460] [manipulation_node]: **판을 옮긴다** — 가리킨 판에 자리가 없다 (들어가는 빈칸이 없다 — 실측 빈칸 3개 중 가장 넓은 것이 32.7 mm 인데 책 두께 35.2 mm 에 양쪽 여유 5.0 mm 씩이면 45.2 mm 가 필요하다). 상대 +0.544 m 판의 81 mm 칸으로 간다 (여유 한쪽 22.7 mm). **높이도 그 판 것으로 바꿔야 한다**  칸 중심 z +0.3399 → +0.8839
[INFO] [1790617294.173631900] [manipulation_node]: 빈칸 x: 검출 +0.2588 → 실측 빈칸 중심 -0.4008 (-659.6 mm, 빈칸 폭 80.6 mm, 책 두께 35.2 mm, 남는 여유 한쪽 22.7 mm, 판 상대높이 +0.544 m) [slot_x_snap_to_gap]
[INFO] [1790617294.173867276] [manipulation_node]: [배정] 책 35.2 mm → 칸 80.6 mm (여유 합 45.4 mm)
[INFO] [1790617294.174127870] [manipulation_node]: 빈칸 선택: 책 사이 틈 관측 (-0.401, 0.523, 0.356) → 칸 중심 y 0.544, z 0.884 (판 높이로 스냅); 꽂기 전 차체를 옆으로 -0.051 m 옮겨 틈을 x -0.35 에 둔다
[INFO] [1790617294.174381331] [manipulation_node]: 빈 슬롯 스캔 완료: (-0.35, 0.5439, 0.8839), 삽입깊이 0.300m
[INFO] [1790617294.177089012] [manipulation_node]: 베이스 회전 명령 전송 (목표 yaw +0°, 서가 거리 0.444)
[INFO] [1790617294.890298910] [manipulation_node]: 베이스 회전 완료
[WARN] [1790617294.990806363] [manipulation_node]: 책 관측이 안 정해진다: 관측 1개가 책 1권에 흩어져 있다 — 가장 많이 본 것도 1개뿐이라 (필요 2) 어느 것이 튄 값인지 알 수 없다 — 더 본다
[WARN] [1790617295.091244419] [manipulation_node]: 책 관측이 안 정해진다: 관측 1개가 책 1권에 흩어져 있다 — 가장 많이 본 것도 1개뿐이라 (필요 2) 어느 것이 튄 값인지 알 수 없다 — 더 본다
[WARN] [1790617295.191814059] [manipulation_node]: 책 관측이 안 정해진다: 관측 1개가 책 1권에 흩어져 있다 — 가장 많이 본 것도 1개뿐이라 (필요 2) 어느 것이 튄 값인지 알 수 없다 — 더 본다
[WARN] [1790617295.292308814] [manipulation_node]: 책 관측이 안 정해진다: 관측 1개가 책 1권에 흩어져 있다 — 가장 많이 본 것도 1개뿐이라 (필요 2) 어느 것이 튄 값인지 알 수 없다 — 더 본다
[WARN] [1790617295.392787047] [manipulation_node]: 책 관측이 안 정해진다: 관측 1개가 책 1권에 흩어져 있다 — 가장 많이 본 것도 1개뿐이라 (필요 2) 어느 것이 튄 값인지 알 수 없다 — 더 본다
[INFO] [1790617295.493344664] [manipulation_node]: 책 좌표 정함 (-0.3448, -0.1022, +0.2042) — 관측 2개 · 책 1권 · 고른 책 2개 (x 흔들림 0 mm) → 축마다 중앙값
[INFO] [1790617295.493907463] [manipulation_node]: 작업 job_1b5f927831ad book=book_004 트레이 칸 1 파지 [-0.3448337474713722, -0.10218306408257934, 0.1283315602526683] (vision) → (-0.35, 0.5438500024676323, 0.8839) 삽입 속도 0.030 m/s
[INFO] [1790617407.750625905] [manipulation_node]: 빈칸 실측이 낡았다 (배치 2회째) — 다음 판은 다시 스캔해야 한다. 트레이 쓴 칸 [0, 1] / 전체 6
[INFO] [1790617407.750976041] [manipulation_node]: PlaceBook 성공 job=job_1b5f927831ad code=0(OK) phase= 배치 확인
[INFO] [1790617433.403930347] [manipulation_node]: 베이스 회전 명령 전송 (목표 yaw +0°, 서가 거리 0.444)
[INFO] [1790617435.301962293] [manipulation_node]: 베이스 회전 완료
[INFO] [1790617435.302245911] [manipulation_node]: [스캔캐시] 후보 — 관측 8개 (/World/bookshelves_main/shelf_brown__book_shelf_01). 팔 스윕 생략, 빈칸만 다시 잰다
[INFO] [1790617440.140822119] [manipulation_node]: [스캔캐시] 무효 — 서가가 바뀜 /World/bookshelves_main/shelf_brown__book_shelf_01 → /World/bookshelves_main/shelf_brown__book_shelf_11. 스윕한다
[INFO] [1790617462.794095049] [manipulation_node]: [스캔캐시] 저장 — 관측 9개 (/World/bookshelves_main/shelf_brown__book_shelf_11)
[INFO] [1790617462.794323861] [manipulation_node]: 빈칸 관측 버림 (서가 밖): (-0.780, 2.612, 1.392) 서가 x -0.66~0.66 y 0.41~0.80 z -0.33~2.19
[INFO] [1790617462.794495672] [manipulation_node]: 빈칸 깊이: 관측 y 0.559 → 칸중심 0.659 · 앞면 실측 0.444 → 칸중심 0.544 (차이 +115 mm) — **앞면 쪽을 쓴다** [slot_y_from_shelf_front]
[INFO] [1790617462.794712551] [manipulation_node]: 빈칸 깊이: 관측 y 0.565 → 칸중심 0.665 · 앞면 실측 0.444 → 칸중심 0.544 (차이 +121 mm) — **앞면 쪽을 쓴다** [slot_y_from_shelf_front]
[INFO] [1790617462.794917496] [manipulation_node]: 빈칸 깊이: 관측 y 0.548 → 칸중심 0.648 · 앞면 실측 0.444 → 칸중심 0.544 (차이 +104 mm) — **앞면 쪽을 쓴다** [slot_y_from_shelf_front]
[INFO] [1790617462.795055633] [manipulation_node]: 빈칸 관측 버림 (서가 밖): (-0.787, 0.518, 0.177) 서가 x -0.66~0.66 y 0.41~0.80 z -0.33~2.19
[INFO] [1790617462.795191695] [manipulation_node]: 빈칸 관측 버림 (서가 밖): (-0.791, 0.492, 0.083) 서가 x -0.66~0.66 y 0.41~0.80 z -0.33~2.19
[INFO] [1790617462.795372223] [manipulation_node]: 빈칸 깊이: 관측 y 0.490 → 칸중심 0.590 · 앞면 실측 0.444 → 칸중심 0.544 (차이 +46 mm) — **앞면 쪽을 쓴다** [slot_y_from_shelf_front]
[INFO] [1790617462.795543794] [manipulation_node]: 빈칸 깊이: 관측 y 0.503 → 칸중심 0.602 · 앞면 실측 0.444 → 칸중심 0.544 (차이 +59 mm) — **앞면 쪽을 쓴다** [slot_y_from_shelf_front]
[INFO] [1790617462.795712670] [manipulation_node]: 빈칸 깊이: 관측 y 0.502 → 칸중심 0.602 · 앞면 실측 0.444 → 칸중심 0.544 (차이 +58 mm) — **앞면 쪽을 쓴다** [slot_y_from_shelf_front]
[INFO] [1790617462.796068076] [manipulation_node]: 빈칸 x: 검출 -0.0597 → 실측 빈칸 중심 -0.0896 (-29.9 mm, 빈칸 폭 86.0 mm, 책 두께 35.2 mm, 남는 여유 한쪽 25.4 mm, 판 상대높이 +0.000 m) [slot_x_snap_to_gap]
[INFO] [1790617462.796310834] [manipulation_node]: [배정] 책 35.2 mm → 칸 86.0 mm (여유 합 50.8 mm)
[INFO] [1790617462.796562510] [manipulation_node]: 빈칸 선택: 책 사이 틈 관측 (-0.090, 0.502, 0.359) → 칸 중심 y 0.544, z 0.340 (판 높이로 스냅); 꽂기 전 차체를 옆으로 +0.260 m 옮겨 틈을 x -0.35 에 둔다
[INFO] [1790617462.796807473] [manipulation_node]: 빈 슬롯 스캔 완료: (-0.35, 0.5439, 0.3399), 삽입깊이 0.300m
[INFO] [1790617462.799542831] [manipulation_node]: 베이스 회전 명령 전송 (목표 yaw +0°, 서가 거리 0.444)
[INFO] [1790617464.694896370] [manipulation_node]: 베이스 회전 완료
[WARN] [1790617464.795442507] [manipulation_node]: 책 관측이 안 정해진다: 관측 1개가 책 1권에 흩어져 있다 — 가장 많이 본 것도 1개뿐이라 (필요 2) 어느 것이 튄 값인지 알 수 없다 — 더 본다
[WARN] [1790617464.895856468] [manipulation_node]: 책 관측이 안 정해진다: 관측 1개가 책 1권에 흩어져 있다 — 가장 많이 본 것도 1개뿐이라 (필요 2) 어느 것이 튄 값인지 알 수 없다 — 더 본다
[WARN] [1790617464.996306429] [manipulation_node]: 책 관측이 안 정해진다: 관측 1개가 책 1권에 흩어져 있다 — 가장 많이 본 것도 1개뿐이라 (필요 2) 어느 것이 튄 값인지 알 수 없다 — 더 본다
[WARN] [1790617465.096738082] [manipulation_node]: 책 관측이 안 정해진다: 관측 1개가 책 1권에 흩어져 있다 — 가장 많이 본 것도 1개뿐이라 (필요 2) 어느 것이 튄 값인지 알 수 없다 — 더 본다
[WARN] [1790617465.197328491] [manipulation_node]: 책 관측이 안 정해진다: 관측 1개가 책 1권에 흩어져 있다 — 가장 많이 본 것도 1개뿐이라 (필요 2) 어느 것이 튄 값인지 알 수 없다 — 더 본다
[INFO] [1790617465.298063820] [manipulation_node]: 책 좌표 정함 (-0.3678, -0.1785, +0.1847) — 관측 2개 · 책 1권 · 고른 책 2개 (x 흔들림 2 mm) → 축마다 중앙값
[INFO] [1790617465.298701039] [manipulation_node]: 작업 job_1b5f927831ad book=book_001 트레이 칸 2 파지 [-0.3677926450131911, -0.1784975957047365, 0.10887502169832691] (vision) → (-0.35, 0.5438500024676323, 0.3399) 삽입 속도 0.030 m/s
[INFO] [1790617577.772961742] [manipulation_node]: 빈칸 실측이 낡았다 (배치 3회째) — 다음 판은 다시 스캔해야 한다. 트레이 쓴 칸 [0, 1, 2] / 전체 6
[INFO] [1790617577.773228867] [manipulation_node]: PlaceBook 성공 job=job_1b5f927831ad code=0(OK) phase= 배치 확인
[INFO] [1790617577.779238514] [manipulation_node]: 베이스 회전 명령 전송 (목표 yaw +0°, 서가 거리 0.444)
[INFO] [1790617579.550274447] [manipulation_node]: 베이스 회전 완료
[INFO] [1790617579.550532514] [manipulation_node]: [스캔캐시] 후보 — 관측 9개 (/World/bookshelves_main/shelf_brown__book_shelf_11). 팔 스윕 생략, 빈칸만 다시 잰다
[INFO] [1790617583.726518697] [manipulation_node]: [스캔캐시] 사용 — 관측 9개 (/World/bookshelves_main/shelf_brown__book_shelf_11)
[INFO] [1790617583.726829516] [manipulation_node]: 빈칸 관측 버림 (서가 밖): (-0.780, 2.612, 1.392) 서가 x -0.66~0.66 y 0.41~0.80 z -0.33~2.19
[INFO] [1790617583.727082433] [manipulation_node]: 빈칸 깊이: 관측 y 0.559 → 칸중심 0.659 · 앞면 실측 0.444 → 칸중심 0.544 (차이 +115 mm) — **앞면 쪽을 쓴다** [slot_y_from_shelf_front]
[INFO] [1790617583.727328227] [manipulation_node]: 빈칸 깊이: 관측 y 0.565 → 칸중심 0.665 · 앞면 실측 0.444 → 칸중심 0.544 (차이 +121 mm) — **앞면 쪽을 쓴다** [slot_y_from_shelf_front]
[INFO] [1790617583.727582527] [manipulation_node]: 빈칸 깊이: 관측 y 0.548 → 칸중심 0.648 · 앞면 실측 0.444 → 칸중심 0.544 (차이 +104 mm) — **앞면 쪽을 쓴다** [slot_y_from_shelf_front]
[INFO] [1790617583.727797501] [manipulation_node]: 빈칸 관측 버림 (서가 밖): (-0.787, 0.518, 0.177) 서가 x -0.66~0.66 y 0.41~0.80 z -0.33~2.19
[INFO] [1790617583.728010771] [manipulation_node]: 빈칸 관측 버림 (서가 밖): (-0.791, 0.492, 0.083) 서가 x -0.66~0.66 y 0.41~0.80 z -0.33~2.19
[INFO] [1790617583.728279920] [manipulation_node]: 빈칸 깊이: 관측 y 0.490 → 칸중심 0.590 · 앞면 실측 0.444 → 칸중심 0.544 (차이 +46 mm) — **앞면 쪽을 쓴다** [slot_y_from_shelf_front]
[INFO] [1790617583.728561442] [manipulation_node]: 빈칸 깊이: 관측 y 0.503 → 칸중심 0.602 · 앞면 실측 0.444 → 칸중심 0.544 (차이 +59 mm) — **앞면 쪽을 쓴다** [slot_y_from_shelf_front]
[INFO] [1790617583.728729265] [manipulation_node]: 빈칸 깊이: 관측 y 0.502 → 칸중심 0.602 · 앞면 실측 0.444 → 칸중심 0.544 (차이 +58 mm) — **앞면 쪽을 쓴다** [slot_y_from_shelf_front]
[WARN] [1790617583.728978826] [manipulation_node]: **판을 옮긴다** — 가리킨 판에 자리가 없다 (들어가는 빈칸이 없다 — 실측 빈칸 2개 중 가장 넓은 것이 24.4 mm 인데 책 두께 35.2 mm 에 양쪽 여유 5.0 mm 씩이면 45.2 mm 가 필요하다). 상대 +0.544 m 판의 83 mm 칸으로 간다 (여유 한쪽 23.9 mm). **높이도 그 판 것으로 바꿔야 한다**  칸 중심 z +0.3399 → +0.8839
[INFO] [1790617583.729200764] [manipulation_node]: 빈칸 x: 검출 -0.0597 → 실측 빈칸 중심 +0.1387 (+198.5 mm, 빈칸 폭 82.9 mm, 책 두께 35.2 mm, 남는 여유 한쪽 23.9 mm, 판 상대높이 +0.544 m) [slot_x_snap_to_gap]
[INFO] [1790617583.729422010] [manipulation_node]: [배정] 책 35.2 mm → 칸 82.9 mm (여유 합 47.7 mm)
[INFO] [1790617583.729676490] [manipulation_node]: 빈칸 선택: 책 사이 틈 관측 (0.139, 0.502, 0.359) → 칸 중심 y 0.544, z 0.884 (판 높이로 스냅); 꽂기 전 차체를 옆으로 +0.489 m 옮겨 틈을 x -0.35 에 둔다
[INFO] [1790617583.729999743] [manipulation_node]: 빈 슬롯 스캔 완료: (-0.35, 0.5439, 0.8839), 삽입깊이 0.300m
[INFO] [1790617583.733374013] [manipulation_node]: 베이스 회전 명령 전송 (목표 yaw +0°, 서가 거리 0.444)
[INFO] [1790617587.124377397] [manipulation_node]: 베이스 회전 완료
[WARN] [1790617587.224995306] [manipulation_node]: 책 관측이 안 정해진다: 관측 1개가 책 1권에 흩어져 있다 — 가장 많이 본 것도 1개뿐이라 (필요 2) 어느 것이 튄 값인지 알 수 없다 — 더 본다
[WARN] [1790617587.325577666] [manipulation_node]: 책 관측이 안 정해진다: 관측 1개가 책 1권에 흩어져 있다 — 가장 많이 본 것도 1개뿐이라 (필요 2) 어느 것이 튄 값인지 알 수 없다 — 더 본다
[WARN] [1790617587.426014996] [manipulation_node]: 책 관측이 안 정해진다: 관측 1개가 책 1권에 흩어져 있다 — 가장 많이 본 것도 1개뿐이라 (필요 2) 어느 것이 튄 값인지 알 수 없다 — 더 본다
[WARN] [1790617587.526448429] [manipulation_node]: 책 관측이 안 정해진다: 관측 1개가 책 1권에 흩어져 있다 — 가장 많이 본 것도 1개뿐이라 (필요 2) 어느 것이 튄 값인지 알 수 없다 — 더 본다
[WARN] [1790617587.626895398] [manipulation_node]: 책 관측이 안 정해진다: 관측 1개가 책 1권에 흩어져 있다 — 가장 많이 본 것도 1개뿐이라 (필요 2) 어느 것이 튄 값인지 알 수 없다 — 더 본다
[INFO] [1790617587.727370762] [manipulation_node]: 책 좌표 정함 (-0.3909, +0.0763, +0.2063) — 관측 2개 · 책 1권 · 고른 책 2개 (x 흔들림 58 mm) → 축마다 중앙값
[INFO] [1790617587.727826841] [manipulation_node]: 작업 job_1b5f927831ad book=book_002 트레이 칸 3 파지 [-0.3908944151260224, 0.0762713622380875, 0.1304185252834068] (vision) → (-0.35, 0.5438500024676323, 0.8839) 삽입 속도 0.030 m/s
[INFO] [1790617706.183168064] [manipulation_node]: 빈칸 실측이 낡았다 (배치 4회째) — 다음 판은 다시 스캔해야 한다. 트레이 쓴 칸 [0, 1, 2, 3] / 전체 6
[INFO] [1790617706.183455297] [manipulation_node]: PlaceBook 성공 job=job_1b5f927831ad code=0(OK) phase= 배치 확인
