[37;1m2026-09-29 06:37:28.864 [31;1m[[37;1mXMLProfileManager[31;1m Error] [37mCould not extract any profile[34;1m -> Function [36mextractProfiles[m
[INFO] [1790631449.042096785] [manipulation_node]: PlaceBook /place_book executor=sim profile=default tray_slots=6 status=/robot/status perception_bridge=True
[INFO] [1790631514.024355730] [manipulation_node]: 베이스 회전 명령 전송 (목표 yaw +0°, 서가 거리 0.444)
[INFO] [1790631517.750674327] [manipulation_node]: 베이스 회전 완료
[INFO] [1790631544.192442287] [manipulation_node]: [스캔캐시] 저장 — 관측 7개 (/World/bookshelves_main/shelf_brown__book_shelf_01)
[INFO] [1790631544.192800824] [manipulation_node]: 빈칸 깊이: 관측 y 0.625 → 칸중심 0.724 · 앞면 실측 0.444 → 칸중심 0.544 (차이 +181 mm) — **앞면 쪽을 쓴다** [slot_y_from_shelf_front]
[INFO] [1790631544.193037146] [manipulation_node]: 빈칸 관측 버림 (서가 밖): (-0.780, 0.503, 0.165) 서가 x -0.66~0.66 y 0.41~0.80 z -0.33~2.19
[INFO] [1790631544.193259101] [manipulation_node]: 빈칸 관측 버림 (서가 밖): (-0.781, 0.489, 0.189) 서가 x -0.66~0.66 y 0.41~0.80 z -0.33~2.19
[INFO] [1790631544.193516584] [manipulation_node]: 빈칸 깊이: 관측 y 0.521 → 칸중심 0.620 · 앞면 실측 0.444 → 칸중심 0.544 (차이 +77 mm) — **앞면 쪽을 쓴다** [slot_y_from_shelf_front]
[INFO] [1790631544.193762394] [manipulation_node]: 빈칸 깊이: 관측 y 0.506 → 칸중심 0.606 · 앞면 실측 0.444 → 칸중심 0.544 (차이 +62 mm) — **앞면 쪽을 쓴다** [slot_y_from_shelf_front]
[INFO] [1790631544.194004036] [manipulation_node]: 빈칸 깊이: 관측 y 0.538 → 칸중심 0.638 · 앞면 실측 0.444 → 칸중심 0.544 (차이 +94 mm) — **앞면 쪽을 쓴다** [slot_y_from_shelf_front]
[INFO] [1790631544.194404373] [manipulation_node]: 빈칸 x: 검출 +0.2596 → 실측 빈칸 중심 +0.2733 (+13.7 mm, 빈칸 폭 95.8 mm, 책 두께 35.2 mm, 남는 여유 한쪽 30.3 mm, 판 상대높이 +0.000 m) [slot_x_snap_to_gap]
[INFO] [1790631544.194792906] [manipulation_node]: [배정] 책 35.2 mm → 칸 95.8 mm (여유 합 60.6 mm)
[INFO] [1790631544.195219282] [manipulation_node]: 빈칸 선택: 책 사이 틈 관측 (0.273, 0.521, 0.358) → 칸 중심 y 0.544, z 0.340 (판 높이로 스냅); 꽂기 전 차체를 옆으로 +0.623 m 옮겨 틈을 x -0.35 에 둔다
[INFO] [1790631544.195590593] [manipulation_node]: 빈 슬롯 스캔 완료: (-0.35, 0.5439, 0.3399), 삽입깊이 0.300m
[INFO] [1790631544.199075554] [manipulation_node]: 베이스 회전 명령 전송 (목표 yaw +0°, 서가 거리 0.444)
[INFO] [1790631549.619602918] [manipulation_node]: 베이스 회전 완료
[WARN] [1790631549.720287988] [manipulation_node]: 책 관측이 안 정해진다: 관측 1개가 책 1권에 흩어져 있다 — 가장 많이 본 것도 1개뿐이라 (필요 2) 어느 것이 튄 값인지 알 수 없다 — 더 본다
[WARN] [1790631549.820924055] [manipulation_node]: 책 관측이 안 정해진다: 관측 1개가 책 1권에 흩어져 있다 — 가장 많이 본 것도 1개뿐이라 (필요 2) 어느 것이 튄 값인지 알 수 없다 — 더 본다
[WARN] [1790631549.921409893] [manipulation_node]: 책 관측이 안 정해진다: 관측 1개가 책 1권에 흩어져 있다 — 가장 많이 본 것도 1개뿐이라 (필요 2) 어느 것이 튄 값인지 알 수 없다 — 더 본다
[WARN] [1790631550.021870884] [manipulation_node]: 책 관측이 안 정해진다: 관측 1개가 책 1권에 흩어져 있다 — 가장 많이 본 것도 1개뿐이라 (필요 2) 어느 것이 튄 값인지 알 수 없다 — 더 본다
[WARN] [1790631550.122319952] [manipulation_node]: 책 관측이 안 정해진다: 관측 1개가 책 1권에 흩어져 있다 — 가장 많이 본 것도 1개뿐이라 (필요 2) 어느 것이 튄 값인지 알 수 없다 — 더 본다
[INFO] [1790631550.222793958] [manipulation_node]: 책 좌표 정함 (-0.3596, -0.0030, +0.2118) — 관측 2개 · 책 1권 · 고른 책 2개 (x 흔들림 4 mm) → 축마다 중앙값
[INFO] [1790631550.223278305] [manipulation_node]: 작업 job_888e360272f4 book=book_003 트레이 칸 0 파지 [-0.35955707930541536, -0.0029801243427865012, 0.13594551634182014] (vision) → (-0.35, 0.5438500024676323, 0.3399) 삽입 속도 0.030 m/s
[INFO] [1790631663.561562555] [manipulation_node]: 빈칸 실측이 낡았다 (배치 1회째) — 다음 판은 다시 스캔해야 한다. 트레이 쓴 칸 [0] / 전체 6
[INFO] [1790631663.561840818] [manipulation_node]: PlaceBook 성공 job=job_888e360272f4 code=0(OK) phase= 배치 확인
[INFO] [1790631663.567910295] [manipulation_node]: 베이스 회전 명령 전송 (목표 yaw +0°, 서가 거리 0.444)
[INFO] [1790631667.750773572] [manipulation_node]: 베이스 회전 완료
[INFO] [1790631667.751006489] [manipulation_node]: [스캔캐시] 후보 — 관측 7개 (/World/bookshelves_main/shelf_brown__book_shelf_01). 팔 스윕 생략, 빈칸만 다시 잰다
[INFO] [1790631671.982000910] [manipulation_node]: [스캔캐시] 사용 — 관측 7개 (/World/bookshelves_main/shelf_brown__book_shelf_01)
[INFO] [1790631671.982240780] [manipulation_node]: 빈칸 깊이: 관측 y 0.625 → 칸중심 0.724 · 앞면 실측 0.444 → 칸중심 0.544 (차이 +181 mm) — **앞면 쪽을 쓴다** [slot_y_from_shelf_front]
[INFO] [1790631671.982387521] [manipulation_node]: 빈칸 관측 버림 (서가 밖): (-0.780, 0.503, 0.165) 서가 x -0.66~0.66 y 0.41~0.80 z -0.33~2.19
[INFO] [1790631671.982591552] [manipulation_node]: 빈칸 관측 버림 (서가 밖): (-0.781, 0.489, 0.189) 서가 x -0.66~0.66 y 0.41~0.80 z -0.33~2.19
[INFO] [1790631671.982779893] [manipulation_node]: 빈칸 깊이: 관측 y 0.521 → 칸중심 0.620 · 앞면 실측 0.444 → 칸중심 0.544 (차이 +77 mm) — **앞면 쪽을 쓴다** [slot_y_from_shelf_front]
[INFO] [1790631671.982935661] [manipulation_node]: 빈칸 깊이: 관측 y 0.506 → 칸중심 0.606 · 앞면 실측 0.444 → 칸중심 0.544 (차이 +62 mm) — **앞면 쪽을 쓴다** [slot_y_from_shelf_front]
[INFO] [1790631671.983087532] [manipulation_node]: 빈칸 깊이: 관측 y 0.538 → 칸중심 0.638 · 앞면 실측 0.444 → 칸중심 0.544 (차이 +94 mm) — **앞면 쪽을 쓴다** [slot_y_from_shelf_front]
[WARN] [1790631671.983378018] [manipulation_node]: **판을 옮긴다** — 가리킨 판에 자리가 없다 (들어가는 빈칸이 없다 — 실측 빈칸 3개 중 가장 넓은 것이 31.8 mm 인데 책 두께 35.2 mm 에 양쪽 여유 5.0 mm 씩이면 45.2 mm 가 필요하다). 상대 +0.544 m 판의 81 mm 칸으로 간다 (여유 한쪽 22.7 mm). **높이도 그 판 것으로 바꿔야 한다**  칸 중심 z +0.3399 → +0.8839
[INFO] [1790631671.983680628] [manipulation_node]: 빈칸 x: 검출 +0.2596 → 실측 빈칸 중심 -0.4007 (-660.4 mm, 빈칸 폭 80.5 mm, 책 두께 35.2 mm, 남는 여유 한쪽 22.7 mm, 판 상대높이 +0.544 m) [slot_x_snap_to_gap]
[INFO] [1790631671.984058913] [manipulation_node]: [배정] 책 35.2 mm → 칸 80.5 mm (여유 합 45.3 mm)
[INFO] [1790631671.984348578] [manipulation_node]: 빈칸 선택: 책 사이 틈 관측 (-0.401, 0.521, 0.358) → 칸 중심 y 0.544, z 0.884 (판 높이로 스냅); 꽂기 전 차체를 옆으로 -0.051 m 옮겨 틈을 x -0.35 에 둔다
[INFO] [1790631671.984628263] [manipulation_node]: 빈 슬롯 스캔 완료: (-0.35, 0.5439, 0.8839), 삽입깊이 0.300m
[INFO] [1790631671.987107834] [manipulation_node]: 베이스 회전 명령 전송 (목표 yaw +0°, 서가 거리 0.444)
[INFO] [1790631672.658515051] [manipulation_node]: 베이스 회전 완료
[WARN] [1790631672.759179906] [manipulation_node]: 책 관측이 안 정해진다: 관측 1개가 책 1권에 흩어져 있다 — 가장 많이 본 것도 1개뿐이라 (필요 2) 어느 것이 튄 값인지 알 수 없다 — 더 본다
[WARN] [1790631672.859726555] [manipulation_node]: 책 관측이 안 정해진다: 관측 1개가 책 1권에 흩어져 있다 — 가장 많이 본 것도 1개뿐이라 (필요 2) 어느 것이 튄 값인지 알 수 없다 — 더 본다
[WARN] [1790631672.960198982] [manipulation_node]: 책 관측이 안 정해진다: 관측 1개가 책 1권에 흩어져 있다 — 가장 많이 본 것도 1개뿐이라 (필요 2) 어느 것이 튄 값인지 알 수 없다 — 더 본다
[WARN] [1790631673.060628847] [manipulation_node]: 책 관측이 안 정해진다: 관측 1개가 책 1권에 흩어져 있다 — 가장 많이 본 것도 1개뿐이라 (필요 2) 어느 것이 튄 값인지 알 수 없다 — 더 본다
[WARN] [1790631673.161063442] [manipulation_node]: 책 관측이 안 정해진다: 관측 1개가 책 1권에 흩어져 있다 — 가장 많이 본 것도 1개뿐이라 (필요 2) 어느 것이 튄 값인지 알 수 없다 — 더 본다
[INFO] [1790631673.261559123] [manipulation_node]: 책 좌표 정함 (-0.3435, -0.1039, +0.2122) — 관측 2개 · 책 1권 · 고른 책 2개 (x 흔들림 0 mm) → 축마다 중앙값
[INFO] [1790631673.262037028] [manipulation_node]: 작업 job_888e360272f4 book=book_004 트레이 칸 1 파지 [-0.3435063915414443, -0.10385357426690335, 0.13637300699558622] (vision) → (-0.35, 0.5438500024676323, 0.8839) 삽입 속도 0.030 m/s
[INFO] [1790631785.251764895] [manipulation_node]: 빈칸 실측이 낡았다 (배치 2회째) — 다음 판은 다시 스캔해야 한다. 트레이 쓴 칸 [0, 1] / 전체 6
[INFO] [1790631785.252065881] [manipulation_node]: PlaceBook 성공 job=job_888e360272f4 code=0(OK) phase= 배치 확인
[INFO] [1790631809.489310506] [manipulation_node]: 베이스 회전 명령 전송 (목표 yaw +0°, 서가 거리 0.444)
[INFO] [1790631811.252951152] [manipulation_node]: 베이스 회전 완료
[INFO] [1790631811.253172726] [manipulation_node]: [스캔캐시] 후보 — 관측 7개 (/World/bookshelves_main/shelf_brown__book_shelf_01). 팔 스윕 생략, 빈칸만 다시 잰다
[INFO] [1790631816.751887680] [manipulation_node]: [스캔캐시] 무효 — 서가가 바뀜 /World/bookshelves_main/shelf_brown__book_shelf_01 → /World/bookshelves_main/shelf_brown__book_shelf_11. 스윕한다
[INFO] [1790631840.504327045] [manipulation_node]: [스캔캐시] 저장 — 관측 8개 (/World/bookshelves_main/shelf_brown__book_shelf_11)
[INFO] [1790631840.504588887] [manipulation_node]: 빈칸 관측 버림 (서가 밖): (-0.780, 2.612, 1.385) 서가 x -0.66~0.66 y 0.41~0.80 z -0.33~2.19
[INFO] [1790631840.504816463] [manipulation_node]: 빈칸 깊이: 관측 y 0.612 → 칸중심 0.712 · 앞면 실측 0.444 → 칸중심 0.544 (차이 +168 mm) — **앞면 쪽을 쓴다** [slot_y_from_shelf_front]
[INFO] [1790631840.504982220] [manipulation_node]: 빈칸 깊이: 관측 y 0.547 → 칸중심 0.647 · 앞면 실측 0.444 → 칸중심 0.544 (차이 +103 mm) — **앞면 쪽을 쓴다** [slot_y_from_shelf_front]
[INFO] [1790631840.505124202] [manipulation_node]: 빈칸 관측 버림 (서가 밖): (-0.786, 0.521, 0.192) 서가 x -0.66~0.66 y 0.41~0.80 z -0.33~2.19
[INFO] [1790631840.505281253] [manipulation_node]: 빈칸 깊이: 관측 y 0.492 → 칸중심 0.592 · 앞면 실측 0.444 → 칸중심 0.544 (차이 +48 mm) — **앞면 쪽을 쓴다** [slot_y_from_shelf_front]
[INFO] [1790631840.505462941] [manipulation_node]: 빈칸 깊이: 관측 y 0.490 → 칸중심 0.590 · 앞면 실측 0.444 → 칸중심 0.544 (차이 +46 mm) — **앞면 쪽을 쓴다** [slot_y_from_shelf_front]
[INFO] [1790631840.505645531] [manipulation_node]: 빈칸 깊이: 관측 y 0.501 → 칸중심 0.601 · 앞면 실측 0.444 → 칸중심 0.544 (차이 +57 mm) — **앞면 쪽을 쓴다** [slot_y_from_shelf_front]
[INFO] [1790631840.505955685] [manipulation_node]: 빈칸 x: 검출 -0.0662 → 실측 빈칸 중심 -0.0896 (-23.4 mm, 빈칸 폭 86.0 mm, 책 두께 35.2 mm, 남는 여유 한쪽 25.4 mm, 판 상대높이 +0.000 m) [slot_x_snap_to_gap]
[INFO] [1790631840.506294413] [manipulation_node]: [배정] 책 35.2 mm → 칸 86.0 mm (여유 합 50.8 mm)
[INFO] [1790631840.506560213] [manipulation_node]: 빈칸 선택: 책 사이 틈 관측 (-0.090, 0.501, 0.357) → 칸 중심 y 0.544, z 0.340 (판 높이로 스냅); 꽂기 전 차체를 옆으로 +0.260 m 옮겨 틈을 x -0.35 에 둔다
[INFO] [1790631840.506822405] [manipulation_node]: 빈 슬롯 스캔 완료: (-0.35, 0.5439, 0.3399), 삽입깊이 0.300m
[INFO] [1790631840.509906442] [manipulation_node]: 베이스 회전 명령 전송 (목표 yaw +0°, 서가 거리 0.444)
[INFO] [1790631842.270832611] [manipulation_node]: 베이스 회전 완료
[WARN] [1790631845.374828537] [manipulation_node]: 책 관측이 안 정해진다: 관측 1개가 책 1권에 흩어져 있다 — 가장 많이 본 것도 1개뿐이라 (필요 2) 어느 것이 튄 값인지 알 수 없다 — 더 본다
[WARN] [1790631845.475270189] [manipulation_node]: 책 관측이 안 정해진다: 관측 1개가 책 1권에 흩어져 있다 — 가장 많이 본 것도 1개뿐이라 (필요 2) 어느 것이 튄 값인지 알 수 없다 — 더 본다
[WARN] [1790631845.575720598] [manipulation_node]: 책 관측이 안 정해진다: 관측 1개가 책 1권에 흩어져 있다 — 가장 많이 본 것도 1개뿐이라 (필요 2) 어느 것이 튄 값인지 알 수 없다 — 더 본다
[WARN] [1790631845.676262202] [manipulation_node]: 책 관측이 안 정해진다: 관측 1개가 책 1권에 흩어져 있다 — 가장 많이 본 것도 1개뿐이라 (필요 2) 어느 것이 튄 값인지 알 수 없다 — 더 본다
[WARN] [1790631845.776761455] [manipulation_node]: 책 관측이 안 정해진다: 관측 1개가 책 1권에 흩어져 있다 — 가장 많이 본 것도 1개뿐이라 (필요 2) 어느 것이 튄 값인지 알 수 없다 — 더 본다
[INFO] [1790631845.877321594] [manipulation_node]: 책 좌표 정함 (-0.3721, -0.1868, +0.1884) — 관측 2개 · 책 1권 · 고른 책 2개 (x 흔들림 2 mm) → 축마다 중앙값
[INFO] [1790631845.877864444] [manipulation_node]: 작업 job_888e360272f4 book=book_001 트레이 칸 2 파지 [-0.37208295294512067, -0.18681744141232096, 0.11256335618345276] (vision) → (-0.35, 0.5438500024676323, 0.3399) 삽입 속도 0.030 m/s
[INFO] [1790631958.088251513] [manipulation_node]: 빈칸 실측이 낡았다 (배치 3회째) — 다음 판은 다시 스캔해야 한다. 트레이 쓴 칸 [0, 1, 2] / 전체 6
[INFO] [1790631958.088517503] [manipulation_node]: PlaceBook 성공 job=job_888e360272f4 code=0(OK) phase= 배치 확인
[INFO] [1790631958.094413464] [manipulation_node]: 베이스 회전 명령 전송 (목표 yaw +0°, 서가 거리 0.444)
[INFO] [1790631959.689492936] [manipulation_node]: 베이스 회전 완료
[INFO] [1790631959.689692027] [manipulation_node]: [스캔캐시] 후보 — 관측 8개 (/World/bookshelves_main/shelf_brown__book_shelf_11). 팔 스윕 생략, 빈칸만 다시 잰다
[INFO] [1790631963.891816049] [manipulation_node]: [스캔캐시] 사용 — 관측 8개 (/World/bookshelves_main/shelf_brown__book_shelf_11)
[INFO] [1790631963.892031662] [manipulation_node]: 빈칸 관측 버림 (서가 밖): (-0.780, 2.612, 1.385) 서가 x -0.66~0.66 y 0.41~0.80 z -0.33~2.19
[INFO] [1790631963.892198873] [manipulation_node]: 빈칸 깊이: 관측 y 0.612 → 칸중심 0.712 · 앞면 실측 0.444 → 칸중심 0.544 (차이 +168 mm) — **앞면 쪽을 쓴다** [slot_y_from_shelf_front]
[INFO] [1790631963.892358589] [manipulation_node]: 빈칸 깊이: 관측 y 0.547 → 칸중심 0.647 · 앞면 실측 0.444 → 칸중심 0.544 (차이 +103 mm) — **앞면 쪽을 쓴다** [slot_y_from_shelf_front]
[INFO] [1790631963.892596584] [manipulation_node]: 빈칸 관측 버림 (서가 밖): (-0.786, 0.521, 0.192) 서가 x -0.66~0.66 y 0.41~0.80 z -0.33~2.19
[INFO] [1790631963.892830112] [manipulation_node]: 빈칸 깊이: 관측 y 0.492 → 칸중심 0.592 · 앞면 실측 0.444 → 칸중심 0.544 (차이 +48 mm) — **앞면 쪽을 쓴다** [slot_y_from_shelf_front]
[INFO] [1790631963.892995849] [manipulation_node]: 빈칸 깊이: 관측 y 0.490 → 칸중심 0.590 · 앞면 실측 0.444 → 칸중심 0.544 (차이 +46 mm) — **앞면 쪽을 쓴다** [slot_y_from_shelf_front]
[INFO] [1790631963.893154683] [manipulation_node]: 빈칸 깊이: 관측 y 0.501 → 칸중심 0.601 · 앞면 실측 0.444 → 칸중심 0.544 (차이 +57 mm) — **앞면 쪽을 쓴다** [slot_y_from_shelf_front]
[WARN] [1790631963.893413669] [manipulation_node]: **판을 옮긴다** — 가리킨 판에 자리가 없다 (들어가는 빈칸이 없다 — 실측 빈칸 2개 중 가장 넓은 것이 23.6 mm 인데 책 두께 35.2 mm 에 양쪽 여유 5.0 mm 씩이면 45.2 mm 가 필요하다). 상대 +0.544 m 판의 83 mm 칸으로 간다 (여유 한쪽 23.9 mm). **높이도 그 판 것으로 바꿔야 한다**  칸 중심 z +0.3399 → +0.8839
[INFO] [1790631963.893683125] [manipulation_node]: 빈칸 x: 검출 -0.0662 → 실측 빈칸 중심 +0.1387 (+205.0 mm, 빈칸 폭 82.9 mm, 책 두께 35.2 mm, 남는 여유 한쪽 23.9 mm, 판 상대높이 +0.544 m) [slot_x_snap_to_gap]
[INFO] [1790631963.893937713] [manipulation_node]: [배정] 책 35.2 mm → 칸 82.9 mm (여유 합 47.7 mm)
[INFO] [1790631963.894275740] [manipulation_node]: 빈칸 선택: 책 사이 틈 관측 (0.139, 0.501, 0.357) → 칸 중심 y 0.544, z 0.884 (판 높이로 스냅); 꽂기 전 차체를 옆으로 +0.489 m 옮겨 틈을 x -0.35 에 둔다
[INFO] [1790631963.894598268] [manipulation_node]: 빈 슬롯 스캔 완료: (-0.35, 0.5439, 0.8839), 삽입깊이 0.300m
[INFO] [1790631963.897456882] [manipulation_node]: 베이스 회전 명령 전송 (목표 yaw +0°, 서가 거리 0.444)
[INFO] [1790631966.889920093] [manipulation_node]: 베이스 회전 완료
[WARN] [1790631968.492123599] [manipulation_node]: 책 관측이 안 정해진다: 관측 1개가 책 1권에 흩어져 있다 — 가장 많이 본 것도 1개뿐이라 (필요 2) 어느 것이 튄 값인지 알 수 없다 — 더 본다
[WARN] [1790631968.592628314] [manipulation_node]: 책 관측이 안 정해진다: 관측 1개가 책 1권에 흩어져 있다 — 가장 많이 본 것도 1개뿐이라 (필요 2) 어느 것이 튄 값인지 알 수 없다 — 더 본다
[WARN] [1790631968.693071250] [manipulation_node]: 책 관측이 안 정해진다: 관측 1개가 책 1권에 흩어져 있다 — 가장 많이 본 것도 1개뿐이라 (필요 2) 어느 것이 튄 값인지 알 수 없다 — 더 본다
[WARN] [1790631968.793513495] [manipulation_node]: 책 관측이 안 정해진다: 관측 1개가 책 1권에 흩어져 있다 — 가장 많이 본 것도 1개뿐이라 (필요 2) 어느 것이 튄 값인지 알 수 없다 — 더 본다
[WARN] [1790631968.894065720] [manipulation_node]: 책 관측이 안 정해진다: 관측 1개가 책 1권에 흩어져 있다 — 가장 많이 본 것도 1개뿐이라 (필요 2) 어느 것이 튄 값인지 알 수 없다 — 더 본다
[WARN] [1790631968.994671788] [manipulation_node]: 책 관측이 안 정해진다: 관측 1개가 책 1권에 흩어져 있다 — 가장 많이 본 것도 1개뿐이라 (필요 2) 어느 것이 튄 값인지 알 수 없다 — 더 본다
[INFO] [1790631969.095312884] [manipulation_node]: 책 좌표 정함 (-0.3433, +0.1512, +0.2128) — 관측 2개 · 책 1권 · 고른 책 2개 (x 흔들림 11 mm) → 축마다 중앙값
[INFO] [1790631969.096014588] [manipulation_node]: 작업 job_888e360272f4 book=book_002 트레이 칸 3 파지 [-0.34331131918308777, 0.15116451487921181, 0.13697500286336492] (vision) → (-0.35, 0.5438500024676323, 0.8839) 삽입 속도 0.030 m/s
[INFO] [1790632087.178032549] [manipulation_node]: 빈칸 실측이 낡았다 (배치 4회째) — 다음 판은 다시 스캔해야 한다. 트레이 쓴 칸 [0, 1, 2, 3] / 전체 6
[INFO] [1790632087.178381007] [manipulation_node]: PlaceBook 성공 job=job_888e360272f4 code=0(OK) phase= 배치 확인
