[37;1m2026-09-29 04:40:52.659 [31;1m[[37;1mXMLProfileManager[31;1m Error] [37mCould not extract any profile[34;1m -> Function [36mextractProfiles[m
[INFO] [1790624452.709215181] [manipulation_node]: PlaceBook /place_book executor=sim profile=default tray_slots=6 status=/robot/status perception_bridge=True
[INFO] [1790624518.693876150] [manipulation_node]: 베이스 회전 명령 전송 (목표 yaw +0°, 서가 거리 0.444)
[INFO] [1790624522.829634703] [manipulation_node]: 베이스 회전 완료
[INFO] [1790624548.119559346] [manipulation_node]: [스캔캐시] 저장 — 관측 7개 (/World/bookshelves_main/shelf_brown__book_shelf_01)
[INFO] [1790624548.119811129] [manipulation_node]: 빈칸 깊이: 관측 y 0.625 → 칸중심 0.724 · 앞면 실측 0.444 → 칸중심 0.544 (차이 +181 mm) — **앞면 쪽을 쓴다** [slot_y_from_shelf_front]
[INFO] [1790624548.119962428] [manipulation_node]: 빈칸 관측 버림 (서가 밖): (-0.781, 0.503, 0.177) 서가 x -0.66~0.66 y 0.41~0.80 z -0.33~2.19
[INFO] [1790624548.120137524] [manipulation_node]: 빈칸 관측 버림 (서가 밖): (-0.782, 0.489, 0.193) 서가 x -0.66~0.66 y 0.41~0.80 z -0.33~2.19
[INFO] [1790624548.120376722] [manipulation_node]: 빈칸 깊이: 관측 y 0.523 → 칸중심 0.623 · 앞면 실측 0.444 → 칸중심 0.544 (차이 +79 mm) — **앞면 쪽을 쓴다** [slot_y_from_shelf_front]
[INFO] [1790624548.120538191] [manipulation_node]: 빈칸 깊이: 관측 y 0.519 → 칸중심 0.619 · 앞면 실측 0.444 → 칸중심 0.544 (차이 +75 mm) — **앞면 쪽을 쓴다** [slot_y_from_shelf_front]
[INFO] [1790624548.120691755] [manipulation_node]: 빈칸 깊이: 관측 y 0.539 → 칸중심 0.638 · 앞면 실측 0.444 → 칸중심 0.544 (차이 +95 mm) — **앞면 쪽을 쓴다** [slot_y_from_shelf_front]
[INFO] [1790624548.121023981] [manipulation_node]: 빈칸 x: 검출 +0.2588 → 실측 빈칸 중심 +0.2733 (+14.5 mm, 빈칸 폭 95.8 mm, 책 두께 35.2 mm, 남는 여유 한쪽 30.3 mm, 판 상대높이 +0.000 m) [slot_x_snap_to_gap]
[INFO] [1790624548.121290652] [manipulation_node]: [배정] 책 35.2 mm → 칸 95.8 mm (여유 합 60.6 mm)
[INFO] [1790624548.121551401] [manipulation_node]: 빈칸 선택: 책 사이 틈 관측 (0.273, 0.523, 0.356) → 칸 중심 y 0.544, z 0.340 (판 높이로 스냅); 꽂기 전 차체를 옆으로 +0.623 m 옮겨 틈을 x -0.35 에 둔다
[INFO] [1790624548.121854161] [manipulation_node]: 빈 슬롯 스캔 완료: (-0.35, 0.5439, 0.3399), 삽입깊이 0.300m
[INFO] [1790624548.125087252] [manipulation_node]: 베이스 회전 명령 전송 (목표 yaw +0°, 서가 거리 0.444)
[INFO] [1790624554.086086492] [manipulation_node]: 베이스 회전 완료
[WARN] [1790624554.186708892] [manipulation_node]: 책 관측이 안 정해진다: 관측 1개가 책 1권에 흩어져 있다 — 가장 많이 본 것도 1개뿐이라 (필요 2) 어느 것이 튄 값인지 알 수 없다 — 더 본다
[WARN] [1790624554.287217503] [manipulation_node]: 책 관측이 안 정해진다: 관측 1개가 책 1권에 흩어져 있다 — 가장 많이 본 것도 1개뿐이라 (필요 2) 어느 것이 튄 값인지 알 수 없다 — 더 본다
[WARN] [1790624554.387780128] [manipulation_node]: 책 관측이 안 정해진다: 관측 1개가 책 1권에 흩어져 있다 — 가장 많이 본 것도 1개뿐이라 (필요 2) 어느 것이 튄 값인지 알 수 없다 — 더 본다
[WARN] [1790624554.488251509] [manipulation_node]: 책 관측이 안 정해진다: 관측 1개가 책 1권에 흩어져 있다 — 가장 많이 본 것도 1개뿐이라 (필요 2) 어느 것이 튄 값인지 알 수 없다 — 더 본다
[WARN] [1790624554.588699774] [manipulation_node]: 책 관측이 안 정해진다: 관측 1개가 책 1권에 흩어져 있다 — 가장 많이 본 것도 1개뿐이라 (필요 2) 어느 것이 튄 값인지 알 수 없다 — 더 본다
[INFO] [1790624554.689206963] [manipulation_node]: 책 좌표 정함 (-0.3568, -0.0032, +0.2104) — 관측 2개 · 책 1권 · 고른 책 2개 (x 흔들림 1 mm) → 축마다 중앙값
[INFO] [1790624554.689727230] [manipulation_node]: 작업 job_7e9b2a93b847 book=book_003 트레이 칸 0 파지 [-0.35677617759595004, -0.0032458417816527904, 0.1345347705660087] (vision) → (-0.35, 0.5438500024676323, 0.3399) 삽입 속도 0.030 m/s
[INFO] [1790624665.853022835] [manipulation_node]: 빈칸 실측이 낡았다 (배치 1회째) — 다음 판은 다시 스캔해야 한다. 트레이 쓴 칸 [0] / 전체 6
[INFO] [1790624665.853396260] [manipulation_node]: PlaceBook 성공 job=job_7e9b2a93b847 code=0(OK) phase= 배치 확인
[INFO] [1790624665.859968896] [manipulation_node]: 베이스 회전 명령 전송 (목표 yaw +0°, 서가 거리 0.444)
[INFO] [1790624670.392780221] [manipulation_node]: 베이스 회전 완료
[INFO] [1790624670.392969414] [manipulation_node]: [스캔캐시] 후보 — 관측 7개 (/World/bookshelves_main/shelf_brown__book_shelf_01). 팔 스윕 생략, 빈칸만 다시 잰다
[INFO] [1790624674.387682322] [manipulation_node]: [스캔캐시] 사용 — 관측 7개 (/World/bookshelves_main/shelf_brown__book_shelf_01)
[INFO] [1790624674.388025769] [manipulation_node]: 빈칸 깊이: 관측 y 0.625 → 칸중심 0.724 · 앞면 실측 0.444 → 칸중심 0.544 (차이 +181 mm) — **앞면 쪽을 쓴다** [slot_y_from_shelf_front]
[INFO] [1790624674.388244007] [manipulation_node]: 빈칸 관측 버림 (서가 밖): (-0.781, 0.503, 0.177) 서가 x -0.66~0.66 y 0.41~0.80 z -0.33~2.19
[INFO] [1790624674.388449100] [manipulation_node]: 빈칸 관측 버림 (서가 밖): (-0.782, 0.489, 0.193) 서가 x -0.66~0.66 y 0.41~0.80 z -0.33~2.19
[INFO] [1790624674.388681345] [manipulation_node]: 빈칸 깊이: 관측 y 0.523 → 칸중심 0.623 · 앞면 실측 0.444 → 칸중심 0.544 (차이 +79 mm) — **앞면 쪽을 쓴다** [slot_y_from_shelf_front]
[INFO] [1790624674.388907889] [manipulation_node]: 빈칸 깊이: 관측 y 0.519 → 칸중심 0.619 · 앞면 실측 0.444 → 칸중심 0.544 (차이 +75 mm) — **앞면 쪽을 쓴다** [slot_y_from_shelf_front]
[INFO] [1790624674.389124002] [manipulation_node]: 빈칸 깊이: 관측 y 0.539 → 칸중심 0.638 · 앞면 실측 0.444 → 칸중심 0.544 (차이 +95 mm) — **앞면 쪽을 쓴다** [slot_y_from_shelf_front]
[WARN] [1790624674.389404309] [manipulation_node]: **판을 옮긴다** — 가리킨 판에 자리가 없다 (들어가는 빈칸이 없다 — 실측 빈칸 3개 중 가장 넓은 것이 32.7 mm 인데 책 두께 35.2 mm 에 양쪽 여유 5.0 mm 씩이면 45.2 mm 가 필요하다). 상대 +0.544 m 판의 81 mm 칸으로 간다 (여유 한쪽 22.7 mm). **높이도 그 판 것으로 바꿔야 한다**  칸 중심 z +0.3399 → +0.8839
[INFO] [1790624674.389681330] [manipulation_node]: 빈칸 x: 검출 +0.2588 → 실측 빈칸 중심 -0.4007 (-659.5 mm, 빈칸 폭 80.5 mm, 책 두께 35.2 mm, 남는 여유 한쪽 22.7 mm, 판 상대높이 +0.544 m) [slot_x_snap_to_gap]
[INFO] [1790624674.389977777] [manipulation_node]: [배정] 책 35.2 mm → 칸 80.5 mm (여유 합 45.3 mm)
[INFO] [1790624674.390309613] [manipulation_node]: 빈칸 선택: 책 사이 틈 관측 (-0.401, 0.523, 0.356) → 칸 중심 y 0.544, z 0.884 (판 높이로 스냅); 꽂기 전 차체를 옆으로 -0.051 m 옮겨 틈을 x -0.35 에 둔다
[INFO] [1790624674.390629275] [manipulation_node]: 빈 슬롯 스캔 완료: (-0.35, 0.5439, 0.8839), 삽입깊이 0.300m
[INFO] [1790624674.393212342] [manipulation_node]: 베이스 회전 명령 전송 (목표 yaw +0°, 서가 거리 0.444)
[INFO] [1790624675.107720698] [manipulation_node]: 베이스 회전 완료
[WARN] [1790624675.208274872] [manipulation_node]: 책 관측이 안 정해진다: 관측 1개가 책 1권에 흩어져 있다 — 가장 많이 본 것도 1개뿐이라 (필요 2) 어느 것이 튄 값인지 알 수 없다 — 더 본다
[WARN] [1790624675.308840379] [manipulation_node]: 책 관측이 안 정해진다: 관측 1개가 책 1권에 흩어져 있다 — 가장 많이 본 것도 1개뿐이라 (필요 2) 어느 것이 튄 값인지 알 수 없다 — 더 본다
[WARN] [1790624675.409320331] [manipulation_node]: 책 관측이 안 정해진다: 관측 1개가 책 1권에 흩어져 있다 — 가장 많이 본 것도 1개뿐이라 (필요 2) 어느 것이 튄 값인지 알 수 없다 — 더 본다
[WARN] [1790624675.509776758] [manipulation_node]: 책 관측이 안 정해진다: 관측 1개가 책 1권에 흩어져 있다 — 가장 많이 본 것도 1개뿐이라 (필요 2) 어느 것이 튄 값인지 알 수 없다 — 더 본다
[WARN] [1790624675.610223387] [manipulation_node]: 책 관측이 안 정해진다: 관측 1개가 책 1권에 흩어져 있다 — 가장 많이 본 것도 1개뿐이라 (필요 2) 어느 것이 튄 값인지 알 수 없다 — 더 본다
[INFO] [1790624675.710899384] [manipulation_node]: 책 좌표 정함 (-0.3456, -0.1041, +0.2115) — 관측 2개 · 책 1권 · 고른 책 2개 (x 흔들림 4 mm) → 축마다 중앙값
[INFO] [1790624675.711583815] [manipulation_node]: 작업 job_7e9b2a93b847 book=book_004 트레이 칸 1 파지 [-0.3456039042460266, -0.10414664187865923, 0.13565917191762936] (vision) → (-0.35, 0.5438500024676323, 0.8839) 삽입 속도 0.030 m/s
[INFO] [1790624786.228453565] [manipulation_node]: 빈칸 실측이 낡았다 (배치 2회째) — 다음 판은 다시 스캔해야 한다. 트레이 쓴 칸 [0, 1] / 전체 6
[INFO] [1790624786.228716649] [manipulation_node]: PlaceBook 성공 job=job_7e9b2a93b847 code=0(OK) phase= 배치 확인
[INFO] [1790624810.899324789] [manipulation_node]: 베이스 회전 명령 전송 (목표 yaw +0°, 서가 거리 0.444)
[INFO] [1790624812.796156135] [manipulation_node]: 베이스 회전 완료
[INFO] [1790624812.796372159] [manipulation_node]: [스캔캐시] 후보 — 관측 7개 (/World/bookshelves_main/shelf_brown__book_shelf_01). 팔 스윕 생략, 빈칸만 다시 잰다
[INFO] [1790624817.455275602] [manipulation_node]: [스캔캐시] 무효 — 서가가 바뀜 /World/bookshelves_main/shelf_brown__book_shelf_01 → /World/bookshelves_main/shelf_brown__book_shelf_11. 스윕한다
[INFO] [1790624839.348327573] [manipulation_node]: [스캔캐시] 저장 — 관측 9개 (/World/bookshelves_main/shelf_brown__book_shelf_11)
[INFO] [1790624839.348667494] [manipulation_node]: 빈칸 관측 버림 (서가 밖): (-0.780, 2.612, 1.385) 서가 x -0.66~0.66 y 0.41~0.80 z -0.33~2.19
[INFO] [1790624839.348943372] [manipulation_node]: 빈칸 깊이: 관측 y 0.542 → 칸중심 0.642 · 앞면 실측 0.444 → 칸중심 0.544 (차이 +98 mm) — **앞면 쪽을 쓴다** [slot_y_from_shelf_front]
[INFO] [1790624839.349215483] [manipulation_node]: 빈칸 깊이: 관측 y 0.615 → 칸중심 0.715 · 앞면 실측 0.444 → 칸중심 0.544 (차이 +171 mm) — **앞면 쪽을 쓴다** [slot_y_from_shelf_front]
[INFO] [1790624839.349482515] [manipulation_node]: 빈칸 깊이: 관측 y 0.547 → 칸중심 0.647 · 앞면 실측 0.444 → 칸중심 0.544 (차이 +103 mm) — **앞면 쪽을 쓴다** [slot_y_from_shelf_front]
[INFO] [1790624839.349714158] [manipulation_node]: 빈칸 관측 버림 (서가 밖): (-0.786, 0.519, 0.180) 서가 x -0.66~0.66 y 0.41~0.80 z -0.33~2.19
[INFO] [1790624839.349966281] [manipulation_node]: 빈칸 깊이: 관측 y 0.491 → 칸중심 0.591 · 앞면 실측 0.444 → 칸중심 0.544 (차이 +47 mm) — **앞면 쪽을 쓴다** [slot_y_from_shelf_front]
[INFO] [1790624839.350156906] [manipulation_node]: 빈칸 깊이: 관측 y 0.490 → 칸중심 0.590 · 앞면 실측 0.444 → 칸중심 0.544 (차이 +46 mm) — **앞면 쪽을 쓴다** [slot_y_from_shelf_front]
[INFO] [1790624839.350339836] [manipulation_node]: 빈칸 깊이: 관측 y 0.503 → 칸중심 0.602 · 앞면 실측 0.444 → 칸중심 0.544 (차이 +59 mm) — **앞면 쪽을 쓴다** [slot_y_from_shelf_front]
[INFO] [1790624839.350495314] [manipulation_node]: 빈칸 깊이: 관측 y 0.502 → 칸중심 0.602 · 앞면 실측 0.444 → 칸중심 0.544 (차이 +58 mm) — **앞면 쪽을 쓴다** [slot_y_from_shelf_front]
[INFO] [1790624839.350763578] [manipulation_node]: 빈칸 x: 검출 -0.0597 → 실측 빈칸 중심 -0.0896 (-29.9 mm, 빈칸 폭 85.9 mm, 책 두께 35.2 mm, 남는 여유 한쪽 25.4 mm, 판 상대높이 +0.000 m) [slot_x_snap_to_gap]
[INFO] [1790624839.351063362] [manipulation_node]: [배정] 책 35.2 mm → 칸 85.9 mm (여유 합 50.7 mm)
[INFO] [1790624839.351336716] [manipulation_node]: 빈칸 선택: 책 사이 틈 관측 (-0.090, 0.502, 0.359) → 칸 중심 y 0.544, z 0.340 (판 높이로 스냅); 꽂기 전 차체를 옆으로 +0.260 m 옮겨 틈을 x -0.35 에 둔다
[INFO] [1790624839.351596083] [manipulation_node]: 빈 슬롯 스캔 완료: (-0.35, 0.5439, 0.3399), 삽입깊이 0.300m
[INFO] [1790624839.354299981] [manipulation_node]: 베이스 회전 명령 전송 (목표 yaw +0°, 서가 거리 0.444)
[INFO] [1790624841.270421145] [manipulation_node]: 베이스 회전 완료
[WARN] [1790624842.872688281] [manipulation_node]: 책 관측이 안 정해진다: 관측 1개가 책 1권에 흩어져 있다 — 가장 많이 본 것도 1개뿐이라 (필요 2) 어느 것이 튄 값인지 알 수 없다 — 더 본다
[WARN] [1790624842.973177197] [manipulation_node]: 책 관측이 안 정해진다: 관측 1개가 책 1권에 흩어져 있다 — 가장 많이 본 것도 1개뿐이라 (필요 2) 어느 것이 튄 값인지 알 수 없다 — 더 본다
[WARN] [1790624843.073709645] [manipulation_node]: 책 관측이 안 정해진다: 관측 1개가 책 1권에 흩어져 있다 — 가장 많이 본 것도 1개뿐이라 (필요 2) 어느 것이 튄 값인지 알 수 없다 — 더 본다
[WARN] [1790624843.174132875] [manipulation_node]: 책 관측이 안 정해진다: 관측 1개가 책 1권에 흩어져 있다 — 가장 많이 본 것도 1개뿐이라 (필요 2) 어느 것이 튄 값인지 알 수 없다 — 더 본다
[WARN] [1790624843.274610619] [manipulation_node]: 책 관측이 안 정해진다: 관측 1개가 책 1권에 흩어져 있다 — 가장 많이 본 것도 1개뿐이라 (필요 2) 어느 것이 튄 값인지 알 수 없다 — 더 본다
[INFO] [1790624843.375176732] [manipulation_node]: 책 좌표 정함 (-0.3566, +0.1599, +0.2111) — 관측 2개 · 책 1권 · 고른 책 2개 (x 흔들림 1 mm) → 축마다 중앙값
[INFO] [1790624843.375700465] [manipulation_node]: 작업 job_7e9b2a93b847 book=book_001 트레이 칸 2 파지 [-0.3566324338343124, 0.15988265778269287, 0.13524408272303787] (vision) → (-0.35, 0.5438500024676323, 0.3399) 삽입 속도 0.030 m/s
[INFO] [1790624948.775317978] [manipulation_node]: 빈칸 실측이 낡았다 (배치 3회째) — 다음 판은 다시 스캔해야 한다. 트레이 쓴 칸 [0, 1, 2] / 전체 6
[INFO] [1790624948.775617361] [manipulation_node]: PlaceBook 성공 job=job_7e9b2a93b847 code=0(OK) phase= 배치 확인
[INFO] [1790624948.781849887] [manipulation_node]: 베이스 회전 명령 전송 (목표 yaw +0°, 서가 거리 0.444)
[INFO] [1790624950.545862181] [manipulation_node]: 베이스 회전 완료
[INFO] [1790624950.546041665] [manipulation_node]: [스캔캐시] 후보 — 관측 9개 (/World/bookshelves_main/shelf_brown__book_shelf_11). 팔 스윕 생략, 빈칸만 다시 잰다
[INFO] [1790624954.577848137] [manipulation_node]: [스캔캐시] 사용 — 관측 9개 (/World/bookshelves_main/shelf_brown__book_shelf_11)
[INFO] [1790624954.578077757] [manipulation_node]: 빈칸 관측 버림 (서가 밖): (-0.780, 2.612, 1.385) 서가 x -0.66~0.66 y 0.41~0.80 z -0.33~2.19
[INFO] [1790624954.578282809] [manipulation_node]: 빈칸 깊이: 관측 y 0.542 → 칸중심 0.642 · 앞면 실측 0.444 → 칸중심 0.544 (차이 +98 mm) — **앞면 쪽을 쓴다** [slot_y_from_shelf_front]
[INFO] [1790624954.578520444] [manipulation_node]: 빈칸 깊이: 관측 y 0.615 → 칸중심 0.715 · 앞면 실측 0.444 → 칸중심 0.544 (차이 +171 mm) — **앞면 쪽을 쓴다** [slot_y_from_shelf_front]
[INFO] [1790624954.578678677] [manipulation_node]: 빈칸 깊이: 관측 y 0.547 → 칸중심 0.647 · 앞면 실측 0.444 → 칸중심 0.544 (차이 +103 mm) — **앞면 쪽을 쓴다** [slot_y_from_shelf_front]
[INFO] [1790624954.578817113] [manipulation_node]: 빈칸 관측 버림 (서가 밖): (-0.786, 0.519, 0.180) 서가 x -0.66~0.66 y 0.41~0.80 z -0.33~2.19
[INFO] [1790624954.578977680] [manipulation_node]: 빈칸 깊이: 관측 y 0.491 → 칸중심 0.591 · 앞면 실측 0.444 → 칸중심 0.544 (차이 +47 mm) — **앞면 쪽을 쓴다** [slot_y_from_shelf_front]
[INFO] [1790624954.579129070] [manipulation_node]: 빈칸 깊이: 관측 y 0.490 → 칸중심 0.590 · 앞면 실측 0.444 → 칸중심 0.544 (차이 +46 mm) — **앞면 쪽을 쓴다** [slot_y_from_shelf_front]
[INFO] [1790624954.579281352] [manipulation_node]: 빈칸 깊이: 관측 y 0.503 → 칸중심 0.602 · 앞면 실측 0.444 → 칸중심 0.544 (차이 +59 mm) — **앞면 쪽을 쓴다** [slot_y_from_shelf_front]
[INFO] [1790624954.579439525] [manipulation_node]: 빈칸 깊이: 관측 y 0.502 → 칸중심 0.602 · 앞면 실측 0.444 → 칸중심 0.544 (차이 +58 mm) — **앞면 쪽을 쓴다** [slot_y_from_shelf_front]
[WARN] [1790624954.579777762] [manipulation_node]: **판을 옮긴다** — 가리킨 판에 자리가 없다 (들어가는 빈칸이 없다 — 실측 빈칸 2개 중 가장 넓은 것이 27.7 mm 인데 책 두께 35.2 mm 에 양쪽 여유 5.0 mm 씩이면 45.2 mm 가 필요하다). 상대 +0.544 m 판의 83 mm 칸으로 간다 (여유 한쪽 23.9 mm). **높이도 그 판 것으로 바꿔야 한다**  칸 중심 z +0.3399 → +0.8839
[INFO] [1790624954.580065613] [manipulation_node]: 빈칸 x: 검출 -0.0597 → 실측 빈칸 중심 +0.1387 (+198.4 mm, 빈칸 폭 82.9 mm, 책 두께 35.2 mm, 남는 여유 한쪽 23.9 mm, 판 상대높이 +0.544 m) [slot_x_snap_to_gap]
[INFO] [1790624954.580353475] [manipulation_node]: [배정] 책 35.2 mm → 칸 82.9 mm (여유 합 47.7 mm)
[INFO] [1790624954.580754783] [manipulation_node]: 빈칸 선택: 책 사이 틈 관측 (0.139, 0.502, 0.359) → 칸 중심 y 0.544, z 0.884 (판 높이로 스냅); 꽂기 전 차체를 옆으로 +0.489 m 옮겨 틈을 x -0.35 에 둔다
[INFO] [1790624954.581167744] [manipulation_node]: 빈 슬롯 스캔 완료: (-0.35, 0.5439, 0.8839), 삽입깊이 0.300m
[INFO] [1790624954.583967145] [manipulation_node]: 베이스 회전 명령 전송 (목표 yaw +0°, 서가 거리 0.444)
[INFO] [1790624958.054074560] [manipulation_node]: 베이스 회전 완료
[WARN] [1790624988.087339064] [manipulation_node]: PlaceBook 실패 job=job_7e9b2a93b847 code=411(NOT_READY) phase=DETECTING_BOOK 책 관측 자세에서 30s 동안 책 좌표 없음
