[demo_env] SIM_LEVEL=/home/bryankim0200/b1_demo_bundle/level_shaded/Final_Level_Shaded_robot.usdc
[demo_env] ROS_DOMAIN_ID=129 · REC_EVERY=0
[꾸러미판] HEAD=5c77c0b  SIM_LEVEL=/home/bryankim0200/b1_demo_bundle/level_collect/Final_Level_Shaded_robot.usdc
책 대체: 저장소 usd_v2 4권
남은 Isaac 종료: 31076
남은 rqt 창 종료:2 개
      (뷰포트 녹화 끔 — REC_EVERY=0)
[1/4] Isaac 시작 (약 3~4분) — 레벨 Final_Level_Shaded_robot.usdc  04:40:22
      준비 대기...
      준비 완료 04:40:52
 [py stderr]: ### 레벨 책 5권을 그대로 쓴다
 [py stderr]: ### 장면 준비: 트레이 칸 6개, 책 5권, 원본 0종
 [py stderr]: ###   팔 베이스 출발 자리 (+4.9850, -5.3071) yaw +90.00° — 돌아왔을 때 여기로 맞춘다
 [py stderr]: ###   루트 출발 자리 (+4.9859, -5.6067) — **복귀는 여기로 간다** (팔 베이스와 0.300 m 다르다)
[2/4] TF·비전·로봇팔·주행·FSM 노드  04:40:52
[3/4] 반납 작업 1건 투입 (25.0s 뒤)  04:41:02
[4/4] 진행 상태 — 검출 좌표·단계 전이를 실시간으로 (같은 내용이 /home/bryankim0200/b1_arm/logs/detections.log 에 남는다)  04:41:02
   04:41:02 [조작] PlaceBook /place_book executor=sim profile=default tray_slots=6 status=/robot/status perception_bridge=True
   04:41:02 [시뮬] 관측 자세 손목(관절 7) -59.2° → +30.8° 로 돌림 [SIM_HOME_J7_DEG=+90] (홈은 그대로)
   04:41:02 [시뮬] 관측 자세 이동 [0.0, 0.0, 0.1] m: 손 [-0.389, 0.079, 0.573] → [-0.389, 0.079, 0.673], 관절 [2.811, -0.514, 0.102, -2.213, 0.051, 1.701, 0.538] → [2.094, -0.576, 0.563, -1.891, 0.3, 1.397, 0.278] (한계 여유 0.873) [SIM_HOME_SHIFT] (홈은
   04:41:28 [FSM] FSM transition completed: PLANNING -> NAV_TO_RETURN
   04:41:28 [FSM] Navigation succeeded: Navigation waypoint is already satisfied in simulation.
   04:41:28 [FSM] FSM transition completed: NAV_TO_RETURN -> RECEIVE_TRAY
   04:41:28 [FSM] FSM transition completed: RECEIVE_TRAY -> SELECT_BOOK
   04:41:28 [FSM] FSM transition completed: SELECT_BOOK -> NAV_TO_SHELF
   04:41:56 [시뮬] [주행] 도착 (-0.548, +1.225)
   04:41:58 [시뮬] [주행] 회전 끝 — **실측** yaw +0.00° (목표 +0.00°)
   04:41:59 [FSM] Navigation succeeded: Navigation completed.
   04:41:59 [FSM] FSM transition completed: NAV_TO_SHELF -> DETECT_TARGET_SLOT
   04:41:59 [조작] 베이스 회전 명령 전송 (목표 yaw +0°, 서가 거리 0.444)
   04:41:59 [시뮬] [주행] 도착 (-0.548, +1.225)
   04:41:59 [시뮬] 서가 앞면 0.443 m → 목표 0.444 m (앞뒤 -0.001), 서가 중심 팔기준 x -0.417 → 옆으로 -0.417: 차체를 0.417 m 옮긴다
   04:42:03 [조작] 베이스 회전 완료
   04:42:03 [시뮬] 서가 앞면 실측 0.444 m (목표 0.444), 서가 x 범위 팔기준 -0.71~+0.71
   04:42:03 [시뮬] [스윕] 시작 자세 q=[2.811, -0.514, 0.102, -2.213, 0.051, 1.701, -1.033]
   04:42:04 [시뮬] [스윕] 판 1.042 (팔기준 z 0.712, 앞면 0.444) 정지점 5/5 여유 0.171 rad 최대변화 0.06 길이 3.95
   04:42:04 [시뮬] [스윕] 판 0.498 (팔기준 z 0.168, 앞면 0.444) 정지점 5/5 여유 0.225 rad 최대변화 0.05 길이 2.52
   04:42:04 [시뮬] 스윕 시작: 판 [1.042, 0.498], 정지점 10개, 정지 1.2s
   04:42:04 [시뮬] [판목록] 레벨 실측 [0.4976, 1.0417, 1.5812, 2.0582, 2.52] · 쓰는 값 [0.497, 0.498, 1.042] · 차이 [-0.3, -0.4, +0.6] mm  (그림자 — 판단은 상수 그대로)
   04:42:10 [비전] ROI 밖 책: (0.024, 0.572, 0.394) @arm_base_link
   04:42:10 [비전] ROI 밖 책: (-0.068, 0.548, 0.396) @arm_base_link
   04:42:10 [비전] ROI 밖 책: (0.063, 0.573, 0.394) @arm_base_link
   04:42:10 [비전] ROI 밖 책: (-0.625, 0.536, 0.833) @arm_base_link
   04:42:10 [비전] ROI 밖 책: (-0.044, 0.528, 0.394) @arm_base_link
   04:42:10 [비전] ROI 밖 책: (-0.202, 0.534, 0.402) @arm_base_link
   04:42:10 [비전] ROI 밖 책: (0.076, 0.532, 0.395) @arm_base_link
   04:42:10 [비전] ROI 밖 책: (-0.094, 0.539, 0.399) @arm_base_link
   04:42:10 [비전] ROI 밖 책: (0.085, 0.535, 0.395) @arm_base_link
   04:42:10 [비전] ROI 밖 책: (0.080, 0.552, 0.394) @arm_base_link
   04:42:10 [비전] ROI 밖 책: (0.107, 0.573, 0.394) @arm_base_link
   04:42:10 [비전] ROI 밖 책 11권 제외 (남은 0권). ROI [-0.4, -0.2, 0.0] ~ [-0.26, 0.4, 0.32] @arm_base_link
   04:42:11 [비전] Empty center pixel=(277, 258), shelf_front_z=1.528m; Depth L/C/R=0.433/6.077/2.623m; center-left=5.644m, center-right=3.454m; contrast=PASS
   04:42:11 [비전] Empty shelf target: xyz=(-0.560, 1.650, 0.916)
   04:42:11 [비전] ROI 밖 책: (0.332, 0.578, 0.382) @arm_base_link
   04:42:11 [비전] ROI 밖 책: (0.066, 0.578, 0.393) @arm_base_link
   04:42:11 [비전] ROI 밖 책: (-0.057, 0.530, 0.395) @arm_base_link
   04:42:11 [비전] ROI 밖 책: (0.023, 0.568, 0.395) @arm_base_link
   04:42:11 [비전] ROI 밖 책: (-0.049, 0.571, 0.394) @arm_base_link
   04:42:11 [비전] ROI 밖 책: (0.318, 0.566, 0.369) @arm_base_link
   04:42:11 [비전] ROI 밖 책: (-0.032, 0.556, 0.394) @arm_base_link
   04:42:11 [비전] ROI 밖 책: (0.098, 0.571, 0.396) @arm_base_link
   04:42:11 [비전] ROI 밖 책 8권 제외 (남은 0권). ROI [-0.4, -0.2, 0.0] ~ [-0.26, 0.4, 0.32] @arm_base_link
   04:42:12 [비전] ROI 밖 책: (0.487, 0.576, 0.392) @arm_base_link
   04:42:12 [비전] ROI 밖 책: (0.369, 0.537, 0.395) @arm_base_link
   04:42:12 [비전] ROI 밖 책: (0.334, 0.551, 0.375) @arm_base_link
   04:42:12 [비전] ROI 밖 책: (0.454, 0.535, 0.394) @arm_base_link
   04:42:12 [비전] ROI 밖 책: (0.420, 0.553, 0.395) @arm_base_link
   04:42:12 [비전] ROI 밖 책: (0.191, 0.566, 0.397) @arm_base_link
   04:42:12 [비전] ROI 밖 책: (0.132, 0.546, 0.393) @arm_base_link
   04:42:12 [비전] ROI 밖 책: (0.391, 0.564, 0.395) @arm_base_link
   04:42:12 [비전] ROI 밖 책: (0.093, 0.535, 0.397) @arm_base_link
   04:42:12 [비전] ROI 밖 책 9권 제외 (남은 0권). ROI [-0.4, -0.2, 0.0] ~ [-0.26, 0.4, 0.32] @arm_base_link
   04:42:13 [비전] ROI 밖 책: (0.499, 0.573, 0.394) @arm_base_link
   04:42:13 [비전] ROI 밖 책: (0.334, 0.540, 0.385) @arm_base_link
   04:42:13 [비전] ROI 밖 책: (0.375, 0.534, 0.396) @arm_base_link
   04:42:13 [비전] ROI 밖 책: (0.422, 0.551, 0.395) @arm_base_link
   04:42:13 [비전] ROI 밖 책: (0.475, 0.537, 0.394) @arm_base_link
   04:42:13 [비전] ROI 밖 책: (0.465, 0.576, 0.394) @arm_base_link
   04:42:13 [비전] ROI 밖 책: (0.179, 0.632, 0.396) @arm_base_link
   04:42:13 [비전] ROI 밖 책 7권 제외 (남은 0권). ROI [-0.4, -0.2, 0.0] ~ [-0.26, 0.4, 0.32] @arm_base_link
   04:42:15 [비전] ROI 밖 책: (0.557, 0.619, 0.394) @arm_base_link
   04:42:15 [비전] ROI 밖 책: (-0.031, 0.578, 0.394) @arm_base_link
   04:42:15 [비전] ROI 밖 책: (0.587, 0.618, 0.395) @arm_base_link
   04:42:15 [비전] ROI 밖 책: (0.210, 0.536, 0.829) @arm_base_link
   04:42:15 [비전] ROI 밖 책: (0.052, 0.576, 0.394) @arm_base_link
   04:42:15 [비전] ROI 밖 책: (0.504, 0.614, 0.392) @arm_base_link
   04:42:15 [비전] ROI 밖 책: (0.609, 0.584, 0.401) @arm_base_link
   04:42:15 [비전] ROI 밖 책: (0.016, 0.575, 0.395) @arm_base_link
   04:42:15 [비전] ROI 밖 책: (0.431, 0.588, 0.394) @arm_base_link
   04:42:15 [비전] ROI 밖 책: (0.386, 0.542, 0.396) @arm_base_link
   04:42:15 [비전] ROI 밖 책: (0.087, 0.580, 0.394) @arm_base_link
   04:42:15 [비전] ROI 밖 책 11권 제외 (남은 0권). ROI [-0.4, -0.2, 0.0] ~ [-0.26, 0.4, 0.32] @arm_base_link
   04:42:15 [비전] Empty center pixel=(286, 550), shelf_front_z=0.618m; Depth L/C/R=0.677/1.387/0.558m; center-left=0.709m, center-right=0.829m; contrast=PASS
   04:42:15 [비전] Empty shelf target: xyz=(0.283, 0.625, 0.344)
   04:42:18 [비전] ROI 밖 책: (-1.031, 0.184, -0.341) @arm_base_link
   04:42:18 [비전] ROI 밖 책: (0.129, 0.509, 0.336) @arm_base_link
   04:42:18 [비전] ROI 밖 책: (-0.246, -0.012, 0.179) @arm_base_link
   04:42:18 [비전] ROI 밖 책: (0.083, 0.506, 0.344) @arm_base_link
   04:42:18 [비전] ROI 밖 책 4권 제외 (남은 1권). ROI [-0.4, -0.2, 0.0] ~ [-0.26, 0.4, 0.32] @arm_base_link
   04:42:18 [비전] Book picked(best): xyz=(-0.364, -0.018, 0.217), center=(309, 592), conf=0.85, depth=patch, yaw=0.000 rad (후보 1권)
   04:42:18 [비전] Empty center pixel=(156, 338), shelf_front_z=0.834m; Depth L/C/R=0.906/1.045/0.762m; center-left=0.138m, center-right=0.283m; contrast=PASS
   04:42:18 [비전] Empty shelf target: xyz=(-0.781, 0.503, 0.177)
   04:42:19 [비전] ROI 밖 책: (0.133, 0.511, 0.337) @arm_base_link
   04:42:19 [비전] ROI 밖 책: (0.172, 0.511, 0.340) @arm_base_link
   04:42:19 [비전] ROI 밖 책 2권 제외 (남은 1권). ROI [-0.4, -0.2, 0.0] ~ [-0.26, 0.4, 0.32] @arm_base_link
   04:42:19 [비전] Book picked(best): xyz=(-0.363, -0.018, 0.215), center=(176, 592), conf=0.85, depth=patch, yaw=0.000 rad (후보 1권)
   04:42:19 [비전] Empty center pixel=(84, 337), shelf_front_z=0.814m; Depth L/C/R=0.867/0.959/0.761m; center-left=0.092m, center-right=0.198m; contrast=PASS
   04:42:19 [비전] Empty shelf target: xyz=(-0.782, 0.489, 0.193)
   04:42:21 [비전] ROI 밖 책: (0.562, 0.186, -0.342) @arm_base_link
   04:42:21 [비전] ROI 밖 책: (0.176, 0.512, 0.339) @arm_base_link
   04:42:21 [비전] ROI 밖 책 2권 제외 (남은 1권). ROI [-0.4, -0.2, 0.0] ~ [-0.26, 0.4, 0.32] @arm_base_link
   04:42:21 [비전] Book picked(best): xyz=(-0.307, -0.026, 0.201), center=(85, 602), conf=0.92, depth=patch, yaw=0.000 rad (후보 1권)
   04:42:21 [비전] Empty center pixel=(432, 275), shelf_front_z=0.734m; Depth L/C/R=0.720/2.025/0.749m; center-left=1.305m, center-right=1.276m; contrast=PASS
   04:42:21 [비전] Empty shelf target: xyz=(0.259, 0.523, 0.356)
   04:42:22 [비전] ROI 밖 책: (0.592, 0.183, -0.341) @arm_base_link
   04:42:22 [비전] ROI 밖 책: (-0.250, 0.075, 0.160) @arm_base_link
   04:42:22 [비전] ROI 밖 책 2권 제외 (남은 1권). ROI [-0.4, -0.2, 0.0] ~ [-0.26, 0.4, 0.32] @arm_base_link
   04:42:22 [비전] Book picked(best): xyz=(-0.289, 0.122, 0.154), center=(60, 496), conf=0.62, depth=patch, yaw=0.000 rad (후보 1권)
   04:42:22 [비전] Empty center pixel=(361, 274), shelf_front_z=0.728m; Depth L/C/R=0.713/2.044/0.743m; center-left=1.331m, center-right=1.301m; contrast=PASS
   04:42:22 [비전] Empty shelf target: xyz=(0.262, 0.519, 0.361)
   04:42:24 [비전] ROI 밖 책: (0.677, 0.183, -0.341) @arm_base_link
   04:42:24 [비전] ROI 밖 책: (-0.319, 0.522, 0.349) @arm_base_link
   04:42:24 [비전] ROI 밖 책: (0.487, 0.520, 0.360) @arm_base_link
   04:42:24 [비전] ROI 밖 책 3권 제외 (남은 0권). ROI [-0.4, -0.2, 0.0] ~ [-0.26, 0.4, 0.32] @arm_base_link
   04:42:24 [비전] Empty center pixel=(294, 273), shelf_front_z=0.748m; Depth L/C/R=0.784/2.052/0.713m; center-left=1.268m, center-right=1.339m; contrast=PASS
   04:42:24 [비전] Empty shelf target: xyz=(0.288, 0.539, 0.352)
   04:42:28 [FSM] Empty slot detected: frame_id=arm_base_link, x=-0.350, y=0.544, z=0.340, confidence=1.00, candidate_count=7
   04:42:28 [FSM] FSM transition completed: DETECT_TARGET_SLOT -> PLACE_BOOK
   04:42:28 [FSM] Book-placement goal was accepted.
   04:42:28 [조작] 빈칸 관측 버림 (서가 밖): (-0.781, 0.503, 0.177) 서가 x -0.66~0.66 y 0.41~0.80 z -0.33~2.19
   04:42:28 [조작] 빈칸 관측 버림 (서가 밖): (-0.782, 0.489, 0.193) 서가 x -0.66~0.66 y 0.41~0.80 z -0.33~2.19
   04:42:28 [조작] 빈칸 선택: 책 사이 틈 관측 (0.273, 0.523, 0.356) → 칸 중심 y 0.544, z 0.340 (판 높이로 스냅); 꽂기 전 차체를 옆으로 +0.623 m 옮겨 틈을 x -0.35 에 둔다
   04:42:28 [조작] 빈 슬롯 스캔 완료: (-0.35, 0.5439, 0.3399), 삽입깊이 0.300m
   04:42:28 [조작] 베이스 회전 명령 전송 (목표 yaw +0°, 서가 거리 0.444)
   04:42:28 [시뮬] 작업 job_7e9b2a93b847:scan SUCCEEDED {'phase': 'scan_done', 'message': '서가 스캔 완료', 'placement_verified': False, 'sim_steps': 2039, 'render_steps': 2039} (24.5s)
   04:42:28 [시뮬] 서가 앞면 0.444 m → 목표 0.444 m (앞뒤 +0.000), 서가 중심 팔기준 x +0.623 → 옆으로 +0.623: 차체를 0.623 m 옮긴다
   04:42:34 [비전] ROI 밖 책: (-0.120, -0.676, -0.341) @arm_base_link
   04:42:34 [비전] ROI 밖 책: (-0.231, 0.505, 0.206) @arm_base_link
   04:42:34 [비전] ROI 밖 책: (0.485, 0.252, -0.341) @arm_base_link
   04:42:34 [비전] ROI 밖 책 3권 제외 (남은 2권). ROI [-0.4, -0.2, 0.0] ~ [-0.26, 0.4, 0.32] @arm_base_link
   04:42:34 [비전] Book picked(best): xyz=(-0.356, -0.006, 0.210), center=(259, 315), conf=0.61, depth=patch, yaw=0.000 rad (후보 2권)
   04:42:34 [조작] 베이스 회전 완료
   04:42:34 [시뮬] 서가 앞면 실측 0.444 m (목표 0.444), 서가 x 범위 팔기준 -1.33~+0.08
   04:42:35 [비전] ROI 밖 책: (-0.129, -0.670, -0.341) @arm_base_link
   04:42:35 [비전] ROI 밖 책: (-0.230, 0.504, 0.205) @arm_base_link
   04:42:35 [비전] ROI 밖 책: (-0.531, 0.505, 0.209) @arm_base_link
   04:42:35 [비전] ROI 밖 책 3권 제외 (남은 2권). ROI [-0.4, -0.2, 0.0] ~ [-0.26, 0.4, 0.32] @arm_base_link
   04:42:35 [비전] Book picked(best): xyz=(-0.357, -0.000, 0.210), center=(263, 314), conf=0.71, depth=patch, yaw=0.000 rad (후보 2권)
   04:42:35 [조작] 책 좌표 정함 (-0.3568, -0.0032, +0.2104) — 관측 2개 · 책 1권 · 고른 책 2개 (x 흔들림 1 mm) → 축마다 중앙값
   04:42:35 [조작] 작업 job_7e9b2a93b847 book=book_003 트레이 칸 0 파지 [-0.35677617759595004, -0.0032458417816527904, 0.1345347705660087] (vision) → (-0.35, 0.5438500024676323, 0.3399) 삽입 속도 0.030 m/s
   04:42:45 [시뮬] [JUDGE] 손 안 어긋남(406) **판별불가** — 키네마틱 파지는 매 스텝 책을 손에 맞춰 다시 써 넣는다. 이 신호는 마찰 파지(SIM_GRASP_KINEMATIC=0)에서만 의미가 있다
   04:42:51 [시뮬] [JUDGE] rise=16.9cm(ok) width=13.6mm = 지령 13.6mm (책 반두께 17.6) → **판별불가** [키네마틱 파지라 빈손이어도 같은 값이 나온다]
   04:44:26 [FSM] FSM transition completed: PLACE_BOOK -> UPDATE_DATA
   04:44:26 [FSM] FSM transition completed: UPDATE_DATA -> NEXT_BOOK
   04:44:26 [FSM] FSM transition completed: NEXT_BOOK -> SELECT_BOOK
   04:44:26 [FSM] FSM transition completed: SELECT_BOOK -> NAV_TO_SHELF
   04:44:26 [FSM] Navigation succeeded: Navigation waypoint is already satisfied in simulation.
   04:44:26 [FSM] FSM transition completed: NAV_TO_SHELF -> DETECT_TARGET_SLOT
   04:44:26 [조작] PlaceBook 성공 job=job_7e9b2a93b847 code=0(OK) phase= 배치 확인
   04:44:26 [조작] 베이스 회전 명령 전송 (목표 yaw +0°, 서가 거리 0.444)
   04:44:26 [시뮬] [JUDGE] width_hold=판별불가[키네마틱] (13.6 → 최소 13.6 mm, 한쪽 기준)
   04:44:26 [시뮬] 작업 job_7e9b2a93b847 SUCCEEDED {'phase': 'verify', 'message': '배치 확인', 'placement_verified': True, 'checks': {'upright': True, 'depth': True, 'spine': True, 'x': True, 'floor': True, 'skew': True, 'no_jam': True}, 'fallen
   04:44:26 [시뮬] 서가 앞면 0.444 m → 목표 0.444 m (앞뒤 +0.000), 서가 중심 팔기준 x -0.623 → 옆으로 -0.623: 차체를 0.623 m 옮긴다
   04:44:31 [조작] 베이스 회전 완료
   04:44:31 [시뮬] 서가 앞면 실측 0.444 m (목표 0.444), 서가 x 범위 팔기준 -0.71~+0.71
   04:44:31 [시뮬] [재측정] 스윕 없이 빈칸만 다시 재고 관측 자세로 돌아간다 — 서가 /World/bookshelves_main/shelf_brown__book_shelf_01 · 판 [1.042, 0.498] · 빈칸 4개 · 관측 자세까지 Δ최대 1.311 rad
   04:44:35 [FSM] Empty slot detected: frame_id=arm_base_link, x=-0.350, y=0.544, z=0.884, confidence=1.00, candidate_count=7
   04:44:35 [FSM] FSM transition completed: DETECT_TARGET_SLOT -> PLACE_BOOK
   04:44:35 [FSM] Book-placement goal was accepted.
   04:44:35 [비전] ROI 밖 책: (-0.104, -0.708, -0.341) @arm_base_link
   04:44:35 [비전] ROI 밖 책 1권 제외 (남은 1권). ROI [-0.4, -0.2, 0.0] ~ [-0.26, 0.4, 0.32] @arm_base_link
   04:44:35 [비전] Book picked(best): xyz=(-0.348, -0.104, 0.212), center=(189, 321), conf=0.61, depth=patch, yaw=0.000 rad (후보 1권)
   04:44:35 [조작] 빈칸 관측 버림 (서가 밖): (-0.781, 0.503, 0.177) 서가 x -0.66~0.66 y 0.41~0.80 z -0.33~2.19
   04:44:35 [조작] 빈칸 관측 버림 (서가 밖): (-0.782, 0.489, 0.193) 서가 x -0.66~0.66 y 0.41~0.80 z -0.33~2.19
   04:44:35 [조작] 빈칸 선택: 책 사이 틈 관측 (-0.401, 0.523, 0.356) → 칸 중심 y 0.544, z 0.884 (판 높이로 스냅); 꽂기 전 차체를 옆으로 -0.051 m 옮겨 틈을 x -0.35 에 둔다
   04:44:35 [조작] 빈 슬롯 스캔 완료: (-0.35, 0.5439, 0.8839), 삽입깊이 0.300m
   04:44:35 [조작] 베이스 회전 명령 전송 (목표 yaw +0°, 서가 거리 0.444)
   04:44:35 [조작] 베이스 회전 완료
   04:44:35 [시뮬] 작업 job_7e9b2a93b847:scan SUCCEEDED {'phase': 'scan_done', 'message': '서가 스캔 완료', 'placement_verified': False, 'sim_steps': 324, 'render_steps': 324} (4.0s)
   04:44:35 [시뮬] 서가 앞면 0.444 m → 목표 0.444 m (앞뒤 +0.000), 서가 중심 팔기준 x -0.051 → 옆으로 -0.051: 차체를 0.051 m 옮긴다
   04:44:35 [시뮬] 서가 앞면 실측 0.444 m (목표 0.444), 서가 x 범위 팔기준 -0.66~+0.76
   04:44:36 [비전] ROI 밖 책: (-0.111, -0.689, -0.341) @arm_base_link
   04:44:36 [비전] ROI 밖 책 1권 제외 (남은 1권). ROI [-0.4, -0.2, 0.0] ~ [-0.26, 0.4, 0.32] @arm_base_link
   04:44:36 [비전] Book picked(best): xyz=(-0.343, -0.104, 0.212), center=(189, 324), conf=0.63, depth=patch, yaw=0.000 rad (후보 1권)
   04:44:36 [조작] 책 좌표 정함 (-0.3456, -0.1041, +0.2115) — 관측 2개 · 책 1권 · 고른 책 2개 (x 흔들림 4 mm) → 축마다 중앙값
   04:44:36 [조작] 작업 job_7e9b2a93b847 book=book_004 트레이 칸 1 파지 [-0.3456039042460266, -0.10414664187865923, 0.13565917191762936] (vision) → (-0.35, 0.5438500024676323, 0.8839) 삽입 속도 0.030 m/s
   04:44:47 [시뮬] [JUDGE] 손 안 어긋남(406) **판별불가** — 키네마틱 파지는 매 스텝 책을 손에 맞춰 다시 써 넣는다. 이 신호는 마찰 파지(SIM_GRASP_KINEMATIC=0)에서만 의미가 있다
   04:44:53 [시뮬] [JUDGE] rise=16.9cm(ok) width=17.6mm = 지령 17.6mm (책 반두께 21.6) → **판별불가** [키네마틱 파지라 빈손이어도 같은 값이 나온다]
   04:46:26 [FSM] FSM transition completed: PLACE_BOOK -> UPDATE_DATA
   04:46:26 [FSM] FSM transition completed: UPDATE_DATA -> NEXT_BOOK
   04:46:26 [FSM] FSM transition completed: NEXT_BOOK -> SELECT_BOOK
   04:46:26 [FSM] FSM transition completed: SELECT_BOOK -> NAV_TO_SHELF
   04:46:26 [조작] PlaceBook 성공 job=job_7e9b2a93b847 code=0(OK) phase= 배치 확인
   04:46:26 [시뮬] [JUDGE] width_hold=판별불가[키네마틱] (17.6 → 최소 17.6 mm, 한쪽 기준)
   04:46:26 [시뮬] 작업 job_7e9b2a93b847 SUCCEEDED {'phase': 'verify', 'message': '배치 확인', 'placement_verified': True, 'checks': {'upright': True, 'depth': True, 'spine': True, 'x': True, 'floor': True, 'skew': True, 'no_jam': True}, 'fallen
   04:46:48 [시뮬] [주행] 도착 (+2.535, -3.019)
   04:46:50 [시뮬] [주행] 회전 끝 — **실측** yaw +0.00° (목표 +0.00°)
   04:46:51 [FSM] Navigation succeeded: Navigation completed.
   04:46:51 [FSM] FSM transition completed: NAV_TO_SHELF -> DETECT_TARGET_SLOT
   04:46:51 [조작] 베이스 회전 명령 전송 (목표 yaw +0°, 서가 거리 0.444)
   04:46:51 [시뮬] [주행] 도착 (+2.535, -3.019)
   04:46:51 [시뮬] 서가 앞면 0.443 m → 목표 0.444 m (앞뒤 -0.001), 서가 중심 팔기준 x -0.261 → 옆으로 -0.261: 차체를 0.261 m 옮긴다
   04:46:53 [조작] 베이스 회전 완료
   04:46:53 [시뮬] 서가 앞면 실측 0.444 m (목표 0.444), 서가 x 범위 팔기준 -0.71~+0.71
   04:46:53 [시뮬] [재측정] 스윕 없이 빈칸만 다시 재고 관측 자세로 돌아간다 — 서가 /World/bookshelves_main/shelf_brown__book_shelf_11 · 판 [1.042, 0.498] · 빈칸 2개 · 관측 자세까지 Δ최대 1.540 rad
   04:46:57 [시뮬] 작업 job_7e9b2a93b847:scan SUCCEEDED {'phase': 'scan_done', 'message': '서가 스캔 완료', 'placement_verified': False, 'sim_steps': 379, 'render_steps': 379} (4.6s)
   04:46:57 [시뮬] [스윕] 시작 자세 q=[2.0937, -0.5756, 0.5627, -1.8915, 0.2999, 1.3974, 0.2783]
   04:46:57 [시뮬] [스윕] 판 1.042 (팔기준 z 0.712, 앞면 0.444) 정지점 5/5 여유 0.518 rad 최대변화 0.06 길이 2.68
   04:46:58 [시뮬] [스윕] 판 0.498 (팔기준 z 0.168, 앞면 0.444) 정지점 5/5 여유 0.221 rad 최대변화 0.05 길이 2.45
   04:46:58 [시뮬] 스윕 시작: 판 [1.042, 0.498], 정지점 10개, 정지 1.2s
   04:46:58 [시뮬] [판목록] 레벨 실측 [0.4976, 1.0417, 1.5812, 2.0582, 2.52] · 쓰는 값 [0.497, 0.498, 1.042] · 차이 [-0.3, -0.4, +0.6] mm  (그림자 — 판단은 상수 그대로)
   04:47:00 [비전] ROI 밖 책: (-0.628, 0.507, 0.833) @arm_base_link
   04:47:00 [비전] ROI 밖 책 1권 제외 (남은 0권). ROI [-0.4, -0.2, 0.0] ~ [-0.26, 0.4, 0.32] @arm_base_link
   04:47:00 [비전] Empty center pixel=(263, 198), shelf_front_z=2.394m; Depth L/C/R=2.393/4.410/2.396m; center-left=2.017m, center-right=2.014m; contrast=PASS
   04:47:00 [비전] Empty shelf target: xyz=(-0.780, 2.612, 1.385)
   04:47:02 [비전] ROI 밖 책: (0.022, 0.547, 0.396) @arm_base_link
   04:47:02 [비전] ROI 밖 책: (0.237, 0.553, 0.421) @arm_base_link
   04:47:02 [비전] ROI 밖 책: (0.143, 0.549, 0.393) @arm_base_link
   04:47:02 [비전] ROI 밖 책 3권 제외 (남은 0권). ROI [-0.4, -0.2, 0.0] ~ [-0.26, 0.4, 0.32] @arm_base_link
   04:47:03 [비전] ROI 밖 책: (0.470, 0.548, 0.394) @arm_base_link
   04:47:03 [비전] ROI 밖 책: (0.430, 0.537, 0.395) @arm_base_link
   04:47:03 [비전] ROI 밖 책: (0.501, 0.561, 0.393) @arm_base_link
   04:47:03 [비전] ROI 밖 책: (0.262, 0.530, 0.395) @arm_base_link
   04:47:03 [비전] ROI 밖 책: (0.445, 0.536, 0.394) @arm_base_link
   04:47:03 [비전] ROI 밖 책: (0.350, 0.546, 0.397) @arm_base_link
   04:47:03 [비전] ROI 밖 책: (0.394, 0.558, 0.395) @arm_base_link
   04:47:03 [비전] ROI 밖 책 7권 제외 (남은 0권). ROI [-0.4, -0.2, 0.0] ~ [-0.26, 0.4, 0.32] @arm_base_link
   04:47:03 [비전] Empty center pixel=(415, 288), shelf_front_z=0.447m; Depth L/C/R=0.411/10.414/0.483m; center-left=10.003m, center-right=9.930m; contrast=PASS
   04:47:03 [비전] Empty shelf target: xyz=(0.134, 0.542, 0.860)
   04:47:04 [비전] ROI 밖 책: (0.427, 0.538, 0.395) @arm_base_link
   04:47:04 [비전] ROI 밖 책: (0.462, 0.544, 0.394) @arm_base_link
   04:47:04 [비전] ROI 밖 책: (0.501, 0.564, 0.393) @arm_base_link
   04:47:04 [비전] ROI 밖 책: (0.010, 0.565, 0.395) @arm_base_link
   04:47:04 [비전] ROI 밖 책: (0.266, 0.523, 0.394) @arm_base_link
   04:47:04 [비전] ROI 밖 책: (0.300, 0.522, 0.396) @arm_base_link
   04:47:04 [비전] ROI 밖 책: (0.377, 0.528, 0.395) @arm_base_link
   04:47:04 [비전] ROI 밖 책: (-0.021, 0.554, 0.393) @arm_base_link
   04:47:04 [비전] ROI 밖 책: (0.340, 0.534, 0.396) @arm_base_link
   04:47:04 [비전] ROI 밖 책: (0.446, 0.538, 0.394) @arm_base_link
   04:47:04 [비전] ROI 밖 책: (0.576, 0.551, 0.395) @arm_base_link
   04:47:04 [비전] ROI 밖 책: (0.546, 0.563, 0.394) @arm_base_link
   04:47:04 [비전] ROI 밖 책 12권 제외 (남은 0권). ROI [-0.4, -0.2, 0.0] ~ [-0.26, 0.4, 0.32] @arm_base_link
   04:47:04 [비전] Empty center pixel=(300, 296), shelf_front_z=0.522m; Depth L/C/R=0.552/2.480/0.491m; center-left=1.928m, center-right=1.989m; contrast=PASS
   04:47:04 [비전] Empty shelf target: xyz=(0.142, 0.615, 0.841)
   04:47:06 [비전] ROI 밖 책: (0.249, 0.520, 0.395) @arm_base_link
   04:47:06 [비전] ROI 밖 책: (0.268, 0.522, 0.394) @arm_base_link
   04:47:06 [비전] ROI 밖 책: (0.496, 0.547, 0.392) @arm_base_link
   04:47:06 [비전] ROI 밖 책: (0.483, 0.542, 0.392) @arm_base_link
   04:47:06 [비전] ROI 밖 책: (0.605, 0.555, 0.402) @arm_base_link
   04:47:06 [비전] ROI 밖 책: (0.578, 0.573, 0.393) @arm_base_link
   04:47:06 [비전] ROI 밖 책: (0.048, 0.548, 0.394) @arm_base_link
   04:47:06 [비전] ROI 밖 책: (0.428, 0.547, 0.394) @arm_base_link
   04:47:06 [비전] ROI 밖 책: (0.458, 0.546, 0.394) @arm_base_link
   04:47:06 [비전] ROI 밖 책: (0.382, 0.526, 0.395) @arm_base_link
   04:47:06 [비전] ROI 밖 책: (0.143, 0.559, 0.393) @arm_base_link
   04:47:06 [비전] ROI 밖 책: (0.543, 0.572, 0.394) @arm_base_link
   04:47:06 [비전] ROI 밖 책 12권 제외 (남은 0권). ROI [-0.4, -0.2, 0.0] ~ [-0.26, 0.4, 0.32] @arm_base_link
   04:47:06 [비전] Empty center pixel=(182, 290), shelf_front_z=0.452m; Depth L/C/R=0.492/4.634/0.412m; center-left=4.142m, center-right=4.221m; contrast=PASS
   04:47:06 [비전] Empty shelf target: xyz=(0.153, 0.547, 0.856)
   04:47:09 [비전] ROI 밖 책: (0.167, 0.484, 0.335) @arm_base_link
   04:47:09 [비전] ROI 밖 책: (0.121, 0.479, 0.340) @arm_base_link
   04:47:09 [비전] ROI 밖 책: (-1.016, 0.179, -0.340) @arm_base_link
   04:47:09 [비전] ROI 밖 책: (0.300, 0.479, 0.321) @arm_base_link
   04:47:09 [비전] ROI 밖 책: (0.079, 0.476, 0.342) @arm_base_link
   04:47:09 [비전] ROI 밖 책 5권 제외 (남은 0권). ROI [-0.4, -0.2, 0.0] ~ [-0.26, 0.4, 0.32] @arm_base_link
   04:47:09 [비전] Empty center pixel=(156, 333), shelf_front_z=0.844m; Depth L/C/R=0.937/1.080/0.751m; center-left=0.143m, center-right=0.329m; contrast=PASS
   04:47:09 [비전] Empty shelf target: xyz=(-0.786, 0.519, 0.180)
   04:47:10 [비전] ROI 밖 책: (0.367, 0.477, 0.328) @arm_base_link
   04:47:10 [비전] ROI 밖 책: (0.166, 0.484, 0.345) @arm_base_link
   04:47:10 [비전] ROI 밖 책: (0.277, 0.481, 0.316) @arm_base_link
   04:47:10 [비전] ROI 밖 책: (0.329, 0.478, 0.324) @arm_base_link
   04:47:10 [비전] ROI 밖 책: (-0.717, 0.093, -0.001) @arm_base_link
   04:47:10 [비전] ROI 밖 책: (0.129, 0.482, 0.338) @arm_base_link
   04:47:10 [비전] ROI 밖 책: (0.257, 0.482, 0.304) @arm_base_link
   04:47:10 [비전] ROI 밖 책: (0.453, 0.474, 0.344) @arm_base_link
   04:47:10 [비전] ROI 밖 책 8권 제외 (남은 0권). ROI [-0.4, -0.2, 0.0] ~ [-0.26, 0.4, 0.32] @arm_base_link
   04:47:10 [비전] Empty center pixel=(355, 280), shelf_front_z=0.705m; Depth L/C/R=0.709/1.990/0.701m; center-left=1.281m, center-right=1.289m; contrast=PASS
   04:47:10 [비전] Empty shelf target: xyz=(-0.100, 0.491, 0.364)
   04:47:12 [비전] ROI 밖 책: (0.369, 0.477, 0.333) @arm_base_link
   04:47:12 [비전] ROI 밖 책: (0.335, 0.478, 0.332) @arm_base_link
   04:47:12 [비전] ROI 밖 책: (0.169, 0.483, 0.350) @arm_base_link
   04:47:12 [비전] ROI 밖 책: (0.919, 0.473, -0.326) @arm_base_link
   04:47:12 [비전] ROI 밖 책: (0.281, 0.480, 0.328) @arm_base_link
   04:47:12 [비전] ROI 밖 책 5권 제외 (남은 0권). ROI [-0.4, -0.2, 0.0] ~ [-0.26, 0.4, 0.32] @arm_base_link
   04:47:12 [비전] Empty center pixel=(286, 280), shelf_front_z=0.704m; Depth L/C/R=0.716/1.990/0.692m; center-left=1.274m, center-right=1.298m; contrast=PASS
   04:47:12 [비전] Empty shelf target: xyz=(-0.076, 0.490, 0.364)
   04:47:13 [비전] ROI 밖 책: (0.475, 0.478, 0.353) @arm_base_link
   04:47:13 [비전] ROI 밖 책: (0.413, 0.472, 0.357) @arm_base_link
   04:47:13 [비전] ROI 밖 책: (0.341, 0.479, 0.323) @arm_base_link
   04:47:13 [비전] ROI 밖 책: (0.567, 0.040, -0.341) @arm_base_link
   04:47:13 [비전] ROI 밖 책: (0.442, 0.471, 0.353) @arm_base_link
   04:47:13 [비전] ROI 밖 책: (0.265, 0.484, 0.341) @arm_base_link
   04:47:13 [비전] ROI 밖 책: (0.371, 0.477, 0.357) @arm_base_link
   04:47:13 [비전] ROI 밖 책 7권 제외 (남은 0권). ROI [-0.4, -0.2, 0.0] ~ [-0.26, 0.4, 0.32] @arm_base_link
   04:47:13 [비전] Empty center pixel=(216, 280), shelf_front_z=0.719m; Depth L/C/R=0.745/1.973/0.692m; center-left=1.229m, center-right=1.281m; contrast=PASS
   04:47:13 [비전] Empty shelf target: xyz=(-0.066, 0.503, 0.356)
   04:47:15 [비전] ROI 밖 책: (0.593, 0.477, 0.340) @arm_base_link
   04:47:15 [비전] ROI 밖 책: (0.484, 0.478, 0.350) @arm_base_link
   04:47:15 [비전] ROI 밖 책: (0.453, 0.474, 0.346) @arm_base_link
   04:47:15 [비전] ROI 밖 책 3권 제외 (남은 0권). ROI [-0.4, -0.2, 0.0] ~ [-0.26, 0.4, 0.32] @arm_base_link
   04:47:15 [비전] Empty center pixel=(140, 279), shelf_front_z=0.716m; Depth L/C/R=0.742/0.822/0.690m; center-left=0.080m, center-right=0.132m; contrast=PASS
   04:47:15 [비전] Empty shelf target: xyz=(-0.060, 0.502, 0.359)
   04:47:19 [FSM] Empty slot detected: frame_id=arm_base_link, x=-0.350, y=0.544, z=0.340, confidence=1.00, candidate_count=9
   04:47:19 [FSM] FSM transition completed: DETECT_TARGET_SLOT -> PLACE_BOOK
   04:47:19 [FSM] Book-placement goal was accepted.
   04:47:19 [조작] 빈칸 관측 버림 (서가 밖): (-0.780, 2.612, 1.385) 서가 x -0.66~0.66 y 0.41~0.80 z -0.33~2.19
   04:47:19 [조작] 빈칸 관측 버림 (서가 밖): (-0.786, 0.519, 0.180) 서가 x -0.66~0.66 y 0.41~0.80 z -0.33~2.19
   04:47:19 [조작] 빈칸 선택: 책 사이 틈 관측 (-0.090, 0.502, 0.359) → 칸 중심 y 0.544, z 0.340 (판 높이로 스냅); 꽂기 전 차체를 옆으로 +0.260 m 옮겨 틈을 x -0.35 에 둔다
   04:47:19 [조작] 빈 슬롯 스캔 완료: (-0.35, 0.5439, 0.3399), 삽입깊이 0.300m
   04:47:19 [조작] 베이스 회전 명령 전송 (목표 yaw +0°, 서가 거리 0.444)
   04:47:19 [시뮬] 작업 job_7e9b2a93b847:scan SUCCEEDED {'phase': 'scan_done', 'message': '서가 스캔 완료', 'placement_verified': False, 'sim_steps': 1829, 'render_steps': 1829} (21.7s)
   04:47:19 [시뮬] 서가 앞면 0.444 m → 목표 0.444 m (앞뒤 +0.000), 서가 중심 팔기준 x +0.260 → 옆으로 +0.260: 차체를 0.260 m 옮긴다
   04:47:21 [비전] ROI 밖 책: (-0.111, -0.670, -0.341) @arm_base_link
   04:47:21 [비전] ROI 밖 책 1권 제외 (남은 0권). ROI [-0.4, -0.2, 0.0] ~ [-0.26, 0.4, 0.32] @arm_base_link
   04:47:21 [조작] 베이스 회전 완료
   04:47:21 [시뮬] 서가 앞면 실측 0.444 m (목표 0.444), 서가 x 범위 팔기준 -0.97~+0.45
   04:47:22 [비전] ROI 밖 책: (-0.114, -0.676, -0.341) @arm_base_link
   04:47:22 [비전] ROI 밖 책 1권 제외 (남은 0권). ROI [-0.4, -0.2, 0.0] ~ [-0.26, 0.4, 0.32] @arm_base_link
   04:47:22 [비전] ROI 밖 책: (-0.120, -0.673, -0.341) @arm_base_link
   04:47:22 [비전] ROI 밖 책 1권 제외 (남은 0권). ROI [-0.4, -0.2, 0.0] ~ [-0.26, 0.4, 0.32] @arm_base_link
   04:47:23 [비전] ROI 밖 책: (-0.123, -0.670, -0.341) @arm_base_link
   04:47:23 [비전] ROI 밖 책: (-0.449, 0.154, 0.203) @arm_base_link
   04:47:23 [비전] ROI 밖 책 2권 제외 (남은 1권). ROI [-0.4, -0.2, 0.0] ~ [-0.26, 0.4, 0.32] @arm_base_link
   04:47:23 [비전] Book picked(best): xyz=(-0.356, 0.160, 0.211), center=(377, 315), conf=0.55, depth=patch, yaw=0.000 rad (후보 1권)
   04:47:23 [비전] ROI 밖 책: (-0.126, -0.670, -0.341) @arm_base_link
   04:47:23 [비전] ROI 밖 책: (-0.153, 0.477, 0.220) @arm_base_link
   04:47:23 [비전] ROI 밖 책 2권 제외 (남은 1권). ROI [-0.4, -0.2, 0.0] ~ [-0.26, 0.4, 0.32] @arm_base_link
   04:47:23 [비전] Book picked(best): xyz=(-0.357, 0.160, 0.211), center=(377, 314), conf=0.59, depth=patch, yaw=0.000 rad (후보 1권)
   04:47:23 [조작] 책 좌표 정함 (-0.3566, +0.1599, +0.2111) — 관측 2개 · 책 1권 · 고른 책 2개 (x 흔들림 1 mm) → 축마다 중앙값
   04:47:23 [조작] 작업 job_7e9b2a93b847 book=book_001 트레이 칸 2 파지 [-0.3566324338343124, 0.15988265778269287, 0.13524408272303787] (vision) → (-0.35, 0.5438500024676323, 0.3399) 삽입 속도 0.030 m/s
   04:47:34 [시뮬] [JUDGE] 손 안 어긋남(406) **판별불가** — 키네마틱 파지는 매 스텝 책을 손에 맞춰 다시 써 넣는다. 이 신호는 마찰 파지(SIM_GRASP_KINEMATIC=0)에서만 의미가 있다
   04:47:39 [시뮬] [JUDGE] rise=16.9cm(ok) width=12.8mm = 지령 12.8mm (책 반두께 16.8) → **판별불가** [키네마틱 파지라 빈손이어도 같은 값이 나온다]
   04:49:08 [FSM] FSM transition completed: PLACE_BOOK -> UPDATE_DATA
   04:49:08 [FSM] FSM transition completed: UPDATE_DATA -> NEXT_BOOK
   04:49:08 [FSM] FSM transition completed: NEXT_BOOK -> SELECT_BOOK
   04:49:08 [FSM] FSM transition completed: SELECT_BOOK -> NAV_TO_SHELF
   04:49:08 [FSM] Navigation succeeded: Navigation waypoint is already satisfied in simulation.
   04:49:08 [FSM] FSM transition completed: NAV_TO_SHELF -> DETECT_TARGET_SLOT
   04:49:08 [조작] PlaceBook 성공 job=job_7e9b2a93b847 code=0(OK) phase= 배치 확인
   04:49:08 [조작] 베이스 회전 명령 전송 (목표 yaw +0°, 서가 거리 0.444)
   04:49:08 [시뮬] [JUDGE] width_hold=판별불가[키네마틱] (12.8 → 최소 12.8 mm, 한쪽 기준)
   04:49:08 [시뮬] 작업 job_7e9b2a93b847 SUCCEEDED {'phase': 'verify', 'message': '배치 확인', 'placement_verified': True, 'checks': {'upright': True, 'depth': True, 'spine': True, 'x': True, 'floor': True, 'skew': True, 'no_jam': True}, 'fallen
   04:49:08 [시뮬] 서가 앞면 0.444 m → 목표 0.444 m (앞뒤 +0.000), 서가 중심 팔기준 x -0.260 → 옆으로 -0.260: 차체를 0.260 m 옮긴다
   04:49:10 [조작] 베이스 회전 완료
   04:49:10 [시뮬] 서가 앞면 실측 0.444 m (목표 0.444), 서가 x 범위 팔기준 -0.71~+0.71
   04:49:10 [시뮬] [재측정] 스윕 없이 빈칸만 다시 재고 관측 자세로 돌아간다 — 서가 /World/bookshelves_main/shelf_brown__book_shelf_11 · 판 [1.042, 0.498] · 빈칸 3개 · 관측 자세까지 Δ최대 1.311 rad
   04:49:14 [FSM] Empty slot detected: frame_id=arm_base_link, x=-0.350, y=0.544, z=0.884, confidence=1.00, candidate_count=9
   04:49:14 [FSM] FSM transition completed: DETECT_TARGET_SLOT -> PLACE_BOOK
   04:49:14 [FSM] Book-placement goal was accepted.
   04:49:14 [조작] 빈칸 관측 버림 (서가 밖): (-0.780, 2.612, 1.385) 서가 x -0.66~0.66 y 0.41~0.80 z -0.33~2.19
   04:49:14 [조작] 빈칸 관측 버림 (서가 밖): (-0.786, 0.519, 0.180) 서가 x -0.66~0.66 y 0.41~0.80 z -0.33~2.19
   04:49:14 [조작] 빈칸 선택: 책 사이 틈 관측 (0.139, 0.502, 0.359) → 칸 중심 y 0.544, z 0.884 (판 높이로 스냅); 꽂기 전 차체를 옆으로 +0.489 m 옮겨 틈을 x -0.35 에 둔다
   04:49:14 [조작] 빈 슬롯 스캔 완료: (-0.35, 0.5439, 0.8839), 삽입깊이 0.300m
   04:49:14 [조작] 베이스 회전 명령 전송 (목표 yaw +0°, 서가 거리 0.444)
   04:49:14 [시뮬] 작업 job_7e9b2a93b847:scan SUCCEEDED {'phase': 'scan_done', 'message': '서가 스캔 완료', 'placement_verified': False, 'sim_steps': 324, 'render_steps': 324} (4.0s)
   04:49:14 [시뮬] 서가 앞면 0.444 m → 목표 0.444 m (앞뒤 +0.000), 서가 중심 팔기준 x +0.489 → 옆으로 +0.489: 차체를 0.489 m 옮긴다
   04:49:18 [비전] ROI 밖 책: (-0.104, -0.670, -0.341) @arm_base_link
   04:49:18 [비전] ROI 밖 책: (-0.401, 0.476, 0.222) @arm_base_link
   04:49:18 [비전] ROI 밖 책 2권 제외 (남은 0권). ROI [-0.4, -0.2, 0.0] ~ [-0.26, 0.4, 0.32] @arm_base_link
   04:49:18 [비전] ROI 밖 책: (-0.104, -0.673, -0.341) @arm_base_link
   04:49:18 [비전] ROI 밖 책: (-0.399, 0.476, 0.224) @arm_base_link
   04:49:18 [비전] ROI 밖 책 2권 제외 (남은 0권). ROI [-0.4, -0.2, 0.0] ~ [-0.26, 0.4, 0.32] @arm_base_link
   04:49:18 [조작] 베이스 회전 완료
   04:49:18 [시뮬] 서가 앞면 실측 0.444 m (목표 0.444), 서가 x 범위 팔기준 -1.20~+0.22
   04:49:19 [비전] ROI 밖 책: (-0.104, -0.667, -0.341) @arm_base_link
   04:49:19 [비전] ROI 밖 책: (-0.399, 0.476, 0.222) @arm_base_link
   04:49:19 [비전] ROI 밖 책 2권 제외 (남은 0권). ROI [-0.4, -0.2, 0.0] ~ [-0.26, 0.4, 0.32] @arm_base_link
   04:49:19 [비전] ROI 밖 책: (-0.107, -0.664, -0.341) @arm_base_link
   04:49:19 [비전] ROI 밖 책: (-0.399, 0.476, 0.222) @arm_base_link
   04:49:19 [비전] ROI 밖 책 2권 제외 (남은 0권). ROI [-0.4, -0.2, 0.0] ~ [-0.26, 0.4, 0.32] @arm_base_link
   04:49:20 [비전] ROI 밖 책: (-0.107, -0.670, -0.341) @arm_base_link
   04:49:20 [비전] ROI 밖 책: (-0.399, 0.476, 0.224) @arm_base_link
   04:49:20 [비전] ROI 밖 책 2권 제외 (남은 0권). ROI [-0.4, -0.2, 0.0] ~ [-0.26, 0.4, 0.32] @arm_base_link
   04:49:20 [비전] ROI 밖 책: (-0.107, -0.670, -0.341) @arm_base_link
   04:49:20 [비전] ROI 밖 책: (-0.399, 0.476, 0.222) @arm_base_link
   04:49:20 [비전] ROI 밖 책 2권 제외 (남은 0권). ROI [-0.4, -0.2, 0.0] ~ [-0.26, 0.4, 0.32] @arm_base_link
   04:49:21 [비전] ROI 밖 책: (-0.111, -0.670, -0.341) @arm_base_link
   04:49:21 [비전] ROI 밖 책: (-0.399, 0.476, 0.222) @arm_base_link
   04:49:21 [비전] ROI 밖 책 2권 제외 (남은 0권). ROI [-0.4, -0.2, 0.0] ~ [-0.26, 0.4, 0.32] @arm_base_link
   04:49:21 [비전] ROI 밖 책: (-0.104, -0.667, -0.341) @arm_base_link
   04:49:21 [비전] ROI 밖 책: (-0.399, 0.476, 0.222) @arm_base_link
   04:49:21 [비전] ROI 밖 책 2권 제외 (남은 0권). ROI [-0.4, -0.2, 0.0] ~ [-0.26, 0.4, 0.32] @arm_base_link
   04:49:22 [비전] ROI 밖 책: (-0.114, -0.660, -0.341) @arm_base_link
   04:49:22 [비전] ROI 밖 책: (-0.399, 0.476, 0.222) @arm_base_link
   04:49:22 [비전] ROI 밖 책 2권 제외 (남은 0권). ROI [-0.4, -0.2, 0.0] ~ [-0.26, 0.4, 0.32] @arm_base_link
   04:49:22 [비전] ROI 밖 책: (-0.104, -0.667, -0.341) @arm_base_link
   04:49:22 [비전] ROI 밖 책: (-0.398, 0.475, 0.222) @arm_base_link
   04:49:22 [비전] ROI 밖 책 2권 제외 (남은 0권). ROI [-0.4, -0.2, 0.0] ~ [-0.26, 0.4, 0.32] @arm_base_link
   04:49:23 [비전] ROI 밖 책: (-0.111, -0.667, -0.341) @arm_base_link
   04:49:23 [비전] ROI 밖 책: (-0.399, 0.476, 0.224) @arm_base_link
   04:49:23 [비전] ROI 밖 책 2권 제외 (남은 0권). ROI [-0.4, -0.2, 0.0] ~ [-0.26, 0.4, 0.32] @arm_base_link
   04:49:23 [비전] ROI 밖 책: (-0.107, -0.664, -0.341) @arm_base_link
   04:49:23 [비전] ROI 밖 책: (-0.399, 0.476, 0.222) @arm_base_link
   04:49:23 [비전] ROI 밖 책 2권 제외 (남은 0권). ROI [-0.4, -0.2, 0.0] ~ [-0.26, 0.4, 0.32] @arm_base_link
   04:49:24 [비전] ROI 밖 책: (-0.107, -0.664, -0.341) @arm_base_link
   04:49:24 [비전] ROI 밖 책: (-0.399, 0.476, 0.224) @arm_base_link
   04:49:24 [비전] ROI 밖 책 2권 제외 (남은 0권). ROI [-0.4, -0.2, 0.0] ~ [-0.26, 0.4, 0.32] @arm_base_link
   04:49:24 [비전] ROI 밖 책: (-0.111, -0.664, -0.341) @arm_base_link
   04:49:24 [비전] ROI 밖 책: (-0.399, 0.476, 0.224) @arm_base_link
   04:49:24 [비전] ROI 밖 책 2권 제외 (남은 0권). ROI [-0.4, -0.2, 0.0] ~ [-0.26, 0.4, 0.32] @arm_base_link
   04:49:25 [비전] ROI 밖 책: (-0.104, -0.667, -0.341) @arm_base_link
   04:49:25 [비전] ROI 밖 책: (-0.399, 0.476, 0.222) @arm_base_link
   04:49:25 [비전] ROI 밖 책 2권 제외 (남은 0권). ROI [-0.4, -0.2, 0.0] ~ [-0.26, 0.4, 0.32] @arm_base_link
   04:49:25 [비전] ROI 밖 책: (-0.101, -0.667, -0.341) @arm_base_link
   04:49:25 [비전] ROI 밖 책: (-0.399, 0.476, 0.222) @arm_base_link
   04:49:25 [비전] ROI 밖 책 2권 제외 (남은 0권). ROI [-0.4, -0.2, 0.0] ~ [-0.26, 0.4, 0.32] @arm_base_link
   04:49:26 [비전] ROI 밖 책: (-0.104, -0.667, -0.341) @arm_base_link
   04:49:26 [비전] ROI 밖 책: (-0.396, 0.476, 0.225) @arm_base_link
   04:49:26 [비전] ROI 밖 책 2권 제외 (남은 0권). ROI [-0.4, -0.2, 0.0] ~ [-0.26, 0.4, 0.32] @arm_base_link
   04:49:26 [비전] ROI 밖 책: (-0.104, -0.667, -0.341) @arm_base_link
   04:49:26 [비전] ROI 밖 책: (-0.399, 0.476, 0.224) @arm_base_link
   04:49:26 [비전] ROI 밖 책 2권 제외 (남은 0권). ROI [-0.4, -0.2, 0.0] ~ [-0.26, 0.4, 0.32] @arm_base_link
   04:49:27 [비전] ROI 밖 책: (-0.107, -0.667, -0.341) @arm_base_link
   04:49:27 [비전] ROI 밖 책: (-0.398, 0.475, 0.222) @arm_base_link
   04:49:27 [비전] ROI 밖 책 2권 제외 (남은 0권). ROI [-0.4, -0.2, 0.0] ~ [-0.26, 0.4, 0.32] @arm_base_link
   04:49:27 [비전] ROI 밖 책: (-0.107, -0.667, -0.341) @arm_base_link
   04:49:27 [비전] ROI 밖 책: (-0.399, 0.476, 0.224) @arm_base_link
   04:49:27 [비전] ROI 밖 책 2권 제외 (남은 0권). ROI [-0.4, -0.2, 0.0] ~ [-0.26, 0.4, 0.32] @arm_base_link
   04:49:28 [비전] ROI 밖 책: (-0.104, -0.670, -0.341) @arm_base_link
   04:49:28 [비전] ROI 밖 책: (-0.399, 0.476, 0.222) @arm_base_link
   04:49:28 [비전] ROI 밖 책 2권 제외 (남은 0권). ROI [-0.4, -0.2, 0.0] ~ [-0.26, 0.4, 0.32] @arm_base_link
   04:49:28 [비전] ROI 밖 책: (-0.104, -0.670, -0.341) @arm_base_link
   04:49:28 [비전] ROI 밖 책: (-0.398, 0.475, 0.222) @arm_base_link
   04:49:28 [비전] ROI 밖 책 2권 제외 (남은 0권). ROI [-0.4, -0.2, 0.0] ~ [-0.26, 0.4, 0.32] @arm_base_link
   04:49:29 [비전] ROI 밖 책: (-0.101, -0.670, -0.341) @arm_base_link
   04:49:29 [비전] ROI 밖 책: (-0.398, 0.475, 0.222) @arm_base_link
   04:49:29 [비전] ROI 밖 책 2권 제외 (남은 0권). ROI [-0.4, -0.2, 0.0] ~ [-0.26, 0.4, 0.32] @arm_base_link
   04:49:29 [비전] ROI 밖 책: (-0.104, -0.670, -0.341) @arm_base_link
   04:49:29 [비전] ROI 밖 책: (-0.399, 0.476, 0.222) @arm_base_link
   04:49:29 [비전] ROI 밖 책 2권 제외 (남은 0권). ROI [-0.4, -0.2, 0.0] ~ [-0.26, 0.4, 0.32] @arm_base_link
   04:49:30 [비전] ROI 밖 책: (-0.101, -0.667, -0.341) @arm_base_link
   04:49:30 [비전] ROI 밖 책: (-0.398, 0.475, 0.222) @arm_base_link
   04:49:30 [비전] ROI 밖 책 2권 제외 (남은 0권). ROI [-0.4, -0.2, 0.0] ~ [-0.26, 0.4, 0.32] @arm_base_link
   04:49:30 [비전] ROI 밖 책: (-0.104, -0.667, -0.341) @arm_base_link
   04:49:30 [비전] ROI 밖 책: (-0.398, 0.475, 0.222) @arm_base_link
   04:49:30 [비전] ROI 밖 책 2권 제외 (남은 0권). ROI [-0.4, -0.2, 0.0] ~ [-0.26, 0.4, 0.32] @arm_base_link
   04:49:31 [비전] ROI 밖 책: (-0.104, -0.667, -0.341) @arm_base_link
   04:49:31 [비전] ROI 밖 책: (-0.398, 0.475, 0.222) @arm_base_link
   04:49:31 [비전] ROI 밖 책 2권 제외 (남은 0권). ROI [-0.4, -0.2, 0.0] ~ [-0.26, 0.4, 0.32] @arm_base_link
   04:49:31 [비전] ROI 밖 책: (-0.107, -0.667, -0.341) @arm_base_link
   04:49:31 [비전] ROI 밖 책: (-0.398, 0.475, 0.222) @arm_base_link
   04:49:31 [비전] ROI 밖 책 2권 제외 (남은 0권). ROI [-0.4, -0.2, 0.0] ~ [-0.26, 0.4, 0.32] @arm_base_link
   04:49:32 [비전] ROI 밖 책: (-0.104, -0.673, -0.341) @arm_base_link
   04:49:32 [비전] ROI 밖 책: (-0.399, 0.476, 0.222) @arm_base_link
   04:49:32 [비전] ROI 밖 책 2권 제외 (남은 0권). ROI [-0.4, -0.2, 0.0] ~ [-0.26, 0.4, 0.32] @arm_base_link
   04:49:32 [비전] ROI 밖 책: (-0.104, -0.670, -0.341) @arm_base_link
   04:49:32 [비전] ROI 밖 책: (-0.398, 0.475, 0.222) @arm_base_link
   04:49:32 [비전] ROI 밖 책 2권 제외 (남은 0권). ROI [-0.4, -0.2, 0.0] ~ [-0.26, 0.4, 0.32] @arm_base_link
   04:49:33 [비전] ROI 밖 책: (-0.104, -0.670, -0.341) @arm_base_link
   04:49:33 [비전] ROI 밖 책: (-0.396, 0.475, 0.224) @arm_base_link
   04:49:33 [비전] ROI 밖 책 2권 제외 (남은 0권). ROI [-0.4, -0.2, 0.0] ~ [-0.26, 0.4, 0.32] @arm_base_link
   04:49:33 [비전] ROI 밖 책: (-0.107, -0.667, -0.341) @arm_base_link
   04:49:33 [비전] ROI 밖 책: (-0.398, 0.475, 0.222) @arm_base_link
   04:49:33 [비전] ROI 밖 책 2권 제외 (남은 0권). ROI [-0.4, -0.2, 0.0] ~ [-0.26, 0.4, 0.32] @arm_base_link
   04:49:34 [비전] ROI 밖 책: (-0.114, -0.667, -0.341) @arm_base_link
   04:49:34 [비전] ROI 밖 책: (-0.398, 0.475, 0.222) @arm_base_link
   04:49:34 [비전] ROI 밖 책 2권 제외 (남은 0권). ROI [-0.4, -0.2, 0.0] ~ [-0.26, 0.4, 0.32] @arm_base_link
   04:49:34 [비전] ROI 밖 책: (-0.123, -0.664, -0.341) @arm_base_link
   04:49:34 [비전] ROI 밖 책: (-0.398, 0.475, 0.222) @arm_base_link
   04:49:34 [비전] ROI 밖 책 2권 제외 (남은 0권). ROI [-0.4, -0.2, 0.0] ~ [-0.26, 0.4, 0.32] @arm_base_link
   04:49:35 [비전] ROI 밖 책: (-0.104, -0.667, -0.341) @arm_base_link
   04:49:35 [비전] ROI 밖 책: (-0.396, 0.475, 0.224) @arm_base_link
   04:49:35 [비전] ROI 밖 책 2권 제외 (남은 0권). ROI [-0.4, -0.2, 0.0] ~ [-0.26, 0.4, 0.32] @arm_base_link
   04:49:35 [비전] ROI 밖 책: (-0.104, -0.667, -0.341) @arm_base_link
   04:49:35 [비전] ROI 밖 책: (-0.398, 0.475, 0.222) @arm_base_link
   04:49:35 [비전] ROI 밖 책 2권 제외 (남은 0권). ROI [-0.4, -0.2, 0.0] ~ [-0.26, 0.4, 0.32] @arm_base_link
   04:49:36 [비전] ROI 밖 책: (-0.104, -0.667, -0.341) @arm_base_link
   04:49:36 [비전] ROI 밖 책: (-0.399, 0.476, 0.222) @arm_base_link
   04:49:36 [비전] ROI 밖 책 2권 제외 (남은 0권). ROI [-0.4, -0.2, 0.0] ~ [-0.26, 0.4, 0.32] @arm_base_link
   04:49:36 [비전] ROI 밖 책: (-0.111, -0.664, -0.341) @arm_base_link
   04:49:36 [비전] ROI 밖 책: (-0.398, 0.475, 0.222) @arm_base_link
   04:49:36 [비전] ROI 밖 책 2권 제외 (남은 0권). ROI [-0.4, -0.2, 0.0] ~ [-0.26, 0.4, 0.32] @arm_base_link
   04:49:37 [비전] ROI 밖 책: (-0.111, -0.667, -0.341) @arm_base_link
   04:49:37 [비전] ROI 밖 책: (-0.396, 0.475, 0.224) @arm_base_link
   04:49:37 [비전] ROI 밖 책 2권 제외 (남은 0권). ROI [-0.4, -0.2, 0.0] ~ [-0.26, 0.4, 0.32] @arm_base_link
   04:49:37 [비전] ROI 밖 책: (-0.104, -0.670, -0.341) @arm_base_link
   04:49:37 [비전] ROI 밖 책: (-0.396, 0.475, 0.224) @arm_base_link
   04:49:37 [비전] ROI 밖 책 2권 제외 (남은 0권). ROI [-0.4, -0.2, 0.0] ~ [-0.26, 0.4, 0.32] @arm_base_link
   04:49:38 [비전] ROI 밖 책: (-0.120, -0.664, -0.341) @arm_base_link
   04:49:38 [비전] ROI 밖 책: (-0.396, 0.475, 0.224) @arm_base_link
   04:49:38 [비전] ROI 밖 책 2권 제외 (남은 0권). ROI [-0.4, -0.2, 0.0] ~ [-0.26, 0.4, 0.32] @arm_base_link
   04:49:38 [비전] ROI 밖 책: (-0.104, -0.667, -0.341) @arm_base_link
   04:49:38 [비전] ROI 밖 책: (-0.399, 0.476, 0.224) @arm_base_link
   04:49:38 [비전] ROI 밖 책 2권 제외 (남은 0권). ROI [-0.4, -0.2, 0.0] ~ [-0.26, 0.4, 0.32] @arm_base_link
   04:49:39 [비전] ROI 밖 책: (-0.104, -0.667, -0.341) @arm_base_link
   04:49:39 [비전] ROI 밖 책: (-0.396, 0.475, 0.224) @arm_base_link
   04:49:39 [비전] ROI 밖 책 2권 제외 (남은 0권). ROI [-0.4, -0.2, 0.0] ~ [-0.26, 0.4, 0.32] @arm_base_link
   04:49:39 [비전] ROI 밖 책: (-0.104, -0.667, -0.341) @arm_base_link
   04:49:39 [비전] ROI 밖 책: (-0.399, 0.476, 0.224) @arm_base_link
   04:49:39 [비전] ROI 밖 책 2권 제외 (남은 0권). ROI [-0.4, -0.2, 0.0] ~ [-0.26, 0.4, 0.32] @arm_base_link
   04:49:40 [비전] ROI 밖 책: (-0.104, -0.670, -0.341) @arm_base_link
   04:49:40 [비전] ROI 밖 책: (-0.396, 0.475, 0.224) @arm_base_link
   04:49:40 [비전] ROI 밖 책 2권 제외 (남은 0권). ROI [-0.4, -0.2, 0.0] ~ [-0.26, 0.4, 0.32] @arm_base_link
   04:49:40 [비전] ROI 밖 책: (-0.104, -0.670, -0.341) @arm_base_link
   04:49:40 [비전] ROI 밖 책: (-0.399, 0.476, 0.222) @arm_base_link
   04:49:40 [비전] ROI 밖 책 2권 제외 (남은 0권). ROI [-0.4, -0.2, 0.0] ~ [-0.26, 0.4, 0.32] @arm_base_link
   04:49:41 [비전] ROI 밖 책: (-0.104, -0.667, -0.341) @arm_base_link
   04:49:41 [비전] ROI 밖 책: (-0.399, 0.476, 0.224) @arm_base_link
   04:49:41 [비전] ROI 밖 책 2권 제외 (남은 0권). ROI [-0.4, -0.2, 0.0] ~ [-0.26, 0.4, 0.32] @arm_base_link
   04:49:41 [비전] ROI 밖 책: (-0.104, -0.667, -0.341) @arm_base_link
   04:49:41 [비전] ROI 밖 책: (-0.396, 0.475, 0.224) @arm_base_link
   04:49:41 [비전] ROI 밖 책 2권 제외 (남은 0권). ROI [-0.4, -0.2, 0.0] ~ [-0.26, 0.4, 0.32] @arm_base_link
   04:49:42 [비전] ROI 밖 책: (-0.104, -0.667, -0.341) @arm_base_link
   04:49:42 [비전] ROI 밖 책: (-0.399, 0.476, 0.222) @arm_base_link
   04:49:42 [비전] ROI 밖 책 2권 제외 (남은 0권). ROI [-0.4, -0.2, 0.0] ~ [-0.26, 0.4, 0.32] @arm_base_link
   04:49:42 [비전] ROI 밖 책: (-0.104, -0.670, -0.341) @arm_base_link
   04:49:42 [비전] ROI 밖 책: (-0.396, 0.476, 0.225) @arm_base_link
   04:49:42 [비전] ROI 밖 책 2권 제외 (남은 0권). ROI [-0.4, -0.2, 0.0] ~ [-0.26, 0.4, 0.32] @arm_base_link
   04:49:43 [비전] ROI 밖 책: (-0.104, -0.670, -0.341) @arm_base_link
   04:49:43 [비전] ROI 밖 책: (-0.396, 0.475, 0.224) @arm_base_link
   04:49:43 [비전] ROI 밖 책 2권 제외 (남은 0권). ROI [-0.4, -0.2, 0.0] ~ [-0.26, 0.4, 0.32] @arm_base_link
   04:49:43 [비전] ROI 밖 책: (-0.104, -0.667, -0.341) @arm_base_link
   04:49:43 [비전] ROI 밖 책: (-0.396, 0.475, 0.224) @arm_base_link
   04:49:43 [비전] ROI 밖 책 2권 제외 (남은 0권). ROI [-0.4, -0.2, 0.0] ~ [-0.26, 0.4, 0.32] @arm_base_link
   04:49:44 [비전] ROI 밖 책: (-0.104, -0.667, -0.341) @arm_base_link
   04:49:44 [비전] ROI 밖 책: (-0.396, 0.475, 0.224) @arm_base_link
   04:49:44 [비전] ROI 밖 책 2권 제외 (남은 0권). ROI [-0.4, -0.2, 0.0] ~ [-0.26, 0.4, 0.32] @arm_base_link
   04:49:44 [비전] ROI 밖 책: (-0.107, -0.667, -0.341) @arm_base_link
   04:49:44 [비전] ROI 밖 책: (-0.396, 0.475, 0.224) @arm_base_link
   04:49:44 [비전] ROI 밖 책 2권 제외 (남은 0권). ROI [-0.4, -0.2, 0.0] ~ [-0.26, 0.4, 0.32] @arm_base_link
   04:49:45 [비전] ROI 밖 책: (-0.117, -0.664, -0.341) @arm_base_link
   04:49:45 [비전] ROI 밖 책: (-0.396, 0.475, 0.224) @arm_base_link
   04:49:45 [비전] ROI 밖 책 2권 제외 (남은 0권). ROI [-0.4, -0.2, 0.0] ~ [-0.26, 0.4, 0.32] @arm_base_link
   04:49:45 [비전] ROI 밖 책: (-0.104, -0.667, -0.341) @arm_base_link
   04:49:45 [비전] ROI 밖 책: (-0.396, 0.476, 0.225) @arm_base_link
   04:49:45 [비전] ROI 밖 책 2권 제외 (남은 0권). ROI [-0.4, -0.2, 0.0] ~ [-0.26, 0.4, 0.32] @arm_base_link
   04:49:46 [비전] ROI 밖 책: (-0.104, -0.673, -0.341) @arm_base_link
   04:49:46 [비전] ROI 밖 책: (-0.396, 0.475, 0.224) @arm_base_link
   04:49:46 [비전] ROI 밖 책 2권 제외 (남은 0권). ROI [-0.4, -0.2, 0.0] ~ [-0.26, 0.4, 0.32] @arm_base_link
   04:49:46 [비전] ROI 밖 책: (-0.104, -0.667, -0.341) @arm_base_link
   04:49:46 [비전] ROI 밖 책: (-0.396, 0.475, 0.224) @arm_base_link
   04:49:46 [비전] ROI 밖 책 2권 제외 (남은 0권). ROI [-0.4, -0.2, 0.0] ~ [-0.26, 0.4, 0.32] @arm_base_link
   04:49:47 [비전] ROI 밖 책: (-0.104, -0.667, -0.341) @arm_base_link
   04:49:47 [비전] ROI 밖 책: (-0.399, 0.476, 0.224) @arm_base_link
   04:49:47 [비전] ROI 밖 책 2권 제외 (남은 0권). ROI [-0.4, -0.2, 0.0] ~ [-0.26, 0.4, 0.32] @arm_base_link
   04:49:47 [비전] ROI 밖 책: (-0.123, -0.667, -0.341) @arm_base_link
   04:49:47 [비전] ROI 밖 책: (-0.396, 0.476, 0.225) @arm_base_link
   04:49:47 [비전] ROI 밖 책 2권 제외 (남은 0권). ROI [-0.4, -0.2, 0.0] ~ [-0.26, 0.4, 0.32] @arm_base_link
   04:49:48 [조작] PlaceBook 실패 job=job_7e9b2a93b847 code=411(NOT_READY) phase=DETECTING_BOOK 책 관측 자세에서 30s 동안 책 좌표 없음
