[37;1m2026-09-29 11:22:15.405 [31;1m[[37;1mXMLProfileManager[31;1m Error] [37mCould not extract any profile[34;1m -> Function [36mextractProfiles[m
[INFO] [1790648535.456772884] [manipulation_node]: PlaceBook /place_book executor=sim profile=default tray_slots=6 status=/robot/status perception_bridge=True
[INFO] [1790648612.088815118] [manipulation_node]: 베이스 회전 명령 전송 (목표 yaw +0°, 서가 거리 0.444)
[INFO] [1790648617.668076281] [manipulation_node]: 베이스 회전 완료
[INFO] [1790648652.374800955] [manipulation_node]: [스캔캐시] 저장 — 관측 7개 (/World/bookshelves_main/shelf_brown__book_shelf_01)
[INFO] [1790648652.375148377] [manipulation_node]: 빈칸 깊이: 관측 y 0.624 → 칸중심 0.724 · 앞면 실측 0.444 → 칸중심 0.544 (차이 +180 mm) — **앞면 쪽을 쓴다** [slot_y_from_shelf_front]
[INFO] [1790648652.375379336] [manipulation_node]: 빈칸 관측 버림 (서가 밖): (-0.782, 0.506, 0.266) 서가 x -0.66~0.66 y 0.41~0.80 z -0.33~2.19
[INFO] [1790648652.375600825] [manipulation_node]: 빈칸 관측 버림 (서가 밖): (-0.781, 0.486, 0.110) 서가 x -0.66~0.66 y 0.41~0.80 z -0.33~2.19
[INFO] [1790648652.375840800] [manipulation_node]: 빈칸 깊이: 관측 y 0.523 → 칸중심 0.623 · 앞면 실측 0.444 → 칸중심 0.544 (차이 +79 mm) — **앞면 쪽을 쓴다** [slot_y_from_shelf_front]
[INFO] [1790648652.376089797] [manipulation_node]: 빈칸 깊이: 관측 y 0.510 → 칸중심 0.610 · 앞면 실측 0.444 → 칸중심 0.544 (차이 +66 mm) — **앞면 쪽을 쓴다** [slot_y_from_shelf_front]
[INFO] [1790648652.376324737] [manipulation_node]: 빈칸 깊이: 관측 y 0.539 → 칸중심 0.638 · 앞면 실측 0.444 → 칸중심 0.544 (차이 +95 mm) — **앞면 쪽을 쓴다** [slot_y_from_shelf_front]
[INFO] [1790648652.376685820] [manipulation_node]: 빈칸 x: 검출 +0.2588 → 실측 빈칸 중심 +0.2733 (+14.5 mm, 빈칸 폭 95.8 mm, 책 두께 35.2 mm, 남는 여유 한쪽 30.3 mm, 판 상대높이 +0.000 m) [slot_x_snap_to_gap]
[INFO] [1790648652.377032113] [manipulation_node]: [배정] 책 35.2 mm → 칸 95.8 mm (여유 합 60.6 mm)
[INFO] [1790648652.377408200] [manipulation_node]: 빈칸 선택: 책 사이 틈 관측 (0.273, 0.523, 0.356) → 칸 중심 y 0.544, z 0.340 (판 높이로 스냅); 꽂기 전 차체를 옆으로 +0.623 m 옮겨 틈을 x -0.35 에 둔다
[INFO] [1790648652.377772514] [manipulation_node]: 빈 슬롯 스캔 완료: (-0.35, 0.5439, 0.3399), 삽입깊이 0.300m
[INFO] [1790648652.381267094] [manipulation_node]: 베이스 회전 명령 전송 (목표 yaw +0°, 서가 거리 0.444)
[INFO] [1790648660.417442654] [manipulation_node]: 베이스 회전 완료
[WARN] [1790648660.518213370] [manipulation_node]: 책 관측이 안 정해진다: 관측 1개가 책 1권에 흩어져 있다 — 가장 많이 본 것도 1개뿐이라 (필요 2) 어느 것이 튄 값인지 알 수 없다 — 더 본다
[WARN] [1790648660.618773608] [manipulation_node]: 책 관측이 안 정해진다: 관측 1개가 책 1권에 흩어져 있다 — 가장 많이 본 것도 1개뿐이라 (필요 2) 어느 것이 튄 값인지 알 수 없다 — 더 본다
[WARN] [1790648660.719329451] [manipulation_node]: 책 관측이 안 정해진다: 관측 1개가 책 1권에 흩어져 있다 — 가장 많이 본 것도 1개뿐이라 (필요 2) 어느 것이 튄 값인지 알 수 없다 — 더 본다
[WARN] [1790648660.819900780] [manipulation_node]: 책 관측이 안 정해진다: 관측 1개가 책 1권에 흩어져 있다 — 가장 많이 본 것도 1개뿐이라 (필요 2) 어느 것이 튄 값인지 알 수 없다 — 더 본다
[WARN] [1790648660.920450867] [manipulation_node]: 책 관측이 안 정해진다: 관측 1개가 책 1권에 흩어져 있다 — 가장 많이 본 것도 1개뿐이라 (필요 2) 어느 것이 튄 값인지 알 수 없다 — 더 본다
[WARN] [1790648661.021059356] [manipulation_node]: 책 관측이 안 정해진다: 관측 1개가 책 1권에 흩어져 있다 — 가장 많이 본 것도 1개뿐이라 (필요 2) 어느 것이 튄 값인지 알 수 없다 — 더 본다
[INFO] [1790648661.121645513] [manipulation_node]: 책 좌표 정함 (-0.3603, -0.0023, +0.2118) — 관측 2개 · 책 1권 · 고른 책 2개 (x 흔들림 0 mm) → 축마다 중앙값
[INFO] [1790648661.122304469] [manipulation_node]: 작업 job_ccd2bdccb778 book=book_003 트레이 칸 0 파지 [-0.3602581386628617, -0.002281508119670185, 0.13592049139060677] (vision) → (-0.35, 0.5438500024676323, 0.3399) 삽입 속도 0.030 m/s
[INFO] [1790648802.400899486] [manipulation_node]: 빈칸 실측이 낡았다 (배치 1회째) — 다음 판은 다시 스캔해야 한다. 트레이 쓴 칸 [0] / 전체 6
[INFO] [1790648802.401246638] [manipulation_node]: PlaceBook 성공 job=job_ccd2bdccb778 code=0(OK) phase= 배치 확인
[INFO] [1790648802.408491504] [manipulation_node]: 베이스 회전 명령 전송 (목표 yaw +0°, 서가 거리 0.444)
[INFO] [1790648807.781452475] [manipulation_node]: 베이스 회전 완료
[INFO] [1790648807.781696462] [manipulation_node]: [스캔캐시] 후보 — 관측 7개 (/World/bookshelves_main/shelf_brown__book_shelf_01). 팔 스윕 생략, 빈칸만 다시 잰다
[INFO] [1790648813.153484361] [manipulation_node]: [스캔캐시] 사용 — 관측 7개 (/World/bookshelves_main/shelf_brown__book_shelf_01)
[INFO] [1790648813.153758949] [manipulation_node]: 빈칸 깊이: 관측 y 0.624 → 칸중심 0.724 · 앞면 실측 0.444 → 칸중심 0.544 (차이 +180 mm) — **앞면 쪽을 쓴다** [slot_y_from_shelf_front]
[INFO] [1790648813.153932525] [manipulation_node]: 빈칸 관측 버림 (서가 밖): (-0.782, 0.506, 0.266) 서가 x -0.66~0.66 y 0.41~0.80 z -0.33~2.19
[INFO] [1790648813.154094715] [manipulation_node]: 빈칸 관측 버림 (서가 밖): (-0.781, 0.486, 0.110) 서가 x -0.66~0.66 y 0.41~0.80 z -0.33~2.19
[INFO] [1790648813.154270813] [manipulation_node]: 빈칸 깊이: 관측 y 0.523 → 칸중심 0.623 · 앞면 실측 0.444 → 칸중심 0.544 (차이 +79 mm) — **앞면 쪽을 쓴다** [slot_y_from_shelf_front]
[INFO] [1790648813.154446296] [manipulation_node]: 빈칸 깊이: 관측 y 0.510 → 칸중심 0.610 · 앞면 실측 0.444 → 칸중심 0.544 (차이 +66 mm) — **앞면 쪽을 쓴다** [slot_y_from_shelf_front]
[INFO] [1790648813.154621672] [manipulation_node]: 빈칸 깊이: 관측 y 0.539 → 칸중심 0.638 · 앞면 실측 0.444 → 칸중심 0.544 (차이 +95 mm) — **앞면 쪽을 쓴다** [slot_y_from_shelf_front]
[WARN] [1790648813.154900663] [manipulation_node]: **판을 옮긴다** — 가리킨 판에 자리가 없다 (들어가는 빈칸이 없다 — 실측 빈칸 3개 중 가장 넓은 것이 32.2 mm 인데 책 두께 35.2 mm 에 양쪽 여유 5.0 mm 씩이면 45.2 mm 가 필요하다). 상대 +0.544 m 판의 81 mm 칸으로 간다 (여유 한쪽 22.7 mm). **높이도 그 판 것으로 바꿔야 한다**  칸 중심 z +0.3399 → +0.8839
[INFO] [1790648813.155149212] [manipulation_node]: 빈칸 x: 검출 +0.2588 → 실측 빈칸 중심 -0.4007 (-659.6 mm, 빈칸 폭 80.5 mm, 책 두께 35.2 mm, 남는 여유 한쪽 22.7 mm, 판 상대높이 +0.544 m) [slot_x_snap_to_gap]
[INFO] [1790648813.155396980] [manipulation_node]: [배정] 책 35.2 mm → 칸 80.5 mm (여유 합 45.3 mm)
[INFO] [1790648813.155667253] [manipulation_node]: 빈칸 선택: 책 사이 틈 관측 (-0.401, 0.523, 0.356) → 칸 중심 y 0.544, z 0.884 (판 높이로 스냅); 꽂기 전 차체를 옆으로 -0.051 m 옮겨 틈을 x -0.35 에 둔다
[INFO] [1790648813.155934132] [manipulation_node]: 빈 슬롯 스캔 완료: (-0.35, 0.5439, 0.8839), 삽입깊이 0.300m
[INFO] [1790648813.159544782] [manipulation_node]: 베이스 회전 명령 전송 (목표 yaw +0°, 서가 거리 0.444)
[INFO] [1790648814.053519994] [manipulation_node]: 베이스 회전 완료
[WARN] [1790648814.154109129] [manipulation_node]: 책 관측이 안 정해진다: 관측 1개가 책 1권에 흩어져 있다 — 가장 많이 본 것도 1개뿐이라 (필요 2) 어느 것이 튄 값인지 알 수 없다 — 더 본다
[WARN] [1790648814.254819708] [manipulation_node]: 책 관측이 안 정해진다: 관측 1개가 책 1권에 흩어져 있다 — 가장 많이 본 것도 1개뿐이라 (필요 2) 어느 것이 튄 값인지 알 수 없다 — 더 본다
[WARN] [1790648814.355289360] [manipulation_node]: 책 관측이 안 정해진다: 관측 1개가 책 1권에 흩어져 있다 — 가장 많이 본 것도 1개뿐이라 (필요 2) 어느 것이 튄 값인지 알 수 없다 — 더 본다
[WARN] [1790648814.455744972] [manipulation_node]: 책 관측이 안 정해진다: 관측 1개가 책 1권에 흩어져 있다 — 가장 많이 본 것도 1개뿐이라 (필요 2) 어느 것이 튄 값인지 알 수 없다 — 더 본다
[WARN] [1790648814.556204754] [manipulation_node]: 책 관측이 안 정해진다: 관측 1개가 책 1권에 흩어져 있다 — 가장 많이 본 것도 1개뿐이라 (필요 2) 어느 것이 튄 값인지 알 수 없다 — 더 본다
[WARN] [1790648814.656706599] [manipulation_node]: 책 관측이 안 정해진다: 관측 1개가 책 1권에 흩어져 있다 — 가장 많이 본 것도 1개뿐이라 (필요 2) 어느 것이 튄 값인지 알 수 없다 — 더 본다
[WARN] [1790648814.757170693] [manipulation_node]: 책 관측이 안 정해진다: 관측 2개가 책 2권에 흩어져 있다 — 가장 많이 본 것도 1개뿐이라 (필요 2) 어느 것이 튄 값인지 알 수 없다 — 더 본다
[WARN] [1790648814.857641088] [manipulation_node]: 책 관측이 안 정해진다: 관측 2개가 책 2권에 흩어져 있다 — 가장 많이 본 것도 1개뿐이라 (필요 2) 어느 것이 튄 값인지 알 수 없다 — 더 본다
[WARN] [1790648814.958051227] [manipulation_node]: 책 관측이 안 정해진다: 관측 2개가 책 2권에 흩어져 있다 — 가장 많이 본 것도 1개뿐이라 (필요 2) 어느 것이 튄 값인지 알 수 없다 — 더 본다
[WARN] [1790648815.058488712] [manipulation_node]: 책 관측이 안 정해진다: 관측 2개가 책 2권에 흩어져 있다 — 가장 많이 본 것도 1개뿐이라 (필요 2) 어느 것이 튄 값인지 알 수 없다 — 더 본다
[INFO] [1790648815.159054734] [manipulation_node]: 책 좌표 정함 (-0.3421, -0.1046, +0.2122) — 관측 3개 · 책 2권 · 고른 책 2개 (x 흔들림 0 mm) → 축마다 중앙값
[INFO] [1790648815.159585164] [manipulation_node]: 작업 job_ccd2bdccb778 book=book_004 트레이 칸 1 파지 [-0.3421053737981353, -0.1045676579329746, 0.1363396419923433] (vision) → (-0.35, 0.5438500024676323, 0.8839) 삽입 속도 0.030 m/s
[INFO] [1790648952.245589650] [manipulation_node]: 빈칸 실측이 낡았다 (배치 2회째) — 다음 판은 다시 스캔해야 한다. 트레이 쓴 칸 [0, 1] / 전체 6
[INFO] [1790648952.245978290] [manipulation_node]: PlaceBook 성공 job=job_ccd2bdccb778 code=0(OK) phase= 배치 확인
[INFO] [1790648983.318468676] [manipulation_node]: 베이스 회전 명령 전송 (목표 yaw +0°, 서가 거리 0.444)
[INFO] [1790648985.671458170] [manipulation_node]: 베이스 회전 완료
[INFO] [1790648985.671649540] [manipulation_node]: [스캔캐시] 후보 — 관측 7개 (/World/bookshelves_main/shelf_brown__book_shelf_01). 팔 스윕 생략, 빈칸만 다시 잰다
[INFO] [1790648991.962074323] [manipulation_node]: [스캔캐시] 무효 — 서가가 바뀜 /World/bookshelves_main/shelf_brown__book_shelf_01 → /World/bookshelves_main/shelf_brown__book_shelf_11. 스윕한다
[INFO] [1790649021.334224382] [manipulation_node]: [스캔캐시] 저장 — 관측 9개 (/World/bookshelves_main/shelf_brown__book_shelf_11)
[INFO] [1790649021.334535406] [manipulation_node]: 빈칸 관측 버림 (서가 밖): (-0.780, 2.612, 1.385) 서가 x -0.66~0.66 y 0.41~0.80 z -0.33~2.19
[INFO] [1790649021.334785043] [manipulation_node]: 빈칸 깊이: 관측 y 0.554 → 칸중심 0.653 · 앞면 실측 0.444 → 칸중심 0.544 (차이 +110 mm) — **앞면 쪽을 쓴다** [slot_y_from_shelf_front]
[INFO] [1790649021.335029153] [manipulation_node]: 빈칸 깊이: 관측 y 0.614 → 칸중심 0.714 · 앞면 실측 0.444 → 칸중심 0.544 (차이 +170 mm) — **앞면 쪽을 쓴다** [slot_y_from_shelf_front]
[INFO] [1790649021.335279125] [manipulation_node]: 빈칸 깊이: 관측 y 0.547 → 칸중심 0.647 · 앞면 실측 0.444 → 칸중심 0.544 (차이 +103 mm) — **앞면 쪽을 쓴다** [slot_y_from_shelf_front]
[INFO] [1790649021.335490353] [manipulation_node]: 빈칸 관측 버림 (서가 밖): (-0.786, 0.521, 0.192) 서가 x -0.66~0.66 y 0.41~0.80 z -0.33~2.19
[INFO] [1790649021.335722883] [manipulation_node]: 빈칸 깊이: 관측 y 0.491 → 칸중심 0.591 · 앞면 실측 0.444 → 칸중심 0.544 (차이 +47 mm) — **앞면 쪽을 쓴다** [slot_y_from_shelf_front]
[INFO] [1790649021.335958536] [manipulation_node]: 빈칸 깊이: 관측 y 0.490 → 칸중심 0.590 · 앞면 실측 0.444 → 칸중심 0.544 (차이 +46 mm) — **앞면 쪽을 쓴다** [slot_y_from_shelf_front]
[INFO] [1790649021.336193555] [manipulation_node]: 빈칸 깊이: 관측 y 0.503 → 칸중심 0.602 · 앞면 실측 0.444 → 칸중심 0.544 (차이 +59 mm) — **앞면 쪽을 쓴다** [slot_y_from_shelf_front]
[INFO] [1790649021.336424683] [manipulation_node]: 빈칸 깊이: 관측 y 0.502 → 칸중심 0.602 · 앞면 실측 0.444 → 칸중심 0.544 (차이 +58 mm) — **앞면 쪽을 쓴다** [slot_y_from_shelf_front]
[INFO] [1790649021.336776782] [manipulation_node]: 빈칸 x: 검출 -0.0597 → 실측 빈칸 중심 -0.0896 (-29.9 mm, 빈칸 폭 86.0 mm, 책 두께 35.2 mm, 남는 여유 한쪽 25.4 mm, 판 상대높이 +0.000 m) [slot_x_snap_to_gap]
[INFO] [1790649021.337117995] [manipulation_node]: [배정] 책 35.2 mm → 칸 86.0 mm (여유 합 50.8 mm)
[INFO] [1790649021.337490885] [manipulation_node]: 빈칸 선택: 책 사이 틈 관측 (-0.090, 0.502, 0.359) → 칸 중심 y 0.544, z 0.340 (판 높이로 스냅); 꽂기 전 차체를 옆으로 +0.260 m 옮겨 틈을 x -0.35 에 둔다
[INFO] [1790649021.337842802] [manipulation_node]: 빈 슬롯 스캔 완료: (-0.35, 0.5439, 0.3399), 삽입깊이 0.300m
[INFO] [1790649021.341448611] [manipulation_node]: 베이스 회전 명령 전송 (목표 yaw +0°, 서가 거리 0.444)
[INFO] [1790649023.813904125] [manipulation_node]: 베이스 회전 완료
[WARN] [1790649024.018748831] [manipulation_node]: 책 관측이 안 정해진다: 관측 1개가 책 1권에 흩어져 있다 — 가장 많이 본 것도 1개뿐이라 (필요 2) 어느 것이 튄 값인지 알 수 없다 — 더 본다
[WARN] [1790649024.119232755] [manipulation_node]: 책 관측이 안 정해진다: 관측 1개가 책 1권에 흩어져 있다 — 가장 많이 본 것도 1개뿐이라 (필요 2) 어느 것이 튄 값인지 알 수 없다 — 더 본다
[WARN] [1790649024.219803648] [manipulation_node]: 책 관측이 안 정해진다: 관측 1개가 책 1권에 흩어져 있다 — 가장 많이 본 것도 1개뿐이라 (필요 2) 어느 것이 튄 값인지 알 수 없다 — 더 본다
[WARN] [1790649024.320375880] [manipulation_node]: 책 관측이 안 정해진다: 관측 1개가 책 1권에 흩어져 있다 — 가장 많이 본 것도 1개뿐이라 (필요 2) 어느 것이 튄 값인지 알 수 없다 — 더 본다
[WARN] [1790649024.420917087] [manipulation_node]: 책 관측이 안 정해진다: 관측 1개가 책 1권에 흩어져 있다 — 가장 많이 본 것도 1개뿐이라 (필요 2) 어느 것이 튄 값인지 알 수 없다 — 더 본다
[WARN] [1790649024.521393475] [manipulation_node]: 책 관측이 안 정해진다: 관측 1개가 책 1권에 흩어져 있다 — 가장 많이 본 것도 1개뿐이라 (필요 2) 어느 것이 튄 값인지 알 수 없다 — 더 본다
[WARN] [1790649024.621896824] [manipulation_node]: 책 관측이 안 정해진다: 관측 1개가 책 1권에 흩어져 있다 — 가장 많이 본 것도 1개뿐이라 (필요 2) 어느 것이 튄 값인지 알 수 없다 — 더 본다
[WARN] [1790649024.722394958] [manipulation_node]: 책 관측이 안 정해진다: 관측 1개가 책 1권에 흩어져 있다 — 가장 많이 본 것도 1개뿐이라 (필요 2) 어느 것이 튄 값인지 알 수 없다 — 더 본다
[WARN] [1790649024.822875568] [manipulation_node]: 책 관측이 안 정해진다: 관측 1개가 책 1권에 흩어져 있다 — 가장 많이 본 것도 1개뿐이라 (필요 2) 어느 것이 튄 값인지 알 수 없다 — 더 본다
[WARN] [1790649024.923413128] [manipulation_node]: 책 관측이 안 정해진다: 관측 1개가 책 1권에 흩어져 있다 — 가장 많이 본 것도 1개뿐이라 (필요 2) 어느 것이 튄 값인지 알 수 없다 — 더 본다
[WARN] [1790649025.024192248] [manipulation_node]: 책 관측이 안 정해진다: 관측 1개가 책 1권에 흩어져 있다 — 가장 많이 본 것도 1개뿐이라 (필요 2) 어느 것이 튄 값인지 알 수 없다 — 더 본다
[WARN] [1790649025.124688659] [manipulation_node]: 책 관측이 안 정해진다: 관측 1개가 책 1권에 흩어져 있다 — 가장 많이 본 것도 1개뿐이라 (필요 2) 어느 것이 튄 값인지 알 수 없다 — 더 본다
[WARN] [1790649025.225183415] [manipulation_node]: 책 관측이 안 정해진다: 관측 1개가 책 1권에 흩어져 있다 — 가장 많이 본 것도 1개뿐이라 (필요 2) 어느 것이 튄 값인지 알 수 없다 — 더 본다
[WARN] [1790649025.325645779] [manipulation_node]: 책 관측이 안 정해진다: 관측 1개가 책 1권에 흩어져 있다 — 가장 많이 본 것도 1개뿐이라 (필요 2) 어느 것이 튄 값인지 알 수 없다 — 더 본다
[WARN] [1790649025.426193509] [manipulation_node]: 책 관측이 안 정해진다: 관측 1개가 책 1권에 흩어져 있다 — 가장 많이 본 것도 1개뿐이라 (필요 2) 어느 것이 튄 값인지 알 수 없다 — 더 본다
[WARN] [1790649025.526706451] [manipulation_node]: 책 관측이 안 정해진다: 관측 1개가 책 1권에 흩어져 있다 — 가장 많이 본 것도 1개뿐이라 (필요 2) 어느 것이 튄 값인지 알 수 없다 — 더 본다
[WARN] [1790649025.627250272] [manipulation_node]: 책 관측이 안 정해진다: 관측 1개가 책 1권에 흩어져 있다 — 가장 많이 본 것도 1개뿐이라 (필요 2) 어느 것이 튄 값인지 알 수 없다 — 더 본다
[WARN] [1790649025.727777387] [manipulation_node]: 책 관측이 안 정해진다: 관측 1개가 책 1권에 흩어져 있다 — 가장 많이 본 것도 1개뿐이라 (필요 2) 어느 것이 튄 값인지 알 수 없다 — 더 본다
[WARN] [1790649025.828292946] [manipulation_node]: 책 관측이 안 정해진다: 관측 1개가 책 1권에 흩어져 있다 — 가장 많이 본 것도 1개뿐이라 (필요 2) 어느 것이 튄 값인지 알 수 없다 — 더 본다
[WARN] [1790649025.928943888] [manipulation_node]: 책 관측이 안 정해진다: 관측 1개가 책 1권에 흩어져 있다 — 가장 많이 본 것도 1개뿐이라 (필요 2) 어느 것이 튄 값인지 알 수 없다 — 더 본다
[WARN] [1790649026.029448937] [manipulation_node]: 책 관측이 안 정해진다: 관측 1개가 책 1권에 흩어져 있다 — 가장 많이 본 것도 1개뿐이라 (필요 2) 어느 것이 튄 값인지 알 수 없다 — 더 본다
[WARN] [1790649026.129931549] [manipulation_node]: 책 관측이 안 정해진다: 관측 1개가 책 1권에 흩어져 있다 — 가장 많이 본 것도 1개뿐이라 (필요 2) 어느 것이 튄 값인지 알 수 없다 — 더 본다
[WARN] [1790649026.230454003] [manipulation_node]: 책 관측이 안 정해진다: 관측 1개가 책 1권에 흩어져 있다 — 가장 많이 본 것도 1개뿐이라 (필요 2) 어느 것이 튄 값인지 알 수 없다 — 더 본다
[WARN] [1790649026.330972033] [manipulation_node]: 책 관측이 안 정해진다: 관측 1개가 책 1권에 흩어져 있다 — 가장 많이 본 것도 1개뿐이라 (필요 2) 어느 것이 튄 값인지 알 수 없다 — 더 본다
[WARN] [1790649026.431500139] [manipulation_node]: 책 관측이 안 정해진다: 관측 1개가 책 1권에 흩어져 있다 — 가장 많이 본 것도 1개뿐이라 (필요 2) 어느 것이 튄 값인지 알 수 없다 — 더 본다
[WARN] [1790649026.532020073] [manipulation_node]: 책 관측이 안 정해진다: 관측 1개가 책 1권에 흩어져 있다 — 가장 많이 본 것도 1개뿐이라 (필요 2) 어느 것이 튄 값인지 알 수 없다 — 더 본다
[WARN] [1790649026.632507302] [manipulation_node]: 책 관측이 안 정해진다: 관측 1개가 책 1권에 흩어져 있다 — 가장 많이 본 것도 1개뿐이라 (필요 2) 어느 것이 튄 값인지 알 수 없다 — 더 본다
[WARN] [1790649026.733098776] [manipulation_node]: 책 관측이 안 정해진다: 관측 1개가 책 1권에 흩어져 있다 — 가장 많이 본 것도 1개뿐이라 (필요 2) 어느 것이 튄 값인지 알 수 없다 — 더 본다
[WARN] [1790649026.833637655] [manipulation_node]: 책 관측이 안 정해진다: 관측 1개가 책 1권에 흩어져 있다 — 가장 많이 본 것도 1개뿐이라 (필요 2) 어느 것이 튄 값인지 알 수 없다 — 더 본다
[WARN] [1790649026.934280619] [manipulation_node]: 책 관측이 안 정해진다: 관측 1개가 책 1권에 흩어져 있다 — 가장 많이 본 것도 1개뿐이라 (필요 2) 어느 것이 튄 값인지 알 수 없다 — 더 본다
[WARN] [1790649027.034786438] [manipulation_node]: 책 관측이 안 정해진다: 관측 1개가 책 1권에 흩어져 있다 — 가장 많이 본 것도 1개뿐이라 (필요 2) 어느 것이 튄 값인지 알 수 없다 — 더 본다
[WARN] [1790649027.135326910] [manipulation_node]: 책 관측이 안 정해진다: 관측 1개가 책 1권에 흩어져 있다 — 가장 많이 본 것도 1개뿐이라 (필요 2) 어느 것이 튄 값인지 알 수 없다 — 더 본다
[WARN] [1790649027.235867274] [manipulation_node]: 책 관측이 안 정해진다: 관측 1개가 책 1권에 흩어져 있다 — 가장 많이 본 것도 1개뿐이라 (필요 2) 어느 것이 튄 값인지 알 수 없다 — 더 본다
[WARN] [1790649027.336328431] [manipulation_node]: 책 관측이 안 정해진다: 관측 1개가 책 1권에 흩어져 있다 — 가장 많이 본 것도 1개뿐이라 (필요 2) 어느 것이 튄 값인지 알 수 없다 — 더 본다
[WARN] [1790649027.436937543] [manipulation_node]: 책 관측이 안 정해진다: 관측 1개가 책 1권에 흩어져 있다 — 가장 많이 본 것도 1개뿐이라 (필요 2) 어느 것이 튄 값인지 알 수 없다 — 더 본다
[WARN] [1790649027.537544167] [manipulation_node]: 책 관측이 안 정해진다: 관측 1개가 책 1권에 흩어져 있다 — 가장 많이 본 것도 1개뿐이라 (필요 2) 어느 것이 튄 값인지 알 수 없다 — 더 본다
[WARN] [1790649027.638090065] [manipulation_node]: 책 관측이 안 정해진다: 관측 1개가 책 1권에 흩어져 있다 — 가장 많이 본 것도 1개뿐이라 (필요 2) 어느 것이 튄 값인지 알 수 없다 — 더 본다
[WARN] [1790649027.738685907] [manipulation_node]: 책 관측이 안 정해진다: 관측 1개가 책 1권에 흩어져 있다 — 가장 많이 본 것도 1개뿐이라 (필요 2) 어느 것이 튄 값인지 알 수 없다 — 더 본다
[WARN] [1790649027.839216148] [manipulation_node]: 책 관측이 안 정해진다: 관측 1개가 책 1권에 흩어져 있다 — 가장 많이 본 것도 1개뿐이라 (필요 2) 어느 것이 튄 값인지 알 수 없다 — 더 본다
[WARN] [1790649027.939790666] [manipulation_node]: 책 관측이 안 정해진다: 관측 1개가 책 1권에 흩어져 있다 — 가장 많이 본 것도 1개뿐이라 (필요 2) 어느 것이 튄 값인지 알 수 없다 — 더 본다
[INFO] [1790649028.040325212] [manipulation_node]: 책 좌표 정함 (-0.3587, -0.1834, +0.1893) — 관측 2개 · 책 1권 · 고른 책 2개 (x 흔들림 22 mm) → 축마다 중앙값
[INFO] [1790649028.040938091] [manipulation_node]: 작업 job_ccd2bdccb778 book=book_001 트레이 칸 2 파지 [-0.35874248148119614, -0.18338085532824872, 0.11341643308966981] (vision) → (-0.35, 0.5438500024676323, 0.3399) 삽입 속도 0.030 m/s
[INFO] [1790649167.449786477] [manipulation_node]: 빈칸 실측이 낡았다 (배치 3회째) — 다음 판은 다시 스캔해야 한다. 트레이 쓴 칸 [0, 1, 2] / 전체 6
[INFO] [1790649167.450114620] [manipulation_node]: PlaceBook 성공 job=job_ccd2bdccb778 code=0(OK) phase= 배치 확인
[INFO] [1790649167.456767856] [manipulation_node]: 베이스 회전 명령 전송 (목표 yaw +0°, 서가 거리 0.444)
[INFO] [1790649169.494363233] [manipulation_node]: 베이스 회전 완료
[INFO] [1790649169.494574455] [manipulation_node]: [스캔캐시] 후보 — 관측 9개 (/World/bookshelves_main/shelf_brown__book_shelf_11). 팔 스윕 생략, 빈칸만 다시 잰다
[INFO] [1790649174.681649507] [manipulation_node]: [스캔캐시] 사용 — 관측 9개 (/World/bookshelves_main/shelf_brown__book_shelf_11)
[INFO] [1790649174.681896144] [manipulation_node]: 빈칸 관측 버림 (서가 밖): (-0.780, 2.612, 1.385) 서가 x -0.66~0.66 y 0.41~0.80 z -0.33~2.19
[INFO] [1790649174.682077361] [manipulation_node]: 빈칸 깊이: 관측 y 0.554 → 칸중심 0.653 · 앞면 실측 0.444 → 칸중심 0.544 (차이 +110 mm) — **앞면 쪽을 쓴다** [slot_y_from_shelf_front]
[INFO] [1790649174.682247663] [manipulation_node]: 빈칸 깊이: 관측 y 0.614 → 칸중심 0.714 · 앞면 실측 0.444 → 칸중심 0.544 (차이 +170 mm) — **앞면 쪽을 쓴다** [slot_y_from_shelf_front]
[INFO] [1790649174.682416799] [manipulation_node]: 빈칸 깊이: 관측 y 0.547 → 칸중심 0.647 · 앞면 실측 0.444 → 칸중심 0.544 (차이 +103 mm) — **앞면 쪽을 쓴다** [slot_y_from_shelf_front]
[INFO] [1790649174.682571797] [manipulation_node]: 빈칸 관측 버림 (서가 밖): (-0.786, 0.521, 0.192) 서가 x -0.66~0.66 y 0.41~0.80 z -0.33~2.19
[INFO] [1790649174.682739937] [manipulation_node]: 빈칸 깊이: 관측 y 0.491 → 칸중심 0.591 · 앞면 실측 0.444 → 칸중심 0.544 (차이 +47 mm) — **앞면 쪽을 쓴다** [slot_y_from_shelf_front]
[INFO] [1790649174.682910435] [manipulation_node]: 빈칸 깊이: 관측 y 0.490 → 칸중심 0.590 · 앞면 실측 0.444 → 칸중심 0.544 (차이 +46 mm) — **앞면 쪽을 쓴다** [slot_y_from_shelf_front]
[INFO] [1790649174.683079459] [manipulation_node]: 빈칸 깊이: 관측 y 0.503 → 칸중심 0.602 · 앞면 실측 0.444 → 칸중심 0.544 (차이 +59 mm) — **앞면 쪽을 쓴다** [slot_y_from_shelf_front]
[INFO] [1790649174.683246166] [manipulation_node]: 빈칸 깊이: 관측 y 0.502 → 칸중심 0.602 · 앞면 실측 0.444 → 칸중심 0.544 (차이 +58 mm) — **앞면 쪽을 쓴다** [slot_y_from_shelf_front]
[WARN] [1790649174.683514190] [manipulation_node]: **판을 옮긴다** — 가리킨 판에 자리가 없다 (들어가는 빈칸이 없다 — 실측 빈칸 2개 중 가장 넓은 것이 24.0 mm 인데 책 두께 35.2 mm 에 양쪽 여유 5.0 mm 씩이면 45.2 mm 가 필요하다). 상대 +0.544 m 판의 83 mm 칸으로 간다 (여유 한쪽 23.9 mm). **높이도 그 판 것으로 바꿔야 한다**  칸 중심 z +0.3399 → +0.8839
[INFO] [1790649174.683756047] [manipulation_node]: 빈칸 x: 검출 -0.0597 → 실측 빈칸 중심 +0.1387 (+198.5 mm, 빈칸 폭 82.9 mm, 책 두께 35.2 mm, 남는 여유 한쪽 23.9 mm, 판 상대높이 +0.544 m) [slot_x_snap_to_gap]
[INFO] [1790649174.684005313] [manipulation_node]: [배정] 책 35.2 mm → 칸 82.9 mm (여유 합 47.7 mm)
[INFO] [1790649174.684275323] [manipulation_node]: 빈칸 선택: 책 사이 틈 관측 (0.139, 0.502, 0.359) → 칸 중심 y 0.544, z 0.884 (판 높이로 스냅); 꽂기 전 차체를 옆으로 +0.489 m 옮겨 틈을 x -0.35 에 둔다
[INFO] [1790649174.684546268] [manipulation_node]: 빈 슬롯 스캔 완료: (-0.35, 0.5439, 0.8839), 삽입깊이 0.300m
[INFO] [1790649174.687997302] [manipulation_node]: 베이스 회전 명령 전송 (목표 yaw +0°, 서가 거리 0.444)
[INFO] [1790649178.558963794] [manipulation_node]: 베이스 회전 완료
[WARN] [1790649180.261571011] [manipulation_node]: 책 관측이 안 정해진다: 관측 1개가 책 1권에 흩어져 있다 — 가장 많이 본 것도 1개뿐이라 (필요 2) 어느 것이 튄 값인지 알 수 없다 — 더 본다
[WARN] [1790649180.362094640] [manipulation_node]: 책 관측이 안 정해진다: 관측 1개가 책 1권에 흩어져 있다 — 가장 많이 본 것도 1개뿐이라 (필요 2) 어느 것이 튄 값인지 알 수 없다 — 더 본다
[WARN] [1790649180.462526062] [manipulation_node]: 책 관측이 안 정해진다: 관측 1개가 책 1권에 흩어져 있다 — 가장 많이 본 것도 1개뿐이라 (필요 2) 어느 것이 튄 값인지 알 수 없다 — 더 본다
[WARN] [1790649180.562993301] [manipulation_node]: 책 관측이 안 정해진다: 관측 1개가 책 1권에 흩어져 있다 — 가장 많이 본 것도 1개뿐이라 (필요 2) 어느 것이 튄 값인지 알 수 없다 — 더 본다
[WARN] [1790649180.663464435] [manipulation_node]: 책 관측이 안 정해진다: 관측 1개가 책 1권에 흩어져 있다 — 가장 많이 본 것도 1개뿐이라 (필요 2) 어느 것이 튄 값인지 알 수 없다 — 더 본다
[INFO] [1790649180.764051275] [manipulation_node]: 책 좌표 정함 (-0.3405, +0.1512, +0.2128) — 관측 2개 · 책 1권 · 고른 책 2개 (x 흔들림 3 mm) → 축마다 중앙값
[INFO] [1790649180.764692978] [manipulation_node]: 작업 job_ccd2bdccb778 book=book_002 트레이 칸 3 파지 [-0.3405146101896561, 0.15116685643052052, 0.1369435055445027] (vision) → (-0.35, 0.5438500024676323, 0.8839) 삽입 속도 0.030 m/s
[INFO] [1790649323.487808508] [manipulation_node]: 빈칸 실측이 낡았다 (배치 4회째) — 다음 판은 다시 스캔해야 한다. 트레이 쓴 칸 [0, 1, 2, 3] / 전체 6
[INFO] [1790649323.488271372] [manipulation_node]: PlaceBook 성공 job=job_ccd2bdccb778 code=0(OK) phase= 배치 확인
