[37;1m2026-09-29 01:29:32.412 [31;1m[[37;1mXMLProfileManager[31;1m Error] [37mCould not extract any profile[34;1m -> Function [36mextractProfiles[m
[INFO] [1790612972.633048489] [manipulation_node]: PlaceBook /place_book executor=sim profile=default tray_slots=6 status=/robot/status perception_bridge=True
[INFO] [1790613038.593856874] [manipulation_node]: 베이스 회전 명령 전송 (목표 yaw +0°, 서가 거리 0.444)
[INFO] [1790613042.650551629] [manipulation_node]: 베이스 회전 완료
[INFO] [1790613067.938336197] [manipulation_node]: [스캔캐시] 저장 — 관측 8개 (/World/bookshelves_main/shelf_brown__book_shelf_01)
[INFO] [1790613067.938710055] [manipulation_node]: 빈칸 깊이: 관측 y 0.624 → 칸중심 0.724 · 앞면 실측 0.444 → 칸중심 0.544 (차이 +180 mm) — **앞면 쪽을 쓴다** [slot_y_from_shelf_front]
[INFO] [1790613067.938922678] [manipulation_node]: 빈칸 관측 버림 (서가 밖): (-0.780, 0.504, 0.177) 서가 x -0.66~0.66 y 0.41~0.80 z -0.33~2.19
[INFO] [1790613067.939084475] [manipulation_node]: 빈칸 관측 버림 (서가 밖): (-0.781, 0.489, 0.188) 서가 x -0.66~0.66 y 0.41~0.80 z -0.33~2.19
[INFO] [1790613067.939278493] [manipulation_node]: 빈칸 깊이: 관측 y 0.523 → 칸중심 0.623 · 앞면 실측 0.444 → 칸중심 0.544 (차이 +79 mm) — **앞면 쪽을 쓴다** [slot_y_from_shelf_front]
[INFO] [1790613067.939463694] [manipulation_node]: 빈칸 깊이: 관측 y 0.506 → 칸중심 0.606 · 앞면 실측 0.444 → 칸중심 0.544 (차이 +62 mm) — **앞면 쪽을 쓴다** [slot_y_from_shelf_front]
[INFO] [1790613067.939668923] [manipulation_node]: 빈칸 깊이: 관측 y 0.536 → 칸중심 0.635 · 앞면 실측 0.444 → 칸중심 0.544 (차이 +92 mm) — **앞면 쪽을 쓴다** [slot_y_from_shelf_front]
[INFO] [1790613067.939942141] [manipulation_node]: 빈칸 x: 검출 +0.2591 → 실측 빈칸 중심 +0.2732 (+14.2 mm, 빈칸 폭 95.7 mm, 책 두께 35.2 mm, 남는 여유 한쪽 30.3 mm, 판 상대높이 +0.000 m) [slot_x_snap_to_gap]
[INFO] [1790613067.940164973] [manipulation_node]: [배정] 책 35.2 mm → 칸 95.7 mm (여유 합 60.5 mm)
[INFO] [1790613067.940411871] [manipulation_node]: 빈칸 선택: 책 사이 틈 관측 (0.273, 0.523, 0.357) → 칸 중심 y 0.544, z 0.340 (판 높이로 스냅); 꽂기 전 차체를 옆으로 +0.623 m 옮겨 틈을 x -0.35 에 둔다
[INFO] [1790613067.940687303] [manipulation_node]: 빈 슬롯 스캔 완료: (-0.35, 0.5439, 0.3399), 삽입깊이 0.300m
[INFO] [1790613067.943922515] [manipulation_node]: 베이스 회전 명령 전송 (목표 yaw +0°, 서가 거리 0.444)
[INFO] [1790613073.856304110] [manipulation_node]: 베이스 회전 완료
[WARN] [1790613073.956873448] [manipulation_node]: 책 관측이 안 정해진다: 관측 1개가 책 1권에 흩어져 있다 — 가장 많이 본 것도 1개뿐이라 (필요 2) 어느 것이 튄 값인지 알 수 없다 — 더 본다
[WARN] [1790613074.057312749] [manipulation_node]: 책 관측이 안 정해진다: 관측 1개가 책 1권에 흩어져 있다 — 가장 많이 본 것도 1개뿐이라 (필요 2) 어느 것이 튄 값인지 알 수 없다 — 더 본다
[WARN] [1790613074.157785624] [manipulation_node]: 책 관측이 안 정해진다: 관측 1개가 책 1권에 흩어져 있다 — 가장 많이 본 것도 1개뿐이라 (필요 2) 어느 것이 튄 값인지 알 수 없다 — 더 본다
[WARN] [1790613074.258283295] [manipulation_node]: 책 관측이 안 정해진다: 관측 1개가 책 1권에 흩어져 있다 — 가장 많이 본 것도 1개뿐이라 (필요 2) 어느 것이 튄 값인지 알 수 없다 — 더 본다
[WARN] [1790613074.358915301] [manipulation_node]: 책 관측이 안 정해진다: 관측 1개가 책 1권에 흩어져 있다 — 가장 많이 본 것도 1개뿐이라 (필요 2) 어느 것이 튄 값인지 알 수 없다 — 더 본다
[INFO] [1790613074.459480621] [manipulation_node]: 책 좌표 정함 (-0.3619, -0.0018, +0.2030) — 관측 2개 · 책 1권 · 고른 책 2개 (x 흔들림 0 mm) → 축마다 중앙값
[INFO] [1790613074.460004013] [manipulation_node]: 작업 job_37d4147ebc03 book=book_003 트레이 칸 0 파지 [-0.3619144712074498, -0.0017653844133521598, 0.12710333359519232] (vision) → (-0.35, 0.5438500024676323, 0.3399) 삽입 속도 0.030 m/s
[INFO] [1790613185.125786475] [manipulation_node]: 빈칸 실측이 낡았다 (배치 1회째) — 다음 판은 다시 스캔해야 한다. 트레이 쓴 칸 [0] / 전체 6
[INFO] [1790613185.126051256] [manipulation_node]: PlaceBook 성공 job=job_37d4147ebc03 code=0(OK) phase= 배치 확인
[INFO] [1790613185.132629839] [manipulation_node]: 베이스 회전 명령 전송 (목표 yaw +0°, 서가 거리 0.444)
[INFO] [1790613189.668096965] [manipulation_node]: 베이스 회전 완료
[INFO] [1790613189.668293625] [manipulation_node]: [스캔캐시] 후보 — 관측 8개 (/World/bookshelves_main/shelf_brown__book_shelf_01). 팔 스윕 생략, 빈칸만 다시 잰다
[INFO] [1790613193.730783859] [manipulation_node]: [스캔캐시] 사용 — 관측 8개 (/World/bookshelves_main/shelf_brown__book_shelf_01)
[INFO] [1790613193.731034834] [manipulation_node]: 빈칸 깊이: 관측 y 0.624 → 칸중심 0.724 · 앞면 실측 0.444 → 칸중심 0.544 (차이 +180 mm) — **앞면 쪽을 쓴다** [slot_y_from_shelf_front]
[INFO] [1790613193.731214892] [manipulation_node]: 빈칸 관측 버림 (서가 밖): (-0.780, 0.504, 0.177) 서가 x -0.66~0.66 y 0.41~0.80 z -0.33~2.19
[INFO] [1790613193.731412955] [manipulation_node]: 빈칸 관측 버림 (서가 밖): (-0.781, 0.489, 0.188) 서가 x -0.66~0.66 y 0.41~0.80 z -0.33~2.19
[INFO] [1790613193.731598483] [manipulation_node]: 빈칸 깊이: 관측 y 0.523 → 칸중심 0.623 · 앞면 실측 0.444 → 칸중심 0.544 (차이 +79 mm) — **앞면 쪽을 쓴다** [slot_y_from_shelf_front]
[INFO] [1790613193.731786697] [manipulation_node]: 빈칸 깊이: 관측 y 0.506 → 칸중심 0.606 · 앞면 실측 0.444 → 칸중심 0.544 (차이 +62 mm) — **앞면 쪽을 쓴다** [slot_y_from_shelf_front]
[INFO] [1790613193.731965141] [manipulation_node]: 빈칸 깊이: 관측 y 0.536 → 칸중심 0.635 · 앞면 실측 0.444 → 칸중심 0.544 (차이 +92 mm) — **앞면 쪽을 쓴다** [slot_y_from_shelf_front]
[WARN] [1790613193.732268618] [manipulation_node]: **판을 옮긴다** — 가리킨 판에 자리가 없다 (들어가는 빈칸이 없다 — 실측 빈칸 3개 중 가장 넓은 것이 31.6 mm 인데 책 두께 35.2 mm 에 양쪽 여유 5.0 mm 씩이면 45.2 mm 가 필요하다). 상대 +0.544 m 판의 81 mm 칸으로 간다 (여유 한쪽 22.7 mm). **높이도 그 판 것으로 바꿔야 한다**  칸 중심 z +0.3399 → +0.8839
[INFO] [1790613193.732570671] [manipulation_node]: 빈칸 x: 검출 +0.2591 → 실측 빈칸 중심 -0.4008 (-659.9 mm, 빈칸 폭 80.6 mm, 책 두께 35.2 mm, 남는 여유 한쪽 22.7 mm, 판 상대높이 +0.544 m) [slot_x_snap_to_gap]
[INFO] [1790613193.732803661] [manipulation_node]: [배정] 책 35.2 mm → 칸 80.6 mm (여유 합 45.4 mm)
[INFO] [1790613193.733068994] [manipulation_node]: 빈칸 선택: 책 사이 틈 관측 (-0.401, 0.523, 0.357) → 칸 중심 y 0.544, z 0.884 (판 높이로 스냅); 꽂기 전 차체를 옆으로 -0.051 m 옮겨 틈을 x -0.35 에 둔다
[INFO] [1790613193.733325239] [manipulation_node]: 빈 슬롯 스캔 완료: (-0.35, 0.5439, 0.8839), 삽입깊이 0.300m
[INFO] [1790613193.736211806] [manipulation_node]: 베이스 회전 명령 전송 (목표 yaw +0°, 서가 거리 0.444)
[INFO] [1790613194.452877162] [manipulation_node]: 베이스 회전 완료
[WARN] [1790613194.553555967] [manipulation_node]: 책 관측이 안 정해진다: 관측 1개가 책 1권에 흩어져 있다 — 가장 많이 본 것도 1개뿐이라 (필요 2) 어느 것이 튄 값인지 알 수 없다 — 더 본다
[WARN] [1790613194.654002413] [manipulation_node]: 책 관측이 안 정해진다: 관측 1개가 책 1권에 흩어져 있다 — 가장 많이 본 것도 1개뿐이라 (필요 2) 어느 것이 튄 값인지 알 수 없다 — 더 본다
[WARN] [1790613194.754449691] [manipulation_node]: 책 관측이 안 정해진다: 관측 1개가 책 1권에 흩어져 있다 — 가장 많이 본 것도 1개뿐이라 (필요 2) 어느 것이 튄 값인지 알 수 없다 — 더 본다
[WARN] [1790613194.854983335] [manipulation_node]: 책 관측이 안 정해진다: 관측 1개가 책 1권에 흩어져 있다 — 가장 많이 본 것도 1개뿐이라 (필요 2) 어느 것이 튄 값인지 알 수 없다 — 더 본다
[WARN] [1790613194.955546907] [manipulation_node]: 책 관측이 안 정해진다: 관측 1개가 책 1권에 흩어져 있다 — 가장 많이 본 것도 1개뿐이라 (필요 2) 어느 것이 튄 값인지 알 수 없다 — 더 본다
[INFO] [1790613195.056394044] [manipulation_node]: 책 좌표 정함 (-0.3520, -0.1015, +0.2042) — 관측 2개 · 책 1권 · 고른 책 2개 (x 흔들림 17 mm) → 축마다 중앙값
[INFO] [1790613195.056904641] [manipulation_node]: 작업 job_37d4147ebc03 book=book_004 트레이 칸 1 파지 [-0.3519697122993135, -0.10147204467905623, 0.12831309304601818] (vision) → (-0.35, 0.5438500024676323, 0.8839) 삽입 속도 0.030 m/s
[INFO] [1790613306.389066693] [manipulation_node]: 빈칸 실측이 낡았다 (배치 2회째) — 다음 판은 다시 스캔해야 한다. 트레이 쓴 칸 [0, 1] / 전체 6
[INFO] [1790613306.389322826] [manipulation_node]: PlaceBook 성공 job=job_37d4147ebc03 code=0(OK) phase= 배치 확인
[INFO] [1790613331.734765009] [manipulation_node]: 베이스 회전 명령 전송 (목표 yaw +0°, 서가 거리 0.444)
[INFO] [1790613333.650965025] [manipulation_node]: 베이스 회전 완료
[INFO] [1790613333.651183946] [manipulation_node]: [스캔캐시] 후보 — 관측 8개 (/World/bookshelves_main/shelf_brown__book_shelf_01). 팔 스윕 생략, 빈칸만 다시 잰다
[INFO] [1790613338.402597087] [manipulation_node]: [스캔캐시] 무효 — 서가가 바뀜 /World/bookshelves_main/shelf_brown__book_shelf_01 → /World/bookshelves_main/shelf_brown__book_shelf_11. 스윕한다
[INFO] [1790613360.570351688] [manipulation_node]: [스캔캐시] 저장 — 관측 9개 (/World/bookshelves_main/shelf_brown__book_shelf_11)
[INFO] [1790613360.570575548] [manipulation_node]: 빈칸 관측 버림 (서가 밖): (-0.794, 0.513, 0.365) 서가 x -0.66~0.66 y 0.41~0.80 z -0.33~2.19
[INFO] [1790613360.570833595] [manipulation_node]: 빈칸 깊이: 관측 y 0.550 → 칸중심 0.650 · 앞면 실측 0.444 → 칸중심 0.544 (차이 +106 mm) — **앞면 쪽을 쓴다** [slot_y_from_shelf_front]
[INFO] [1790613360.571035263] [manipulation_node]: 빈칸 깊이: 관측 y 0.559 → 칸중심 0.659 · 앞면 실측 0.444 → 칸중심 0.544 (차이 +115 mm) — **앞면 쪽을 쓴다** [slot_y_from_shelf_front]
[INFO] [1790613360.571224617] [manipulation_node]: 빈칸 깊이: 관측 y 0.551 → 칸중심 0.651 · 앞면 실측 0.444 → 칸중심 0.544 (차이 +107 mm) — **앞면 쪽을 쓴다** [slot_y_from_shelf_front]
[INFO] [1790613360.571406657] [manipulation_node]: 빈칸 깊이: 관측 y 0.548 → 칸중심 0.648 · 앞면 실측 0.444 → 칸중심 0.544 (차이 +104 mm) — **앞면 쪽을 쓴다** [slot_y_from_shelf_front]
[INFO] [1790613360.571573357] [manipulation_node]: 빈칸 관측 버림 (서가 밖): (-0.786, 0.519, 0.180) 서가 x -0.66~0.66 y 0.41~0.80 z -0.33~2.19
[INFO] [1790613360.571781107] [manipulation_node]: 빈칸 관측 버림 (서가 밖): (-0.791, 0.493, 0.110) 서가 x -0.66~0.66 y 0.41~0.80 z -0.33~2.19
[INFO] [1790613360.572001400] [manipulation_node]: 빈칸 깊이: 관측 y 0.489 → 칸중심 0.589 · 앞면 실측 0.444 → 칸중심 0.544 (차이 +45 mm) — **앞면 쪽을 쓴다** [slot_y_from_shelf_front]
[INFO] [1790613360.572204521] [manipulation_node]: 빈칸 깊이: 관측 y 0.501 → 칸중심 0.601 · 앞면 실측 0.444 → 칸중심 0.544 (차이 +57 mm) — **앞면 쪽을 쓴다** [slot_y_from_shelf_front]
[INFO] [1790613360.572460754] [manipulation_node]: 빈칸 x: 검출 -0.0663 → 실측 빈칸 중심 -0.0896 (-23.4 mm, 빈칸 폭 85.9 mm, 책 두께 35.2 mm, 남는 여유 한쪽 25.4 mm, 판 상대높이 +0.000 m) [slot_x_snap_to_gap]
[INFO] [1790613360.572712107] [manipulation_node]: [배정] 책 35.2 mm → 칸 85.9 mm (여유 합 50.7 mm)
[INFO] [1790613360.572970293] [manipulation_node]: 빈칸 선택: 책 사이 틈 관측 (-0.090, 0.501, 0.357) → 칸 중심 y 0.544, z 0.340 (판 높이로 스냅); 꽂기 전 차체를 옆으로 +0.260 m 옮겨 틈을 x -0.35 에 둔다
[INFO] [1790613360.573228540] [manipulation_node]: 빈 슬롯 스캔 완료: (-0.35, 0.5439, 0.3399), 삽입깊이 0.300m
[INFO] [1790613360.575973658] [manipulation_node]: 베이스 회전 명령 전송 (목표 yaw +0°, 서가 거리 0.444)
[INFO] [1790613362.474975887] [manipulation_node]: 베이스 회전 완료
[WARN] [1790613362.575588253] [manipulation_node]: 책 관측이 안 정해진다: 관측 1개가 책 1권에 흩어져 있다 — 가장 많이 본 것도 1개뿐이라 (필요 2) 어느 것이 튄 값인지 알 수 없다 — 더 본다
[WARN] [1790613362.676014431] [manipulation_node]: 책 관측이 안 정해진다: 관측 1개가 책 1권에 흩어져 있다 — 가장 많이 본 것도 1개뿐이라 (필요 2) 어느 것이 튄 값인지 알 수 없다 — 더 본다
[WARN] [1790613362.776505334] [manipulation_node]: 책 관측이 안 정해진다: 관측 1개가 책 1권에 흩어져 있다 — 가장 많이 본 것도 1개뿐이라 (필요 2) 어느 것이 튄 값인지 알 수 없다 — 더 본다
[WARN] [1790613362.877077703] [manipulation_node]: 책 관측이 안 정해진다: 관측 1개가 책 1권에 흩어져 있다 — 가장 많이 본 것도 1개뿐이라 (필요 2) 어느 것이 튄 값인지 알 수 없다 — 더 본다
[WARN] [1790613362.977569197] [manipulation_node]: 책 관측이 안 정해진다: 관측 1개가 책 1권에 흩어져 있다 — 가장 많이 본 것도 1개뿐이라 (필요 2) 어느 것이 튄 값인지 알 수 없다 — 더 본다
[INFO] [1790613363.078095063] [manipulation_node]: 책 좌표 정함 (-0.3686, -0.1788, +0.1841) — 관측 2개 · 책 1권 · 고른 책 2개 (x 흔들림 0 mm) → 축마다 중앙값
[INFO] [1790613363.078684596] [manipulation_node]: 작업 job_37d4147ebc03 book=book_001 트레이 칸 2 파지 [-0.3685616134253489, -0.17883396017298722, 0.10826123254987147] (vision) → (-0.35, 0.5438500024676323, 0.3399) 삽입 속도 0.030 m/s
[INFO] [1790613473.431267583] [manipulation_node]: 빈칸 실측이 낡았다 (배치 3회째) — 다음 판은 다시 스캔해야 한다. 트레이 쓴 칸 [0, 1, 2] / 전체 6
[INFO] [1790613473.431564353] [manipulation_node]: PlaceBook 성공 job=job_37d4147ebc03 code=0(OK) phase= 배치 확인
[INFO] [1790613473.438966380] [manipulation_node]: 베이스 회전 명령 전송 (목표 yaw +0°, 서가 거리 0.444)
[INFO] [1790613475.176017629] [manipulation_node]: 베이스 회전 완료
[INFO] [1790613475.176197744] [manipulation_node]: [스캔캐시] 후보 — 관측 9개 (/World/bookshelves_main/shelf_brown__book_shelf_11). 팔 스윕 생략, 빈칸만 다시 잰다
[INFO] [1790613479.277894373] [manipulation_node]: [스캔캐시] 사용 — 관측 9개 (/World/bookshelves_main/shelf_brown__book_shelf_11)
[INFO] [1790613479.278112962] [manipulation_node]: 빈칸 관측 버림 (서가 밖): (-0.794, 0.513, 0.365) 서가 x -0.66~0.66 y 0.41~0.80 z -0.33~2.19
[INFO] [1790613479.278278179] [manipulation_node]: 빈칸 깊이: 관측 y 0.550 → 칸중심 0.650 · 앞면 실측 0.444 → 칸중심 0.544 (차이 +106 mm) — **앞면 쪽을 쓴다** [slot_y_from_shelf_front]
[INFO] [1790613479.278434549] [manipulation_node]: 빈칸 깊이: 관측 y 0.559 → 칸중심 0.659 · 앞면 실측 0.444 → 칸중심 0.544 (차이 +115 mm) — **앞면 쪽을 쓴다** [slot_y_from_shelf_front]
[INFO] [1790613479.278638821] [manipulation_node]: 빈칸 깊이: 관측 y 0.551 → 칸중심 0.651 · 앞면 실측 0.444 → 칸중심 0.544 (차이 +107 mm) — **앞면 쪽을 쓴다** [slot_y_from_shelf_front]
[INFO] [1790613479.278849655] [manipulation_node]: 빈칸 깊이: 관측 y 0.548 → 칸중심 0.648 · 앞면 실측 0.444 → 칸중심 0.544 (차이 +104 mm) — **앞면 쪽을 쓴다** [slot_y_from_shelf_front]
[INFO] [1790613479.278998661] [manipulation_node]: 빈칸 관측 버림 (서가 밖): (-0.786, 0.519, 0.180) 서가 x -0.66~0.66 y 0.41~0.80 z -0.33~2.19
[INFO] [1790613479.279165842] [manipulation_node]: 빈칸 관측 버림 (서가 밖): (-0.791, 0.493, 0.110) 서가 x -0.66~0.66 y 0.41~0.80 z -0.33~2.19
[INFO] [1790613479.279322031] [manipulation_node]: 빈칸 깊이: 관측 y 0.489 → 칸중심 0.589 · 앞면 실측 0.444 → 칸중심 0.544 (차이 +45 mm) — **앞면 쪽을 쓴다** [slot_y_from_shelf_front]
[INFO] [1790613479.279499922] [manipulation_node]: 빈칸 깊이: 관측 y 0.501 → 칸중심 0.601 · 앞면 실측 0.444 → 칸중심 0.544 (차이 +57 mm) — **앞면 쪽을 쓴다** [slot_y_from_shelf_front]
[WARN] [1790613479.279819325] [manipulation_node]: **판을 옮긴다** — 가리킨 판에 자리가 없다 (들어가는 빈칸이 없다 — 실측 빈칸 2개 중 가장 넓은 것이 24.1 mm 인데 책 두께 35.2 mm 에 양쪽 여유 5.0 mm 씩이면 45.2 mm 가 필요하다). 상대 +0.544 m 판의 83 mm 칸으로 간다 (여유 한쪽 23.9 mm). **높이도 그 판 것으로 바꿔야 한다**  칸 중심 z +0.3399 → +0.8839
[INFO] [1790613479.280076809] [manipulation_node]: 빈칸 x: 검출 -0.0663 → 실측 빈칸 중심 +0.1387 (+205.0 mm, 빈칸 폭 83.0 mm, 책 두께 35.2 mm, 남는 여유 한쪽 23.9 mm, 판 상대높이 +0.544 m) [slot_x_snap_to_gap]
[INFO] [1790613479.280302742] [manipulation_node]: [배정] 책 35.2 mm → 칸 83.0 mm (여유 합 47.8 mm)
[INFO] [1790613479.280552471] [manipulation_node]: 빈칸 선택: 책 사이 틈 관측 (0.139, 0.501, 0.357) → 칸 중심 y 0.544, z 0.884 (판 높이로 스냅); 꽂기 전 차체를 옆으로 +0.489 m 옮겨 틈을 x -0.35 에 둔다
[INFO] [1790613479.280788974] [manipulation_node]: 빈 슬롯 스캔 완료: (-0.35, 0.5439, 0.8839), 삽입깊이 0.300m
[INFO] [1790613479.283606027] [manipulation_node]: 베이스 회전 명령 전송 (목표 yaw +0°, 서가 거리 0.444)
[INFO] [1790613482.687585446] [manipulation_node]: 베이스 회전 완료
[WARN] [1790613483.288718487] [manipulation_node]: 책 관측이 안 정해진다: 관측 1개가 책 1권에 흩어져 있다 — 가장 많이 본 것도 1개뿐이라 (필요 2) 어느 것이 튄 값인지 알 수 없다 — 더 본다
[WARN] [1790613483.389163514] [manipulation_node]: 책 관측이 안 정해진다: 관측 1개가 책 1권에 흩어져 있다 — 가장 많이 본 것도 1개뿐이라 (필요 2) 어느 것이 튄 값인지 알 수 없다 — 더 본다
[WARN] [1790613483.489601276] [manipulation_node]: 책 관측이 안 정해진다: 관측 1개가 책 1권에 흩어져 있다 — 가장 많이 본 것도 1개뿐이라 (필요 2) 어느 것이 튄 값인지 알 수 없다 — 더 본다
[WARN] [1790613483.590038056] [manipulation_node]: 책 관측이 안 정해진다: 관측 1개가 책 1권에 흩어져 있다 — 가장 많이 본 것도 1개뿐이라 (필요 2) 어느 것이 튄 값인지 알 수 없다 — 더 본다
[WARN] [1790613483.690530022] [manipulation_node]: 책 관측이 안 정해진다: 관측 1개가 책 1권에 흩어져 있다 — 가장 많이 본 것도 1개뿐이라 (필요 2) 어느 것이 튄 값인지 알 수 없다 — 더 본다
[INFO] [1790613483.791045624] [manipulation_node]: 책 좌표 정함 (-0.3617, +0.0755, +0.2066) — 관측 2개 · 책 1권 · 고른 책 2개 (x 흔들림 0 mm) → 축마다 중앙값
[INFO] [1790613483.791527468] [manipulation_node]: 작업 job_37d4147ebc03 book=book_002 트레이 칸 3 파지 [-0.361747840130108, 0.07554064142738942, 0.13071631321138624] (vision) → (-0.35, 0.5438500024676323, 0.8839) 삽입 속도 0.030 m/s
[INFO] [1790613599.256559131] [manipulation_node]: 빈칸 실측이 낡았다 (배치 4회째) — 다음 판은 다시 스캔해야 한다. 트레이 쓴 칸 [0, 1, 2, 3] / 전체 6
[INFO] [1790613599.257166453] [manipulation_node]: PlaceBook 성공 job=job_37d4147ebc03 code=0(OK) phase= 배치 확인
