[demo_env] SIM_LEVEL=/home/rokey/b1_demo_bundle/level_shaded/Final_Level_Shaded_robot.usdc
[demo_env] ROS_DOMAIN_ID=129 · REC_EVERY=0
[site] HEAD=21b8b61 09:13:18 DISPLAY=:1 XAUTHORITY=/run/user/1000/gdm/Xauthority
8fc1e9f50d05d7385ecfaeb181f0fcd4  /home/rokey/b1_demo_bundle/level_shaded/Final_Level_Shaded_robot.usdc
책 대체: 저장소 usd_v2 4권
      (뷰포트 녹화 끔 — REC_EVERY=0)
[1/4] Isaac 시작 (약 3~4분) — 레벨 Final_Level_Shaded_robot.usdc  09:13:19
      준비 대기....
      준비 완료 09:13:59
] [py stderr]: ### 레벨 책 4권을 그대로 쓴다
] [py stderr]: ### 장면 준비: 트레이 칸 6개, 책 4권, 원본 0종
] [py stderr]: ###   팔 베이스 출발 자리 (+4.9850, -5.3071) yaw +90.00° — 돌아왔을 때 여기로 맞춘다
] [py stderr]: ###   루트 출발 자리 (+4.9859, -5.6067) — **복귀는 여기로 간다** (팔 베이스와 0.300 m 다르다)
[2/4] TF·비전·로봇팔·주행·FSM 노드  09:13:59
[3/4] 반납 작업 1건 투입 (25.0s 뒤)  09:14:09
[4/4] 진행 상태 — 검출 좌표·단계 전이를 실시간으로 (같은 내용이 /home/rokey/b1_demo_r2/logs/detections.log 에 남는다)  09:14:09
   09:14:09 [조작] PlaceBook /place_book executor=sim profile=default tray_slots=6 status=/robot/status perception_bridge=True
   09:14:09 [시뮬] 관측 자세 손목(관절 7) -59.2° → +30.8° 로 돌림 [SIM_HOME_J7_DEG=+90] (홈은 그대로)
   09:14:09 [시뮬] 관측 자세 이동 [0.0, 0.0, 0.1] m: 손 [-0.389, 0.079, 0.573] → [-0.389, 0.079, 0.673], 관절 [2.811, -0.514, 0.102, -2.213, 0.051, 1.701, 0.538] → [2.094, -0.576, 0.563, -1.891, 0.3, 1.397, 0.278] (한계 여유 0.873) [SIM_HOME_SHIFT] (홈은
   09:14:35 [FSM] FSM transition completed: PLANNING -> NAV_TO_RETURN
   09:14:35 [FSM] Navigation succeeded: Navigation waypoint is already satisfied in simulation.
   09:14:35 [FSM] FSM transition completed: NAV_TO_RETURN -> RECEIVE_TRAY
   09:14:35 [FSM] FSM transition completed: RECEIVE_TRAY -> SELECT_BOOK
   09:14:35 [FSM] FSM transition completed: SELECT_BOOK -> NAV_TO_SHELF
   09:15:10 [시뮬] [주행] 도착 (-0.548, +1.225)
   09:15:14 [시뮬] [주행] 회전 끝 — **실측** yaw +0.00° (목표 +0.00°)
   09:15:15 [FSM] Navigation succeeded: Navigation completed.
   09:15:15 [FSM] FSM transition completed: NAV_TO_SHELF -> DETECT_TARGET_SLOT
   09:15:15 [조작] 베이스 회전 명령 전송 (목표 yaw +0°, 서가 거리 0.444)
   09:15:15 [시뮬] [주행] 도착 (-0.548, +1.225)
   09:15:15 [시뮬] 서가 앞면 0.443 m → 목표 0.444 m (앞뒤 -0.001), 서가 중심 팔기준 x -0.417 → 옆으로 -0.417: 차체를 0.417 m 옮긴다
   09:15:20 [조작] 베이스 회전 완료
   09:15:20 [시뮬] 서가 앞면 실측 0.444 m (목표 0.444), 서가 x 범위 팔기준 -0.71~+0.71
   09:15:20 [시뮬] [스윕] 시작 자세 q=[2.811, -0.514, 0.102, -2.213, 0.051, 1.701, -1.033]
   09:15:21 [시뮬] [스윕] 판 1.042 (팔기준 z 0.712, 앞면 0.444) 정지점 5/5 여유 0.171 rad 최대변화 0.06 길이 3.95
   09:15:21 [시뮬] [스윕] 판 0.498 (팔기준 z 0.168, 앞면 0.444) 정지점 5/5 여유 0.225 rad 최대변화 0.05 길이 2.52
   09:15:21 [시뮬] 스윕 시작: 판 [1.042, 0.498], 정지점 10개, 정지 1.2s
   09:15:21 [시뮬] [판목록] 레벨 실측 [0.4976, 1.0417, 1.5812, 2.0582, 2.52] · 쓰는 값 [0.497, 0.498, 1.042] · 차이 [-0.3, -0.4, +0.6] mm  (그림자 — 판단은 상수 그대로)
   09:15:32 [비전] ROI 밖 책: (0.021, 0.574, 0.394) @arm_base_link
   09:15:32 [비전] ROI 밖 책: (0.064, 0.575, 0.394) @arm_base_link
   09:15:32 [비전] ROI 밖 책: (-0.073, 0.542, 0.395) @arm_base_link
   09:15:32 [비전] ROI 밖 책: (-0.012, 0.577, 0.394) @arm_base_link
   09:15:32 [비전] ROI 밖 책: (-0.202, 0.535, 0.401) @arm_base_link
   09:15:32 [비전] ROI 밖 책: (-0.228, 0.521, 0.362) @arm_base_link
   09:15:32 [비전] ROI 밖 책: (-0.043, 0.531, 0.393) @arm_base_link
   09:15:32 [비전] ROI 밖 책: (-0.625, 0.536, 0.832) @arm_base_link
   09:15:32 [비전] ROI 밖 책 8권 제외 (남은 0권). ROI [-0.4, -0.2, 0.0] ~ [-0.26, 0.4, 0.32] @arm_base_link
   09:15:33 [비전] Empty center pixel=(276, 259), shelf_front_z=1.528m; Depth L/C/R=0.432/6.085/2.624m; center-left=5.653m, center-right=3.461m; contrast=PASS
   09:15:33 [비전] Empty shelf target: xyz=(-0.562, 1.650, 0.917)
   09:15:33 [비전] ROI 밖 책: (0.150, 0.580, 0.394) @arm_base_link
   09:15:33 [비전] ROI 밖 책: (0.028, 0.573, 0.395) @arm_base_link
   09:15:33 [비전] ROI 밖 책: (0.063, 0.575, 0.394) @arm_base_link
   09:15:33 [비전] ROI 밖 책: (-0.012, 0.573, 0.394) @arm_base_link
   09:15:33 [비전] ROI 밖 책: (-0.624, 0.536, 0.830) @arm_base_link
   09:15:33 [비전] ROI 밖 책: (-0.073, 0.534, 0.396) @arm_base_link
   09:15:33 [비전] ROI 밖 책: (0.182, 0.579, 0.399) @arm_base_link
   09:15:33 [비전] ROI 밖 책: (-0.034, 0.535, 0.392) @arm_base_link
   09:15:33 [비전] ROI 밖 책 8권 제외 (남은 0권). ROI [-0.4, -0.2, 0.0] ~ [-0.26, 0.4, 0.32] @arm_base_link
   09:15:33 [비전] Empty center pixel=(250, 261), shelf_front_z=0.497m; Depth L/C/R=0.565/2.788/0.430m; center-left=2.223m, center-right=2.359m; contrast=PASS
   09:15:33 [비전] Empty shelf target: xyz=(-0.382, 0.600, 0.898)
   09:15:35 [비전] ROI 밖 책: (0.365, 0.537, 0.396) @arm_base_link
   09:15:35 [비전] ROI 밖 책: (0.504, 0.599, 0.392) @arm_base_link
   09:15:35 [비전] ROI 밖 책: (0.429, 0.564, 0.395) @arm_base_link
   09:15:35 [비전] ROI 밖 책: (0.334, 0.554, 0.371) @arm_base_link
   09:15:35 [비전] ROI 밖 책: (0.455, 0.538, 0.394) @arm_base_link
   09:15:35 [비전] ROI 밖 책: (0.094, 0.537, 0.395) @arm_base_link
   09:15:35 [비전] ROI 밖 책: (0.215, 0.536, 0.831) @arm_base_link
   09:15:35 [비전] ROI 밖 책: (0.508, 0.584, 0.393) @arm_base_link
   09:15:35 [비전] ROI 밖 책: (0.061, 0.572, 0.393) @arm_base_link
   09:15:35 [비전] ROI 밖 책: (0.175, 0.532, 0.396) @arm_base_link
   09:15:35 [비전] ROI 밖 책 10권 제외 (남은 0권). ROI [-0.4, -0.2, 0.0] ~ [-0.26, 0.4, 0.32] @arm_base_link
   09:15:37 [비전] ROI 밖 책: (0.501, 0.577, 0.394) @arm_base_link
   09:15:37 [비전] ROI 밖 책: (0.434, 0.569, 0.394) @arm_base_link
   09:15:37 [비전] ROI 밖 책: (0.335, 0.537, 0.390) @arm_base_link
   09:15:37 [비전] ROI 밖 책: (0.372, 0.534, 0.395) @arm_base_link
   09:15:37 [비전] ROI 밖 책: (0.476, 0.539, 0.394) @arm_base_link
   09:15:37 [비전] ROI 밖 책: (-0.040, 0.559, 0.394) @arm_base_link
   09:15:37 [비전] ROI 밖 책: (0.464, 0.577, 0.393) @arm_base_link
   09:15:37 [비전] ROI 밖 책: (0.441, 0.530, 0.395) @arm_base_link
   09:15:37 [비전] ROI 밖 책: (0.058, 0.569, 0.393) @arm_base_link
   09:15:37 [비전] ROI 밖 책 9권 제외 (남은 0권). ROI [-0.4, -0.2, 0.0] ~ [-0.26, 0.4, 0.32] @arm_base_link
   09:15:40 [비전] ROI 밖 책: (-0.031, 0.578, 0.394) @arm_base_link
   09:15:40 [비전] ROI 밖 책: (0.587, 0.617, 0.393) @arm_base_link
   09:15:40 [비전] ROI 밖 책: (0.430, 0.580, 0.394) @arm_base_link
   09:15:40 [비전] ROI 밖 책: (0.210, 0.536, 0.826) @arm_base_link
   09:15:40 [비전] ROI 밖 책: (0.505, 0.609, 0.392) @arm_base_link
   09:15:40 [비전] ROI 밖 책: (0.052, 0.577, 0.393) @arm_base_link
   09:15:40 [비전] ROI 밖 책: (0.555, 0.619, 0.394) @arm_base_link
   09:15:40 [비전] ROI 밖 책: (0.386, 0.536, 0.395) @arm_base_link
   09:15:40 [비전] ROI 밖 책: (0.010, 0.576, 0.394) @arm_base_link
   09:15:40 [비전] ROI 밖 책: (0.486, 0.571, 0.393) @arm_base_link
   09:15:40 [비전] ROI 밖 책: (0.606, 0.576, 0.398) @arm_base_link
   09:15:40 [비전] ROI 밖 책: (0.085, 0.580, 0.394) @arm_base_link
   09:15:40 [비전] ROI 밖 책: (0.145, 0.582, 0.392) @arm_base_link
   09:15:40 [비전] ROI 밖 책: (0.569, 0.572, 0.392) @arm_base_link
   09:15:40 [비전] ROI 밖 책 14권 제외 (남은 0권). ROI [-0.4, -0.2, 0.0] ~ [-0.26, 0.4, 0.32] @arm_base_link
   09:15:40 [비전] Empty center pixel=(286, 550), shelf_front_z=0.618m; Depth L/C/R=0.677/1.387/0.558m; center-left=0.710m, center-right=0.829m; contrast=PASS
   09:15:40 [비전] Empty shelf target: xyz=(0.283, 0.624, 0.344)
   09:15:45 [비전] ROI 밖 책: (-1.031, 0.183, -0.342) @arm_base_link
   09:15:45 [비전] ROI 밖 책: (0.122, 0.508, 0.339) @arm_base_link
   09:15:45 [비전] ROI 밖 책: (0.082, 0.506, 0.345) @arm_base_link
   09:15:45 [비전] ROI 밖 책 3권 제외 (남은 1권). ROI [-0.4, -0.2, 0.0] ~ [-0.26, 0.4, 0.32] @arm_base_link
   09:15:45 [비전] Book picked(best): xyz=(-0.365, -0.019, 0.215), center=(308, 594), conf=0.89, depth=patch, yaw=0.000 rad (후보 1권)
   09:15:45 [비전] Empty center pixel=(157, 339), shelf_front_z=0.837m; Depth L/C/R=0.911/1.050/0.763m; center-left=0.140m, center-right=0.287m; contrast=PASS
   09:15:45 [비전] Empty shelf target: xyz=(-0.780, 0.504, 0.174)
   09:15:47 [비전] ROI 밖 책: (-0.724, 0.096, -0.002) @arm_base_link
   09:15:47 [비전] ROI 밖 책: (0.171, 0.511, 0.340) @arm_base_link
   09:15:47 [비전] ROI 밖 책 2권 제외 (남은 2권). ROI [-0.4, -0.2, 0.0] ~ [-0.26, 0.4, 0.32] @arm_base_link
   09:15:47 [비전] Book picked(best): xyz=(-0.358, -0.018, 0.216), center=(187, 592), conf=0.89, depth=patch, yaw=0.000 rad (후보 2권)
   09:15:47 [비전] Empty center pixel=(90, 341), shelf_front_z=0.822m; Depth L/C/R=0.875/0.970/0.769m; center-left=0.095m, center-right=0.201m; contrast=PASS
   09:15:47 [비전] Empty shelf target: xyz=(-0.783, 0.488, 0.179)
   09:15:50 [비전] ROI 밖 책: (0.561, 0.186, -0.341) @arm_base_link
   09:15:50 [비전] ROI 밖 책: (-0.432, 0.033, 0.156) @arm_base_link
   09:15:50 [비전] ROI 밖 책: (0.196, 0.528, 0.380) @arm_base_link
   09:15:50 [비전] ROI 밖 책 3권 제외 (남은 1권). ROI [-0.4, -0.2, 0.0] ~ [-0.26, 0.4, 0.32] @arm_base_link
   09:15:50 [비전] Book picked(best): xyz=(-0.312, -0.026, 0.199), center=(87, 603), conf=0.94, depth=patch, yaw=0.000 rad (후보 1권)
   09:15:50 [비전] Empty center pixel=(435, 275), shelf_front_z=0.734m; Depth L/C/R=0.720/2.017/0.747m; center-left=1.297m, center-right=1.270m; contrast=PASS
   09:15:50 [비전] Empty shelf target: xyz=(0.259, 0.523, 0.357)
   09:15:52 [비전] ROI 밖 책: (0.592, 0.180, -0.341) @arm_base_link
   09:15:52 [비전] ROI 밖 책 1권 제외 (남은 0권). ROI [-0.4, -0.2, 0.0] ~ [-0.26, 0.4, 0.32] @arm_base_link
   09:15:52 [비전] Empty center pixel=(359, 274), shelf_front_z=0.713m; Depth L/C/R=0.690/2.043/0.736m; center-left=1.353m, center-right=1.308m; contrast=PASS
   09:15:52 [비전] Empty shelf target: xyz=(0.262, 0.506, 0.369)
   09:15:55 [비전] ROI 밖 책: (0.671, 0.183, -0.342) @arm_base_link
   09:15:55 [비전] ROI 밖 책: (-0.321, 0.522, 0.343) @arm_base_link
   09:15:55 [비전] ROI 밖 책: (0.488, 0.517, 0.357) @arm_base_link
   09:15:55 [비전] ROI 밖 책 3권 제외 (남은 0권). ROI [-0.4, -0.2, 0.0] ~ [-0.26, 0.4, 0.32] @arm_base_link
   09:15:55 [비전] Empty center pixel=(294, 273), shelf_front_z=0.745m; Depth L/C/R=0.777/2.052/0.713m; center-left=1.275m, center-right=1.340m; contrast=PASS
   09:15:55 [비전] Empty shelf target: xyz=(0.287, 0.536, 0.354)
   09:16:03 [FSM] Empty slot detected: frame_id=arm_base_link, x=-0.350, y=0.544, z=0.340, confidence=1.00, candidate_count=8
   09:16:03 [FSM] FSM transition completed: DETECT_TARGET_SLOT -> PLACE_BOOK
   09:16:03 [FSM] Book-placement goal was accepted.
   09:16:03 [조작] 빈칸 관측 버림 (서가 밖): (-0.780, 0.504, 0.174) 서가 x -0.66~0.66 y 0.41~0.80 z -0.33~2.19
   09:16:03 [조작] 빈칸 관측 버림 (서가 밖): (-0.783, 0.488, 0.179) 서가 x -0.66~0.66 y 0.41~0.80 z -0.33~2.19
   09:16:03 [조작] 빈칸 선택: 책 사이 틈 관측 (0.273, 0.523, 0.357) → 칸 중심 y 0.544, z 0.340 (판 높이로 스냅); 꽂기 전 차체를 옆으로 +0.623 m 옮겨 틈을 x -0.35 에 둔다
   09:16:03 [조작] 빈 슬롯 스캔 완료: (-0.35, 0.5439, 0.3399), 삽입깊이 0.300m
   09:16:03 [조작] 베이스 회전 명령 전송 (목표 yaw +0°, 서가 거리 0.444)
   09:16:03 [시뮬] 작업 job_d756a16c3c85:scan SUCCEEDED {'phase': 'scan_done', 'message': '서가 스캔 완료', 'placement_verified': False, 'sim_steps': 2039, 'render_steps': 2039} (41.9s)
   09:16:03 [시뮬] 서가 앞면 0.444 m → 목표 0.444 m (앞뒤 +0.000), 서가 중심 팔기준 x +0.623 → 옆으로 +0.623: 차체를 0.623 m 옮긴다
   09:16:10 [비전] ROI 밖 책: (-0.120, -0.673, -0.341) @arm_base_link
   09:16:10 [비전] ROI 밖 책: (-0.232, 0.505, 0.206) @arm_base_link
   09:16:10 [비전] ROI 밖 책 2권 제외 (남은 4권). ROI [-0.4, -0.2, 0.0] ~ [-0.26, 0.4, 0.32] @arm_base_link
   09:16:10 [비전] Book picked(best): xyz=(-0.360, -0.003, 0.212), center=(261, 312), conf=0.87, depth=patch, yaw=0.000 rad (후보 4권)
   09:16:10 [조작] 베이스 회전 완료
   09:16:10 [시뮬] 서가 앞면 실측 0.444 m (목표 0.444), 서가 x 범위 팔기준 -1.33~+0.08
   09:16:11 [비전] ROI 밖 책: (-0.126, -0.676, -0.341) @arm_base_link
   09:16:11 [비전] ROI 밖 책: (-0.232, 0.505, 0.206) @arm_base_link
   09:16:11 [비전] ROI 밖 책: (-0.450, 0.153, 0.211) @arm_base_link
   09:16:11 [비전] ROI 밖 책: (0.485, 0.252, -0.341) @arm_base_link
   09:16:11 [비전] ROI 밖 책 4권 제외 (남은 4권). ROI [-0.4, -0.2, 0.0] ~ [-0.26, 0.4, 0.32] @arm_base_link
   09:16:11 [비전] Book picked(best): xyz=(-0.362, -0.003, 0.212), center=(261, 311), conf=0.86, depth=patch, yaw=0.000 rad (후보 4권)
   09:16:11 [조작] 책 좌표 정함 (-0.3610, -0.0030, +0.2118) — 관측 2개 · 책 1권 · 고른 책 2개 (x 흔들림 1 mm) → 축마다 중앙값
   09:16:11 [조작] 작업 job_d756a16c3c85 book=book_003 트레이 칸 0 파지 [-0.36096036668669956, -0.002983140119498559, 0.1359169547867904] (vision) → (-0.35, 0.5438500024676323, 0.3399) 삽입 속도 0.030 m/s
   09:16:31 [시뮬] [JUDGE] 손 안 어긋남(406) **판별불가** — 키네마틱 파지는 매 스텝 책을 손에 맞춰 다시 써 넣는다. 이 신호는 마찰 파지(SIM_GRASP_KINEMATIC=0)에서만 의미가 있다
   09:16:39 [시뮬] [JUDGE] rise=16.9cm(ok) width=13.6mm = 지령 13.6mm (책 반두께 17.6) → **판별불가** [키네마틱 파지라 빈손이어도 같은 값이 나온다]
   09:18:38 [FSM] FSM transition completed: PLACE_BOOK -> UPDATE_DATA
   09:18:38 [FSM] FSM transition completed: UPDATE_DATA -> NEXT_BOOK
   09:18:38 [FSM] FSM transition completed: NEXT_BOOK -> SELECT_BOOK
   09:18:38 [FSM] FSM transition completed: SELECT_BOOK -> NAV_TO_SHELF
   09:18:38 [FSM] Navigation succeeded: Navigation waypoint is already satisfied in simulation.
   09:18:38 [FSM] FSM transition completed: NAV_TO_SHELF -> DETECT_TARGET_SLOT
   09:18:38 [조작] PlaceBook 성공 job=job_d756a16c3c85 code=0(OK) phase= 배치 확인
   09:18:38 [조작] 베이스 회전 명령 전송 (목표 yaw +0°, 서가 거리 0.444)
   09:18:38 [시뮬] [JUDGE] width_hold=판별불가[키네마틱] (13.6 → 최소 13.6 mm, 한쪽 기준)
   09:18:38 [시뮬] 작업 job_d756a16c3c85 SUCCEEDED {'phase': 'verify', 'message': '배치 확인', 'placement_verified': True, 'checks': {'upright': True, 'depth': True, 'spine': True, 'x': True, 'floor': True, 'skew': True, 'no_jam': True}, 'fallen
   09:18:38 [시뮬] 서가 앞면 0.444 m → 목표 0.444 m (앞뒤 +0.000), 서가 중심 팔기준 x -0.623 → 옆으로 -0.623: 차체를 0.623 m 옮긴다
   09:18:44 [조작] 베이스 회전 완료
   09:18:44 [시뮬] 서가 앞면 실측 0.444 m (목표 0.444), 서가 x 범위 팔기준 -0.71~+0.71
   09:18:44 [시뮬] [재측정] 스윕 없이 빈칸만 다시 재고 관측 자세로 돌아간다 — 서가 /World/bookshelves_main/shelf_brown__book_shelf_01 · 판 [1.042, 0.498] · 빈칸 4개 · 관측 자세까지 Δ최대 1.311 rad
   09:18:51 [FSM] Empty slot detected: frame_id=arm_base_link, x=-0.350, y=0.544, z=0.884, confidence=1.00, candidate_count=8
   09:18:51 [FSM] FSM transition completed: DETECT_TARGET_SLOT -> PLACE_BOOK
   09:18:51 [FSM] Book-placement goal was accepted.
   09:18:51 [조작] 빈칸 관측 버림 (서가 밖): (-0.780, 0.504, 0.174) 서가 x -0.66~0.66 y 0.41~0.80 z -0.33~2.19
   09:18:51 [조작] 빈칸 관측 버림 (서가 밖): (-0.783, 0.488, 0.179) 서가 x -0.66~0.66 y 0.41~0.80 z -0.33~2.19
   09:18:51 [조작] 빈칸 선택: 책 사이 틈 관측 (-0.401, 0.523, 0.357) → 칸 중심 y 0.544, z 0.884 (판 높이로 스냅); 꽂기 전 차체를 옆으로 -0.051 m 옮겨 틈을 x -0.35 에 둔다
   09:18:51 [조작] 빈 슬롯 스캔 완료: (-0.35, 0.5439, 0.8839), 삽입깊이 0.300m
   09:18:51 [조작] 베이스 회전 명령 전송 (목표 yaw +0°, 서가 거리 0.444)
   09:18:51 [시뮬] 작업 job_d756a16c3c85:scan SUCCEEDED {'phase': 'scan_done', 'message': '서가 스캔 완료', 'placement_verified': False, 'sim_steps': 324, 'render_steps': 324} (6.8s)
   09:18:51 [시뮬] 서가 앞면 0.444 m → 목표 0.444 m (앞뒤 +0.000), 서가 중심 팔기준 x -0.051 → 옆으로 -0.051: 차체를 0.051 m 옮긴다
   09:18:52 [비전] ROI 밖 책: (-0.104, -0.705, -0.341) @arm_base_link
   09:18:52 [비전] ROI 밖 책 1권 제외 (남은 2권). ROI [-0.4, -0.2, 0.0] ~ [-0.26, 0.4, 0.32] @arm_base_link
   09:18:52 [비전] Book picked(best): xyz=(-0.370, -0.182, 0.194), center=(141, 306), conf=0.65, depth=patch, yaw=0.000 rad (후보 2권)
   09:18:52 [조작] 베이스 회전 완료
   09:18:52 [시뮬] 서가 앞면 실측 0.444 m (목표 0.444), 서가 x 범위 팔기준 -0.66~+0.76
   09:18:53 [비전] ROI 밖 책: (-0.101, -0.714, -0.341) @arm_base_link
   09:18:53 [비전] ROI 밖 책 1권 제외 (남은 1권). ROI [-0.4, -0.2, 0.0] ~ [-0.26, 0.4, 0.32] @arm_base_link
   09:18:53 [비전] Book picked(best): xyz=(-0.351, -0.104, 0.212), center=(189, 319), conf=0.64, depth=patch, yaw=0.000 rad (후보 1권)
   09:18:53 [비전] ROI 밖 책: (-0.104, -0.711, -0.341) @arm_base_link
   09:18:53 [비전] ROI 밖 책 1권 제외 (남은 2권). ROI [-0.4, -0.2, 0.0] ~ [-0.26, 0.4, 0.32] @arm_base_link
   09:18:53 [비전] Book picked(best): xyz=(-0.349, -0.105, 0.212), center=(188, 320), conf=0.67, depth=patch, yaw=0.000 rad (후보 2권)
   09:18:53 [조작] 책 좌표 정함 (-0.3498, -0.1046, +0.2121) — 관측 3개 · 책 2권 · 고른 책 2개 (x 흔들림 1 mm) → 축마다 중앙값
   09:18:53 [조작] 작업 job_d756a16c3c85 book=book_004 트레이 칸 1 파지 [-0.34981485843080584, -0.10458102504805897, 0.13629897182804804] (vision) → (-0.35, 0.5438500024676323, 0.8839) 삽입 속도 0.030 m/s
   09:19:15 [시뮬] [JUDGE] 손 안 어긋남(406) **판별불가** — 키네마틱 파지는 매 스텝 책을 손에 맞춰 다시 써 넣는다. 이 신호는 마찰 파지(SIM_GRASP_KINEMATIC=0)에서만 의미가 있다
   09:19:23 [시뮬] [JUDGE] rise=16.9cm(ok) width=17.6mm = 지령 17.6mm (책 반두께 21.6) → **판별불가** [키네마틱 파지라 빈손이어도 같은 값이 나온다]
   09:21:16 [FSM] FSM transition completed: PLACE_BOOK -> UPDATE_DATA
   09:21:16 [FSM] FSM transition completed: UPDATE_DATA -> NEXT_BOOK
   09:21:16 [FSM] FSM transition completed: NEXT_BOOK -> SELECT_BOOK
   09:21:16 [FSM] FSM transition completed: SELECT_BOOK -> NAV_TO_SHELF
   09:21:16 [조작] PlaceBook 성공 job=job_d756a16c3c85 code=0(OK) phase= 배치 확인
   09:21:16 [시뮬] [JUDGE] width_hold=판별불가[키네마틱] (17.6 → 최소 17.6 mm, 한쪽 기준)
   09:21:16 [시뮬] 작업 job_d756a16c3c85 SUCCEEDED {'phase': 'verify', 'message': '배치 확인', 'placement_verified': True, 'checks': {'upright': True, 'depth': True, 'spine': True, 'x': True, 'floor': True, 'skew': True, 'no_jam': True}, 'fallen
   09:21:44 [시뮬] [주행] 도착 (+2.535, -3.019)
   09:21:47 [시뮬] [주행] 회전 끝 — **실측** yaw +0.00° (목표 +0.00°)
   09:21:49 [FSM] Navigation succeeded: Navigation completed.
   09:21:49 [FSM] FSM transition completed: NAV_TO_SHELF -> DETECT_TARGET_SLOT
   09:21:49 [조작] 베이스 회전 명령 전송 (목표 yaw +0°, 서가 거리 0.444)
   09:21:49 [시뮬] [주행] 도착 (+2.535, -3.019)
   09:21:49 [시뮬] 서가 앞면 0.443 m → 목표 0.444 m (앞뒤 -0.001), 서가 중심 팔기준 x -0.261 → 옆으로 -0.261: 차체를 0.261 m 옮긴다
   09:21:51 [조작] 베이스 회전 완료
   09:21:51 [시뮬] 서가 앞면 실측 0.444 m (목표 0.444), 서가 x 범위 팔기준 -0.71~+0.71
   09:21:51 [시뮬] [재측정] 스윕 없이 빈칸만 다시 재고 관측 자세로 돌아간다 — 서가 /World/bookshelves_main/shelf_brown__book_shelf_11 · 판 [1.042, 0.498] · 빈칸 2개 · 관측 자세까지 Δ최대 1.542 rad
   09:21:59 [시뮬] 작업 job_d756a16c3c85:scan SUCCEEDED {'phase': 'scan_done', 'message': '서가 스캔 완료', 'placement_verified': False, 'sim_steps': 381, 'render_steps': 381} (7.9s)
   09:21:59 [시뮬] [스윕] 시작 자세 q=[2.0937, -0.5757, 0.5627, -1.8915, 0.2999, 1.3974, 0.2783]
   09:21:59 [시뮬] [스윕] 판 1.042 (팔기준 z 0.712, 앞면 0.444) 정지점 5/5 여유 0.518 rad 최대변화 0.06 길이 2.68
   09:21:59 [시뮬] [스윕] 판 0.498 (팔기준 z 0.168, 앞면 0.444) 정지점 5/5 여유 0.221 rad 최대변화 0.05 길이 2.45
   09:21:59 [시뮬] 스윕 시작: 판 [1.042, 0.498], 정지점 10개, 정지 1.2s
   09:21:59 [시뮬] [판목록] 레벨 실측 [0.4976, 1.0417, 1.5812, 2.0582, 2.52] · 쓰는 값 [0.497, 0.498, 1.042] · 차이 [-0.3, -0.4, +0.6] mm  (그림자 — 판단은 상수 그대로)
   09:22:04 [비전] ROI 밖 책: (-0.627, 0.507, 0.832) @arm_base_link
   09:22:04 [비전] ROI 밖 책 1권 제외 (남은 0권). ROI [-0.4, -0.2, 0.0] ~ [-0.26, 0.4, 0.32] @arm_base_link
   09:22:04 [비전] Empty center pixel=(263, 198), shelf_front_z=2.394m; Depth L/C/R=2.393/4.410/2.396m; center-left=2.017m, center-right=2.014m; contrast=PASS
   09:22:04 [비전] Empty shelf target: xyz=(-0.781, 2.612, 1.384)
   09:22:06 [비전] ROI 밖 책: (0.021, 0.547, 0.395) @arm_base_link
   09:22:06 [비전] ROI 밖 책: (0.237, 0.552, 0.421) @arm_base_link
   09:22:06 [비전] ROI 밖 책 2권 제외 (남은 0권). ROI [-0.4, -0.2, 0.0] ~ [-0.26, 0.4, 0.32] @arm_base_link
   09:22:09 [비전] ROI 밖 책: (0.500, 0.561, 0.393) @arm_base_link
   09:22:09 [비전] ROI 밖 책: (0.473, 0.552, 0.392) @arm_base_link
   09:22:09 [비전] ROI 밖 책: (0.425, 0.537, 0.395) @arm_base_link
   09:22:09 [비전] ROI 밖 책: (0.258, 0.523, 0.397) @arm_base_link
   09:22:09 [비전] ROI 밖 책: (0.364, 0.578, 0.395) @arm_base_link
   09:22:09 [비전] ROI 밖 책: (0.098, 0.535, 0.395) @arm_base_link
   09:22:09 [비전] ROI 밖 책: (0.527, 0.564, 0.395) @arm_base_link
   09:22:09 [비전] ROI 밖 책: (0.395, 0.564, 0.395) @arm_base_link
   09:22:09 [비전] ROI 밖 책: (0.454, 0.550, 0.394) @arm_base_link
   09:22:09 [비전] ROI 밖 책: (0.304, 0.535, 0.395) @arm_base_link
   09:22:09 [비전] ROI 밖 책: (0.176, 0.519, 0.396) @arm_base_link
   09:22:09 [비전] ROI 밖 책: (0.439, 0.563, 0.394) @arm_base_link
   09:22:09 [비전] ROI 밖 책 12권 제외 (남은 0권). ROI [-0.4, -0.2, 0.0] ~ [-0.26, 0.4, 0.32] @arm_base_link
   09:22:11 [비전] ROI 밖 책: (0.265, 0.525, 0.393) @arm_base_link
   09:22:11 [비전] ROI 밖 책: (0.427, 0.538, 0.395) @arm_base_link
   09:22:11 [비전] ROI 밖 책: (0.296, 0.530, 0.395) @arm_base_link
   09:22:11 [비전] ROI 밖 책: (0.019, 0.551, 0.395) @arm_base_link
   09:22:11 [비전] ROI 밖 책: (0.499, 0.547, 0.393) @arm_base_link
   09:22:11 [비전] ROI 밖 책: (0.462, 0.550, 0.394) @arm_base_link
   09:22:11 [비전] ROI 밖 책: (0.377, 0.528, 0.395) @arm_base_link
   09:22:11 [비전] ROI 밖 책: (0.500, 0.552, 0.394) @arm_base_link
   09:22:11 [비전] ROI 밖 책: (0.051, 0.556, 0.393) @arm_base_link
   09:22:11 [비전] ROI 밖 책: (0.180, 0.580, 0.397) @arm_base_link
   09:22:11 [비전] ROI 밖 책: (0.541, 0.548, 0.394) @arm_base_link
   09:22:11 [비전] ROI 밖 책: (-0.016, 0.552, 0.392) @arm_base_link
   09:22:11 [비전] ROI 밖 책: (0.438, 0.531, 0.394) @arm_base_link
   09:22:11 [비전] ROI 밖 책: (0.568, 0.542, 0.394) @arm_base_link
   09:22:11 [비전] ROI 밖 책: (0.337, 0.535, 0.395) @arm_base_link
   09:22:11 [비전] ROI 밖 책 15권 제외 (남은 0권). ROI [-0.4, -0.2, 0.0] ~ [-0.26, 0.4, 0.32] @arm_base_link
   09:22:11 [비전] Empty center pixel=(302, 296), shelf_front_z=0.535m; Depth L/C/R=0.551/2.480/0.519m; center-left=1.930m, center-right=1.961m; contrast=PASS
   09:22:11 [비전] Empty shelf target: xyz=(0.141, 0.628, 0.840)
   09:22:13 [비전] ROI 밖 책: (0.246, 0.519, 0.394) @arm_base_link
   09:22:13 [비전] ROI 밖 책: (0.268, 0.522, 0.392) @arm_base_link
   09:22:13 [비전] ROI 밖 책: (0.049, 0.550, 0.394) @arm_base_link
   09:22:13 [비전] ROI 밖 책: (0.606, 0.560, 0.407) @arm_base_link
   09:22:13 [비전] ROI 밖 책: (0.579, 0.575, 0.393) @arm_base_link
   09:22:13 [비전] ROI 밖 책: (0.493, 0.544, 0.392) @arm_base_link
   09:22:13 [비전] ROI 밖 책: (0.382, 0.527, 0.395) @arm_base_link
   09:22:13 [비전] ROI 밖 책: (0.459, 0.549, 0.394) @arm_base_link
   09:22:13 [비전] ROI 밖 책: (0.594, 0.531, 0.395) @arm_base_link
   09:22:13 [비전] ROI 밖 책: (0.426, 0.545, 0.394) @arm_base_link
   09:22:13 [비전] ROI 밖 책: (0.011, 0.548, 0.395) @arm_base_link
   09:22:13 [비전] ROI 밖 책: (0.143, 0.560, 0.392) @arm_base_link
   09:22:13 [비전] ROI 밖 책 12권 제외 (남은 0권). ROI [-0.4, -0.2, 0.0] ~ [-0.26, 0.4, 0.32] @arm_base_link
   09:22:13 [비전] Empty center pixel=(182, 290), shelf_front_z=0.452m; Depth L/C/R=0.492/4.634/0.412m; center-left=4.142m, center-right=4.222m; contrast=PASS
   09:22:13 [비전] Empty shelf target: xyz=(0.152, 0.547, 0.856)
   09:22:18 [비전] ROI 밖 책: (-1.025, 0.185, -0.342) @arm_base_link
   09:22:18 [비전] ROI 밖 책: (0.121, 0.479, 0.340) @arm_base_link
   09:22:18 [비전] ROI 밖 책: (0.077, 0.476, 0.340) @arm_base_link
   09:22:18 [비전] ROI 밖 책: (0.167, 0.483, 0.335) @arm_base_link
   09:22:18 [비전] ROI 밖 책: (0.299, 0.478, 0.316) @arm_base_link
   09:22:18 [비전] ROI 밖 책 5권 제외 (남은 0권). ROI [-0.4, -0.2, 0.0] ~ [-0.26, 0.4, 0.32] @arm_base_link
   09:22:18 [비전] Empty center pixel=(156, 334), shelf_front_z=0.844m; Depth L/C/R=0.936/1.078/0.751m; center-left=0.142m, center-right=0.326m; contrast=PASS
   09:22:18 [비전] Empty shelf target: xyz=(-0.787, 0.518, 0.184)
   09:22:21 [비전] ROI 밖 책: (0.167, 0.484, 0.337) @arm_base_link
   09:22:21 [비전] ROI 밖 책: (-0.723, 0.093, -0.002) @arm_base_link
   09:22:21 [비전] ROI 밖 책: (0.280, 0.480, 0.317) @arm_base_link
   09:22:21 [비전] ROI 밖 책: (0.327, 0.478, 0.327) @arm_base_link
   09:22:21 [비전] ROI 밖 책: (0.306, 0.477, 0.322) @arm_base_link
   09:22:21 [비전] ROI 밖 책: (0.380, 0.476, 0.303) @arm_base_link
   09:22:21 [비전] ROI 밖 책: (0.434, 0.471, 0.348) @arm_base_link
   09:22:21 [비전] ROI 밖 책 7권 제외 (남은 1권). ROI [-0.4, -0.2, 0.0] ~ [-0.26, 0.4, 0.32] @arm_base_link
   09:22:21 [비전] Book picked(best): xyz=(-0.346, 0.151, 0.189), center=(229, 470), conf=0.62, depth=patch, yaw=0.000 rad (후보 1권)
   09:22:21 [비전] Empty center pixel=(358, 280), shelf_front_z=0.707m; Depth L/C/R=0.709/1.991/0.704m; center-left=1.282m, center-right=1.287m; contrast=PASS
   09:22:21 [비전] Empty shelf target: xyz=(-0.101, 0.492, 0.363)
   09:22:23 [비전] ROI 밖 책: (0.369, 0.476, 0.331) @arm_base_link
   09:22:23 [비전] ROI 밖 책: (0.336, 0.479, 0.332) @arm_base_link
   09:22:23 [비전] ROI 밖 책: (0.172, 0.483, 0.345) @arm_base_link
   09:22:23 [비전] ROI 밖 책: (0.280, 0.482, 0.324) @arm_base_link
   09:22:23 [비전] ROI 밖 책: (0.900, 0.429, -0.340) @arm_base_link
   09:22:23 [비전] ROI 밖 책: (0.129, 0.484, 0.350) @arm_base_link
   09:22:23 [비전] ROI 밖 책: (0.260, 0.484, 0.336) @arm_base_link
   09:22:23 [비전] ROI 밖 책 7권 제외 (남은 0권). ROI [-0.4, -0.2, 0.0] ~ [-0.26, 0.4, 0.32] @arm_base_link
   09:22:23 [비전] Empty center pixel=(287, 280), shelf_front_z=0.704m; Depth L/C/R=0.716/1.991/0.692m; center-left=1.275m, center-right=1.299m; contrast=PASS
   09:22:23 [비전] Empty shelf target: xyz=(-0.076, 0.490, 0.364)
   09:22:25 [비전] ROI 밖 책: (0.480, 0.485, 0.359) @arm_base_link
   09:22:25 [비전] ROI 밖 책: (0.562, 0.038, -0.341) @arm_base_link
   09:22:25 [비전] ROI 밖 책: (0.336, 0.478, 0.338) @arm_base_link
   09:22:25 [비전] ROI 밖 책 3권 제외 (남은 0권). ROI [-0.4, -0.2, 0.0] ~ [-0.26, 0.4, 0.32] @arm_base_link
   09:22:25 [비전] Empty center pixel=(219, 280), shelf_front_z=0.719m; Depth L/C/R=0.745/1.982/0.693m; center-left=1.237m, center-right=1.290m; contrast=PASS
   09:22:25 [비전] Empty shelf target: xyz=(-0.066, 0.503, 0.356)
   09:22:28 [비전] ROI 밖 책: (0.483, 0.484, 0.357) @arm_base_link
   09:22:28 [비전] ROI 밖 책: (0.558, 0.484, 0.360) @arm_base_link
   09:22:28 [비전] ROI 밖 책 2권 제외 (남은 0권). ROI [-0.4, -0.2, 0.0] ~ [-0.26, 0.4, 0.32] @arm_base_link
   09:22:28 [비전] Empty center pixel=(143, 279), shelf_front_z=0.717m; Depth L/C/R=0.745/0.699/0.690m; center-left=-0.046m, center-right=0.009m; contrast=CHECK
   09:22:36 [FSM] Empty slot detected: frame_id=arm_base_link, x=-0.350, y=0.544, z=0.340, confidence=1.00, candidate_count=7
   09:22:36 [FSM] FSM transition completed: DETECT_TARGET_SLOT -> PLACE_BOOK
   09:22:36 [FSM] Book-placement goal was accepted.
   09:22:36 [조작] 빈칸 관측 버림 (서가 밖): (-0.781, 2.612, 1.384) 서가 x -0.66~0.66 y 0.41~0.80 z -0.33~2.19
   09:22:36 [조작] 빈칸 관측 버림 (서가 밖): (-0.787, 0.518, 0.184) 서가 x -0.66~0.66 y 0.41~0.80 z -0.33~2.19
   09:22:36 [조작] 빈칸 선택: 책 사이 틈 관측 (-0.090, 0.503, 0.356) → 칸 중심 y 0.544, z 0.340 (판 높이로 스냅); 꽂기 전 차체를 옆으로 +0.260 m 옮겨 틈을 x -0.35 에 둔다
   09:22:36 [조작] 빈 슬롯 스캔 완료: (-0.35, 0.5439, 0.3399), 삽입깊이 0.300m
   09:22:36 [조작] 베이스 회전 명령 전송 (목표 yaw +0°, 서가 거리 0.444)
   09:22:36 [시뮬] 작업 job_d756a16c3c85:scan SUCCEEDED {'phase': 'scan_done', 'message': '서가 스캔 완료', 'placement_verified': False, 'sim_steps': 1829, 'render_steps': 1829} (36.8s)
   09:22:36 [시뮬] 서가 앞면 0.444 m → 목표 0.444 m (앞뒤 +0.000), 서가 중심 팔기준 x +0.260 → 옆으로 +0.260: 차체를 0.260 m 옮긴다
   09:22:38 [비전] ROI 밖 책: (-0.151, -0.664, -0.341) @arm_base_link
   09:22:38 [비전] ROI 밖 책 1권 제외 (남은 0권). ROI [-0.4, -0.2, 0.0] ~ [-0.26, 0.4, 0.32] @arm_base_link
   09:22:38 [조작] 베이스 회전 완료
   09:22:38 [시뮬] 서가 앞면 실측 0.444 m (목표 0.444), 서가 x 범위 팔기준 -0.97~+0.45
   09:22:39 [비전] ROI 밖 책: (-0.133, -0.667, -0.341) @arm_base_link
   09:22:39 [비전] ROI 밖 책: (-0.155, 0.477, 0.220) @arm_base_link
   09:22:39 [비전] ROI 밖 책 2권 제외 (남은 0권). ROI [-0.4, -0.2, 0.0] ~ [-0.26, 0.4, 0.32] @arm_base_link
   09:22:39 [비전] ROI 밖 책: (-0.114, -0.676, -0.341) @arm_base_link
   09:22:39 [비전] ROI 밖 책: (-0.153, 0.477, 0.220) @arm_base_link
   09:22:39 [비전] ROI 밖 책 2권 제외 (남은 0권). ROI [-0.4, -0.2, 0.0] ~ [-0.26, 0.4, 0.32] @arm_base_link
   09:22:40 [비전] ROI 밖 책: (-0.120, -0.676, -0.341) @arm_base_link
   09:22:40 [비전] ROI 밖 책 1권 제외 (남은 0권). ROI [-0.4, -0.2, 0.0] ~ [-0.26, 0.4, 0.32] @arm_base_link
   09:22:40 [비전] ROI 밖 책: (-0.123, -0.670, -0.341) @arm_base_link
   09:22:40 [비전] ROI 밖 책 1권 제외 (남은 0권). ROI [-0.4, -0.2, 0.0] ~ [-0.26, 0.4, 0.32] @arm_base_link
   09:22:41 [비전] ROI 밖 책: (-0.120, -0.673, -0.341) @arm_base_link
   09:22:41 [비전] ROI 밖 책: (-0.155, 0.477, 0.220) @arm_base_link
   09:22:41 [비전] ROI 밖 책 2권 제외 (남은 0권). ROI [-0.4, -0.2, 0.0] ~ [-0.26, 0.4, 0.32] @arm_base_link
   09:22:41 [비전] ROI 밖 책: (-0.126, -0.670, -0.341) @arm_base_link
   09:22:41 [비전] ROI 밖 책: (-0.155, 0.477, 0.220) @arm_base_link
   09:22:41 [비전] ROI 밖 책 2권 제외 (남은 0권). ROI [-0.4, -0.2, 0.0] ~ [-0.26, 0.4, 0.32] @arm_base_link
   09:22:42 [비전] ROI 밖 책: (-0.117, -0.670, -0.341) @arm_base_link
   09:22:42 [비전] ROI 밖 책 1권 제외 (남은 0권). ROI [-0.4, -0.2, 0.0] ~ [-0.26, 0.4, 0.32] @arm_base_link
   09:22:42 [비전] ROI 밖 책: (-0.136, -0.670, -0.341) @arm_base_link
   09:22:42 [비전] ROI 밖 책 1권 제외 (남은 0권). ROI [-0.4, -0.2, 0.0] ~ [-0.26, 0.4, 0.32] @arm_base_link
   09:22:43 [비전] ROI 밖 책: (-0.129, -0.670, -0.341) @arm_base_link
   09:22:43 [비전] ROI 밖 책 1권 제외 (남은 0권). ROI [-0.4, -0.2, 0.0] ~ [-0.26, 0.4, 0.32] @arm_base_link
   09:22:43 [비전] ROI 밖 책: (-0.177, -0.664, -0.341) @arm_base_link
   09:22:43 [비전] ROI 밖 책 1권 제외 (남은 0권). ROI [-0.4, -0.2, 0.0] ~ [-0.26, 0.4, 0.32] @arm_base_link
   09:22:44 [비전] ROI 밖 책: (-0.148, -0.667, -0.341) @arm_base_link
   09:22:44 [비전] ROI 밖 책 1권 제외 (남은 1권). ROI [-0.4, -0.2, 0.0] ~ [-0.26, 0.4, 0.32] @arm_base_link
   09:22:44 [비전] Book picked(best): xyz=(-0.368, -0.186, 0.188), center=(140, 307), conf=0.57, depth=patch, yaw=0.000 rad (후보 1권)
   09:22:44 [비전] ROI 밖 책: (-0.126, -0.670, -0.341) @arm_base_link
   09:22:44 [비전] ROI 밖 책 1권 제외 (남은 0권). ROI [-0.4, -0.2, 0.0] ~ [-0.26, 0.4, 0.32] @arm_base_link
   09:22:45 [비전] ROI 밖 책: (-0.145, -0.670, -0.341) @arm_base_link
   09:22:45 [비전] ROI 밖 책 1권 제외 (남은 0권). ROI [-0.4, -0.2, 0.0] ~ [-0.26, 0.4, 0.32] @arm_base_link
   09:22:45 [비전] ROI 밖 책: (-0.151, -0.667, -0.341) @arm_base_link
   09:22:45 [비전] ROI 밖 책 1권 제외 (남은 1권). ROI [-0.4, -0.2, 0.0] ~ [-0.26, 0.4, 0.32] @arm_base_link
   09:22:45 [비전] Book picked(best): xyz=(-0.356, 0.158, 0.213), center=(376, 315), conf=0.60, depth=patch, yaw=0.000 rad (후보 1권)
   09:22:46 [비전] ROI 밖 책: (-0.142, -0.670, -0.341) @arm_base_link
   09:22:46 [비전] ROI 밖 책: (-0.152, 0.478, 0.220) @arm_base_link
   09:22:46 [비전] ROI 밖 책 2권 제외 (남은 2권). ROI [-0.4, -0.2, 0.0] ~ [-0.26, 0.4, 0.32] @arm_base_link
   09:22:46 [비전] Book picked(best): xyz=(-0.356, 0.158, 0.213), center=(376, 315), conf=0.62, depth=patch, yaw=0.000 rad (후보 2권)
   09:22:46 [조작] 책 좌표 정함 (-0.3559, +0.1581, +0.2134) — 관측 3개 · 책 2권 · 고른 책 2개 (x 흔들림 0 mm) → 축마다 중앙값
   09:22:46 [조작] 작업 job_d756a16c3c85 book=book_001 트레이 칸 2 파지 [-0.3558956409854819, 0.1580684168682122, 0.13756184118697123] (vision) → (-0.35, 0.5438500024676323, 0.3399) 삽입 속도 0.030 m/s
   09:23:08 [시뮬] [JUDGE] 손 안 어긋남(406) **판별불가** — 키네마틱 파지는 매 스텝 책을 손에 맞춰 다시 써 넣는다. 이 신호는 마찰 파지(SIM_GRASP_KINEMATIC=0)에서만 의미가 있다
   09:23:15 [시뮬] [JUDGE] rise=16.9cm(ok) width=12.8mm = 지령 12.8mm (책 반두께 16.8) → **판별불가** [키네마틱 파지라 빈손이어도 같은 값이 나온다]
   09:25:05 [FSM] FSM transition completed: PLACE_BOOK -> UPDATE_DATA
   09:25:05 [FSM] FSM transition completed: UPDATE_DATA -> NEXT_BOOK
   09:25:05 [FSM] FSM transition completed: NEXT_BOOK -> SELECT_BOOK
   09:25:05 [FSM] FSM transition completed: SELECT_BOOK -> NAV_TO_SHELF
   09:25:05 [FSM] Navigation succeeded: Navigation waypoint is already satisfied in simulation.
   09:25:05 [FSM] FSM transition completed: NAV_TO_SHELF -> DETECT_TARGET_SLOT
   09:25:05 [조작] PlaceBook 성공 job=job_d756a16c3c85 code=0(OK) phase= 배치 확인
   09:25:05 [조작] 베이스 회전 명령 전송 (목표 yaw +0°, 서가 거리 0.444)
   09:25:05 [시뮬] [JUDGE] width_hold=판별불가[키네마틱] (12.8 → 최소 12.8 mm, 한쪽 기준)
   09:25:05 [시뮬] 작업 job_d756a16c3c85 SUCCEEDED {'phase': 'verify', 'message': '배치 확인', 'placement_verified': True, 'checks': {'upright': True, 'depth': True, 'spine': True, 'x': True, 'floor': True, 'skew': True, 'no_jam': True}, 'fallen
   09:25:05 [시뮬] 서가 앞면 0.444 m → 목표 0.444 m (앞뒤 +0.000), 서가 중심 팔기준 x -0.260 → 옆으로 -0.260: 차체를 0.260 m 옮긴다
   09:25:07 [조작] 베이스 회전 완료
   09:25:07 [시뮬] 서가 앞면 실측 0.444 m (목표 0.444), 서가 x 범위 팔기준 -0.71~+0.71
   09:25:07 [시뮬] [재측정] 스윕 없이 빈칸만 다시 재고 관측 자세로 돌아간다 — 서가 /World/bookshelves_main/shelf_brown__book_shelf_11 · 판 [1.042, 0.498] · 빈칸 3개 · 관측 자세까지 Δ최대 1.311 rad
   09:25:14 [FSM] Empty slot detected: frame_id=arm_base_link, x=-0.350, y=0.544, z=0.884, confidence=1.00, candidate_count=7
   09:25:14 [FSM] FSM transition completed: DETECT_TARGET_SLOT -> PLACE_BOOK
   09:25:14 [FSM] Book-placement goal was accepted.
   09:25:14 [조작] 빈칸 관측 버림 (서가 밖): (-0.781, 2.612, 1.384) 서가 x -0.66~0.66 y 0.41~0.80 z -0.33~2.19
   09:25:14 [조작] 빈칸 관측 버림 (서가 밖): (-0.787, 0.518, 0.184) 서가 x -0.66~0.66 y 0.41~0.80 z -0.33~2.19
   09:25:14 [조작] 빈칸 선택: 책 사이 틈 관측 (0.139, 0.503, 0.356) → 칸 중심 y 0.544, z 0.884 (판 높이로 스냅); 꽂기 전 차체를 옆으로 +0.489 m 옮겨 틈을 x -0.35 에 둔다
   09:25:14 [조작] 빈 슬롯 스캔 완료: (-0.35, 0.5439, 0.8839), 삽입깊이 0.300m
   09:25:14 [조작] 베이스 회전 명령 전송 (목표 yaw +0°, 서가 거리 0.444)
   09:25:14 [시뮬] 작업 job_d756a16c3c85:scan SUCCEEDED {'phase': 'scan_done', 'message': '서가 스캔 완료', 'placement_verified': False, 'sim_steps': 324, 'render_steps': 324} (6.8s)
   09:25:14 [시뮬] 서가 앞면 0.444 m → 목표 0.444 m (앞뒤 +0.000), 서가 중심 팔기준 x +0.489 → 옆으로 +0.489: 차체를 0.489 m 옮긴다
   09:25:18 [시뮬] 서가 앞면 실측 0.444 m (목표 0.444), 서가 x 범위 팔기준 -1.20~+0.22
   09:25:19 [비전] ROI 밖 책: (-0.133, -0.651, -0.341) @arm_base_link
   09:25:19 [비전] ROI 밖 책: (-0.398, 0.476, 0.222) @arm_base_link
   09:25:19 [비전] ROI 밖 책 2권 제외 (남은 1권). ROI [-0.4, -0.2, 0.0] ~ [-0.26, 0.4, 0.32] @arm_base_link
   09:25:19 [비전] Book picked(best): xyz=(-0.345, -0.181, 0.185), center=(145, 323), conf=0.62, depth=patch, yaw=0.000 rad (후보 1권)
   09:25:19 [비전] ROI 밖 책: (-0.104, -0.676, -0.341) @arm_base_link
   09:25:19 [비전] ROI 밖 책: (-0.398, 0.476, 0.222) @arm_base_link
   09:25:19 [비전] ROI 밖 책 2권 제외 (남은 0권). ROI [-0.4, -0.2, 0.0] ~ [-0.26, 0.4, 0.32] @arm_base_link
   09:25:19 [조작] 베이스 회전 완료
   09:25:20 [비전] ROI 밖 책: (-0.107, -0.670, -0.341) @arm_base_link
   09:25:20 [비전] ROI 밖 책: (-0.399, 0.476, 0.222) @arm_base_link
   09:25:20 [비전] ROI 밖 책 2권 제외 (남은 0권). ROI [-0.4, -0.2, 0.0] ~ [-0.26, 0.4, 0.32] @arm_base_link
   09:25:20 [비전] ROI 밖 책: (-0.104, -0.670, -0.341) @arm_base_link
   09:25:20 [비전] ROI 밖 책: (-0.398, 0.476, 0.222) @arm_base_link
   09:25:20 [비전] ROI 밖 책 2권 제외 (남은 0권). ROI [-0.4, -0.2, 0.0] ~ [-0.26, 0.4, 0.32] @arm_base_link
   09:25:21 [비전] ROI 밖 책: (-0.104, -0.673, -0.341) @arm_base_link
   09:25:21 [비전] ROI 밖 책: (-0.399, 0.476, 0.222) @arm_base_link
   09:25:21 [비전] ROI 밖 책 2권 제외 (남은 0권). ROI [-0.4, -0.2, 0.0] ~ [-0.26, 0.4, 0.32] @arm_base_link
   09:25:21 [비전] ROI 밖 책: (-0.104, -0.670, -0.341) @arm_base_link
   09:25:21 [비전] ROI 밖 책: (-0.398, 0.476, 0.222) @arm_base_link
   09:25:21 [비전] ROI 밖 책 2권 제외 (남은 0권). ROI [-0.4, -0.2, 0.0] ~ [-0.26, 0.4, 0.32] @arm_base_link
   09:25:22 [비전] ROI 밖 책: (-0.104, -0.670, -0.341) @arm_base_link
   09:25:22 [비전] ROI 밖 책: (-0.398, 0.476, 0.222) @arm_base_link
   09:25:22 [비전] ROI 밖 책 2권 제외 (남은 0권). ROI [-0.4, -0.2, 0.0] ~ [-0.26, 0.4, 0.32] @arm_base_link
   09:25:22 [비전] ROI 밖 책: (-0.104, -0.670, -0.341) @arm_base_link
   09:25:22 [비전] ROI 밖 책: (-0.398, 0.475, 0.224) @arm_base_link
   09:25:22 [비전] ROI 밖 책 2권 제외 (남은 0권). ROI [-0.4, -0.2, 0.0] ~ [-0.26, 0.4, 0.32] @arm_base_link
   09:25:23 [비전] ROI 밖 책: (-0.104, -0.667, -0.341) @arm_base_link
   09:25:23 [비전] ROI 밖 책: (-0.399, 0.476, 0.222) @arm_base_link
   09:25:23 [비전] ROI 밖 책 2권 제외 (남은 0권). ROI [-0.4, -0.2, 0.0] ~ [-0.26, 0.4, 0.32] @arm_base_link
   09:25:23 [비전] ROI 밖 책: (-0.104, -0.660, -0.341) @arm_base_link
   09:25:23 [비전] ROI 밖 책: (-0.399, 0.476, 0.222) @arm_base_link
   09:25:23 [비전] ROI 밖 책 2권 제외 (남은 0권). ROI [-0.4, -0.2, 0.0] ~ [-0.26, 0.4, 0.32] @arm_base_link
   09:25:24 [비전] ROI 밖 책: (-0.111, -0.660, -0.341) @arm_base_link
   09:25:24 [비전] ROI 밖 책: (-0.399, 0.476, 0.222) @arm_base_link
   09:25:24 [비전] ROI 밖 책 2권 제외 (남은 0권). ROI [-0.4, -0.2, 0.0] ~ [-0.26, 0.4, 0.32] @arm_base_link
   09:25:24 [비전] ROI 밖 책: (-0.104, -0.660, -0.341) @arm_base_link
   09:25:24 [비전] ROI 밖 책: (-0.399, 0.476, 0.222) @arm_base_link
   09:25:24 [비전] ROI 밖 책 2권 제외 (남은 0권). ROI [-0.4, -0.2, 0.0] ~ [-0.26, 0.4, 0.32] @arm_base_link
   09:25:25 [비전] ROI 밖 책: (-0.111, -0.660, -0.341) @arm_base_link
   09:25:25 [비전] ROI 밖 책: (-0.399, 0.476, 0.222) @arm_base_link
   09:25:25 [비전] ROI 밖 책 2권 제외 (남은 0권). ROI [-0.4, -0.2, 0.0] ~ [-0.26, 0.4, 0.32] @arm_base_link
   09:25:25 [비전] ROI 밖 책: (-0.107, -0.660, -0.341) @arm_base_link
   09:25:25 [비전] ROI 밖 책: (-0.396, 0.475, 0.224) @arm_base_link
   09:25:25 [비전] ROI 밖 책 2권 제외 (남은 0권). ROI [-0.4, -0.2, 0.0] ~ [-0.26, 0.4, 0.32] @arm_base_link
   09:25:26 [비전] ROI 밖 책: (-0.111, -0.660, -0.341) @arm_base_link
   09:25:26 [비전] ROI 밖 책: (-0.396, 0.475, 0.224) @arm_base_link
   09:25:26 [비전] ROI 밖 책 2권 제외 (남은 0권). ROI [-0.4, -0.2, 0.0] ~ [-0.26, 0.4, 0.32] @arm_base_link
   09:25:26 [비전] ROI 밖 책: (-0.114, -0.660, -0.341) @arm_base_link
   09:25:26 [비전] ROI 밖 책: (-0.399, 0.476, 0.222) @arm_base_link
   09:25:26 [비전] ROI 밖 책 2권 제외 (남은 0권). ROI [-0.4, -0.2, 0.0] ~ [-0.26, 0.4, 0.32] @arm_base_link
   09:25:27 [비전] ROI 밖 책: (-0.117, -0.660, -0.341) @arm_base_link
   09:25:27 [비전] ROI 밖 책: (-0.399, 0.476, 0.222) @arm_base_link
   09:25:27 [비전] ROI 밖 책 2권 제외 (남은 0권). ROI [-0.4, -0.2, 0.0] ~ [-0.26, 0.4, 0.32] @arm_base_link
   09:25:27 [비전] ROI 밖 책: (-0.107, -0.664, -0.341) @arm_base_link
   09:25:27 [비전] ROI 밖 책: (-0.398, 0.475, 0.224) @arm_base_link
   09:25:27 [비전] ROI 밖 책 2권 제외 (남은 0권). ROI [-0.4, -0.2, 0.0] ~ [-0.26, 0.4, 0.32] @arm_base_link
   09:25:28 [비전] ROI 밖 책: (-0.104, -0.667, -0.341) @arm_base_link
   09:25:28 [비전] ROI 밖 책: (-0.398, 0.476, 0.222) @arm_base_link
   09:25:28 [비전] ROI 밖 책 2권 제외 (남은 0권). ROI [-0.4, -0.2, 0.0] ~ [-0.26, 0.4, 0.32] @arm_base_link
   09:25:28 [비전] ROI 밖 책: (-0.101, -0.670, -0.341) @arm_base_link
   09:25:28 [비전] ROI 밖 책: (-0.398, 0.476, 0.222) @arm_base_link
   09:25:28 [비전] ROI 밖 책 2권 제외 (남은 0권). ROI [-0.4, -0.2, 0.0] ~ [-0.26, 0.4, 0.32] @arm_base_link
   09:25:29 [비전] ROI 밖 책: (-0.104, -0.667, -0.341) @arm_base_link
   09:25:29 [비전] ROI 밖 책: (-0.399, 0.476, 0.222) @arm_base_link
   09:25:29 [비전] ROI 밖 책 2권 제외 (남은 0권). ROI [-0.4, -0.2, 0.0] ~ [-0.26, 0.4, 0.32] @arm_base_link
   09:25:29 [비전] ROI 밖 책: (-0.104, -0.667, -0.341) @arm_base_link
   09:25:29 [비전] ROI 밖 책: (-0.399, 0.476, 0.224) @arm_base_link
   09:25:29 [비전] ROI 밖 책 2권 제외 (남은 0권). ROI [-0.4, -0.2, 0.0] ~ [-0.26, 0.4, 0.32] @arm_base_link
   09:25:30 [비전] ROI 밖 책: (-0.104, -0.667, -0.341) @arm_base_link
   09:25:30 [비전] ROI 밖 책: (-0.396, 0.475, 0.224) @arm_base_link
   09:25:30 [비전] ROI 밖 책 2권 제외 (남은 0권). ROI [-0.4, -0.2, 0.0] ~ [-0.26, 0.4, 0.32] @arm_base_link
   09:25:30 [비전] ROI 밖 책: (-0.104, -0.667, -0.341) @arm_base_link
   09:25:30 [비전] ROI 밖 책: (-0.398, 0.476, 0.222) @arm_base_link
   09:25:30 [비전] ROI 밖 책 2권 제외 (남은 0권). ROI [-0.4, -0.2, 0.0] ~ [-0.26, 0.4, 0.32] @arm_base_link
   09:25:31 [비전] ROI 밖 책: (-0.111, -0.667, -0.341) @arm_base_link
   09:25:31 [비전] ROI 밖 책: (-0.399, 0.476, 0.222) @arm_base_link
   09:25:31 [비전] ROI 밖 책 2권 제외 (남은 0권). ROI [-0.4, -0.2, 0.0] ~ [-0.26, 0.4, 0.32] @arm_base_link
   09:25:31 [비전] ROI 밖 책: (-0.107, -0.667, -0.341) @arm_base_link
   09:25:31 [비전] ROI 밖 책: (-0.398, 0.476, 0.222) @arm_base_link
   09:25:31 [비전] ROI 밖 책 2권 제외 (남은 0권). ROI [-0.4, -0.2, 0.0] ~ [-0.26, 0.4, 0.32] @arm_base_link
   09:25:32 [비전] ROI 밖 책: (-0.104, -0.670, -0.341) @arm_base_link
   09:25:32 [비전] ROI 밖 책: (-0.396, 0.475, 0.224) @arm_base_link
   09:25:32 [비전] ROI 밖 책 2권 제외 (남은 0권). ROI [-0.4, -0.2, 0.0] ~ [-0.26, 0.4, 0.32] @arm_base_link
   09:25:32 [비전] ROI 밖 책: (-0.104, -0.667, -0.341) @arm_base_link
   09:25:32 [비전] ROI 밖 책: (-0.398, 0.476, 0.222) @arm_base_link
   09:25:32 [비전] ROI 밖 책 2권 제외 (남은 0권). ROI [-0.4, -0.2, 0.0] ~ [-0.26, 0.4, 0.32] @arm_base_link
   09:25:33 [비전] ROI 밖 책: (-0.104, -0.670, -0.341) @arm_base_link
   09:25:33 [비전] ROI 밖 책: (-0.399, 0.476, 0.222) @arm_base_link
   09:25:33 [비전] ROI 밖 책 2권 제외 (남은 0권). ROI [-0.4, -0.2, 0.0] ~ [-0.26, 0.4, 0.32] @arm_base_link
   09:25:33 [비전] ROI 밖 책: (-0.107, -0.670, -0.341) @arm_base_link
   09:25:33 [비전] ROI 밖 책: (-0.399, 0.476, 0.224) @arm_base_link
   09:25:33 [비전] ROI 밖 책 2권 제외 (남은 0권). ROI [-0.4, -0.2, 0.0] ~ [-0.26, 0.4, 0.32] @arm_base_link
   09:25:34 [비전] ROI 밖 책: (-0.104, -0.673, -0.341) @arm_base_link
   09:25:34 [비전] ROI 밖 책: (-0.396, 0.475, 0.224) @arm_base_link
   09:25:34 [비전] ROI 밖 책 2권 제외 (남은 0권). ROI [-0.4, -0.2, 0.0] ~ [-0.26, 0.4, 0.32] @arm_base_link
   09:25:34 [비전] ROI 밖 책: (-0.101, -0.673, -0.341) @arm_base_link
   09:25:34 [비전] ROI 밖 책: (-0.396, 0.475, 0.224) @arm_base_link
   09:25:34 [비전] ROI 밖 책 2권 제외 (남은 0권). ROI [-0.4, -0.2, 0.0] ~ [-0.26, 0.4, 0.32] @arm_base_link
   09:25:35 [비전] ROI 밖 책: (-0.104, -0.667, -0.341) @arm_base_link
   09:25:35 [비전] ROI 밖 책: (-0.396, 0.476, 0.225) @arm_base_link
   09:25:35 [비전] ROI 밖 책 2권 제외 (남은 0권). ROI [-0.4, -0.2, 0.0] ~ [-0.26, 0.4, 0.32] @arm_base_link
   09:25:35 [비전] ROI 밖 책: (-0.104, -0.667, -0.341) @arm_base_link
   09:25:35 [비전] ROI 밖 책: (-0.399, 0.476, 0.222) @arm_base_link
   09:25:35 [비전] ROI 밖 책 2권 제외 (남은 0권). ROI [-0.4, -0.2, 0.0] ~ [-0.26, 0.4, 0.32] @arm_base_link
   09:25:36 [비전] ROI 밖 책: (-0.104, -0.673, -0.341) @arm_base_link
   09:25:36 [비전] ROI 밖 책: (-0.396, 0.475, 0.224) @arm_base_link
   09:25:36 [비전] ROI 밖 책 2권 제외 (남은 0권). ROI [-0.4, -0.2, 0.0] ~ [-0.26, 0.4, 0.32] @arm_base_link
   09:25:36 [비전] ROI 밖 책: (-0.107, -0.667, -0.341) @arm_base_link
   09:25:36 [비전] ROI 밖 책: (-0.396, 0.475, 0.224) @arm_base_link
   09:25:36 [비전] ROI 밖 책 2권 제외 (남은 0권). ROI [-0.4, -0.2, 0.0] ~ [-0.26, 0.4, 0.32] @arm_base_link
   09:25:37 [비전] ROI 밖 책: (-0.107, -0.670, -0.341) @arm_base_link
   09:25:37 [비전] ROI 밖 책: (-0.396, 0.475, 0.224) @arm_base_link
   09:25:37 [비전] ROI 밖 책 2권 제외 (남은 0권). ROI [-0.4, -0.2, 0.0] ~ [-0.26, 0.4, 0.32] @arm_base_link
   09:25:37 [비전] ROI 밖 책: (-0.104, -0.673, -0.341) @arm_base_link
   09:25:37 [비전] ROI 밖 책: (-0.398, 0.476, 0.222) @arm_base_link
   09:25:37 [비전] ROI 밖 책 2권 제외 (남은 0권). ROI [-0.4, -0.2, 0.0] ~ [-0.26, 0.4, 0.32] @arm_base_link
   09:25:38 [비전] ROI 밖 책: (-0.107, -0.670, -0.341) @arm_base_link
   09:25:38 [비전] ROI 밖 책: (-0.396, 0.475, 0.224) @arm_base_link
   09:25:38 [비전] ROI 밖 책 2권 제외 (남은 0권). ROI [-0.4, -0.2, 0.0] ~ [-0.26, 0.4, 0.32] @arm_base_link
   09:25:38 [비전] ROI 밖 책: (-0.104, -0.667, -0.341) @arm_base_link
   09:25:38 [비전] ROI 밖 책: (-0.396, 0.475, 0.224) @arm_base_link
   09:25:38 [비전] ROI 밖 책 2권 제외 (남은 0권). ROI [-0.4, -0.2, 0.0] ~ [-0.26, 0.4, 0.32] @arm_base_link
   09:25:39 [비전] ROI 밖 책: (-0.107, -0.670, -0.341) @arm_base_link
   09:25:39 [비전] ROI 밖 책: (-0.396, 0.475, 0.224) @arm_base_link
   09:25:39 [비전] ROI 밖 책 2권 제외 (남은 0권). ROI [-0.4, -0.2, 0.0] ~ [-0.26, 0.4, 0.32] @arm_base_link
   09:25:39 [비전] ROI 밖 책: (-0.104, -0.673, -0.341) @arm_base_link
   09:25:39 [비전] ROI 밖 책: (-0.396, 0.475, 0.224) @arm_base_link
   09:25:39 [비전] ROI 밖 책 2권 제외 (남은 0권). ROI [-0.4, -0.2, 0.0] ~ [-0.26, 0.4, 0.32] @arm_base_link
   09:25:40 [비전] ROI 밖 책: (-0.101, -0.676, -0.341) @arm_base_link
   09:25:40 [비전] ROI 밖 책: (-0.396, 0.475, 0.224) @arm_base_link
   09:25:40 [비전] ROI 밖 책: (-0.311, 0.484, 0.216) @arm_base_link
   09:25:40 [비전] ROI 밖 책 3권 제외 (남은 0권). ROI [-0.4, -0.2, 0.0] ~ [-0.26, 0.4, 0.32] @arm_base_link
   09:25:40 [비전] ROI 밖 책: (-0.104, -0.673, -0.341) @arm_base_link
   09:25:40 [비전] ROI 밖 책: (-0.396, 0.475, 0.224) @arm_base_link
   09:25:40 [비전] ROI 밖 책 2권 제외 (남은 0권). ROI [-0.4, -0.2, 0.0] ~ [-0.26, 0.4, 0.32] @arm_base_link
   09:25:41 [비전] ROI 밖 책: (-0.120, -0.667, -0.341) @arm_base_link
   09:25:41 [비전] ROI 밖 책: (-0.396, 0.475, 0.224) @arm_base_link
   09:25:41 [비전] ROI 밖 책 2권 제외 (남은 0권). ROI [-0.4, -0.2, 0.0] ~ [-0.26, 0.4, 0.32] @arm_base_link
   09:25:41 [비전] ROI 밖 책: (-0.111, -0.670, -0.341) @arm_base_link
   09:25:41 [비전] ROI 밖 책: (-0.396, 0.475, 0.224) @arm_base_link
   09:25:41 [비전] ROI 밖 책 2권 제외 (남은 0권). ROI [-0.4, -0.2, 0.0] ~ [-0.26, 0.4, 0.32] @arm_base_link
   09:25:42 [비전] ROI 밖 책: (-0.104, -0.673, -0.341) @arm_base_link
   09:25:42 [비전] ROI 밖 책: (-0.396, 0.476, 0.225) @arm_base_link
   09:25:42 [비전] ROI 밖 책 2권 제외 (남은 1권). ROI [-0.4, -0.2, 0.0] ~ [-0.26, 0.4, 0.32] @arm_base_link
   09:25:42 [비전] Book picked(best): xyz=(-0.366, -0.182, 0.186), center=(144, 309), conf=0.56, depth=patch, yaw=0.000 rad (후보 1권)
   09:25:42 [조작] 책 좌표 정함 (-0.3551, -0.1812, +0.1853) — 관측 2개 · 책 1권 · 고른 책 2개 (x 흔들림 21 mm) → 축마다 중앙값
   09:25:42 [조작] 작업 job_d756a16c3c85 book=book_002 트레이 칸 3 파지 [-0.3551254341318747, -0.18116571700596285, 0.1094496672084061] (vision) → (-0.35, 0.5438500024676323, 0.8839) 삽입 속도 0.030 m/s
   09:26:06 [시뮬] [JUDGE] 손 안 어긋남(406) **판별불가** — 키네마틱 파지는 매 스텝 책을 손에 맞춰 다시 써 넣는다. 이 신호는 마찰 파지(SIM_GRASP_KINEMATIC=0)에서만 의미가 있다
   09:26:13 [시뮬] [JUDGE] rise=16.9cm(ok) width=15.1mm = 지령 15.1mm (책 반두께 19.1) → **판별불가** [키네마틱 파지라 빈손이어도 같은 값이 나온다]
   09:28:02 [FSM] FSM transition completed: PLACE_BOOK -> UPDATE_DATA
   09:28:02 [FSM] FSM transition completed: UPDATE_DATA -> NEXT_BOOK
   09:28:02 [FSM] FSM transition completed: NEXT_BOOK -> RETURN_HOME
   09:28:02 [조작] PlaceBook 성공 job=job_d756a16c3c85 code=0(OK) phase= 배치 확인
   09:28:02 [시뮬] [JUDGE] width_hold=판별불가[키네마틱] (15.1 → 최소 15.1 mm, 한쪽 기준)
   09:28:02 [시뮬] 작업 job_d756a16c3c85 SUCCEEDED {'phase': 'verify', 'message': '배치 확인', 'placement_verified': True, 'checks': {'upright': True, 'depth': True, 'spine': True, 'x': True, 'floor': True, 'skew': True, 'no_jam': True}, 'fallen
   09:28:13 [시뮬] [주행] 회전 끝 — **실측** yaw +90.00° (목표 +90.00°)
   09:28:15 [FSM] Navigation succeeded: Navigation completed.
   09:28:15 [FSM] FSM transition completed: RETURN_HOME -> COMPLETED
   09:28:15 [FSM] FSM transition completed: COMPLETED -> IDLE
   09:28:15 [시뮬] [주행] 도착 (+4.986, -5.607)
끝 09:28:16 — 로그: /home/rokey/b1_demo_r2/logs (Isaac·노드는 그대로 떠 있다)
