[Info] [carb] Logging to file: /home/rokey/isaacsim/kit/logs/Kit/Isaac-Sim Python/5.1/kit_20260917_163025.log
2026-09-17T07:30:25Z [0ms] [Warning] [carb.crashreporter-breakpad.plugin] [previous crash] preventing upload of minidump due to user opt-out: '/home/rokey/isaacsim/kit/data/Kit/Isaac-Sim Python/5.1/fc99d165-c9ea-41c6-bf8abab5-b7340e51.dmp'
2026-09-17T07:30:25Z [0ms] [Warning] [carb.crashreporter-breakpad.plugin] [previous crash] preventing upload of minidump due to user opt-out: '/home/rokey/isaacsim/kit/data/Kit/Isaac-Sim Python/5.1/be7a1636-ad49-4711-a04b3693-1c0c4f8f.dmp'
[0.027s] [ext: omni.kit.async_engine-0.0.3] startup
[0.176s] [ext: omni.metrics.core-0.0.3] startup
[0.176s] [ext: omni.client.lib-1.1.0] startup
[0.184s] [ext: omni.blobkey-1.1.2] startup
[0.184s] [ext: omni.stats-1.0.1] startup
[0.184s] [ext: omni.datastore-0.0.0] startup
[0.188s] [ext: omni.client-1.3.0] startup
[0.191s] [ext: omni.ujitso.default-1.0.0] startup
[0.192s] [ext: omni.hsscclient-1.1.2] startup
[0.194s] [ext: omni.gpu_foundation.shadercache.vulkan-1.0.0] startup
[0.196s] [ext: omni.assets.plugins-0.0.0] startup
[0.196s] [ext: omni.gpu_foundation-0.0.0] startup
[0.200s] [ext: carb.windowing.plugins-1.0.0] startup
2026-09-17T07:30:25Z [191ms] [Warning] [carb.windowing-glfw.plugin] GLFW initialization failed.
2026-09-17T07:30:25Z [191ms] [Warning] [carb] Failed to startup plugin carb.windowing-glfw.plugin (interfaces: [carb::windowing::IGLContext v1.0],[carb::windowing::IWindowing v1.5]) (impl: carb.windowing-glfw.plugin)
[0.201s] [ext: omni.kit.renderer.init-0.0.0] startup
2026-09-17T07:30:25Z [201ms] [Warning] [omni.platforminfo.plugin] failed to open the default display.  Can't verify X Server version.
2026-09-17T07:30:25Z [585ms] [Warning] [gpu.foundation.plugin] Skipping unsupported non-NVIDIA GPU: Intel(R) Graphics (ARL)
2026-09-17T07:30:25Z [585ms] [Warning] [gpu.foundation.plugin] Skipping unsupported non-NVIDIA GPU: Intel(R) Graphics (ARL)

|---------------------------------------------------------------------------------------------|
| Driver Version: 580.173.02    | Graphics API: Vulkan
|=============================================================================================|
| GPU | Name                             | Active | LDA | GPU Memory | Vendor-ID | LUID       |
|     |                                  |        |     |            | Device-ID | UUID       |
|     |                                  |        |     |            | Bus-ID    |            |
|---------------------------------------------------------------------------------------------|
| 0   | NVIDIA GeForce RTX 5080 Laptop.. | Yes: 0 |     | 16303   MB | 10de      | 0          |
|     |                                  |        |     |            | 2c19      | 507b5eb6.. |
|     |                                  |        |     |            | 1         |            |
|---------------------------------------------------------------------------------------------|
| 1   | Intel(R) Graphics (ARL)          |        |     | 47779   MB | 8086      | 0          |
|     |                                  |        |     |            | 7d67      | 8680677d.. |
|     |                                  |        |     |            | 0         |            |
|=============================================================================================|
| OS: 24.04.4 LTS (Noble Numbat) ubuntu, Version: 24.04.4, Kernel: 6.14.0-27-generic
| Processor: Intel(R) Core(TM) Ultra 9 275HX
| Cores: 24 | Logical Cores: 24
|---------------------------------------------------------------------------------------------|
| Total Memory (MB): 63706 | Free Memory: 57505
| Total Page/Swap (MB): 8191 | Free Page/Swap: 8191
|---------------------------------------------------------------------------------------------|
2026-09-17T07:30:26Z [920ms] [Warning] [gpu.foundation.plugin] CPU performance profile is set to powersave. This profile sets the CPU to the lowest frequency reducing performance.
2026-09-17T07:30:26Z [929ms] [Warning] [gpu.foundation.plugin] PCIe link width current (8) and maximum (16) for device 0 don't match.
2026-09-17T07:30:26Z [929ms] [Warning] [gpu.foundation.plugin] IOMMU is enabled.
2026-09-17T07:30:26Z [929ms] [Warning] [gpu.foundation.plugin] Detected IOMMU is enabled. Running CUDA peer-to-peer bandwidth and latency validation.
Unidirectional P2P=Enabled Bandwidth (P2P Writes) Matrix (GB/s)
   D\D     0 
     0 518.93 
P2P=Enabled Latency (P2P Writes) Matrix (us)
   GPU     0 
     0   2.06 

   CPU     0 
     0   1.64 
[1.066s] [ext: omni.kit.pipapi-0.0.0] startup
[1.067s] [ext: omni.kit.pip_archive-0.0.0] startup
[1.067s] [ext: omni.pip.compute-1.6.3] startup
[1.067s] [ext: omni.materialx.libs-1.0.7] startup
[1.072s] [ext: omni.pip.cloud-1.4.3] startup
[1.074s] [ext: omni.isaac.core_archive-3.0.0] startup
[1.074s] [ext: omni.usd.config-1.0.6] startup
[1.075s] [ext: omni.gpucompute.plugins-0.0.0] startup
[1.076s] [ext: omni.usd.libs-1.0.1] startup
[1.117s] [ext: omni.kit.telemetry-0.5.2] startup
[1.135s] [ext: omni.mdl-56.0.3] startup
[1.182s] [ext: omni.iray.libs-0.0.0] startup
[1.185s] [ext: omni.mdl.neuraylib-0.2.12] startup
[1.187s] [ext: omni.kit.usd.mdl-1.1.5] startup
[1.243s] [ext: omni.isaac.ml_archive-3.0.4] startup
[1.243s] [ext: omni.kit.loop-isaac-1.3.7] startup
[1.243s] [ext: omni.kit.test-2.0.1] startup
[1.273s] [ext: omni.appwindow-1.1.10] startup
2026-09-17T07:30:26Z [1,264ms] [Warning] [carb.windowing-glfw.plugin] GLFW initialization failed.
2026-09-17T07:30:26Z [1,264ms] [Warning] [carb] Failed to startup plugin carb.windowing-glfw.plugin (interfaces: [carb::windowing::IGLContext v1.0],[carb::windowing::IWindowing v1.5]) (impl: carb.windowing-glfw.plugin)
[1.275s] [ext: omni.kit.renderer.core-1.1.0] startup
2026-09-17T07:30:26Z [1,281ms] [Warning] [carb.windowing-glfw.plugin] GLFW initialization failed.
2026-09-17T07:30:26Z [1,281ms] [Warning] [carb] Failed to startup plugin carb.windowing-glfw.plugin (interfaces: [carb::windowing::IGLContext v1.0],[carb::windowing::IWindowing v1.5]) (impl: carb.windowing-glfw.plugin)
2026-09-17T07:30:26Z [1,287ms] [Warning] [carb.windowing-glfw.plugin] GLFW initialization failed.
2026-09-17T07:30:26Z [1,287ms] [Warning] [carb] Failed to startup plugin carb.windowing-glfw.plugin (interfaces: [carb::windowing::IGLContext v1.0],[carb::windowing::IWindowing v1.5]) (impl: carb.windowing-glfw.plugin)
[1.298s] [ext: omni.kit.renderer.capture-0.0.0] startup
[1.299s] [ext: omni.kit.renderer.imgui-2.0.5] startup
2026-09-17T07:30:26Z [1,291ms] [Warning] [carb.windowing-glfw.plugin] GLFW initialization failed.
2026-09-17T07:30:26Z [1,291ms] [Warning] [carb] Failed to startup plugin carb.windowing-glfw.plugin (interfaces: [carb::windowing::IGLContext v1.0],[carb::windowing::IWindowing v1.5]) (impl: carb.windowing-glfw.plugin)
2026-09-17T07:30:26Z [1,292ms] [Warning] [carb.windowing-glfw.plugin] GLFW initialization failed.
2026-09-17T07:30:26Z [1,292ms] [Warning] [carb] Failed to startup plugin carb.windowing-glfw.plugin (interfaces: [carb::windowing::IGLContext v1.0],[carb::windowing::IWindowing v1.5]) (impl: carb.windowing-glfw.plugin)
2026-09-17T07:30:26Z [1,292ms] [Warning] [carb.windowing-glfw.plugin] GLFW initialization failed.
2026-09-17T07:30:26Z [1,292ms] [Warning] [carb] Failed to startup plugin carb.windowing-glfw.plugin (interfaces: [carb::windowing::IGLContext v1.0],[carb::windowing::IWindowing v1.5]) (impl: carb.windowing-glfw.plugin)
[1.340s] [ext: omni.ui-2.27.1] startup
[1.346s] [ext: omni.kit.mainwindow-1.0.3] startup
[1.346s] [ext: carb.audio-0.1.0] startup
[1.348s] [ext: omni.uiaudio-1.0.0] startup
[1.349s] [ext: omni.kit.uiapp-0.0.0] startup
[1.349s] [ext: omni.usd.schema.metrics.assembler-107.3.1] startup
[1.350s] [ext: omni.usd.schema.audio-0.0.0] startup
[1.352s] [ext: omni.anim.graph.schema-107.3.3] startup
[1.357s] [ext: omni.usd_resolver-1.0.0] startup
[1.359s] [ext: omni.usd.core-1.5.3] startup
[1.360s] [ext: omni.usd.schema.render_settings.rtx-0.0.0] startup
[1.373s] [ext: omni.usd.schema.semantics-0.0.0] startup
[1.374s] [ext: isaacsim.robot.schema-3.6.0] startup
[1.378s] [ext: omni.usd.schema.geospatial-0.0.0] startup
[1.379s] [ext: omni.usd.schema.anim-0.0.0] startup
[1.387s] [ext: omni.kit.window.popup_dialog-2.0.24] startup
[1.389s] [ext: usdrt.scenegraph-7.6.1] startup
[1.410s] [ext: omni.timeline-1.0.14] startup
[1.411s] [ext: omni.resourcemonitor-107.0.1] startup
[1.412s] [ext: omni.activity.core-1.0.3] startup
[1.413s] [ext: omni.kit.widget.nucleus_connector-2.0.1] startup
[1.414s] [ext: omni.hydra.usdrt_delegate-7.5.1] startup
[1.417s] [ext: omni.kit.actions.core-1.0.0] startup
[1.419s] [ext: omni.graph.exec-0.9.6] startup
[1.419s] [ext: omni.kit.commands-1.4.10] startup
[1.421s] [ext: omni.kit.usd_undo-0.1.8] startup
[1.421s] [ext: omni.kit.exec.core-0.13.4] startup
[1.422s] [ext: omni.kit.audiodeviceenum-1.0.2] startup
[1.422s] [ext: omni.hydra.scene_delegate-0.3.4] startup
[1.425s] [ext: omni.usd-1.13.10] startup
[1.439s] [ext: omni.kit.asset_converter-5.0.17] startup
[1.445s] [ext: omni.usd.schema.flow-107.1.1] startup
[1.445s] [ext: omni.usd.schema.omnigraph-1.0.0] startup
[1.449s] [ext: omni.usd.schema.omni_sensors-0.0.0] startup
[1.449s] [ext: omni.anim.navigation.schema-107.3.3] startup
[1.450s] [ext: omni.inspect-1.0.2] startup
[1.451s] [ext: omni.kit.notification_manager-1.0.10] startup
[1.452s] [ext: omni.graph.core-2.184.5] startup
[1.453s] [ext: isaacsim.core.deprecation_manager-0.2.7] startup
[1.454s] [ext: omni.usd.schema.physx-107.3.26] startup
[1.472s] [ext: omni.usd.schema.isaac-3.0.5] startup
[1.472s] [ext: omni.usd.schema.omniscripting-1.0.0] startup
[1.474s] [ext: omni.usd.schema.omni_lens_distortion-0.0.0] startup
[1.475s] [ext: omni.kvdb-107.3.26] startup
[1.475s] [ext: omni.usdphysics-107.3.26] startup
[1.477s] [ext: omni.physx.foundation-107.3.26] startup
[1.477s] [ext: omni.localcache-107.3.26] startup
[1.478s] [ext: omni.convexdecomposition-107.3.26] startup
[1.480s] [ext: omni.physx.cooking-107.3.26] startup
[1.481s] [ext: omni.physx-107.3.26] startup
[1.487s] [ext: omni.physics-107.3.26] startup
[1.488s] [ext: omni.kit.usd.layers-2.2.11] startup
[1.498s] [ext: omni.physics.physx-107.3.26] startup
2026-09-17T07:30:26Z [1,489ms] [Warning] [carb] Acquiring non optional plugin interface which is not listed as dependency: [omni::physx::IPhysxBenchmarks v1.0] (plugin: <default plugin>), by client: omni.physics.physx.plugin. Add it to CARB_PLUGIN_IMPL_DEPS() macro of a client.
[1.499s] [ext: omni.physics.stageupdate-107.3.26] startup
[1.500s] [ext: omni.kit.numpy.common-0.1.3] startup
[1.500s] [ext: isaacsim.core.version-2.0.6] startup
[1.501s] [ext: omni.isaac.dynamic_control-2.0.7] startup
2026-09-17T07:30:26Z [1,494ms] [Warning] [omni.isaac.dynamic_control] omni.isaac.dynamic_control is deprecated as of Isaac Sim 4.5. No action is needed from end-users.
[1.504s] [ext: isaacsim.storage.native-1.5.1] startup
[1.504s] [ext: omni.kit.menu.core-1.1.2] startup
[1.505s] [ext: omni.kit.helper.file_utils-0.1.9] startup
[1.506s] [ext: omni.usd.metrics.assembler-107.3.1] startup
[1.510s] [ext: omni.kit.widget.context_menu-1.2.5] startup
[1.510s] [ext: omni.warp.core-1.8.2] startup
[1.621s] [ext: omni.usd.metrics.assembler.physics-107.3.26] startup
[1.622s] [ext: omni.physics.tensors-107.3.26] startup
[1.625s] [ext: omni.kit.context_menu-1.8.6] startup
[1.626s] [ext: omni.kit.clipboard-1.0.5] startup
[1.627s] [ext: isaacsim.core.utils-3.5.1] startup
[1.628s] [ext: omni.kit.widget.filebrowser-2.12.3] startup
[1.631s] [ext: omni.kit.widget.options_menu-1.1.6] startup
[1.633s] [ext: omni.kit.widget.path_field-2.0.11] startup
[1.633s] [ext: omni.index.libs-380600.8087.0] startup
[1.633s] [ext: omni.ui.scene-1.11.5] startup
[1.636s] [ext: omni.kit.widget.options_button-1.0.3] startup
[1.636s] [ext: omni.kit.widget.browser_bar-2.0.10] startup
[1.636s] [ext: omni.index-1.0.1] startup
[1.637s] [ext: omni.hydra.rtx.shadercache.vulkan-1.0.0] startup
[1.637s] [ext: omni.kit.window.filepicker-2.13.4] startup
[1.645s] [ext: omni.volume-0.5.2] startup
[1.646s] [ext: omni.ujitso.client-0.0.0] startup
[1.646s] [ext: omni.graph.tools-1.79.2] startup
[1.659s] [ext: omni.graph.image.core-0.6.1] startup
[1.659s] [ext: omni.hydra.rtx-1.0.0] startup
2026-09-17T07:30:26Z [1,659ms] [Warning] [omni.log] Source: omni.hydra was already registered.
[1.676s] [ext: omni.kit.window.file_importer-1.1.18] startup
[1.678s] [ext: omni.kit.menu.utils-2.0.5] startup
[1.682s] [ext: omni.graph.image.nodes-1.3.1] startup
[1.683s] [ext: omni.kit.widget.searchable_combobox-1.0.6] startup
[1.683s] [ext: omni.kit.hydra_texture-1.4.6] startup
[1.685s] [ext: omni.kit.material.library-2.0.7] startup
[1.687s] [ext: omni.hydra.engine.stats-1.0.3] startup
[1.689s] [ext: omni.kit.viewport.scene_camera_model-1.0.6] startup
[1.691s] [ext: omni.kit.widget.settings-1.2.6] startup
[1.692s] [ext: omni.kit.viewport.legacy_gizmos-1.0.19] startup
[1.693s] [ext: omni.kit.widget.viewport-107.1.3] startup
[1.696s] [ext: omni.kit.viewport.registry-104.0.6] startup
[1.696s] [ext: omni.kit.raycast.query-1.1.0] startup
[1.698s] [ext: omni.physx.tensors-107.3.26] startup
[1.702s] [ext: omni.kit.window.drop_support-1.0.5] startup
[1.702s] [ext: omni.kit.primitive.mesh-1.0.17] startup
[1.704s] [ext: omni.kit.viewport.window-107.2.0] startup
[1.714s] [ext: omni.kit.window.preferences-1.8.0] startup
[1.717s] [ext: isaacsim.core.simulation_manager-1.4.4] startup
[2.437s] [ext: omni.graph.action_core-1.1.7] startup
[2.438s] [ext: omni.graph-1.141.2] startup
[2.462s] [ext: omni.kit.viewport.utility-1.1.2] startup
[2.462s] [ext: omni.kit.viewport.menubar.core-107.2.1] startup
[2.471s] [ext: isaacsim.core.prims-0.6.1] startup
[2.486s] [ext: omni.graph.action_nodes-1.50.4] startup
[2.488s] [ext: omni.kit.stage_template.core-1.1.22] startup
[2.490s] [ext: omni.syntheticdata-0.6.13] startup
[2.508s] [ext: omni.graph.nodes-1.170.10] startup
[2.515s] [ext: omni.graph.action-1.130.0] startup
[2.517s] [ext: omni.kit.stage_templates-2.0.0] startup
[2.522s] [ext: omni.kit.widget.filter-1.1.4] startup
[2.524s] [ext: omni.kit.widget.graph-2.0.0] startup
[2.535s] [ext: omni.kit.property.adapter.core-1.0.2] startup
[2.546s] [ext: omni.kit.window.file_exporter-1.0.33] startup
[2.550s] [ext: omni.kit.widget.searchfield-1.1.8] startup
[2.552s] [ext: omni.kit.hotkeys.core-1.3.10] startup
[2.553s] [ext: omni.kit.graph.delegate.default-1.2.3] startup
[2.554s] [ext: omni.kit.property.adapter.fabric-1.0.3] startup
[2.555s] [ext: omni.kit.widget.stage-3.1.4] startup
[2.562s] [ext: omni.kit.property.adapter.usd-1.0.2] startup
[2.563s] [ext: omni.kit.graph.editor.core-1.5.3] startup
[2.564s] [ext: omni.kit.widget.material_preview-1.0.16] startup
[2.566s] [ext: omni.kit.widget.highlight_label-1.0.3] startup
[2.566s] [ext: omni.kit.window.file-2.0.5] startup
[2.568s] [ext: omni.kit.window.content_browser_registry-0.0.6] startup
[2.569s] [ext: omni.kit.window.property-1.12.1] startup
[2.571s] [ext: omni.kit.window.content_browser-3.1.3] startup
[2.577s] [ext: omni.kit.graph.usd.commands-1.3.1] startup
[2.578s] [ext: omni.kit.property.usd-4.5.12] startup
[2.585s] [ext: omni.graph.ui_nodes-1.50.5] startup
[2.586s] [ext: omni.videoencoding-0.1.2] startup
[2.588s] [ext: omni.kit.window.material_graph-1.9.1] startup
[2.596s] [ext: omni.warp-1.8.2] startup
[2.599s] [ext: isaacsim.core.api-4.8.0] startup
[2.612s] [ext: omni.graph.scriptnode-1.50.0] startup
[2.615s] [ext: isaacsim.test.docstring-1.1.0] startup
[2.620s] [ext: isaacsim.core.experimental.utils-0.3.0] startup
[2.626s] [ext: omni.replicator.core-1.12.27] startup
2026-09-17T07:30:27Z [2,630ms] [Warning] [pxr.Semantics] pxr.Semantics is deprecated - please use Semantics instead
2026-09-17T07:30:28Z [2,729ms] [Warning] [omni.graph.core.plugin] Found duplicate of category 'Replicator' - was 'Annotators', adding 'Fabric Reader'
2026-09-17T07:30:28Z [2,729ms] [Warning] [omni.graph.core.plugin] Category 'Replicator' not accepted on node type 'omni.replicator.core.FabricReader' in extension 'omni.replicator.core'
2026-09-17T07:30:28Z [2,729ms] [Warning] [omni.replicator.core.scripts.extension] No material configuration file, adding configuration to material settings directly.
[2.741s] [ext: isaacsim.core.experimental.prims-0.8.1] startup
[2.767s] [ext: omni.kit.window.extensions-1.4.27] startup
[2.777s] [ext: isaacsim.core.experimental.objects-0.4.0] startup
[2.783s] [ext: omni.ui_query-1.1.8] startup
[2.787s] [ext: omni.kit.manipulator.viewport-107.0.1] startup
[2.788s] [ext: isaacsim.robot.surface_gripper-3.3.1] startup
[2.792s] [ext: omni.kit.ui_test-1.3.7] startup
[2.796s] [ext: omni.graph.visualization.nodes-2.1.3] startup
[2.813s] [ext: isaacsim.robot_motion.lula-4.0.8] startup
[2.820s] [ext: isaacsim.core.nodes-3.4.3] startup
[2.826s] [ext: isaacsim.gui.components-1.2.1] startup
[2.833s] [ext: isaacsim.robot_motion.motion_generation-8.0.26] startup
[2.850s] [ext: isaacsim.robot.manipulators-3.3.6] startup
[2.858s] [ext: isaacsim.core.experimental.materials-0.4.0] startup
[2.868s] [ext: isaacsim.robot.manipulators.examples-1.1.2] startup
[2.874s] [ext: isaacsim.cortex.framework-1.0.12] startup
[2.879s] [ext: isaacsim.cortex.behaviors-2.0.14] startup
[2.880s] [ext: omni.isaac.cortex.sample_behaviors-2.0.5] startup
2026-09-17T07:30:28Z [2,873ms] [Warning] [omni.isaac.cortex] omni.isaac.cortex has been deprecated in favor of isaacsim.cortex.framework. Please update your code accordingly.
2026-09-17T07:30:28Z [2,877ms] [Warning] [omni.isaac.cortex.sample_behaviors] omni.isaac.cortex.sample_behaviors has been deprecated in favor of isaacsim.cortex.behaviors. Please update your code accordingly.
[2.888s] [ext: omni.kit.widget.zoombar-1.0.6] startup
[2.897s] [ext: isaacsim.gui.content_browser-0.1.11] startup
[2.899s] [ext: omni.kit.browser.core-2.3.13] startup
[2.904s] [ext: omni.kit.widget.stage_icons-1.0.8] startup
[2.907s] [ext: omni.kit.widget.prompt-1.0.7] startup
[2.908s] [ext: omni.kit.usd.collect-2.4.5] startup
[2.913s] [ext: omni.kit.browser.folder.core-1.10.9] startup
[2.917s] [ext: omni.kit.window.stage-2.6.1] startup
[2.924s] [ext: omni.kit.usdz_export-1.0.9] startup
[2.929s] [ext: omni.kit.tool.collect-2.2.18] startup
[2.931s] [ext: omni.kit.menu.stage-1.2.7] startup
[2.933s] [ext: omni.kit.tool.asset_importer-4.3.2] startup
[2.937s] [ext: isaacsim.robot.wheeled_robots-4.0.24] startup
[2.944s] [ext: isaacsim.examples.browser-0.2.1] startup
[2.949s] [ext: isaacsim.asset.importer.urdf-2.4.30] startup
[3.111s] [ext: omni.isaac.wheeled_robots-3.0.7] startup
2026-09-17T07:30:28Z [3,107ms] [Warning] [omni.isaac.wheeled_robots] omni.isaac.wheeled_robots has been deprecated in favor of isaacsim.robot.wheeled_robots. Please update your code accordingly.
2026-09-17T07:30:28Z [3,109ms] [Warning] [omni.isaac.wheeled_robots.controllers] omni.isaac.wheeled_robots has been deprecated in favor of isaacsim.robot.wheeled_robots. Please update your code accordingly.
2026-09-17T07:30:28Z [3,137ms] [Warning] [omni.isaac.wheeled_robots.controllers.ackermann_controller] omni.isaac.wheeled_robots has been deprecated in favor of isaacsim.robot.wheeled_robots. Please update your code accordingly.
2026-09-17T07:30:28Z [3,140ms] [Warning] [omni.isaac.wheeled_robots.controllers.differential_controller] omni.isaac.wheeled_robots has been deprecated in favor of isaacsim.robot.wheeled_robots. Please update your code accordingly.
2026-09-17T07:30:28Z [3,160ms] [Warning] [omni.isaac.wheeled_robots.controllers.holonomic_controller] omni.isaac.wheeled_robots has been deprecated in favor of isaacsim.robot.wheeled_robots. Please update your code accordingly.
2026-09-17T07:30:28Z [3,163ms] [Warning] [omni.isaac.wheeled_robots.controllers.quintic_path_planner] omni.isaac.wheeled_robots has been deprecated in favor of isaacsim.robot.wheeled_robots. Please update your code accordingly.
2026-09-17T07:30:28Z [3,212ms] [Warning] [omni.isaac.wheeled_robots.controllers.stanley_control] omni.isaac.wheeled_robots has been deprecated in favor of isaacsim.robot.wheeled_robots. Please update your code accordingly.
2026-09-17T07:30:28Z [3,220ms] [Warning] [omni.isaac.wheeled_robots.controllers.wheel_base_pose_controller] omni.isaac.wheeled_robots has been deprecated in favor of isaacsim.robot.wheeled_robots. Please update your code accordingly.
2026-09-17T07:30:28Z [3,279ms] [Warning] [omni.isaac.wheeled_robots.impl] omni.isaac.wheeled_robots has been deprecated in favor of isaacsim.robot.wheeled_robots. Please update your code accordingly.
2026-09-17T07:30:28Z [3,284ms] [Warning] [omni.isaac.wheeled_robots.robots] omni.isaac.wheeled_robots has been deprecated in favor of isaacsim.robot.wheeled_robots. Please update your code accordingly.
2026-09-17T07:30:28Z [3,285ms] [Warning] [omni.isaac.wheeled_robots.robots.holonomic_robot_usd_setup] omni.isaac.wheeled_robots has been deprecated in favor of isaacsim.robot.wheeled_robots. Please update your code accordingly.
2026-09-17T07:30:28Z [3,285ms] [Warning] [omni.isaac.wheeled_robots.robots.wheeled_robot] omni.isaac.wheeled_robots has been deprecated in favor of isaacsim.robot.wheeled_robots. Please update your code accordingly.
[3.295s] [ext: isaacsim.simulation_app-2.12.2] startup
[3.295s] [ext: omni.isaac.franka-1.0.7] startup
2026-09-17T07:30:28Z [3,288ms] [Warning] [omni.isaac.franka] omni.isaac.franka has been deprecated in favor of isaacsim.robot.manipulators.examples.franka. Please update your code accordingly.
2026-09-17T07:30:28Z [3,288ms] [Warning] [omni.isaac.franka.franka] omni.isaac.franka has been deprecated in favor of isaacsim.robot.manipulators.examples.franka. Please update your code accordingly.
2026-09-17T07:30:28Z [3,301ms] [Warning] [omni.isaac.franka.kinematics_solver] omni.isaac.franka has been deprecated in favor of isaacsim.robot.manipulators.examples.franka. Please update your code accordingly.
[3.312s] [ext: omni.isaac.kit-2.0.6] startup
2026-09-17T07:30:28Z [3,305ms] [Warning] [omni.isaac.kit] omni.isaac.kit has been deprecated in favor of isaacsim.simulation_app. Please update your code accordingly.
[3.315s] [ext: omni.kit.selection-0.1.6] startup
[3.317s] [ext: omni.isaac.lula-4.0.6] startup
2026-09-17T07:30:28Z [3,308ms] [Warning] [omni.isaac.lula] omni.isaac.lula has been deprecated in favor of isaacsim.robot_motion.lula. Please update your code accordingly.
[3.318s] [ext: isaacsim.robot_motion.lula_test_widget-1.0.12] startup
[3.324s] [ext: isaacsim.asset.browser-1.3.23] startup
[3.372s] [ext: omni.kit.viewport.actions-107.0.2] startup
[3.376s] [ext: isaacsim.gui.menu-2.4.4] startup
[3.380s] [ext: omni.isaac.manipulators-3.0.7] startup
2026-09-17T07:30:28Z [3,372ms] [Warning] [omni.isaac.manipulators] omni.isaac.manipulators has been deprecated in favor of isaacsim.robot.manipulators. Please update your code accordingly.
2026-09-17T07:30:28Z [3,372ms] [Warning] [omni.isaac.manipulators.controllers] omni.isaac.manipulators has been deprecated in favor of isaacsim.robot.manipulators. Please update your code accordingly.
2026-09-17T07:30:28Z [3,372ms] [Warning] [omni.isaac.manipulators.controllers.pick_place_controller] omni.isaac.manipulators has been deprecated in favor of isaacsim.robot.manipulators. Please update your code accordingly.
2026-09-17T07:30:28Z [3,374ms] [Warning] [omni.isaac.manipulators.controllers.stacking_controller] omni.isaac.manipulators has been deprecated in favor of isaacsim.robot.manipulators. Please update your code accordingly.
2026-09-17T07:30:28Z [3,374ms] [Warning] [omni.isaac.manipulators.grippers] omni.isaac.manipulators has been deprecated in favor of isaacsim.robot.manipulators. Please update your code accordingly.
2026-09-17T07:30:28Z [3,374ms] [Warning] [omni.isaac.manipulators.grippers.gripper] omni.isaac.manipulators has been deprecated in favor of isaacsim.robot.manipulators. Please update your code accordingly.
2026-09-17T07:30:28Z [3,374ms] [Warning] [omni.isaac.manipulators.grippers.parallel_gripper] omni.isaac.manipulators has been deprecated in favor of isaacsim.robot.manipulators. Please update your code accordingly.
2026-09-17T07:30:28Z [3,374ms] [Warning] [omni.isaac.manipulators.grippers.surface_gripper] omni.isaac.manipulators has been deprecated in favor of isaacsim.robot.manipulators. Please update your code accordingly.
2026-09-17T07:30:28Z [3,374ms] [Warning] [omni.isaac.manipulators.manipulators] omni.isaac.manipulators has been deprecated in favor of isaacsim.robot.manipulators. Please update your code accordingly.
2026-09-17T07:30:28Z [3,374ms] [Warning] [omni.isaac.manipulators.manipulators.single_manipulator] omni.isaac.manipulators has been deprecated in favor of isaacsim.robot.manipulators. Please update your code accordingly.
[3.384s] [ext: omni.isaac.lula_test_widget-1.0.6] startup
2026-09-17T07:30:28Z [3,374ms] [Warning] [omni.isaac.lula_test_widget] omni.isaac.lula_test_widget has been deprecated in favor of isaacsim.robot_motion.lula_test_widget. Please update your code accordingly.
[3.384s] [ext: omni.isaac.asset_browser-1.0.6] startup
2026-09-17T07:30:28Z [3,375ms] [Warning] [omni.isaac.asset_browser] omni.isaac.asset_browser has been deprecated in favor of isaacsim.asset.browser. Please update your code accordingly.
[3.384s] [ext: omni.kit.viewport.menubar.display-107.0.3] startup
[3.391s] [ext: omni.isaac.menu-1.0.6] startup
2026-09-17T07:30:28Z [3,382ms] [Warning] [omni.isaac.menu] omni.isaac.menu has been deprecated in favor of isaacsim.gui.menu. Please update your code accordingly.
[3.392s] [ext: omni.isaac.motion_generation-8.0.7] startup
2026-09-17T07:30:28Z [3,385ms] [Warning] [omni.isaac.motion_generation] omni.isaac.motion_generation has been deprecated in favor of isaacsim.robot_motion.motion_generation. Please update your code accordingly.
2026-09-17T07:30:28Z [3,385ms] [Warning] [omni.isaac.motion_generation.articulation_kinematics_solver] omni.isaac.motion_generation has been deprecated in favor of isaacsim.robot_motion.motion_generation. Please update your code accordingly.
2026-09-17T07:30:28Z [3,386ms] [Warning] [omni.isaac.motion_generation.articulation_motion_policy] omni.isaac.motion_generation has been deprecated in favor of isaacsim.robot_motion.motion_generation. Please update your code accordingly.
2026-09-17T07:30:28Z [3,386ms] [Warning] [omni.isaac.motion_generation.articulation_trajectory] omni.isaac.motion_generation has been deprecated in favor of isaacsim.robot_motion.motion_generation. Please update your code accordingly.
2026-09-17T07:30:28Z [3,386ms] [Warning] [omni.isaac.motion_generation.kinematics_interface] omni.isaac.motion_generation has been deprecated in favor of isaacsim.robot_motion.motion_generation. Please update your code accordingly.
2026-09-17T07:30:28Z [3,386ms] [Warning] [omni.isaac.motion_generation.lula] omni.isaac.motion_generation has been deprecated in favor of isaacsim.robot_motion.motion_generation. Please update your code accordingly.
2026-09-17T07:30:28Z [3,386ms] [Warning] [omni.isaac.motion_generation.lula.kinematics] omni.isaac.motion_generation has been deprecated in favor of isaacsim.robot_motion.motion_generation. Please update your code accordingly.
2026-09-17T07:30:28Z [3,386ms] [Warning] [omni.isaac.motion_generation.lula.motion_policies] omni.isaac.motion_generation has been deprecated in favor of isaacsim.robot_motion.motion_generation. Please update your code accordingly.
2026-09-17T07:30:28Z [3,386ms] [Warning] [omni.isaac.motion_generation.lula.path_planners] omni.isaac.motion_generation has been deprecated in favor of isaacsim.robot_motion.motion_generation. Please update your code accordingly.
2026-09-17T07:30:28Z [3,386ms] [Warning] [omni.isaac.motion_generation.lula.trajectory_generator] omni.isaac.motion_generation has been deprecated in favor of isaacsim.robot_motion.motion_generation. Please update your code accordingly.
2026-09-17T07:30:28Z [3,386ms] [Warning] [omni.isaac.motion_generation.motion_policy_controller] omni.isaac.motion_generation has been deprecated in favor of isaacsim.robot_motion.motion_generation. Please update your code accordingly.
2026-09-17T07:30:28Z [3,386ms] [Warning] [omni.isaac.motion_generation.motion_policy_interface] omni.isaac.motion_generation has been deprecated in favor of isaacsim.robot_motion.motion_generation. Please update your code accordingly.
2026-09-17T07:30:28Z [3,386ms] [Warning] [omni.isaac.motion_generation.path_planner_visualizer] omni.isaac.motion_generation has been deprecated in favor of isaacsim.robot_motion.motion_generation. Please update your code accordingly.
2026-09-17T07:30:28Z [3,386ms] [Warning] [omni.isaac.motion_generation.path_planning_interface] omni.isaac.motion_generation has been deprecated in favor of isaacsim.robot_motion.motion_generation. Please update your code accordingly.
2026-09-17T07:30:28Z [3,386ms] [Warning] [omni.isaac.motion_generation.trajectory] omni.isaac.motion_generation has been deprecated in favor of isaacsim.robot_motion.motion_generation. Please update your code accordingly.
2026-09-17T07:30:28Z [3,387ms] [Warning] [omni.isaac.motion_generation.world_interface] omni.isaac.motion_generation has been deprecated in favor of isaacsim.robot_motion.motion_generation. Please update your code accordingly.
[3.396s] [ext: omni.isaac.assets_check-0.3.13] startup
2026-09-17T07:30:28Z [3,388ms] [Warning] [omni.isaac.assets_check] omni.isaac.assets_check has been deprecated in favor of isaacsim.asset.browser. Please update your code accordingly.
[3.398s] [ext: isaacsim.gui.sensors.icon-2.0.3] startup
[3.406s] [ext: isaacsim.asset.importer.mjcf-2.5.13] startup
[3.410s] [ext: omni.sensors.nv.common-3.0.0] startup
[3.416s] [ext: isaacsim.sensors.physics-0.4.3] startup
[3.420s] [ext: omni.sensors.net-1.0.0] startup
[3.422s] [ext: omni.isaac.nucleus-1.0.6] startup
2026-09-17T07:30:28Z [3,413ms] [Warning] [omni.isaac.nucleus] omni.isaac.nucleus has been deprecated in favor of isaacsim.storage.native. Please update your code accordingly.
2026-09-17T07:30:28Z [3,413ms] [Warning] [omni.isaac.nucleus.nucleus] omni.isaac.nucleus.nucleus has been deprecated in favor of isaacsim.storage.native. Please update your code accordingly.
[3.423s] [ext: omni.sensors.nv.materials-2.0.0] startup
[3.426s] [ext: isaacsim.robot.policy.examples-4.1.11] startup
[3.428s] [ext: omni.sensors.nv.wpm-3.0.0] startup
[3.429s] [ext: omni.sensors.nv.lidar-3.0.0] startup
[3.434s] [ext: isaacsim.util.debug_draw-3.1.0] startup
[3.437s] [ext: omni.sensors.nv.radar-3.0.0] startup
[3.440s] [ext: omni.sensors.nv.ids-2.0.0] startup
[3.441s] [ext: isaacsim.core.cloner-1.4.10] startup
[3.443s] [ext: isaacsim.sensors.physx-2.3.2] startup
[3.446s] [ext: isaacsim.sensors.rtx-15.8.4] startup
[3.452s] [ext: isaacsim.sensors.camera-1.3.6] startup
[3.457s] [ext: omni.isaac.quadruped-3.0.7] startup
2026-09-17T07:30:28Z [3,450ms] [Warning] [omni.isaac.quadruped] omni.isaac.quadruped has been deprecated in favor of isaacsim.robot.policy.examples. Please update your code accordingly.
[3.461s] [ext: omni.isaac.cloner-1.0.7] startup
2026-09-17T07:30:28Z [3,455ms] [Warning] [omni.isaac.cloner] omni.isaac.cloner has been deprecated in favor of isaacsim.core.cloner. Please update your code accordingly.
[3.465s] [ext: omni.isaac.range_sensor-4.0.6] startup
2026-09-17T07:30:28Z [3,456ms] [Warning] [omni.isaac.range_sensor] omni.isaac.range_sensor has been deprecated in favor of isaacsim.sensors.physx. Please update your code accordingly.
2026-09-17T07:30:28Z [3,457ms] [Warning] [omni.isaac.range_sensor.commands] omni.isaac.range_sensor.commands has been deprecated in favor of isaacsim.sensors.physx.commands. Please update your code accordingly.
[3.467s] [ext: omni.isaac.sensor-13.0.7] startup
2026-09-17T07:30:28Z [3,459ms] [Warning] [omni.isaac.sensor] omni.isaac.sensor has been deprecated in favor of isaacsim.sensors.camera, isaacsim.sensors.physics, isaacsim.sensors.physx, and isaacsim.sensors.rtx. Please update your code accordingly.
2026-09-17T07:30:28Z [3,459ms] [Warning] [omni.isaac.sensor.camera] omni.isaac.sensor.camera has been deprecated in favor of isaacsim.sensors.camera.camera. Please update your code accordingly.
2026-09-17T07:30:28Z [3,461ms] [Warning] [omni.isaac.sensor.camera_view] omni.isaac.sensor.camera_view has been deprecated in favor of isaacsim.sensors.camera.camera_view. Please update your code accordingly.
2026-09-17T07:30:28Z [3,462ms] [Warning] [omni.isaac.sensor.commands] omni.isaac.sensor.commands has been deprecated in favor of isaacsim.sensors.physics.commands, isaacsim.sensors.physx.commands, and isaacsim.sensors.rtx.commands. Please update your code accordingly.
2026-09-17T07:30:28Z [3,463ms] [Warning] [omni.isaac.sensor.contact_sensor] omni.isaac.sensor.contact_sensor has been deprecated in favor of isaacsim.sensors.physics.contact_sensor. Please update your code accordingly.
2026-09-17T07:30:28Z [3,463ms] [Warning] [omni.isaac.sensor.imu_sensor] omni.isaac.sensor.imu_sensor has been deprecated in favor of isaacsim.sensors.physics.imu_sensor. Please update your code accordingly.
2026-09-17T07:30:28Z [3,463ms] [Warning] [omni.isaac.sensor.lidar_rtx] omni.isaac.sensor.lidar_rtx has been deprecated in favor of isaacsim.sensors.rtx.lidar_rtx. Please update your code accordingly.
2026-09-17T07:30:28Z [3,463ms] [Warning] [omni.isaac.sensor.rotating_lidar_physX] omni.isaac.sensor.imu_sensor has been deprecated in favor of isaacsim.sensors.physix.rotating_lidar_physX. Please update your code accordingly.
2026-09-17T07:30:28Z [3,464ms] [Warning] [omni.isaac.sensor.scripts.samples.contact_sensor] omni.isaac.sensor.scripts.samples.contact_sensor has been deprecated in favor of isaacsim.sensors.physics.scripts.samples.contact_sensor. Please update your code accordingly.
2026-09-17T07:30:28Z [3,464ms] [Warning] [omni.isaac.sensor.scripts.samples.imu_sensor] omni.isaac.sensor.scripts.samples.imu_sensor has been deprecated in favor of isaacsim.sensors.physics.scripts.samples.imu_sensor. Please update your code accordingly.
2026-09-17T07:30:28Z [3,464ms] [Warning] [omni.isaac.sensor.scripts.samples.lightbeam_sensor] omni.isaac.sensor.scripts.samples.lightbeam_sensor has been deprecated in favor of isaacsim.sensors.physx.scripts.samples.lightbeam_sensor. Please update your code accordingly.
[3.474s] [ext: omni.kit.menu.create-2.0.1] startup
[3.477s] [ext: omni.kit.widget.toolbar-2.0.1] startup
[3.487s] [ext: omni.kit.manipulator.transform-107.0.0] startup
[3.490s] [ext: omni.isaac.core-4.0.7] startup
2026-09-17T07:30:28Z [3,481ms] [Warning] [omni.isaac.core.physics_context.physics_context] omni.isaac.core.physics_context.physics_context has been deprecated in favor of isaacsim.core.api.physics_context.physics_context. Please update your code accordingly.
2026-09-17T07:30:28Z [3,481ms] [Warning] [omni.isaac.core.simulation_context.simulation_context] omni.isaac.core.simulation_context.simulation_context has been deprecated in favor of isaacsim.core.api.simulation_context.simulation_context. Please update your code accordingly.
2026-09-17T07:30:28Z [3,481ms] [Warning] [omni.isaac.core.world.world] omni.isaac.core.world.world has been deprecated in favor of isaacsim.core.api.world.world. Please update your code accordingly.
2026-09-17T07:30:28Z [3,481ms] [Warning] [omni.isaac.core] omni.isaac.core has been deprecated in favor of isaacsim.core.api. Please update your code accordingly.
[3.491s] [ext: omni.kit.scripting-107.3.2] startup
[3.496s] [ext: omni.kit.manipulator.tool.snap-1.5.13] startup
[3.499s] [ext: omni.kit.manipulator.selector-1.1.3] startup
[3.500s] [ext: isaacsim.app.about-2.0.11] startup
[3.503s] [ext: isaacsim.replicator.behavior-1.1.16] startup
[3.503s] [ext: omni.kit.viewport.manipulator.transform-107.0.4] startup
[3.506s] [ext: omni.isaac.window.about-2.0.7] startup
2026-09-17T07:30:28Z [3,498ms] [Warning] [omni.isaac.window.about] omni.isaac.window.about has been deprecated in favor of isaacsim.app.about. Please update your code accordingly.
2026-09-17T07:30:28Z [3,498ms] [Warning] [omni.isaac.window.about.about] omni.isaac.window.about.about has been deprecated in favor of isaacsim.app.about.about. Please update your code accordingly.
[3.508s] [ext: omni.fabric.commands-1.1.6] startup
[3.510s] [ext: omni.kit.manipulator.prim.core-107.0.8] startup
[3.515s] [ext: omni.kit.property.audio-1.0.16] startup
[3.516s] [ext: omni.kit.property.camera-1.0.10] startup
[3.516s] [ext: omni.kit.property.geometry-2.0.4] startup
[3.520s] [ext: omni.hydra.scene_api-0.1.2] startup
[3.523s] [ext: omni.kit.property.light-1.0.12] startup
[3.532s] [ext: omni.kit.manipulator.prim.fabric-107.0.4] startup
[3.533s] [ext: omni.kit.manipulator.prim.usd-107.0.3] startup
[3.535s] [ext: omni.kit.property.material-1.11.9] startup
[3.539s] [ext: omni.kit.property.render-1.2.1] startup
[3.540s] [ext: omni.kit.property.transform-1.5.13] startup
[3.543s] [ext: isaacsim.gui.property-1.1.3] startup
[3.544s] [ext: omni.kit.manipulator.camera-106.0.4] startup
[3.547s] [ext: omni.kit.manipulator.prim-107.0.0] startup
[3.547s] [ext: omni.isaac.surface_gripper-2.0.6] startup
2026-09-17T07:30:28Z [3,538ms] [Warning] [omni.isaac.surface_gripper] omni.isaac.surface_gripper has been deprecated in favor of isaacsim.robot.surface_gripper. Please update your code accordingly.
[3.547s] [ext: omni.kit.manipulator.selection-106.0.1] startup
[3.550s] [ext: omni.kit.property.bundle-1.4.1] startup
[3.552s] [ext: omni.kit.property.isaac-1.0.6] startup
2026-09-17T07:30:28Z [3,542ms] [Warning] [omni.kit.property.isaac] omni.kit.property.isaac has been deprecated in favor of isaacsim.gui.property. Please update your code accordingly.
2026-09-17T07:30:28Z [3,542ms] [Warning] [omni.kit.property.isaac.widgets] omni.kit.property.isaac.widgets has been deprecated in favor of isaacsim.gui.property.widgets. Please update your code accordingly.
[3.553s] [ext: omni.isaac.universal_robots-1.0.6] startup
2026-09-17T07:30:28Z [3,545ms] [Warning] [omni.isaac.universal_robots] omni.isaac.universal_robots has been deprecated in favor of isaacsim.robot.manipulators.examples.universal_robots. Please update your code accordingly.
2026-09-17T07:30:28Z [3,545ms] [Warning] [omni.isaac.universal_robots.kinematics_solver] omni.isaac.franka has been deprecated in favor of isaacsim.robot.manipulators.examples.universal_robots. Please update your code accordingly.
2026-09-17T07:30:28Z [3,546ms] [Warning] [omni.isaac.universal_robots.ur10] omni.isaac.franka has been deprecated in favor of isaacsim.robot.manipulators.examples.universal_robots. Please update your code accordingly.
[3.556s] [ext: omni.isaac.core_nodes-2.0.6] startup
2026-09-17T07:30:28Z [3,548ms] [Warning] [omni.isaac.core_nodes] omni.isaac.core_nodes has been deprecated in favor of isaacsim.core.nodes. Please update your code accordingly.
[3.558s] [ext: omni.kit.viewport.menubar.camera-107.0.6] startup
[3.565s] [ext: omni.kit.viewport.menubar.lighting-107.3.1] startup
[3.567s] [ext: isaacsim.replicator.writers-1.0.17] startup
[3.575s] [ext: omni.kit.viewport.menubar.render-107.0.10] startup
[3.579s] [ext: omni.kit.viewport.menubar.settings-107.0.3] startup
[3.582s] [ext: omni.kit.window.console-1.1.4] startup
[3.586s] [ext: isaacsim.replicator.domain_randomization-1.0.16] startup
[3.591s] [ext: isaacsim.replicator.examples-1.3.6] startup
[3.593s] [ext: omni.ocio-0.1.1] startup
[3.596s] [ext: omni.rtx.window.settings-0.6.19] startup
[3.603s] [ext: omni.kit.window.status_bar-0.1.9] startup
[3.609s] [ext: omni.kit.window.toolbar-2.0.0] startup
[3.614s] [ext: omni.replicator.isaac-2.0.8] startup
2026-09-17T07:30:28Z [3,605ms] [Warning] [omni.replicator.isaac] omni.replicator.isaac has been deprecated in favor of isaacsim.replicator.domain_randomization, isaacsim.replicator.examples, isaacsim.replicator.writers. Please update your code accordingly.
[3.615s] [ext: omni.replicator.replicator_yaml-2.0.11] startup
[3.627s] [ext: omni.rtx.settings.core-0.6.5] startup
[3.630s] [ext: omni.usd.metrics.assembler.ui-107.3.1] startup
[3.638s] [ext: omni.isaac.utils-2.0.6] startup
[3.639s] [ext: semantics.schema.editor-2.0.2] startup
[3.643s] [ext: omni.kit.ui.actions-1.0.5] startup
[3.644s] [ext: semantics.schema.property-2.0.1] startup
[3.646s] [ext: omni.isaac.version-2.0.7] startup
2026-09-17T07:30:28Z [3,636ms] [Warning] [omni.isaac.version] omni.isaac.version has been deprecated in favor of isaacsim.core.version. Please update your code accordingly.
[3.646s] [ext: omni.isaac.cortex-1.0.5] startup
[3.647s] [ext: omni.anim.curve.core-1.3.1] startup
[3.653s] [ext: isaacsim.core.throttling-2.2.2] startup
[3.655s] [ext: omni.kit.menu.common-2.0.1] startup
[3.657s] [ext: isaacsim.exp.base-5.1.0] startup
[3.657s] [ext: isaacsim.exp.base.python-5.1.0] startup
[3.659s] Simulation App Starting
2026-09-17T07:30:29Z [3,741ms] [Warning] [omni.fabric.plugin] Warning: attribute viewPickingId not found for bucket id 9

2026-09-17T07:30:29Z [3,763ms] [Warning] [usdrt.population.plugin] [UsdNoticeHandler] Unhandled attribute type VtArray<std::string> (prim attribute: omni:rtx:material:db:flattener:ior_constant)
2026-09-17T07:30:29Z [3,763ms] [Warning] [usdrt.population.plugin] [UsdNoticeHandler] Unhandled attribute type VtArray<std::string> (prim attribute: omni:rtx:material:db:flattener:reflection_roughness_constant)
2026-09-17T07:30:29Z [3,764ms] [Warning] [usdrt.population.plugin] [UsdNoticeHandler] Unhandled attribute type VtArray<std::string> (prim attribute: omni:rtx:material:db:flattener:transmittance_color)
[3.780s] app ready
[5.640s] Simulation App Startup Complete
2026-09-17T07:30:33Z [7,822ms] [Error] [omni.kit.app._impl] [py stderr]: ### AABB new [-0.706, -0.152, 0.0, 0.706, 0.152, 1.8]
2026-09-17T07:30:33Z [7,823ms] [Error] [omni.kit.app._impl] [py stderr]: ### AABB old [1.094, -0.152, 0.0, 2.506, 0.152, 1.8]
2026-09-17T07:30:33Z [7,823ms] [Error] [omni.kit.app._impl] [py stderr]: ### MESH /World/new/book_shelf/book_shelf_usd/book_shelf_001 faces 75 primvars ['primvars:displayColor', 'primvars:displayOpacity', 'primvars:map1', 'primvars:st'] st faceVarying range ([0.0020000000949949026, 0.0020000000949949026], [0.9980000257492065, 0.921999990940094]) mat /World/new/book_shelf/_materials/shelf_darkbrown_filled__book_shelf_usd
2026-09-17T07:30:33Z [7,823ms] [Error] [omni.kit.app._impl] [py stderr]: ###    surface metallic 0.800000011920929 rough 0.550000011920929
2026-09-17T07:30:33Z [7,823ms] [Error] [omni.kit.app._impl] [py stderr]: ###    tex @./textures/shelf_darkbrown_filled__book_shelf_basecolor.png@ resolved /home/rokey/book_dataset/assets/shelf/usd/textures/shelf_darkbrown_filled__book_shelf_basecolor.png exists True
2026-09-17T07:30:33Z [7,823ms] [Error] [omni.kit.app._impl] [py stderr]: ###    uvreader varname st
2026-09-17T07:30:33Z [7,823ms] [Error] [omni.kit.app._impl] [py stderr]: ###    tex @./textures/shelf_darkbrown_filled__book_shelf_normal.png@ resolved /home/rokey/book_dataset/assets/shelf/usd/textures/shelf_darkbrown_filled__book_shelf_normal.png exists True
2026-09-17T07:30:33Z [7,823ms] [Error] [omni.kit.app._impl] [py stderr]: ### MESH /World/new/book_cube/book_cube_usd/Cube_001 faces 6 primvars ['primvars:displayColor', 'primvars:displayOpacity', 'primvars:st'] st faceVarying range ([0.032999999821186066, 0.0], [0.9679999947547913, 0.9629999995231628]) mat /World/new/book_cube/_materials/Material
2026-09-17T07:30:33Z [7,823ms] [Error] [omni.kit.app._impl] [py stderr]: ###    surface metallic 0.0 rough 0.5
2026-09-17T07:30:33Z [7,824ms] [Error] [omni.kit.app._impl] [py stderr]: ###    tex @./textures/shelf_Texture.png@ resolved /home/rokey/book_dataset/assets/shelf/usd/textures/shelf_Texture.png exists True
2026-09-17T07:30:33Z [7,824ms] [Error] [omni.kit.app._impl] [py stderr]: ###    uvreader varname st
2026-09-17T07:30:33Z [7,827ms] [Warning] [isaacsim.sensors.camera.camera] 'verticalAperture' (1.5290800094604493) and 'horizontalAperture' (2.0954999923706055) are inconsistent with the pixel resolution aspect ratio (1.3333333333333333). Setting 'verticalAperture' to 1.571624994277954 to ensure square pixels.
2026-09-17T07:30:33Z [7,849ms] [Warning] [omni.fabric.plugin] USD->Fabric: Unhandled array type string[]
2026-09-17T07:30:33Z [7,851ms] [Warning] [usdrt.population.plugin] [UsdNoticeHandler] Unhandled attribute type VtArray<std::string> (prim attribute: omni:rtx:material:db:flattener:transmittance_color)
2026-09-17T07:30:33Z [7,851ms] [Warning] [usdrt.population.plugin] [UsdNoticeHandler] Unhandled attribute type VtArray<std::string> (prim attribute: omni:rtx:material:db:flattener:reflection_roughness_constant)
2026-09-17T07:30:33Z [7,851ms] [Warning] [usdrt.population.plugin] [UsdNoticeHandler] Unhandled attribute type VtArray<std::string> (prim attribute: omni:rtx:material:db:flattener:ior_constant)
2026-09-17T07:30:33Z [7,922ms] [Warning] [omni.syntheticdata.plugin] OgnSdPostRenderVarToHost : rendervar copy from texture directly to host buffer is counter-performant. Please use copy from texture to device buffer first.
2026-09-17T07:30:33Z [8,199ms] [Error] [omni.kit.app._impl] [py stderr]: ### saved front
2026-09-17T07:30:33Z [8,348ms] [Warning] [carb] Client gpu.foundation.plugin has acquired [gpu::unstable::IMemoryBudgetManagerFactory v0.1] 100 times. Consider accessing this interface with carb::getCachedInterface() (Performance warning)
2026-09-17T07:30:33Z [8,508ms] [Error] [omni.kit.app._impl] [py stderr]: ### saved angle
2026-09-17T07:30:34Z [8,890ms] [Error] [omni.kit.app._impl] [py stderr]: ### saved back
2026-09-17T07:30:34Z [9,213ms] [Error] [omni.kit.app._impl] [py stderr]: ### saved close
2026-09-17T07:30:34Z [9,524ms] [Error] [omni.kit.app._impl] [py stderr]: ### saved top
2026-09-17T07:30:34Z [9,524ms] [Error] [omni.kit.app._impl] [py stderr]: ### DONE
[10.710s] Simulation App Shutting Down
