[Info] [carb] Logging to file: /home/rokey/isaacsim/kit/logs/Kit/Isaac-Sim Python/5.1/kit_20260917_162606.log
2026-09-17T07:26:06Z [0ms] [Warning] [carb.crashreporter-breakpad.plugin] [previous crash] preventing upload of minidump due to user opt-out: '/home/rokey/isaacsim/kit/data/Kit/Isaac-Sim Python/5.1/fc99d165-c9ea-41c6-bf8abab5-b7340e51.dmp'
2026-09-17T07:26:06Z [0ms] [Warning] [carb.crashreporter-breakpad.plugin] [previous crash] preventing upload of minidump due to user opt-out: '/home/rokey/isaacsim/kit/data/Kit/Isaac-Sim Python/5.1/be7a1636-ad49-4711-a04b3693-1c0c4f8f.dmp'
[0.029s] [ext: omni.kit.async_engine-0.0.3] startup
[0.182s] [ext: omni.metrics.core-0.0.3] startup
[0.182s] [ext: omni.client.lib-1.1.0] startup
[0.190s] [ext: omni.blobkey-1.1.2] startup
[0.190s] [ext: omni.stats-1.0.1] startup
[0.190s] [ext: omni.datastore-0.0.0] startup
[0.194s] [ext: omni.client-1.3.0] startup
[0.197s] [ext: omni.ujitso.default-1.0.0] startup
[0.198s] [ext: omni.hsscclient-1.1.2] startup
[0.200s] [ext: omni.gpu_foundation.shadercache.vulkan-1.0.0] startup
[0.202s] [ext: omni.assets.plugins-0.0.0] startup
[0.202s] [ext: omni.gpu_foundation-0.0.0] startup
[0.207s] [ext: carb.windowing.plugins-1.0.0] startup
2026-09-17T07:26:07Z [196ms] [Warning] [carb.windowing-glfw.plugin] GLFW initialization failed.
2026-09-17T07:26:07Z [196ms] [Warning] [carb] Failed to startup plugin carb.windowing-glfw.plugin (interfaces: [carb::windowing::IGLContext v1.0],[carb::windowing::IWindowing v1.5]) (impl: carb.windowing-glfw.plugin)
[0.207s] [ext: omni.kit.renderer.init-0.0.0] startup
2026-09-17T07:26:07Z [206ms] [Warning] [omni.platforminfo.plugin] failed to open the default display.  Can't verify X Server version.
2026-09-17T07:26:07Z [563ms] [Warning] [gpu.foundation.plugin] Skipping unsupported non-NVIDIA GPU: Intel(R) Graphics (ARL)
2026-09-17T07:26:07Z [563ms] [Warning] [gpu.foundation.plugin] Skipping unsupported non-NVIDIA GPU: Intel(R) Graphics (ARL)

|---------------------------------------------------------------------------------------------|
| Driver Version: 580.173.02    | Graphics API: Vulkan
|=============================================================================================|
| GPU | Name                             | Active | LDA | GPU Memory | Vendor-ID | LUID       |
|     |                                  |        |     |            | Device-ID | UUID       |
|     |                                  |        |     |            | Bus-ID    |            |
|---------------------------------------------------------------------------------------------|
| 0   | NVIDIA GeForce RTX 5080 Laptop.. | Yes: 0 |     | 16303   MB | 10de      | 0          |
|     |                                  |        |     |            | 2c19      | 507b5eb6.. |
|     |                                  |        |     |            | 1         |            |
|---------------------------------------------------------------------------------------------|
| 1   | Intel(R) Graphics (ARL)          |        |     | 47779   MB | 8086      | 0          |
|     |                                  |        |     |            | 7d67      | 8680677d.. |
|     |                                  |        |     |            | 0         |            |
|=============================================================================================|
| OS: 24.04.4 LTS (Noble Numbat) ubuntu, Version: 24.04.4, Kernel: 6.14.0-27-generic
| Processor: Intel(R) Core(TM) Ultra 9 275HX
| Cores: 24 | Logical Cores: 24
|---------------------------------------------------------------------------------------------|
| Total Memory (MB): 63706 | Free Memory: 57062
| Total Page/Swap (MB): 8191 | Free Page/Swap: 8191
|---------------------------------------------------------------------------------------------|
2026-09-17T07:26:07Z [945ms] [Warning] [gpu.foundation.plugin] CPU performance profile is set to powersave. This profile sets the CPU to the lowest frequency reducing performance.
2026-09-17T07:26:07Z [954ms] [Warning] [gpu.foundation.plugin] PCIe link width current (8) and maximum (16) for device 0 don't match.
2026-09-17T07:26:07Z [954ms] [Warning] [gpu.foundation.plugin] IOMMU is enabled.
2026-09-17T07:26:07Z [954ms] [Warning] [gpu.foundation.plugin] Detected IOMMU is enabled. Running CUDA peer-to-peer bandwidth and latency validation.
Unidirectional P2P=Enabled Bandwidth (P2P Writes) Matrix (GB/s)
   D\D     0 
     0 759.60 
P2P=Enabled Latency (P2P Writes) Matrix (us)
   GPU     0 
     0   2.08 

   CPU     0 
     0   1.64 
[1.089s] [ext: omni.kit.pipapi-0.0.0] startup
[1.090s] [ext: omni.kit.pip_archive-0.0.0] startup
[1.090s] [ext: omni.pip.compute-1.6.3] startup
[1.091s] [ext: omni.materialx.libs-1.0.7] startup
[1.095s] [ext: omni.pip.cloud-1.4.3] startup
[1.097s] [ext: omni.isaac.core_archive-3.0.0] startup
[1.097s] [ext: omni.usd.config-1.0.6] startup
[1.099s] [ext: omni.gpucompute.plugins-0.0.0] startup
[1.099s] [ext: omni.usd.libs-1.0.1] startup
[1.144s] [ext: omni.kit.telemetry-0.5.2] startup
[1.162s] [ext: omni.mdl-56.0.3] startup
[1.211s] [ext: omni.iray.libs-0.0.0] startup
[1.215s] [ext: omni.mdl.neuraylib-0.2.12] startup
[1.217s] [ext: omni.kit.usd.mdl-1.1.5] startup
[1.278s] [ext: omni.isaac.ml_archive-3.0.4] startup
[1.278s] [ext: omni.kit.loop-isaac-1.3.7] startup
[1.278s] [ext: omni.kit.test-2.0.1] startup
[1.308s] [ext: omni.appwindow-1.1.10] startup
2026-09-17T07:26:08Z [1,298ms] [Warning] [carb.windowing-glfw.plugin] GLFW initialization failed.
2026-09-17T07:26:08Z [1,298ms] [Warning] [carb] Failed to startup plugin carb.windowing-glfw.plugin (interfaces: [carb::windowing::IGLContext v1.0],[carb::windowing::IWindowing v1.5]) (impl: carb.windowing-glfw.plugin)
[1.310s] [ext: omni.kit.renderer.core-1.1.0] startup
2026-09-17T07:26:08Z [1,318ms] [Warning] [carb.windowing-glfw.plugin] GLFW initialization failed.
2026-09-17T07:26:08Z [1,318ms] [Warning] [carb] Failed to startup plugin carb.windowing-glfw.plugin (interfaces: [carb::windowing::IGLContext v1.0],[carb::windowing::IWindowing v1.5]) (impl: carb.windowing-glfw.plugin)
2026-09-17T07:26:08Z [1,326ms] [Warning] [carb.windowing-glfw.plugin] GLFW initialization failed.
2026-09-17T07:26:08Z [1,326ms] [Warning] [carb] Failed to startup plugin carb.windowing-glfw.plugin (interfaces: [carb::windowing::IGLContext v1.0],[carb::windowing::IWindowing v1.5]) (impl: carb.windowing-glfw.plugin)
[1.339s] [ext: omni.kit.renderer.capture-0.0.0] startup
[1.340s] [ext: omni.kit.renderer.imgui-2.0.5] startup
2026-09-17T07:26:08Z [1,330ms] [Warning] [carb.windowing-glfw.plugin] GLFW initialization failed.
2026-09-17T07:26:08Z [1,330ms] [Warning] [carb] Failed to startup plugin carb.windowing-glfw.plugin (interfaces: [carb::windowing::IGLContext v1.0],[carb::windowing::IWindowing v1.5]) (impl: carb.windowing-glfw.plugin)
2026-09-17T07:26:08Z [1,331ms] [Warning] [carb.windowing-glfw.plugin] GLFW initialization failed.
2026-09-17T07:26:08Z [1,331ms] [Warning] [carb] Failed to startup plugin carb.windowing-glfw.plugin (interfaces: [carb::windowing::IGLContext v1.0],[carb::windowing::IWindowing v1.5]) (impl: carb.windowing-glfw.plugin)
2026-09-17T07:26:08Z [1,332ms] [Warning] [carb.windowing-glfw.plugin] GLFW initialization failed.
2026-09-17T07:26:08Z [1,332ms] [Warning] [carb] Failed to startup plugin carb.windowing-glfw.plugin (interfaces: [carb::windowing::IGLContext v1.0],[carb::windowing::IWindowing v1.5]) (impl: carb.windowing-glfw.plugin)
[1.381s] [ext: omni.ui-2.27.1] startup
[1.387s] [ext: omni.kit.mainwindow-1.0.3] startup
[1.388s] [ext: carb.audio-0.1.0] startup
[1.390s] [ext: omni.uiaudio-1.0.0] startup
[1.390s] [ext: omni.kit.uiapp-0.0.0] startup
[1.390s] [ext: omni.usd.schema.metrics.assembler-107.3.1] startup
[1.392s] [ext: omni.usd.schema.audio-0.0.0] startup
[1.393s] [ext: omni.anim.graph.schema-107.3.3] startup
[1.399s] [ext: omni.usd_resolver-1.0.0] startup
[1.401s] [ext: omni.usd.core-1.5.3] startup
[1.403s] [ext: omni.usd.schema.render_settings.rtx-0.0.0] startup
[1.417s] [ext: omni.usd.schema.semantics-0.0.0] startup
[1.418s] [ext: isaacsim.robot.schema-3.6.0] startup
[1.422s] [ext: omni.usd.schema.geospatial-0.0.0] startup
[1.423s] [ext: omni.usd.schema.anim-0.0.0] startup
[1.431s] [ext: omni.kit.window.popup_dialog-2.0.24] startup
[1.434s] [ext: usdrt.scenegraph-7.6.1] startup
[1.455s] [ext: omni.timeline-1.0.14] startup
[1.456s] [ext: omni.resourcemonitor-107.0.1] startup
[1.458s] [ext: omni.activity.core-1.0.3] startup
[1.458s] [ext: omni.kit.widget.nucleus_connector-2.0.1] startup
[1.459s] [ext: omni.hydra.usdrt_delegate-7.5.1] startup
[1.463s] [ext: omni.kit.actions.core-1.0.0] startup
[1.464s] [ext: omni.graph.exec-0.9.6] startup
[1.464s] [ext: omni.kit.commands-1.4.10] startup
[1.466s] [ext: omni.kit.usd_undo-0.1.8] startup
[1.466s] [ext: omni.kit.exec.core-0.13.4] startup
[1.467s] [ext: omni.kit.audiodeviceenum-1.0.2] startup
[1.468s] [ext: omni.hydra.scene_delegate-0.3.4] startup
[1.470s] [ext: omni.usd-1.13.10] startup
[1.486s] [ext: omni.kit.asset_converter-5.0.17] startup
[1.492s] [ext: omni.usd.schema.flow-107.1.1] startup
[1.493s] [ext: omni.usd.schema.omnigraph-1.0.0] startup
[1.496s] [ext: omni.usd.schema.omni_sensors-0.0.0] startup
[1.496s] [ext: omni.anim.navigation.schema-107.3.3] startup
[1.498s] [ext: omni.inspect-1.0.2] startup
[1.499s] [ext: omni.kit.notification_manager-1.0.10] startup
[1.500s] [ext: omni.graph.core-2.184.5] startup
[1.501s] [ext: isaacsim.core.deprecation_manager-0.2.7] startup
[1.502s] [ext: omni.usd.schema.physx-107.3.26] startup
[1.522s] [ext: omni.usd.schema.isaac-3.0.5] startup
[1.522s] [ext: omni.usd.schema.omniscripting-1.0.0] startup
[1.524s] [ext: omni.usd.schema.omni_lens_distortion-0.0.0] startup
[1.524s] [ext: omni.kvdb-107.3.26] startup
[1.525s] [ext: omni.usdphysics-107.3.26] startup
[1.526s] [ext: omni.physx.foundation-107.3.26] startup
[1.527s] [ext: omni.localcache-107.3.26] startup
[1.528s] [ext: omni.convexdecomposition-107.3.26] startup
[1.529s] [ext: omni.physx.cooking-107.3.26] startup
[1.531s] [ext: omni.physx-107.3.26] startup
[1.537s] [ext: omni.physics-107.3.26] startup
[1.539s] [ext: omni.kit.usd.layers-2.2.11] startup
[1.543s] [ext: omni.physics.physx-107.3.26] startup
2026-09-17T07:26:08Z [1,533ms] [Warning] [carb] Acquiring non optional plugin interface which is not listed as dependency: [omni::physx::IPhysxBenchmarks v1.0] (plugin: <default plugin>), by client: omni.physics.physx.plugin. Add it to CARB_PLUGIN_IMPL_DEPS() macro of a client.
[1.544s] [ext: omni.physics.stageupdate-107.3.26] startup
[1.545s] [ext: omni.kit.numpy.common-0.1.3] startup
[1.546s] [ext: isaacsim.core.version-2.0.6] startup
[1.546s] [ext: omni.isaac.dynamic_control-2.0.7] startup
2026-09-17T07:26:08Z [1,538ms] [Warning] [omni.isaac.dynamic_control] omni.isaac.dynamic_control is deprecated as of Isaac Sim 4.5. No action is needed from end-users.
[1.549s] [ext: isaacsim.storage.native-1.5.1] startup
[1.550s] [ext: omni.kit.menu.core-1.1.2] startup
[1.550s] [ext: omni.kit.helper.file_utils-0.1.9] startup
[1.551s] [ext: omni.usd.metrics.assembler-107.3.1] startup
[1.555s] [ext: omni.kit.widget.context_menu-1.2.5] startup
[1.556s] [ext: omni.warp.core-1.8.2] startup
[1.671s] [ext: omni.usd.metrics.assembler.physics-107.3.26] startup
[1.672s] [ext: omni.physics.tensors-107.3.26] startup
[1.675s] [ext: omni.kit.context_menu-1.8.6] startup
[1.676s] [ext: omni.kit.clipboard-1.0.5] startup
[1.677s] [ext: isaacsim.core.utils-3.5.1] startup
[1.678s] [ext: omni.kit.widget.filebrowser-2.12.3] startup
[1.681s] [ext: omni.kit.widget.options_menu-1.1.6] startup
[1.683s] [ext: omni.kit.widget.path_field-2.0.11] startup
[1.683s] [ext: omni.index.libs-380600.8087.0] startup
[1.683s] [ext: omni.ui.scene-1.11.5] startup
[1.686s] [ext: omni.kit.widget.options_button-1.0.3] startup
[1.686s] [ext: omni.kit.widget.browser_bar-2.0.10] startup
[1.686s] [ext: omni.index-1.0.1] startup
[1.687s] [ext: omni.hydra.rtx.shadercache.vulkan-1.0.0] startup
[1.687s] [ext: omni.kit.window.filepicker-2.13.4] startup
[1.695s] [ext: omni.volume-0.5.2] startup
[1.696s] [ext: omni.ujitso.client-0.0.0] startup
[1.697s] [ext: omni.graph.tools-1.79.2] startup
[1.709s] [ext: omni.graph.image.core-0.6.1] startup
[1.710s] [ext: omni.hydra.rtx-1.0.0] startup
2026-09-17T07:26:08Z [1,709ms] [Warning] [omni.log] Source: omni.hydra was already registered.
[1.728s] [ext: omni.kit.window.file_importer-1.1.18] startup
[1.730s] [ext: omni.kit.menu.utils-2.0.5] startup
[1.734s] [ext: omni.graph.image.nodes-1.3.1] startup
[1.735s] [ext: omni.kit.widget.searchable_combobox-1.0.6] startup
[1.736s] [ext: omni.kit.hydra_texture-1.4.6] startup
[1.738s] [ext: omni.kit.material.library-2.0.7] startup
[1.740s] [ext: omni.hydra.engine.stats-1.0.3] startup
[1.742s] [ext: omni.kit.viewport.scene_camera_model-1.0.6] startup
[1.744s] [ext: omni.kit.widget.settings-1.2.6] startup
[1.745s] [ext: omni.kit.viewport.legacy_gizmos-1.0.19] startup
[1.746s] [ext: omni.kit.widget.viewport-107.1.3] startup
[1.748s] [ext: omni.kit.viewport.registry-104.0.6] startup
[1.749s] [ext: omni.kit.raycast.query-1.1.0] startup
[1.751s] [ext: omni.physx.tensors-107.3.26] startup
[1.755s] [ext: omni.kit.window.drop_support-1.0.5] startup
[1.755s] [ext: omni.kit.primitive.mesh-1.0.17] startup
[1.757s] [ext: omni.kit.viewport.window-107.2.0] startup
[1.768s] [ext: omni.kit.window.preferences-1.8.0] startup
[1.771s] [ext: isaacsim.core.simulation_manager-1.4.4] startup
[2.530s] [ext: omni.graph.action_core-1.1.7] startup
[2.531s] [ext: omni.graph-1.141.2] startup
[2.557s] [ext: omni.kit.viewport.utility-1.1.2] startup
[2.557s] [ext: omni.kit.viewport.menubar.core-107.2.1] startup
[2.566s] [ext: isaacsim.core.prims-0.6.1] startup
[2.582s] [ext: omni.graph.action_nodes-1.50.4] startup
[2.584s] [ext: omni.kit.stage_template.core-1.1.22] startup
[2.587s] [ext: omni.syntheticdata-0.6.13] startup
[2.606s] [ext: omni.graph.nodes-1.170.10] startup
[2.613s] [ext: omni.graph.action-1.130.0] startup
[2.614s] [ext: omni.kit.stage_templates-2.0.0] startup
[2.618s] [ext: omni.kit.widget.filter-1.1.4] startup
[2.620s] [ext: omni.kit.widget.graph-2.0.0] startup
[2.630s] [ext: omni.kit.property.adapter.core-1.0.2] startup
[2.639s] [ext: omni.kit.window.file_exporter-1.0.33] startup
[2.649s] [ext: omni.kit.widget.searchfield-1.1.8] startup
[2.654s] [ext: omni.kit.hotkeys.core-1.3.10] startup
[2.655s] [ext: omni.kit.graph.delegate.default-1.2.3] startup
[2.656s] [ext: omni.kit.property.adapter.fabric-1.0.3] startup
[2.658s] [ext: omni.kit.widget.stage-3.1.4] startup
[2.666s] [ext: omni.kit.property.adapter.usd-1.0.2] startup
[2.667s] [ext: omni.kit.graph.editor.core-1.5.3] startup
[2.669s] [ext: omni.kit.widget.material_preview-1.0.16] startup
[2.670s] [ext: omni.kit.widget.highlight_label-1.0.3] startup
[2.671s] [ext: omni.kit.window.file-2.0.5] startup
[2.673s] [ext: omni.kit.window.content_browser_registry-0.0.6] startup
[2.674s] [ext: omni.kit.window.property-1.12.1] startup
[2.676s] [ext: omni.kit.window.content_browser-3.1.3] startup
[2.683s] [ext: omni.kit.graph.usd.commands-1.3.1] startup
[2.684s] [ext: omni.kit.property.usd-4.5.12] startup
[2.691s] [ext: omni.graph.ui_nodes-1.50.5] startup
[2.694s] [ext: omni.videoencoding-0.1.2] startup
[2.695s] [ext: omni.kit.window.material_graph-1.9.1] startup
[2.705s] [ext: omni.warp-1.8.2] startup
[2.709s] [ext: isaacsim.core.api-4.8.0] startup
[2.725s] [ext: omni.graph.scriptnode-1.50.0] startup
[2.730s] [ext: isaacsim.test.docstring-1.1.0] startup
[2.739s] [ext: isaacsim.core.experimental.utils-0.3.0] startup
[2.745s] [ext: omni.replicator.core-1.12.27] startup
2026-09-17T07:26:09Z [2,765ms] [Warning] [pxr.Semantics] pxr.Semantics is deprecated - please use Semantics instead
2026-09-17T07:26:09Z [2,842ms] [Warning] [omni.graph.core.plugin] Found duplicate of category 'Replicator' - was 'Annotators', adding 'Fabric Reader'
2026-09-17T07:26:09Z [2,842ms] [Warning] [omni.graph.core.plugin] Category 'Replicator' not accepted on node type 'omni.replicator.core.FabricReader' in extension 'omni.replicator.core'
2026-09-17T07:26:09Z [2,843ms] [Warning] [omni.replicator.core.scripts.extension] No material configuration file, adding configuration to material settings directly.
[2.856s] [ext: isaacsim.core.experimental.prims-0.8.1] startup
[2.884s] [ext: omni.kit.window.extensions-1.4.27] startup
[2.893s] [ext: isaacsim.core.experimental.objects-0.4.0] startup
[2.899s] [ext: omni.ui_query-1.1.8] startup
[2.904s] [ext: omni.kit.manipulator.viewport-107.0.1] startup
[2.907s] [ext: isaacsim.robot.surface_gripper-3.3.1] startup
[2.910s] [ext: omni.kit.ui_test-1.3.7] startup
[2.912s] [ext: omni.graph.visualization.nodes-2.1.3] startup
[2.932s] [ext: isaacsim.robot_motion.lula-4.0.8] startup
[2.939s] [ext: isaacsim.core.nodes-3.4.3] startup
[2.948s] [ext: isaacsim.gui.components-1.2.1] startup
[2.958s] [ext: isaacsim.robot_motion.motion_generation-8.0.26] startup
[2.976s] [ext: isaacsim.robot.manipulators-3.3.6] startup
[3.002s] [ext: isaacsim.core.experimental.materials-0.4.0] startup
[3.127s] [ext: isaacsim.robot.manipulators.examples-1.1.2] startup
[3.182s] [ext: isaacsim.cortex.framework-1.0.12] startup
[3.182s] [ext: isaacsim.cortex.behaviors-2.0.14] startup
[3.224s] [ext: omni.isaac.cortex.sample_behaviors-2.0.5] startup
2026-09-17T07:26:10Z [3,272ms] [Warning] [omni.isaac.cortex] omni.isaac.cortex has been deprecated in favor of isaacsim.cortex.framework. Please update your code accordingly.
2026-09-17T07:26:10Z [3,286ms] [Warning] [omni.isaac.cortex.sample_behaviors] omni.isaac.cortex.sample_behaviors has been deprecated in favor of isaacsim.cortex.behaviors. Please update your code accordingly.
[3.302s] [ext: omni.kit.widget.zoombar-1.0.6] startup
[3.313s] [ext: isaacsim.gui.content_browser-0.1.11] startup
[3.316s] [ext: omni.kit.browser.core-2.3.13] startup
[3.322s] [ext: omni.kit.widget.stage_icons-1.0.8] startup
[3.325s] [ext: omni.kit.widget.prompt-1.0.7] startup
[3.327s] [ext: omni.kit.usd.collect-2.4.5] startup
[3.332s] [ext: omni.kit.browser.folder.core-1.10.9] startup
[3.339s] [ext: omni.kit.window.stage-2.6.1] startup
[3.346s] [ext: omni.kit.usdz_export-1.0.9] startup
[3.351s] [ext: omni.kit.tool.collect-2.2.18] startup
[3.354s] [ext: omni.kit.menu.stage-1.2.7] startup
[3.358s] [ext: omni.kit.tool.asset_importer-4.3.2] startup
[3.366s] [ext: isaacsim.robot.wheeled_robots-4.0.24] startup
[3.377s] [ext: isaacsim.examples.browser-0.2.1] startup
[3.381s] [ext: isaacsim.asset.importer.urdf-2.4.30] startup
[3.433s] [ext: omni.isaac.wheeled_robots-3.0.7] startup
2026-09-17T07:26:10Z [3,423ms] [Warning] [omni.isaac.wheeled_robots] omni.isaac.wheeled_robots has been deprecated in favor of isaacsim.robot.wheeled_robots. Please update your code accordingly.
2026-09-17T07:26:10Z [3,423ms] [Warning] [omni.isaac.wheeled_robots.controllers] omni.isaac.wheeled_robots has been deprecated in favor of isaacsim.robot.wheeled_robots. Please update your code accordingly.
2026-09-17T07:26:10Z [3,423ms] [Warning] [omni.isaac.wheeled_robots.controllers.ackermann_controller] omni.isaac.wheeled_robots has been deprecated in favor of isaacsim.robot.wheeled_robots. Please update your code accordingly.
2026-09-17T07:26:10Z [3,424ms] [Warning] [omni.isaac.wheeled_robots.controllers.differential_controller] omni.isaac.wheeled_robots has been deprecated in favor of isaacsim.robot.wheeled_robots. Please update your code accordingly.
2026-09-17T07:26:10Z [3,424ms] [Warning] [omni.isaac.wheeled_robots.controllers.holonomic_controller] omni.isaac.wheeled_robots has been deprecated in favor of isaacsim.robot.wheeled_robots. Please update your code accordingly.
2026-09-17T07:26:10Z [3,424ms] [Warning] [omni.isaac.wheeled_robots.controllers.quintic_path_planner] omni.isaac.wheeled_robots has been deprecated in favor of isaacsim.robot.wheeled_robots. Please update your code accordingly.
2026-09-17T07:26:10Z [3,424ms] [Warning] [omni.isaac.wheeled_robots.controllers.stanley_control] omni.isaac.wheeled_robots has been deprecated in favor of isaacsim.robot.wheeled_robots. Please update your code accordingly.
2026-09-17T07:26:10Z [3,424ms] [Warning] [omni.isaac.wheeled_robots.controllers.wheel_base_pose_controller] omni.isaac.wheeled_robots has been deprecated in favor of isaacsim.robot.wheeled_robots. Please update your code accordingly.
2026-09-17T07:26:10Z [3,424ms] [Warning] [omni.isaac.wheeled_robots.impl] omni.isaac.wheeled_robots has been deprecated in favor of isaacsim.robot.wheeled_robots. Please update your code accordingly.
2026-09-17T07:26:10Z [3,424ms] [Warning] [omni.isaac.wheeled_robots.robots] omni.isaac.wheeled_robots has been deprecated in favor of isaacsim.robot.wheeled_robots. Please update your code accordingly.
2026-09-17T07:26:10Z [3,424ms] [Warning] [omni.isaac.wheeled_robots.robots.holonomic_robot_usd_setup] omni.isaac.wheeled_robots has been deprecated in favor of isaacsim.robot.wheeled_robots. Please update your code accordingly.
2026-09-17T07:26:10Z [3,424ms] [Warning] [omni.isaac.wheeled_robots.robots.wheeled_robot] omni.isaac.wheeled_robots has been deprecated in favor of isaacsim.robot.wheeled_robots. Please update your code accordingly.
[3.435s] [ext: isaacsim.simulation_app-2.12.2] startup
[3.435s] [ext: omni.isaac.franka-1.0.7] startup
2026-09-17T07:26:10Z [3,426ms] [Warning] [omni.isaac.franka] omni.isaac.franka has been deprecated in favor of isaacsim.robot.manipulators.examples.franka. Please update your code accordingly.
2026-09-17T07:26:10Z [3,427ms] [Warning] [omni.isaac.franka.franka] omni.isaac.franka has been deprecated in favor of isaacsim.robot.manipulators.examples.franka. Please update your code accordingly.
2026-09-17T07:26:10Z [3,443ms] [Warning] [omni.isaac.franka.kinematics_solver] omni.isaac.franka has been deprecated in favor of isaacsim.robot.manipulators.examples.franka. Please update your code accordingly.
[3.455s] [ext: omni.isaac.kit-2.0.6] startup
2026-09-17T07:26:10Z [3,449ms] [Warning] [omni.isaac.kit] omni.isaac.kit has been deprecated in favor of isaacsim.simulation_app. Please update your code accordingly.
[3.460s] [ext: omni.kit.selection-0.1.6] startup
[3.461s] [ext: omni.isaac.lula-4.0.6] startup
2026-09-17T07:26:10Z [3,451ms] [Warning] [omni.isaac.lula] omni.isaac.lula has been deprecated in favor of isaacsim.robot_motion.lula. Please update your code accordingly.
[3.462s] [ext: isaacsim.robot_motion.lula_test_widget-1.0.12] startup
[3.464s] [ext: isaacsim.asset.browser-1.3.23] startup
[3.515s] [ext: omni.kit.viewport.actions-107.0.2] startup
[3.519s] [ext: isaacsim.gui.menu-2.4.4] startup
[3.523s] [ext: omni.isaac.manipulators-3.0.7] startup
2026-09-17T07:26:10Z [3,512ms] [Warning] [omni.isaac.manipulators] omni.isaac.manipulators has been deprecated in favor of isaacsim.robot.manipulators. Please update your code accordingly.
2026-09-17T07:26:10Z [3,512ms] [Warning] [omni.isaac.manipulators.controllers] omni.isaac.manipulators has been deprecated in favor of isaacsim.robot.manipulators. Please update your code accordingly.
2026-09-17T07:26:10Z [3,512ms] [Warning] [omni.isaac.manipulators.controllers.pick_place_controller] omni.isaac.manipulators has been deprecated in favor of isaacsim.robot.manipulators. Please update your code accordingly.
2026-09-17T07:26:10Z [3,513ms] [Warning] [omni.isaac.manipulators.controllers.stacking_controller] omni.isaac.manipulators has been deprecated in favor of isaacsim.robot.manipulators. Please update your code accordingly.
2026-09-17T07:26:10Z [3,513ms] [Warning] [omni.isaac.manipulators.grippers] omni.isaac.manipulators has been deprecated in favor of isaacsim.robot.manipulators. Please update your code accordingly.
2026-09-17T07:26:10Z [3,513ms] [Warning] [omni.isaac.manipulators.grippers.gripper] omni.isaac.manipulators has been deprecated in favor of isaacsim.robot.manipulators. Please update your code accordingly.
2026-09-17T07:26:10Z [3,513ms] [Warning] [omni.isaac.manipulators.grippers.parallel_gripper] omni.isaac.manipulators has been deprecated in favor of isaacsim.robot.manipulators. Please update your code accordingly.
2026-09-17T07:26:10Z [3,513ms] [Warning] [omni.isaac.manipulators.grippers.surface_gripper] omni.isaac.manipulators has been deprecated in favor of isaacsim.robot.manipulators. Please update your code accordingly.
2026-09-17T07:26:10Z [3,516ms] [Warning] [omni.isaac.manipulators.manipulators] omni.isaac.manipulators has been deprecated in favor of isaacsim.robot.manipulators. Please update your code accordingly.
2026-09-17T07:26:10Z [3,516ms] [Warning] [omni.isaac.manipulators.manipulators.single_manipulator] omni.isaac.manipulators has been deprecated in favor of isaacsim.robot.manipulators. Please update your code accordingly.
[3.528s] [ext: omni.isaac.lula_test_widget-1.0.6] startup
2026-09-17T07:26:10Z [3,517ms] [Warning] [omni.isaac.lula_test_widget] omni.isaac.lula_test_widget has been deprecated in favor of isaacsim.robot_motion.lula_test_widget. Please update your code accordingly.
[3.529s] [ext: omni.isaac.asset_browser-1.0.6] startup
2026-09-17T07:26:10Z [3,522ms] [Warning] [omni.isaac.asset_browser] omni.isaac.asset_browser has been deprecated in favor of isaacsim.asset.browser. Please update your code accordingly.
[3.533s] [ext: omni.kit.viewport.menubar.display-107.0.3] startup
[3.536s] [ext: omni.isaac.menu-1.0.6] startup
2026-09-17T07:26:10Z [3,525ms] [Warning] [omni.isaac.menu] omni.isaac.menu has been deprecated in favor of isaacsim.gui.menu. Please update your code accordingly.
[3.536s] [ext: omni.isaac.motion_generation-8.0.7] startup
2026-09-17T07:26:10Z [3,525ms] [Warning] [omni.isaac.motion_generation] omni.isaac.motion_generation has been deprecated in favor of isaacsim.robot_motion.motion_generation. Please update your code accordingly.
2026-09-17T07:26:10Z [3,528ms] [Warning] [omni.isaac.motion_generation.articulation_kinematics_solver] omni.isaac.motion_generation has been deprecated in favor of isaacsim.robot_motion.motion_generation. Please update your code accordingly.
2026-09-17T07:26:10Z [3,528ms] [Warning] [omni.isaac.motion_generation.articulation_motion_policy] omni.isaac.motion_generation has been deprecated in favor of isaacsim.robot_motion.motion_generation. Please update your code accordingly.
2026-09-17T07:26:10Z [3,528ms] [Warning] [omni.isaac.motion_generation.articulation_trajectory] omni.isaac.motion_generation has been deprecated in favor of isaacsim.robot_motion.motion_generation. Please update your code accordingly.
2026-09-17T07:26:10Z [3,528ms] [Warning] [omni.isaac.motion_generation.kinematics_interface] omni.isaac.motion_generation has been deprecated in favor of isaacsim.robot_motion.motion_generation. Please update your code accordingly.
2026-09-17T07:26:10Z [3,528ms] [Warning] [omni.isaac.motion_generation.lula] omni.isaac.motion_generation has been deprecated in favor of isaacsim.robot_motion.motion_generation. Please update your code accordingly.
2026-09-17T07:26:10Z [3,528ms] [Warning] [omni.isaac.motion_generation.lula.kinematics] omni.isaac.motion_generation has been deprecated in favor of isaacsim.robot_motion.motion_generation. Please update your code accordingly.
2026-09-17T07:26:10Z [3,528ms] [Warning] [omni.isaac.motion_generation.lula.motion_policies] omni.isaac.motion_generation has been deprecated in favor of isaacsim.robot_motion.motion_generation. Please update your code accordingly.
2026-09-17T07:26:10Z [3,528ms] [Warning] [omni.isaac.motion_generation.lula.path_planners] omni.isaac.motion_generation has been deprecated in favor of isaacsim.robot_motion.motion_generation. Please update your code accordingly.
2026-09-17T07:26:10Z [3,528ms] [Warning] [omni.isaac.motion_generation.lula.trajectory_generator] omni.isaac.motion_generation has been deprecated in favor of isaacsim.robot_motion.motion_generation. Please update your code accordingly.
2026-09-17T07:26:10Z [3,528ms] [Warning] [omni.isaac.motion_generation.motion_policy_controller] omni.isaac.motion_generation has been deprecated in favor of isaacsim.robot_motion.motion_generation. Please update your code accordingly.
2026-09-17T07:26:10Z [3,528ms] [Warning] [omni.isaac.motion_generation.motion_policy_interface] omni.isaac.motion_generation has been deprecated in favor of isaacsim.robot_motion.motion_generation. Please update your code accordingly.
2026-09-17T07:26:10Z [3,529ms] [Warning] [omni.isaac.motion_generation.path_planner_visualizer] omni.isaac.motion_generation has been deprecated in favor of isaacsim.robot_motion.motion_generation. Please update your code accordingly.
2026-09-17T07:26:10Z [3,529ms] [Warning] [omni.isaac.motion_generation.path_planning_interface] omni.isaac.motion_generation has been deprecated in favor of isaacsim.robot_motion.motion_generation. Please update your code accordingly.
2026-09-17T07:26:10Z [3,529ms] [Warning] [omni.isaac.motion_generation.trajectory] omni.isaac.motion_generation has been deprecated in favor of isaacsim.robot_motion.motion_generation. Please update your code accordingly.
2026-09-17T07:26:10Z [3,529ms] [Warning] [omni.isaac.motion_generation.world_interface] omni.isaac.motion_generation has been deprecated in favor of isaacsim.robot_motion.motion_generation. Please update your code accordingly.
[3.540s] [ext: omni.isaac.assets_check-0.3.13] startup
2026-09-17T07:26:10Z [3,529ms] [Warning] [omni.isaac.assets_check] omni.isaac.assets_check has been deprecated in favor of isaacsim.asset.browser. Please update your code accordingly.
[3.540s] [ext: isaacsim.gui.sensors.icon-2.0.3] startup
[3.550s] [ext: isaacsim.asset.importer.mjcf-2.5.13] startup
[3.555s] [ext: omni.sensors.nv.common-3.0.0] startup
[3.560s] [ext: isaacsim.sensors.physics-0.4.3] startup
[3.565s] [ext: omni.sensors.net-1.0.0] startup
[3.567s] [ext: omni.isaac.nucleus-1.0.6] startup
2026-09-17T07:26:10Z [3,556ms] [Warning] [omni.isaac.nucleus] omni.isaac.nucleus has been deprecated in favor of isaacsim.storage.native. Please update your code accordingly.
2026-09-17T07:26:10Z [3,557ms] [Warning] [omni.isaac.nucleus.nucleus] omni.isaac.nucleus.nucleus has been deprecated in favor of isaacsim.storage.native. Please update your code accordingly.
[3.569s] [ext: omni.sensors.nv.materials-2.0.0] startup
[3.571s] [ext: isaacsim.robot.policy.examples-4.1.11] startup
[3.574s] [ext: omni.sensors.nv.wpm-3.0.0] startup
[3.576s] [ext: omni.sensors.nv.lidar-3.0.0] startup
[3.580s] [ext: isaacsim.util.debug_draw-3.1.0] startup
[3.582s] [ext: omni.sensors.nv.radar-3.0.0] startup
[3.584s] [ext: omni.sensors.nv.ids-2.0.0] startup
[3.585s] [ext: isaacsim.core.cloner-1.4.10] startup
[3.587s] [ext: isaacsim.sensors.physx-2.3.2] startup
[3.590s] [ext: isaacsim.sensors.rtx-15.8.4] startup
[3.594s] [ext: isaacsim.sensors.camera-1.3.6] startup
[3.600s] [ext: omni.isaac.quadruped-3.0.7] startup
2026-09-17T07:26:10Z [3,591ms] [Warning] [omni.isaac.quadruped] omni.isaac.quadruped has been deprecated in favor of isaacsim.robot.policy.examples. Please update your code accordingly.
[3.603s] [ext: omni.isaac.cloner-1.0.7] startup
2026-09-17T07:26:10Z [3,595ms] [Warning] [omni.isaac.cloner] omni.isaac.cloner has been deprecated in favor of isaacsim.core.cloner. Please update your code accordingly.
[3.609s] [ext: omni.isaac.range_sensor-4.0.6] startup
2026-09-17T07:26:10Z [3,601ms] [Warning] [omni.isaac.range_sensor] omni.isaac.range_sensor has been deprecated in favor of isaacsim.sensors.physx. Please update your code accordingly.
2026-09-17T07:26:10Z [3,601ms] [Warning] [omni.isaac.range_sensor.commands] omni.isaac.range_sensor.commands has been deprecated in favor of isaacsim.sensors.physx.commands. Please update your code accordingly.
[3.613s] [ext: omni.isaac.sensor-13.0.7] startup
2026-09-17T07:26:10Z [3,603ms] [Warning] [omni.isaac.sensor] omni.isaac.sensor has been deprecated in favor of isaacsim.sensors.camera, isaacsim.sensors.physics, isaacsim.sensors.physx, and isaacsim.sensors.rtx. Please update your code accordingly.
2026-09-17T07:26:10Z [3,603ms] [Warning] [omni.isaac.sensor.camera] omni.isaac.sensor.camera has been deprecated in favor of isaacsim.sensors.camera.camera. Please update your code accordingly.
2026-09-17T07:26:10Z [3,603ms] [Warning] [omni.isaac.sensor.camera_view] omni.isaac.sensor.camera_view has been deprecated in favor of isaacsim.sensors.camera.camera_view. Please update your code accordingly.
2026-09-17T07:26:10Z [3,603ms] [Warning] [omni.isaac.sensor.commands] omni.isaac.sensor.commands has been deprecated in favor of isaacsim.sensors.physics.commands, isaacsim.sensors.physx.commands, and isaacsim.sensors.rtx.commands. Please update your code accordingly.
2026-09-17T07:26:10Z [3,604ms] [Warning] [omni.isaac.sensor.contact_sensor] omni.isaac.sensor.contact_sensor has been deprecated in favor of isaacsim.sensors.physics.contact_sensor. Please update your code accordingly.
2026-09-17T07:26:10Z [3,604ms] [Warning] [omni.isaac.sensor.imu_sensor] omni.isaac.sensor.imu_sensor has been deprecated in favor of isaacsim.sensors.physics.imu_sensor. Please update your code accordingly.
2026-09-17T07:26:10Z [3,605ms] [Warning] [omni.isaac.sensor.lidar_rtx] omni.isaac.sensor.lidar_rtx has been deprecated in favor of isaacsim.sensors.rtx.lidar_rtx. Please update your code accordingly.
2026-09-17T07:26:10Z [3,605ms] [Warning] [omni.isaac.sensor.rotating_lidar_physX] omni.isaac.sensor.imu_sensor has been deprecated in favor of isaacsim.sensors.physix.rotating_lidar_physX. Please update your code accordingly.
2026-09-17T07:26:10Z [3,605ms] [Warning] [omni.isaac.sensor.scripts.samples.contact_sensor] omni.isaac.sensor.scripts.samples.contact_sensor has been deprecated in favor of isaacsim.sensors.physics.scripts.samples.contact_sensor. Please update your code accordingly.
2026-09-17T07:26:10Z [3,605ms] [Warning] [omni.isaac.sensor.scripts.samples.imu_sensor] omni.isaac.sensor.scripts.samples.imu_sensor has been deprecated in favor of isaacsim.sensors.physics.scripts.samples.imu_sensor. Please update your code accordingly.
2026-09-17T07:26:10Z [3,605ms] [Warning] [omni.isaac.sensor.scripts.samples.lightbeam_sensor] omni.isaac.sensor.scripts.samples.lightbeam_sensor has been deprecated in favor of isaacsim.sensors.physx.scripts.samples.lightbeam_sensor. Please update your code accordingly.
[3.616s] [ext: omni.kit.menu.create-2.0.1] startup
[3.619s] [ext: omni.kit.widget.toolbar-2.0.1] startup
[3.629s] [ext: omni.kit.manipulator.transform-107.0.0] startup
[3.632s] [ext: omni.isaac.core-4.0.7] startup
2026-09-17T07:26:10Z [3,622ms] [Warning] [omni.isaac.core.physics_context.physics_context] omni.isaac.core.physics_context.physics_context has been deprecated in favor of isaacsim.core.api.physics_context.physics_context. Please update your code accordingly.
2026-09-17T07:26:10Z [3,622ms] [Warning] [omni.isaac.core.simulation_context.simulation_context] omni.isaac.core.simulation_context.simulation_context has been deprecated in favor of isaacsim.core.api.simulation_context.simulation_context. Please update your code accordingly.
2026-09-17T07:26:10Z [3,622ms] [Warning] [omni.isaac.core.world.world] omni.isaac.core.world.world has been deprecated in favor of isaacsim.core.api.world.world. Please update your code accordingly.
2026-09-17T07:26:10Z [3,622ms] [Warning] [omni.isaac.core] omni.isaac.core has been deprecated in favor of isaacsim.core.api. Please update your code accordingly.
[3.633s] [ext: omni.kit.scripting-107.3.2] startup
[3.638s] [ext: omni.kit.manipulator.tool.snap-1.5.13] startup
[3.641s] [ext: omni.kit.manipulator.selector-1.1.3] startup
[3.643s] [ext: isaacsim.app.about-2.0.11] startup
[3.647s] [ext: isaacsim.replicator.behavior-1.1.16] startup
[3.647s] [ext: omni.kit.viewport.manipulator.transform-107.0.4] startup
[3.650s] [ext: omni.isaac.window.about-2.0.7] startup
2026-09-17T07:26:10Z [3,640ms] [Warning] [omni.isaac.window.about] omni.isaac.window.about has been deprecated in favor of isaacsim.app.about. Please update your code accordingly.
2026-09-17T07:26:10Z [3,640ms] [Warning] [omni.isaac.window.about.about] omni.isaac.window.about.about has been deprecated in favor of isaacsim.app.about.about. Please update your code accordingly.
[3.651s] [ext: omni.fabric.commands-1.1.6] startup
[3.653s] [ext: omni.kit.manipulator.prim.core-107.0.8] startup
[3.658s] [ext: omni.kit.property.audio-1.0.16] startup
[3.659s] [ext: omni.kit.property.camera-1.0.10] startup
[3.660s] [ext: omni.kit.property.geometry-2.0.4] startup
[3.663s] [ext: omni.hydra.scene_api-0.1.2] startup
[3.666s] [ext: omni.kit.property.light-1.0.12] startup
[3.689s] [ext: omni.kit.manipulator.prim.fabric-107.0.4] startup
[3.691s] [ext: omni.kit.manipulator.prim.usd-107.0.3] startup
[3.692s] [ext: omni.kit.property.material-1.11.9] startup
[3.697s] [ext: omni.kit.property.render-1.2.1] startup
[3.698s] [ext: omni.kit.property.transform-1.5.13] startup
[3.702s] [ext: isaacsim.gui.property-1.1.3] startup
[3.703s] [ext: omni.kit.manipulator.camera-106.0.4] startup
[3.706s] [ext: omni.kit.manipulator.prim-107.0.0] startup
[3.707s] [ext: omni.isaac.surface_gripper-2.0.6] startup
2026-09-17T07:26:10Z [3,696ms] [Warning] [omni.isaac.surface_gripper] omni.isaac.surface_gripper has been deprecated in favor of isaacsim.robot.surface_gripper. Please update your code accordingly.
[3.707s] [ext: omni.kit.manipulator.selection-106.0.1] startup
[3.710s] [ext: omni.kit.property.bundle-1.4.1] startup
[3.711s] [ext: omni.kit.property.isaac-1.0.6] startup
2026-09-17T07:26:10Z [3,701ms] [Warning] [omni.kit.property.isaac] omni.kit.property.isaac has been deprecated in favor of isaacsim.gui.property. Please update your code accordingly.
2026-09-17T07:26:10Z [3,701ms] [Warning] [omni.kit.property.isaac.widgets] omni.kit.property.isaac.widgets has been deprecated in favor of isaacsim.gui.property.widgets. Please update your code accordingly.
[3.712s] [ext: omni.isaac.universal_robots-1.0.6] startup
2026-09-17T07:26:10Z [3,701ms] [Warning] [omni.isaac.universal_robots] omni.isaac.universal_robots has been deprecated in favor of isaacsim.robot.manipulators.examples.universal_robots. Please update your code accordingly.
2026-09-17T07:26:10Z [3,701ms] [Warning] [omni.isaac.universal_robots.kinematics_solver] omni.isaac.franka has been deprecated in favor of isaacsim.robot.manipulators.examples.universal_robots. Please update your code accordingly.
2026-09-17T07:26:10Z [3,702ms] [Warning] [omni.isaac.universal_robots.ur10] omni.isaac.franka has been deprecated in favor of isaacsim.robot.manipulators.examples.universal_robots. Please update your code accordingly.
[3.713s] [ext: omni.isaac.core_nodes-2.0.6] startup
2026-09-17T07:26:10Z [3,704ms] [Warning] [omni.isaac.core_nodes] omni.isaac.core_nodes has been deprecated in favor of isaacsim.core.nodes. Please update your code accordingly.
[3.715s] [ext: omni.kit.viewport.menubar.camera-107.0.6] startup
[3.721s] [ext: omni.kit.viewport.menubar.lighting-107.3.1] startup
[3.723s] [ext: isaacsim.replicator.writers-1.0.17] startup
[3.732s] [ext: omni.kit.viewport.menubar.render-107.0.10] startup
[3.736s] [ext: omni.kit.viewport.menubar.settings-107.0.3] startup
[3.741s] [ext: omni.kit.window.console-1.1.4] startup
[3.746s] [ext: isaacsim.replicator.domain_randomization-1.0.16] startup
[3.748s] [ext: isaacsim.replicator.examples-1.3.6] startup
[3.752s] [ext: omni.ocio-0.1.1] startup
[3.755s] [ext: omni.rtx.window.settings-0.6.19] startup
[3.762s] [ext: omni.kit.window.status_bar-0.1.9] startup
[3.764s] [ext: omni.kit.window.toolbar-2.0.0] startup
[3.773s] [ext: omni.replicator.isaac-2.0.8] startup
2026-09-17T07:26:10Z [3,762ms] [Warning] [omni.replicator.isaac] omni.replicator.isaac has been deprecated in favor of isaacsim.replicator.domain_randomization, isaacsim.replicator.examples, isaacsim.replicator.writers. Please update your code accordingly.
[3.774s] [ext: omni.replicator.replicator_yaml-2.0.11] startup
[3.789s] [ext: omni.rtx.settings.core-0.6.5] startup
[3.793s] [ext: omni.usd.metrics.assembler.ui-107.3.1] startup
[3.802s] [ext: omni.isaac.utils-2.0.6] startup
[3.802s] [ext: semantics.schema.editor-2.0.2] startup
[3.806s] [ext: omni.kit.ui.actions-1.0.5] startup
[3.808s] [ext: semantics.schema.property-2.0.1] startup
[3.809s] [ext: omni.isaac.version-2.0.7] startup
2026-09-17T07:26:10Z [3,799ms] [Warning] [omni.isaac.version] omni.isaac.version has been deprecated in favor of isaacsim.core.version. Please update your code accordingly.
[3.810s] [ext: omni.isaac.cortex-1.0.5] startup
[3.811s] [ext: omni.anim.curve.core-1.3.1] startup
[3.817s] [ext: isaacsim.core.throttling-2.2.2] startup
[3.819s] [ext: omni.kit.menu.common-2.0.1] startup
[3.820s] [ext: isaacsim.exp.base-5.1.0] startup
[3.821s] [ext: isaacsim.exp.base.python-5.1.0] startup
[3.822s] Simulation App Starting
2026-09-17T07:26:10Z [3,895ms] [Warning] [omni.fabric.plugin] Warning: attribute viewportHandle not found for bucket id 9

2026-09-17T07:26:10Z [3,917ms] [Warning] [usdrt.population.plugin] [UsdNoticeHandler] Unhandled attribute type VtArray<std::string> (prim attribute: omni:rtx:material:db:flattener:transmittance_color)
2026-09-17T07:26:10Z [3,917ms] [Warning] [usdrt.population.plugin] [UsdNoticeHandler] Unhandled attribute type VtArray<std::string> (prim attribute: omni:rtx:material:db:flattener:reflection_roughness_constant)
2026-09-17T07:26:10Z [3,917ms] [Warning] [usdrt.population.plugin] [UsdNoticeHandler] Unhandled attribute type VtArray<std::string> (prim attribute: omni:rtx:material:db:flattener:ior_constant)
[3.935s] app ready
[5.878s] Simulation App Startup Complete
2026-09-17T07:26:12Z [5,888ms] [Error] [omni.kit.app._impl] [py stderr]: ### ORIG_EXTRA SphereLight /World/orig/Light/Light
2026-09-17T07:26:12Z [5,888ms] [Error] [omni.kit.app._impl] [py stderr]: ### ORIG_EXTRA Camera /World/orig/Camera/Camera
2026-09-17T07:26:12Z [5,888ms] [Error] [omni.kit.app._impl] [py stderr]: ### ORIG_EXTRA DomeLight /World/orig/env_light
2026-09-17T07:26:13Z [6,348ms] [Error] [omni.kit.app._impl] [py stderr]: ### TEX /World/orig/_materials/Material_001/Image_Texture_001 /home/rokey/book_dataset/assets/env_wall_floor/textures/library_floor_texture_001.png True
2026-09-17T07:26:13Z [6,348ms] [Error] [omni.kit.app._impl] [py stderr]: ### TEX /World/orig/_materials/Material_001/Image_Texture /home/rokey/book_dataset/assets/env_wall_floor/textures/library_floor_normal_001.png True
2026-09-17T07:26:13Z [6,348ms] [Error] [omni.kit.app._impl] [py stderr]: ### TEX /World/fixed/_materials/Material_001/Image_Texture_001 /home/rokey/book_dataset/assets/env_wall_floor/usd_fixed/textures/library_floor_texture_001.png True
2026-09-17T07:26:13Z [6,348ms] [Error] [omni.kit.app._impl] [py stderr]: ### TEX /World/fixed/_materials/Material_001/Image_Texture /home/rokey/book_dataset/assets/env_wall_floor/usd_fixed/textures/library_floor_normal_001.png True
2026-09-17T07:26:13Z [6,352ms] [Warning] [isaacsim.sensors.camera.camera] 'verticalAperture' (1.5290800094604493) and 'horizontalAperture' (2.0954999923706055) are inconsistent with the pixel resolution aspect ratio (1.3333333333333333). Setting 'verticalAperture' to 1.571624994277954 to ensure square pixels.
2026-09-17T07:26:13Z [6,412ms] [Warning] [omni.fabric.plugin] USD->Fabric: Unhandled array type string[]
2026-09-17T07:26:13Z [6,417ms] [Warning] [usdrt.population.plugin] [UsdNoticeHandler] Unhandled attribute type VtArray<std::string> (prim attribute: omni:rtx:material:db:flattener:transmittance_color)
2026-09-17T07:26:13Z [6,417ms] [Warning] [usdrt.population.plugin] [UsdNoticeHandler] Unhandled attribute type VtArray<std::string> (prim attribute: omni:rtx:material:db:flattener:ior_constant)
2026-09-17T07:26:13Z [6,417ms] [Warning] [usdrt.population.plugin] [UsdNoticeHandler] Unhandled attribute type VtArray<std::string> (prim attribute: omni:rtx:material:db:flattener:reflection_roughness_constant)
2026-09-17T07:26:13Z [6,506ms] [Warning] [omni.syntheticdata.plugin] OgnSdPostRenderVarToHost : rendervar copy from texture directly to host buffer is counter-performant. Please use copy from texture to device buffer first.
2026-09-17T07:26:13Z [6,868ms] [Error] [omni.kit.app._impl] [py stderr]: ### saved top
2026-09-17T07:26:13Z [6,928ms] [Warning] [carb] Client gpu.foundation.plugin has acquired [gpu::unstable::IMemoryBudgetManagerFactory v0.1] 100 times. Consider accessing this interface with carb::getCachedInterface() (Performance warning)
2026-09-17T07:26:14Z [7,258ms] [Error] [omni.kit.app._impl] [py stderr]: ### saved low
2026-09-17T07:26:14Z [7,637ms] [Error] [omni.kit.app._impl] [py stderr]: ### saved close_orig
2026-09-17T07:26:14Z [8,003ms] [Error] [omni.kit.app._impl] [py stderr]: ### saved close_fixed
2026-09-17T07:26:14Z [8,003ms] [Error] [omni.kit.app._impl] [py stderr]: ### DONE
[9.199s] Simulation App Shutting Down
