/home/rokey/arm/isaac/multi_book.py:424: SyntaxWarning: "is" with a literal. Did you mean "=="?
  if pji is not None and prev == "retreat" is False:
[Info] [carb] Logging to file: /home/rokey/isaacsim/kit/logs/Kit/Isaac-Sim Python/5.1/kit_20260917_145416.log
2026-09-17T05:54:16Z [0ms] [Warning] [carb.crashreporter-breakpad.plugin] [previous crash] preventing upload of minidump due to user opt-out: '/home/rokey/isaacsim/kit/data/Kit/Isaac-Sim Python/5.1/fc99d165-c9ea-41c6-bf8abab5-b7340e51.dmp'
2026-09-17T05:54:16Z [0ms] [Warning] [carb.crashreporter-breakpad.plugin] [previous crash] preventing upload of minidump due to user opt-out: '/home/rokey/isaacsim/kit/data/Kit/Isaac-Sim Python/5.1/be7a1636-ad49-4711-a04b3693-1c0c4f8f.dmp'
[0.028s] [ext: omni.kit.async_engine-0.0.3] startup
[0.187s] [ext: omni.metrics.core-0.0.3] startup
[0.187s] [ext: omni.client.lib-1.1.0] startup
[0.195s] [ext: omni.blobkey-1.1.2] startup
[0.195s] [ext: omni.stats-1.0.1] startup
[0.196s] [ext: omni.datastore-0.0.0] startup
[0.200s] [ext: omni.client-1.3.0] startup
[0.204s] [ext: omni.ujitso.default-1.0.0] startup
[0.205s] [ext: omni.hsscclient-1.1.2] startup
[0.207s] [ext: omni.gpu_foundation.shadercache.vulkan-1.0.0] startup
[0.208s] [ext: omni.assets.plugins-0.0.0] startup
[0.209s] [ext: omni.gpu_foundation-0.0.0] startup
[0.213s] [ext: carb.windowing.plugins-1.0.0] startup
2026-09-17T05:54:17Z [203ms] [Warning] [carb.windowing-glfw.plugin] GLFW initialization failed.
2026-09-17T05:54:17Z [203ms] [Warning] [carb] Failed to startup plugin carb.windowing-glfw.plugin (interfaces: [carb::windowing::IGLContext v1.0],[carb::windowing::IWindowing v1.5]) (impl: carb.windowing-glfw.plugin)
[0.214s] [ext: omni.kit.renderer.init-0.0.0] startup
2026-09-17T05:54:17Z [215ms] [Warning] [omni.platforminfo.plugin] failed to open the default display.  Can't verify X Server version.
2026-09-17T05:54:17Z [514ms] [Warning] [gpu.foundation.plugin] Skipping unsupported non-NVIDIA GPU: Intel(R) Graphics (ARL)
2026-09-17T05:54:17Z [514ms] [Warning] [gpu.foundation.plugin] Skipping unsupported non-NVIDIA GPU: Intel(R) Graphics (ARL)

|---------------------------------------------------------------------------------------------|
| Driver Version: 580.173.02    | Graphics API: Vulkan
|=============================================================================================|
| GPU | Name                             | Active | LDA | GPU Memory | Vendor-ID | LUID       |
|     |                                  |        |     |            | Device-ID | UUID       |
|     |                                  |        |     |            | Bus-ID    |            |
|---------------------------------------------------------------------------------------------|
| 0   | NVIDIA GeForce RTX 5080 Laptop.. | Yes: 0 |     | 16303   MB | 10de      | 0          |
|     |                                  |        |     |            | 2c19      | 507b5eb6.. |
|     |                                  |        |     |            | 1         |            |
|---------------------------------------------------------------------------------------------|
| 1   | Intel(R) Graphics (ARL)          |        |     | 47779   MB | 8086      | 0          |
|     |                                  |        |     |            | 7d67      | 8680677d.. |
|     |                                  |        |     |            | 0         |            |
|=============================================================================================|
| OS: 24.04.4 LTS (Noble Numbat) ubuntu, Version: 24.04.4, Kernel: 6.14.0-27-generic
| Processor: Intel(R) Core(TM) Ultra 9 275HX
| Cores: 24 | Logical Cores: 24
|---------------------------------------------------------------------------------------------|
| Total Memory (MB): 63706 | Free Memory: 52746
| Total Page/Swap (MB): 8191 | Free Page/Swap: 8191
|---------------------------------------------------------------------------------------------|
2026-09-17T05:54:17Z [876ms] [Warning] [gpu.foundation.plugin] CPU performance profile is set to powersave. This profile sets the CPU to the lowest frequency reducing performance.
2026-09-17T05:54:17Z [886ms] [Warning] [gpu.foundation.plugin] PCIe link width current (8) and maximum (16) for device 0 don't match.
2026-09-17T05:54:17Z [886ms] [Warning] [gpu.foundation.plugin] IOMMU is enabled.
2026-09-17T05:54:17Z [886ms] [Warning] [gpu.foundation.plugin] Detected IOMMU is enabled. Running CUDA peer-to-peer bandwidth and latency validation.
Unidirectional P2P=Enabled Bandwidth (P2P Writes) Matrix (GB/s)
   D\D     0 
     0 775.82 
P2P=Enabled Latency (P2P Writes) Matrix (us)
   GPU     0 
     0   2.06 

   CPU     0 
     0   1.72 
[1.029s] [ext: omni.kit.pipapi-0.0.0] startup
[1.030s] [ext: omni.kit.pip_archive-0.0.0] startup
[1.030s] [ext: omni.pip.compute-1.6.3] startup
[1.031s] [ext: omni.materialx.libs-1.0.7] startup
[1.035s] [ext: omni.pip.cloud-1.4.3] startup
[1.037s] [ext: omni.isaac.core_archive-3.0.0] startup
[1.038s] [ext: omni.usd.config-1.0.6] startup
[1.039s] [ext: omni.gpucompute.plugins-0.0.0] startup
[1.039s] [ext: omni.usd.libs-1.0.1] startup
[1.088s] [ext: omni.kit.telemetry-0.5.2] startup
[1.105s] [ext: omni.mdl-56.0.3] startup
[1.154s] [ext: omni.iray.libs-0.0.0] startup
[1.158s] [ext: omni.mdl.neuraylib-0.2.12] startup
[1.160s] [ext: omni.kit.usd.mdl-1.1.5] startup
[1.220s] [ext: omni.isaac.ml_archive-3.0.4] startup
[1.220s] [ext: omni.kit.loop-isaac-1.3.7] startup
[1.220s] [ext: omni.kit.test-2.0.1] startup
[1.253s] [ext: omni.appwindow-1.1.10] startup
2026-09-17T05:54:18Z [1,243ms] [Warning] [carb.windowing-glfw.plugin] GLFW initialization failed.
2026-09-17T05:54:18Z [1,243ms] [Warning] [carb] Failed to startup plugin carb.windowing-glfw.plugin (interfaces: [carb::windowing::IGLContext v1.0],[carb::windowing::IWindowing v1.5]) (impl: carb.windowing-glfw.plugin)
[1.255s] [ext: omni.kit.renderer.core-1.1.0] startup
2026-09-17T05:54:18Z [1,261ms] [Warning] [carb.windowing-glfw.plugin] GLFW initialization failed.
2026-09-17T05:54:18Z [1,261ms] [Warning] [carb] Failed to startup plugin carb.windowing-glfw.plugin (interfaces: [carb::windowing::IGLContext v1.0],[carb::windowing::IWindowing v1.5]) (impl: carb.windowing-glfw.plugin)
2026-09-17T05:54:18Z [1,269ms] [Warning] [carb.windowing-glfw.plugin] GLFW initialization failed.
2026-09-17T05:54:18Z [1,269ms] [Warning] [carb] Failed to startup plugin carb.windowing-glfw.plugin (interfaces: [carb::windowing::IGLContext v1.0],[carb::windowing::IWindowing v1.5]) (impl: carb.windowing-glfw.plugin)
[1.281s] [ext: omni.kit.renderer.capture-0.0.0] startup
[1.283s] [ext: omni.kit.renderer.imgui-2.0.5] startup
2026-09-17T05:54:18Z [1,274ms] [Warning] [carb.windowing-glfw.plugin] GLFW initialization failed.
2026-09-17T05:54:18Z [1,274ms] [Warning] [carb] Failed to startup plugin carb.windowing-glfw.plugin (interfaces: [carb::windowing::IGLContext v1.0],[carb::windowing::IWindowing v1.5]) (impl: carb.windowing-glfw.plugin)
2026-09-17T05:54:18Z [1,275ms] [Warning] [carb.windowing-glfw.plugin] GLFW initialization failed.
2026-09-17T05:54:18Z [1,275ms] [Warning] [carb] Failed to startup plugin carb.windowing-glfw.plugin (interfaces: [carb::windowing::IGLContext v1.0],[carb::windowing::IWindowing v1.5]) (impl: carb.windowing-glfw.plugin)
2026-09-17T05:54:18Z [1,275ms] [Warning] [carb.windowing-glfw.plugin] GLFW initialization failed.
2026-09-17T05:54:18Z [1,275ms] [Warning] [carb] Failed to startup plugin carb.windowing-glfw.plugin (interfaces: [carb::windowing::IGLContext v1.0],[carb::windowing::IWindowing v1.5]) (impl: carb.windowing-glfw.plugin)
[1.328s] [ext: omni.ui-2.27.1] startup
[1.334s] [ext: omni.kit.mainwindow-1.0.3] startup
[1.335s] [ext: carb.audio-0.1.0] startup
[1.337s] [ext: omni.uiaudio-1.0.0] startup
[1.338s] [ext: omni.kit.uiapp-0.0.0] startup
[1.338s] [ext: omni.usd.schema.metrics.assembler-107.3.1] startup
[1.339s] [ext: omni.usd.schema.audio-0.0.0] startup
[1.341s] [ext: omni.anim.graph.schema-107.3.3] startup
[1.347s] [ext: omni.usd_resolver-1.0.0] startup
[1.349s] [ext: omni.usd.core-1.5.3] startup
[1.351s] [ext: omni.usd.schema.render_settings.rtx-0.0.0] startup
[1.365s] [ext: omni.usd.schema.semantics-0.0.0] startup
[1.367s] [ext: isaacsim.robot.schema-3.6.0] startup
[1.371s] [ext: omni.usd.schema.geospatial-0.0.0] startup
[1.373s] [ext: omni.usd.schema.anim-0.0.0] startup
[1.381s] [ext: omni.kit.window.popup_dialog-2.0.24] startup
[1.384s] [ext: usdrt.scenegraph-7.6.1] startup
[1.407s] [ext: omni.timeline-1.0.14] startup
[1.408s] [ext: omni.resourcemonitor-107.0.1] startup
[1.409s] [ext: omni.activity.core-1.0.3] startup
[1.410s] [ext: omni.kit.widget.nucleus_connector-2.0.1] startup
[1.411s] [ext: omni.hydra.usdrt_delegate-7.5.1] startup
[1.414s] [ext: omni.kit.actions.core-1.0.0] startup
[1.416s] [ext: omni.graph.exec-0.9.6] startup
[1.416s] [ext: omni.kit.commands-1.4.10] startup
[1.418s] [ext: omni.kit.usd_undo-0.1.8] startup
[1.418s] [ext: omni.kit.exec.core-0.13.4] startup
[1.419s] [ext: omni.kit.audiodeviceenum-1.0.2] startup
[1.420s] [ext: omni.hydra.scene_delegate-0.3.4] startup
[1.422s] [ext: omni.usd-1.13.10] startup
[1.438s] [ext: omni.kit.asset_converter-5.0.17] startup
[1.445s] [ext: omni.usd.schema.flow-107.1.1] startup
[1.446s] [ext: omni.usd.schema.omnigraph-1.0.0] startup
[1.449s] [ext: omni.usd.schema.omni_sensors-0.0.0] startup
[1.449s] [ext: omni.anim.navigation.schema-107.3.3] startup
[1.451s] [ext: omni.inspect-1.0.2] startup
[1.452s] [ext: omni.kit.notification_manager-1.0.10] startup
[1.453s] [ext: omni.graph.core-2.184.5] startup
[1.455s] [ext: isaacsim.core.deprecation_manager-0.2.7] startup
[1.455s] [ext: omni.usd.schema.physx-107.3.26] startup
[1.477s] [ext: omni.usd.schema.isaac-3.0.5] startup
[1.477s] [ext: omni.usd.schema.omniscripting-1.0.0] startup
[1.479s] [ext: omni.usd.schema.omni_lens_distortion-0.0.0] startup
[1.480s] [ext: omni.kvdb-107.3.26] startup
[1.480s] [ext: omni.usdphysics-107.3.26] startup
[1.482s] [ext: omni.physx.foundation-107.3.26] startup
[1.483s] [ext: omni.localcache-107.3.26] startup
[1.483s] [ext: omni.convexdecomposition-107.3.26] startup
[1.485s] [ext: omni.physx.cooking-107.3.26] startup
[1.487s] [ext: omni.physx-107.3.26] startup
[1.492s] [ext: omni.physics-107.3.26] startup
[1.494s] [ext: omni.kit.usd.layers-2.2.11] startup
[1.499s] [ext: omni.physics.physx-107.3.26] startup
2026-09-17T05:54:18Z [1,489ms] [Warning] [carb] Acquiring non optional plugin interface which is not listed as dependency: [omni::physx::IPhysxBenchmarks v1.0] (plugin: <default plugin>), by client: omni.physics.physx.plugin. Add it to CARB_PLUGIN_IMPL_DEPS() macro of a client.
[1.500s] [ext: omni.physics.stageupdate-107.3.26] startup
[1.501s] [ext: omni.kit.numpy.common-0.1.3] startup
[1.502s] [ext: isaacsim.core.version-2.0.6] startup
[1.502s] [ext: omni.isaac.dynamic_control-2.0.7] startup
2026-09-17T05:54:18Z [1,494ms] [Warning] [omni.isaac.dynamic_control] omni.isaac.dynamic_control is deprecated as of Isaac Sim 4.5. No action is needed from end-users.
[1.505s] [ext: isaacsim.storage.native-1.5.1] startup
[1.506s] [ext: omni.kit.menu.core-1.1.2] startup
[1.507s] [ext: omni.kit.helper.file_utils-0.1.9] startup
[1.508s] [ext: omni.usd.metrics.assembler-107.3.1] startup
[1.512s] [ext: omni.kit.widget.context_menu-1.2.5] startup
[1.512s] [ext: omni.warp.core-1.8.2] startup
[1.629s] [ext: omni.usd.metrics.assembler.physics-107.3.26] startup
[1.630s] [ext: omni.physics.tensors-107.3.26] startup
[1.633s] [ext: omni.kit.context_menu-1.8.6] startup
[1.634s] [ext: omni.kit.clipboard-1.0.5] startup
[1.635s] [ext: isaacsim.core.utils-3.5.1] startup
[1.636s] [ext: omni.kit.widget.filebrowser-2.12.3] startup
[1.639s] [ext: omni.kit.widget.options_menu-1.1.6] startup
[1.641s] [ext: omni.kit.widget.path_field-2.0.11] startup
[1.641s] [ext: omni.index.libs-380600.8087.0] startup
[1.641s] [ext: omni.ui.scene-1.11.5] startup
[1.644s] [ext: omni.kit.widget.options_button-1.0.3] startup
[1.644s] [ext: omni.kit.widget.browser_bar-2.0.10] startup
[1.645s] [ext: omni.index-1.0.1] startup
[1.645s] [ext: omni.hydra.rtx.shadercache.vulkan-1.0.0] startup
[1.646s] [ext: omni.kit.window.filepicker-2.13.4] startup
[1.654s] [ext: omni.volume-0.5.2] startup
[1.656s] [ext: omni.ujitso.client-0.0.0] startup
[1.656s] [ext: omni.graph.tools-1.79.2] startup
[1.670s] [ext: omni.graph.image.core-0.6.1] startup
[1.671s] [ext: omni.hydra.rtx-1.0.0] startup
2026-09-17T05:54:18Z [1,671ms] [Warning] [omni.log] Source: omni.hydra was already registered.
[1.691s] [ext: omni.kit.window.file_importer-1.1.18] startup
[1.693s] [ext: omni.kit.menu.utils-2.0.5] startup
[1.697s] [ext: omni.graph.image.nodes-1.3.1] startup
[1.698s] [ext: omni.kit.widget.searchable_combobox-1.0.6] startup
[1.699s] [ext: omni.kit.hydra_texture-1.4.6] startup
[1.701s] [ext: omni.kit.material.library-2.0.7] startup
[1.704s] [ext: omni.hydra.engine.stats-1.0.3] startup
[1.705s] [ext: omni.kit.viewport.scene_camera_model-1.0.6] startup
[1.708s] [ext: omni.kit.widget.settings-1.2.6] startup
[1.709s] [ext: omni.kit.viewport.legacy_gizmos-1.0.19] startup
[1.710s] [ext: omni.kit.widget.viewport-107.1.3] startup
[1.713s] [ext: omni.kit.viewport.registry-104.0.6] startup
[1.713s] [ext: omni.kit.raycast.query-1.1.0] startup
[1.716s] [ext: omni.physx.tensors-107.3.26] startup
[1.719s] [ext: omni.kit.window.drop_support-1.0.5] startup
[1.720s] [ext: omni.kit.primitive.mesh-1.0.17] startup
[1.722s] [ext: omni.kit.viewport.window-107.2.0] startup
[1.733s] [ext: omni.kit.window.preferences-1.8.0] startup
[1.736s] [ext: isaacsim.core.simulation_manager-1.4.4] startup
[2.527s] [ext: omni.graph.action_core-1.1.7] startup
[2.528s] [ext: omni.graph-1.141.2] startup
[2.555s] [ext: omni.kit.viewport.utility-1.1.2] startup
[2.556s] [ext: omni.kit.viewport.menubar.core-107.2.1] startup
[2.565s] [ext: isaacsim.core.prims-0.6.1] startup
[2.581s] [ext: omni.graph.action_nodes-1.50.4] startup
[2.583s] [ext: omni.kit.stage_template.core-1.1.22] startup
[2.585s] [ext: omni.syntheticdata-0.6.13] startup
[2.606s] [ext: omni.graph.nodes-1.170.10] startup
[2.614s] [ext: omni.graph.action-1.130.0] startup
[2.616s] [ext: omni.kit.stage_templates-2.0.0] startup
[2.621s] [ext: omni.kit.widget.filter-1.1.4] startup
[2.626s] [ext: omni.kit.widget.graph-2.0.0] startup
[2.659s] [ext: omni.kit.property.adapter.core-1.0.2] startup
[2.661s] [ext: omni.kit.window.file_exporter-1.0.33] startup
[2.662s] [ext: omni.kit.widget.searchfield-1.1.8] startup
[2.664s] [ext: omni.kit.hotkeys.core-1.3.10] startup
[2.666s] [ext: omni.kit.graph.delegate.default-1.2.3] startup
[2.666s] [ext: omni.kit.property.adapter.fabric-1.0.3] startup
[2.668s] [ext: omni.kit.widget.stage-3.1.4] startup
[2.675s] [ext: omni.kit.property.adapter.usd-1.0.2] startup
[2.676s] [ext: omni.kit.graph.editor.core-1.5.3] startup
[2.678s] [ext: omni.kit.widget.material_preview-1.0.16] startup
[2.679s] [ext: omni.kit.widget.highlight_label-1.0.3] startup
[2.680s] [ext: omni.kit.window.file-2.0.5] startup
[2.682s] [ext: omni.kit.window.content_browser_registry-0.0.6] startup
[2.683s] [ext: omni.kit.window.property-1.12.1] startup
[2.685s] [ext: omni.kit.window.content_browser-3.1.3] startup
[2.692s] [ext: omni.kit.graph.usd.commands-1.3.1] startup
[2.693s] [ext: omni.kit.property.usd-4.5.12] startup
[2.700s] [ext: omni.graph.ui_nodes-1.50.5] startup
[2.703s] [ext: omni.videoencoding-0.1.2] startup
[2.704s] [ext: omni.kit.window.material_graph-1.9.1] startup
[2.714s] [ext: omni.warp-1.8.2] startup
[2.719s] [ext: isaacsim.core.api-4.8.0] startup
[2.759s] [ext: omni.graph.scriptnode-1.50.0] startup
[2.780s] [ext: isaacsim.test.docstring-1.1.0] startup
[2.789s] [ext: isaacsim.core.experimental.utils-0.3.0] startup
[2.801s] [ext: omni.replicator.core-1.12.27] startup
2026-09-17T05:54:19Z [2,805ms] [Warning] [pxr.Semantics] pxr.Semantics is deprecated - please use Semantics instead
2026-09-17T05:54:19Z [2,872ms] [Warning] [omni.graph.core.plugin] Found duplicate of category 'Replicator' - was 'Annotators', adding 'Fabric Reader'
2026-09-17T05:54:19Z [2,872ms] [Warning] [omni.graph.core.plugin] Category 'Replicator' not accepted on node type 'omni.replicator.core.FabricReader' in extension 'omni.replicator.core'
2026-09-17T05:54:19Z [2,872ms] [Warning] [omni.replicator.core.scripts.extension] No material configuration file, adding configuration to material settings directly.
[2.885s] [ext: isaacsim.core.experimental.prims-0.8.1] startup
[2.916s] [ext: omni.kit.window.extensions-1.4.27] startup
[2.927s] [ext: isaacsim.core.experimental.objects-0.4.0] startup
[2.930s] [ext: omni.ui_query-1.1.8] startup
[2.932s] [ext: omni.kit.manipulator.viewport-107.0.1] startup
[2.934s] [ext: isaacsim.robot.surface_gripper-3.3.1] startup
[2.938s] [ext: omni.kit.ui_test-1.3.7] startup
[2.943s] [ext: omni.graph.visualization.nodes-2.1.3] startup
[2.968s] [ext: isaacsim.robot_motion.lula-4.0.8] startup
[2.976s] [ext: isaacsim.core.nodes-3.4.3] startup
[2.984s] [ext: isaacsim.gui.components-1.2.1] startup
[2.996s] [ext: isaacsim.robot_motion.motion_generation-8.0.26] startup
[3.023s] [ext: isaacsim.robot.manipulators-3.3.6] startup
[3.036s] [ext: isaacsim.core.experimental.materials-0.4.0] startup
[3.054s] [ext: isaacsim.robot.manipulators.examples-1.1.2] startup
[3.059s] [ext: isaacsim.cortex.framework-1.0.12] startup
[3.062s] [ext: isaacsim.cortex.behaviors-2.0.14] startup
[3.064s] [ext: omni.isaac.cortex.sample_behaviors-2.0.5] startup
2026-09-17T05:54:20Z [3,056ms] [Warning] [omni.isaac.cortex] omni.isaac.cortex has been deprecated in favor of isaacsim.cortex.framework. Please update your code accordingly.
2026-09-17T05:54:20Z [3,057ms] [Warning] [omni.isaac.cortex.sample_behaviors] omni.isaac.cortex.sample_behaviors has been deprecated in favor of isaacsim.cortex.behaviors. Please update your code accordingly.
[3.070s] [ext: omni.kit.widget.zoombar-1.0.6] startup
[3.074s] [ext: isaacsim.gui.content_browser-0.1.11] startup
[3.079s] [ext: omni.kit.browser.core-2.3.13] startup
[3.092s] [ext: omni.kit.widget.stage_icons-1.0.8] startup
[3.101s] [ext: omni.kit.widget.prompt-1.0.7] startup
[3.103s] [ext: omni.kit.usd.collect-2.4.5] startup
[3.107s] [ext: omni.kit.browser.folder.core-1.10.9] startup
[3.118s] [ext: omni.kit.window.stage-2.6.1] startup
[3.162s] [ext: omni.kit.usdz_export-1.0.9] startup
[3.167s] [ext: omni.kit.tool.collect-2.2.18] startup
[3.186s] [ext: omni.kit.menu.stage-1.2.7] startup
[3.204s] [ext: omni.kit.tool.asset_importer-4.3.2] startup
[3.224s] [ext: isaacsim.robot.wheeled_robots-4.0.24] startup
[3.402s] [ext: isaacsim.examples.browser-0.2.1] startup
[3.417s] [ext: isaacsim.asset.importer.urdf-2.4.30] startup
[3.493s] [ext: omni.isaac.wheeled_robots-3.0.7] startup
2026-09-17T05:54:20Z [3,484ms] [Warning] [omni.isaac.wheeled_robots] omni.isaac.wheeled_robots has been deprecated in favor of isaacsim.robot.wheeled_robots. Please update your code accordingly.
2026-09-17T05:54:20Z [3,484ms] [Warning] [omni.isaac.wheeled_robots.controllers] omni.isaac.wheeled_robots has been deprecated in favor of isaacsim.robot.wheeled_robots. Please update your code accordingly.
2026-09-17T05:54:20Z [3,485ms] [Warning] [omni.isaac.wheeled_robots.controllers.ackermann_controller] omni.isaac.wheeled_robots has been deprecated in favor of isaacsim.robot.wheeled_robots. Please update your code accordingly.
2026-09-17T05:54:20Z [3,485ms] [Warning] [omni.isaac.wheeled_robots.controllers.differential_controller] omni.isaac.wheeled_robots has been deprecated in favor of isaacsim.robot.wheeled_robots. Please update your code accordingly.
2026-09-17T05:54:20Z [3,486ms] [Warning] [omni.isaac.wheeled_robots.controllers.holonomic_controller] omni.isaac.wheeled_robots has been deprecated in favor of isaacsim.robot.wheeled_robots. Please update your code accordingly.
2026-09-17T05:54:20Z [3,487ms] [Warning] [omni.isaac.wheeled_robots.controllers.quintic_path_planner] omni.isaac.wheeled_robots has been deprecated in favor of isaacsim.robot.wheeled_robots. Please update your code accordingly.
2026-09-17T05:54:20Z [3,487ms] [Warning] [omni.isaac.wheeled_robots.controllers.stanley_control] omni.isaac.wheeled_robots has been deprecated in favor of isaacsim.robot.wheeled_robots. Please update your code accordingly.
2026-09-17T05:54:20Z [3,489ms] [Warning] [omni.isaac.wheeled_robots.controllers.wheel_base_pose_controller] omni.isaac.wheeled_robots has been deprecated in favor of isaacsim.robot.wheeled_robots. Please update your code accordingly.
2026-09-17T05:54:20Z [3,490ms] [Warning] [omni.isaac.wheeled_robots.impl] omni.isaac.wheeled_robots has been deprecated in favor of isaacsim.robot.wheeled_robots. Please update your code accordingly.
2026-09-17T05:54:20Z [3,491ms] [Warning] [omni.isaac.wheeled_robots.robots] omni.isaac.wheeled_robots has been deprecated in favor of isaacsim.robot.wheeled_robots. Please update your code accordingly.
2026-09-17T05:54:20Z [3,491ms] [Warning] [omni.isaac.wheeled_robots.robots.holonomic_robot_usd_setup] omni.isaac.wheeled_robots has been deprecated in favor of isaacsim.robot.wheeled_robots. Please update your code accordingly.
2026-09-17T05:54:20Z [3,491ms] [Warning] [omni.isaac.wheeled_robots.robots.wheeled_robot] omni.isaac.wheeled_robots has been deprecated in favor of isaacsim.robot.wheeled_robots. Please update your code accordingly.
[3.502s] [ext: isaacsim.simulation_app-2.12.2] startup
[3.502s] [ext: omni.isaac.franka-1.0.7] startup
2026-09-17T05:54:20Z [3,493ms] [Warning] [omni.isaac.franka] omni.isaac.franka has been deprecated in favor of isaacsim.robot.manipulators.examples.franka. Please update your code accordingly.
2026-09-17T05:54:20Z [3,493ms] [Warning] [omni.isaac.franka.franka] omni.isaac.franka has been deprecated in favor of isaacsim.robot.manipulators.examples.franka. Please update your code accordingly.
2026-09-17T05:54:20Z [3,510ms] [Warning] [omni.isaac.franka.kinematics_solver] omni.isaac.franka has been deprecated in favor of isaacsim.robot.manipulators.examples.franka. Please update your code accordingly.
[3.521s] [ext: omni.isaac.kit-2.0.6] startup
2026-09-17T05:54:20Z [3,512ms] [Warning] [omni.isaac.kit] omni.isaac.kit has been deprecated in favor of isaacsim.simulation_app. Please update your code accordingly.
[3.523s] [ext: omni.kit.selection-0.1.6] startup
[3.525s] [ext: omni.isaac.lula-4.0.6] startup
2026-09-17T05:54:20Z [3,514ms] [Warning] [omni.isaac.lula] omni.isaac.lula has been deprecated in favor of isaacsim.robot_motion.lula. Please update your code accordingly.
[3.525s] [ext: isaacsim.robot_motion.lula_test_widget-1.0.12] startup
[3.526s] [ext: isaacsim.asset.browser-1.3.23] startup
[3.596s] [ext: omni.kit.viewport.actions-107.0.2] startup
[3.600s] [ext: isaacsim.gui.menu-2.4.4] startup
[3.605s] [ext: omni.isaac.manipulators-3.0.7] startup
2026-09-17T05:54:20Z [3,596ms] [Warning] [omni.isaac.manipulators] omni.isaac.manipulators has been deprecated in favor of isaacsim.robot.manipulators. Please update your code accordingly.
2026-09-17T05:54:20Z [3,596ms] [Warning] [omni.isaac.manipulators.controllers] omni.isaac.manipulators has been deprecated in favor of isaacsim.robot.manipulators. Please update your code accordingly.
2026-09-17T05:54:20Z [3,596ms] [Warning] [omni.isaac.manipulators.controllers.pick_place_controller] omni.isaac.manipulators has been deprecated in favor of isaacsim.robot.manipulators. Please update your code accordingly.
2026-09-17T05:54:20Z [3,598ms] [Warning] [omni.isaac.manipulators.controllers.stacking_controller] omni.isaac.manipulators has been deprecated in favor of isaacsim.robot.manipulators. Please update your code accordingly.
2026-09-17T05:54:20Z [3,598ms] [Warning] [omni.isaac.manipulators.grippers] omni.isaac.manipulators has been deprecated in favor of isaacsim.robot.manipulators. Please update your code accordingly.
2026-09-17T05:54:20Z [3,598ms] [Warning] [omni.isaac.manipulators.grippers.gripper] omni.isaac.manipulators has been deprecated in favor of isaacsim.robot.manipulators. Please update your code accordingly.
2026-09-17T05:54:20Z [3,598ms] [Warning] [omni.isaac.manipulators.grippers.parallel_gripper] omni.isaac.manipulators has been deprecated in favor of isaacsim.robot.manipulators. Please update your code accordingly.
2026-09-17T05:54:20Z [3,598ms] [Warning] [omni.isaac.manipulators.grippers.surface_gripper] omni.isaac.manipulators has been deprecated in favor of isaacsim.robot.manipulators. Please update your code accordingly.
2026-09-17T05:54:20Z [3,598ms] [Warning] [omni.isaac.manipulators.manipulators] omni.isaac.manipulators has been deprecated in favor of isaacsim.robot.manipulators. Please update your code accordingly.
2026-09-17T05:54:20Z [3,598ms] [Warning] [omni.isaac.manipulators.manipulators.single_manipulator] omni.isaac.manipulators has been deprecated in favor of isaacsim.robot.manipulators. Please update your code accordingly.
[3.609s] [ext: omni.isaac.lula_test_widget-1.0.6] startup
2026-09-17T05:54:20Z [3,600ms] [Warning] [omni.isaac.lula_test_widget] omni.isaac.lula_test_widget has been deprecated in favor of isaacsim.robot_motion.lula_test_widget. Please update your code accordingly.
[3.611s] [ext: omni.isaac.asset_browser-1.0.6] startup
2026-09-17T05:54:20Z [3,602ms] [Warning] [omni.isaac.asset_browser] omni.isaac.asset_browser has been deprecated in favor of isaacsim.asset.browser. Please update your code accordingly.
[3.613s] [ext: omni.kit.viewport.menubar.display-107.0.3] startup
[3.617s] [ext: omni.isaac.menu-1.0.6] startup
2026-09-17T05:54:20Z [3,608ms] [Warning] [omni.isaac.menu] omni.isaac.menu has been deprecated in favor of isaacsim.gui.menu. Please update your code accordingly.
[3.619s] [ext: omni.isaac.motion_generation-8.0.7] startup
2026-09-17T05:54:20Z [3,611ms] [Warning] [omni.isaac.motion_generation] omni.isaac.motion_generation has been deprecated in favor of isaacsim.robot_motion.motion_generation. Please update your code accordingly.
2026-09-17T05:54:20Z [3,611ms] [Warning] [omni.isaac.motion_generation.articulation_kinematics_solver] omni.isaac.motion_generation has been deprecated in favor of isaacsim.robot_motion.motion_generation. Please update your code accordingly.
2026-09-17T05:54:20Z [3,611ms] [Warning] [omni.isaac.motion_generation.articulation_motion_policy] omni.isaac.motion_generation has been deprecated in favor of isaacsim.robot_motion.motion_generation. Please update your code accordingly.
2026-09-17T05:54:20Z [3,611ms] [Warning] [omni.isaac.motion_generation.articulation_trajectory] omni.isaac.motion_generation has been deprecated in favor of isaacsim.robot_motion.motion_generation. Please update your code accordingly.
2026-09-17T05:54:20Z [3,611ms] [Warning] [omni.isaac.motion_generation.kinematics_interface] omni.isaac.motion_generation has been deprecated in favor of isaacsim.robot_motion.motion_generation. Please update your code accordingly.
2026-09-17T05:54:20Z [3,611ms] [Warning] [omni.isaac.motion_generation.lula] omni.isaac.motion_generation has been deprecated in favor of isaacsim.robot_motion.motion_generation. Please update your code accordingly.
2026-09-17T05:54:20Z [3,611ms] [Warning] [omni.isaac.motion_generation.lula.kinematics] omni.isaac.motion_generation has been deprecated in favor of isaacsim.robot_motion.motion_generation. Please update your code accordingly.
2026-09-17T05:54:20Z [3,611ms] [Warning] [omni.isaac.motion_generation.lula.motion_policies] omni.isaac.motion_generation has been deprecated in favor of isaacsim.robot_motion.motion_generation. Please update your code accordingly.
2026-09-17T05:54:20Z [3,611ms] [Warning] [omni.isaac.motion_generation.lula.path_planners] omni.isaac.motion_generation has been deprecated in favor of isaacsim.robot_motion.motion_generation. Please update your code accordingly.
2026-09-17T05:54:20Z [3,611ms] [Warning] [omni.isaac.motion_generation.lula.trajectory_generator] omni.isaac.motion_generation has been deprecated in favor of isaacsim.robot_motion.motion_generation. Please update your code accordingly.
2026-09-17T05:54:20Z [3,611ms] [Warning] [omni.isaac.motion_generation.motion_policy_controller] omni.isaac.motion_generation has been deprecated in favor of isaacsim.robot_motion.motion_generation. Please update your code accordingly.
2026-09-17T05:54:20Z [3,612ms] [Warning] [omni.isaac.motion_generation.motion_policy_interface] omni.isaac.motion_generation has been deprecated in favor of isaacsim.robot_motion.motion_generation. Please update your code accordingly.
2026-09-17T05:54:20Z [3,612ms] [Warning] [omni.isaac.motion_generation.path_planner_visualizer] omni.isaac.motion_generation has been deprecated in favor of isaacsim.robot_motion.motion_generation. Please update your code accordingly.
2026-09-17T05:54:20Z [3,612ms] [Warning] [omni.isaac.motion_generation.path_planning_interface] omni.isaac.motion_generation has been deprecated in favor of isaacsim.robot_motion.motion_generation. Please update your code accordingly.
2026-09-17T05:54:20Z [3,612ms] [Warning] [omni.isaac.motion_generation.trajectory] omni.isaac.motion_generation has been deprecated in favor of isaacsim.robot_motion.motion_generation. Please update your code accordingly.
2026-09-17T05:54:20Z [3,612ms] [Warning] [omni.isaac.motion_generation.world_interface] omni.isaac.motion_generation has been deprecated in favor of isaacsim.robot_motion.motion_generation. Please update your code accordingly.
[3.623s] [ext: omni.isaac.assets_check-0.3.13] startup
2026-09-17T05:54:20Z [3,613ms] [Warning] [omni.isaac.assets_check] omni.isaac.assets_check has been deprecated in favor of isaacsim.asset.browser. Please update your code accordingly.
[3.624s] [ext: isaacsim.gui.sensors.icon-2.0.3] startup
[3.634s] [ext: isaacsim.asset.importer.mjcf-2.5.13] startup
[3.639s] [ext: omni.sensors.nv.common-3.0.0] startup
[3.645s] [ext: isaacsim.sensors.physics-0.4.3] startup
[3.650s] [ext: omni.sensors.net-1.0.0] startup
[3.653s] [ext: omni.isaac.nucleus-1.0.6] startup
2026-09-17T05:54:20Z [3,643ms] [Warning] [omni.isaac.nucleus] omni.isaac.nucleus has been deprecated in favor of isaacsim.storage.native. Please update your code accordingly.
2026-09-17T05:54:20Z [3,643ms] [Warning] [omni.isaac.nucleus.nucleus] omni.isaac.nucleus.nucleus has been deprecated in favor of isaacsim.storage.native. Please update your code accordingly.
[3.654s] [ext: omni.sensors.nv.materials-2.0.0] startup
[3.657s] [ext: isaacsim.robot.policy.examples-4.1.11] startup
[3.659s] [ext: omni.sensors.nv.wpm-3.0.0] startup
[3.661s] [ext: omni.sensors.nv.lidar-3.0.0] startup
[3.665s] [ext: isaacsim.util.debug_draw-3.1.0] startup
[3.669s] [ext: omni.sensors.nv.radar-3.0.0] startup
[3.671s] [ext: omni.sensors.nv.ids-2.0.0] startup
[3.672s] [ext: isaacsim.core.cloner-1.4.10] startup
[3.674s] [ext: isaacsim.sensors.physx-2.3.2] startup
[3.677s] [ext: isaacsim.sensors.rtx-15.8.4] startup
[3.683s] [ext: isaacsim.sensors.camera-1.3.6] startup
[3.688s] [ext: omni.isaac.quadruped-3.0.7] startup
2026-09-17T05:54:20Z [3,679ms] [Warning] [omni.isaac.quadruped] omni.isaac.quadruped has been deprecated in favor of isaacsim.robot.policy.examples. Please update your code accordingly.
[3.690s] [ext: omni.isaac.cloner-1.0.7] startup
2026-09-17T05:54:20Z [3,681ms] [Warning] [omni.isaac.cloner] omni.isaac.cloner has been deprecated in favor of isaacsim.core.cloner. Please update your code accordingly.
[3.692s] [ext: omni.isaac.range_sensor-4.0.6] startup
2026-09-17T05:54:20Z [3,684ms] [Warning] [omni.isaac.range_sensor] omni.isaac.range_sensor has been deprecated in favor of isaacsim.sensors.physx. Please update your code accordingly.
2026-09-17T05:54:20Z [3,686ms] [Warning] [omni.isaac.range_sensor.commands] omni.isaac.range_sensor.commands has been deprecated in favor of isaacsim.sensors.physx.commands. Please update your code accordingly.
[3.697s] [ext: omni.isaac.sensor-13.0.7] startup
2026-09-17T05:54:20Z [3,691ms] [Warning] [omni.isaac.sensor] omni.isaac.sensor has been deprecated in favor of isaacsim.sensors.camera, isaacsim.sensors.physics, isaacsim.sensors.physx, and isaacsim.sensors.rtx. Please update your code accordingly.
2026-09-17T05:54:20Z [3,691ms] [Warning] [omni.isaac.sensor.camera] omni.isaac.sensor.camera has been deprecated in favor of isaacsim.sensors.camera.camera. Please update your code accordingly.
2026-09-17T05:54:20Z [3,691ms] [Warning] [omni.isaac.sensor.camera_view] omni.isaac.sensor.camera_view has been deprecated in favor of isaacsim.sensors.camera.camera_view. Please update your code accordingly.
2026-09-17T05:54:20Z [3,691ms] [Warning] [omni.isaac.sensor.commands] omni.isaac.sensor.commands has been deprecated in favor of isaacsim.sensors.physics.commands, isaacsim.sensors.physx.commands, and isaacsim.sensors.rtx.commands. Please update your code accordingly.
2026-09-17T05:54:20Z [3,691ms] [Warning] [omni.isaac.sensor.contact_sensor] omni.isaac.sensor.contact_sensor has been deprecated in favor of isaacsim.sensors.physics.contact_sensor. Please update your code accordingly.
2026-09-17T05:54:20Z [3,692ms] [Warning] [omni.isaac.sensor.imu_sensor] omni.isaac.sensor.imu_sensor has been deprecated in favor of isaacsim.sensors.physics.imu_sensor. Please update your code accordingly.
2026-09-17T05:54:20Z [3,692ms] [Warning] [omni.isaac.sensor.lidar_rtx] omni.isaac.sensor.lidar_rtx has been deprecated in favor of isaacsim.sensors.rtx.lidar_rtx. Please update your code accordingly.
2026-09-17T05:54:20Z [3,693ms] [Warning] [omni.isaac.sensor.rotating_lidar_physX] omni.isaac.sensor.imu_sensor has been deprecated in favor of isaacsim.sensors.physix.rotating_lidar_physX. Please update your code accordingly.
2026-09-17T05:54:20Z [3,695ms] [Warning] [omni.isaac.sensor.scripts.samples.contact_sensor] omni.isaac.sensor.scripts.samples.contact_sensor has been deprecated in favor of isaacsim.sensors.physics.scripts.samples.contact_sensor. Please update your code accordingly.
2026-09-17T05:54:20Z [3,695ms] [Warning] [omni.isaac.sensor.scripts.samples.imu_sensor] omni.isaac.sensor.scripts.samples.imu_sensor has been deprecated in favor of isaacsim.sensors.physics.scripts.samples.imu_sensor. Please update your code accordingly.
2026-09-17T05:54:20Z [3,696ms] [Warning] [omni.isaac.sensor.scripts.samples.lightbeam_sensor] omni.isaac.sensor.scripts.samples.lightbeam_sensor has been deprecated in favor of isaacsim.sensors.physx.scripts.samples.lightbeam_sensor. Please update your code accordingly.
[3.707s] [ext: omni.kit.menu.create-2.0.1] startup
[3.710s] [ext: omni.kit.widget.toolbar-2.0.1] startup
[3.720s] [ext: omni.kit.manipulator.transform-107.0.0] startup
[3.723s] [ext: omni.isaac.core-4.0.7] startup
2026-09-17T05:54:20Z [3,713ms] [Warning] [omni.isaac.core.physics_context.physics_context] omni.isaac.core.physics_context.physics_context has been deprecated in favor of isaacsim.core.api.physics_context.physics_context. Please update your code accordingly.
2026-09-17T05:54:20Z [3,713ms] [Warning] [omni.isaac.core.simulation_context.simulation_context] omni.isaac.core.simulation_context.simulation_context has been deprecated in favor of isaacsim.core.api.simulation_context.simulation_context. Please update your code accordingly.
2026-09-17T05:54:20Z [3,713ms] [Warning] [omni.isaac.core.world.world] omni.isaac.core.world.world has been deprecated in favor of isaacsim.core.api.world.world. Please update your code accordingly.
2026-09-17T05:54:20Z [3,713ms] [Warning] [omni.isaac.core] omni.isaac.core has been deprecated in favor of isaacsim.core.api. Please update your code accordingly.
[3.724s] [ext: omni.kit.scripting-107.3.2] startup
[3.729s] [ext: omni.kit.manipulator.tool.snap-1.5.13] startup
[3.732s] [ext: omni.kit.manipulator.selector-1.1.3] startup
[3.733s] [ext: isaacsim.app.about-2.0.11] startup
[3.737s] [ext: isaacsim.replicator.behavior-1.1.16] startup
[3.738s] [ext: omni.kit.viewport.manipulator.transform-107.0.4] startup
[3.739s] [ext: omni.isaac.window.about-2.0.7] startup
2026-09-17T05:54:20Z [3,730ms] [Warning] [omni.isaac.window.about] omni.isaac.window.about has been deprecated in favor of isaacsim.app.about. Please update your code accordingly.
2026-09-17T05:54:20Z [3,730ms] [Warning] [omni.isaac.window.about.about] omni.isaac.window.about.about has been deprecated in favor of isaacsim.app.about.about. Please update your code accordingly.
[3.741s] [ext: omni.fabric.commands-1.1.6] startup
[3.744s] [ext: omni.kit.manipulator.prim.core-107.0.8] startup
[3.748s] [ext: omni.kit.property.audio-1.0.16] startup
[3.750s] [ext: omni.kit.property.camera-1.0.10] startup
[3.751s] [ext: omni.kit.property.geometry-2.0.4] startup
[3.754s] [ext: omni.hydra.scene_api-0.1.2] startup
[3.757s] [ext: omni.kit.property.light-1.0.12] startup
[3.775s] [ext: omni.kit.manipulator.prim.fabric-107.0.4] startup
[3.777s] [ext: omni.kit.manipulator.prim.usd-107.0.3] startup
[3.779s] [ext: omni.kit.property.material-1.11.9] startup
[3.783s] [ext: omni.kit.property.render-1.2.1] startup
[3.786s] [ext: omni.kit.property.transform-1.5.13] startup
[3.789s] [ext: isaacsim.gui.property-1.1.3] startup
[3.790s] [ext: omni.kit.manipulator.camera-106.0.4] startup
[3.793s] [ext: omni.kit.manipulator.prim-107.0.0] startup
[3.793s] [ext: omni.isaac.surface_gripper-2.0.6] startup
2026-09-17T05:54:20Z [3,783ms] [Warning] [omni.isaac.surface_gripper] omni.isaac.surface_gripper has been deprecated in favor of isaacsim.robot.surface_gripper. Please update your code accordingly.
[3.794s] [ext: omni.kit.manipulator.selection-106.0.1] startup
[3.798s] [ext: omni.kit.property.bundle-1.4.1] startup
[3.798s] [ext: omni.kit.property.isaac-1.0.6] startup
2026-09-17T05:54:20Z [3,788ms] [Warning] [omni.kit.property.isaac] omni.kit.property.isaac has been deprecated in favor of isaacsim.gui.property. Please update your code accordingly.
2026-09-17T05:54:20Z [3,789ms] [Warning] [omni.kit.property.isaac.widgets] omni.kit.property.isaac.widgets has been deprecated in favor of isaacsim.gui.property.widgets. Please update your code accordingly.
[3.799s] [ext: omni.isaac.universal_robots-1.0.6] startup
2026-09-17T05:54:20Z [3,789ms] [Warning] [omni.isaac.universal_robots] omni.isaac.universal_robots has been deprecated in favor of isaacsim.robot.manipulators.examples.universal_robots. Please update your code accordingly.
2026-09-17T05:54:20Z [3,789ms] [Warning] [omni.isaac.universal_robots.kinematics_solver] omni.isaac.franka has been deprecated in favor of isaacsim.robot.manipulators.examples.universal_robots. Please update your code accordingly.
2026-09-17T05:54:20Z [3,790ms] [Warning] [omni.isaac.universal_robots.ur10] omni.isaac.franka has been deprecated in favor of isaacsim.robot.manipulators.examples.universal_robots. Please update your code accordingly.
[3.801s] [ext: omni.isaac.core_nodes-2.0.6] startup
2026-09-17T05:54:20Z [3,792ms] [Warning] [omni.isaac.core_nodes] omni.isaac.core_nodes has been deprecated in favor of isaacsim.core.nodes. Please update your code accordingly.
[3.803s] [ext: omni.kit.viewport.menubar.camera-107.0.6] startup
[3.810s] [ext: omni.kit.viewport.menubar.lighting-107.3.1] startup
[3.812s] [ext: isaacsim.replicator.writers-1.0.17] startup
[3.821s] [ext: omni.kit.viewport.menubar.render-107.0.10] startup
[3.828s] [ext: omni.kit.viewport.menubar.settings-107.0.3] startup
[3.834s] [ext: omni.kit.window.console-1.1.4] startup
[3.837s] [ext: isaacsim.replicator.domain_randomization-1.0.16] startup
[3.838s] [ext: isaacsim.replicator.examples-1.3.6] startup
[3.842s] [ext: omni.ocio-0.1.1] startup
[3.846s] [ext: omni.rtx.window.settings-0.6.19] startup
[3.852s] [ext: omni.kit.window.status_bar-0.1.9] startup
[3.857s] [ext: omni.kit.window.toolbar-2.0.0] startup
[3.868s] [ext: omni.replicator.isaac-2.0.8] startup
2026-09-17T05:54:20Z [3,859ms] [Warning] [omni.replicator.isaac] omni.replicator.isaac has been deprecated in favor of isaacsim.replicator.domain_randomization, isaacsim.replicator.examples, isaacsim.replicator.writers. Please update your code accordingly.
[3.870s] [ext: omni.replicator.replicator_yaml-2.0.11] startup
[3.886s] [ext: omni.rtx.settings.core-0.6.5] startup
[3.892s] [ext: omni.usd.metrics.assembler.ui-107.3.1] startup
[3.902s] [ext: omni.isaac.utils-2.0.6] startup
[3.903s] [ext: semantics.schema.editor-2.0.2] startup
[3.907s] [ext: omni.kit.ui.actions-1.0.5] startup
[3.909s] [ext: semantics.schema.property-2.0.1] startup
[3.911s] [ext: omni.isaac.version-2.0.7] startup
2026-09-17T05:54:20Z [3,901ms] [Warning] [omni.isaac.version] omni.isaac.version has been deprecated in favor of isaacsim.core.version. Please update your code accordingly.
[3.912s] [ext: omni.isaac.cortex-1.0.5] startup
[3.913s] [ext: omni.anim.curve.core-1.3.1] startup
[3.922s] [ext: isaacsim.core.throttling-2.2.2] startup
[3.925s] [ext: omni.kit.menu.common-2.0.1] startup
[3.926s] [ext: isaacsim.exp.base-5.1.0] startup
[3.928s] [ext: isaacsim.exp.base.python-5.1.0] startup
[3.929s] Simulation App Starting
2026-09-17T05:54:20Z [3,973ms] [Warning] [omni.kvdb.plugin] Disabling key-value database because another kit process is locking it
2026-09-17T05:54:20Z [4,000ms] [Warning] [omni.fabric.plugin] Warning: attribute viewportHandle not found for bucket id 9

2026-09-17T05:54:20Z [4,020ms] [Warning] [usdrt.population.plugin] [UsdNoticeHandler] Unhandled attribute type VtArray<std::string> (prim attribute: omni:rtx:material:db:flattener:ior_constant)
2026-09-17T05:54:20Z [4,021ms] [Warning] [usdrt.population.plugin] [UsdNoticeHandler] Unhandled attribute type VtArray<std::string> (prim attribute: omni:rtx:material:db:flattener:reflection_roughness_constant)
2026-09-17T05:54:20Z [4,021ms] [Warning] [usdrt.population.plugin] [UsdNoticeHandler] Unhandled attribute type VtArray<std::string> (prim attribute: omni:rtx:material:db:flattener:transmittance_color)
[4.038s] app ready
[5.903s] Simulation App Startup Complete
2026-09-17T05:54:25Z [8,140ms] [Warning] [omni.fabric.plugin] Warning: attribute evaluatedTranslations not found for bucket id 9

2026-09-17T05:54:27Z [10,440ms] [Error] [omni.kit.app._impl] [py stderr]: ### 트레이 칸 6개 간격 0.075  칸 x [2.172, 2.248, 2.322, 2.397, 2.472, 2.547]
2026-09-17T05:54:27Z [10,544ms] [Error] [omni.kit.app._impl] [py stderr]: ### 책 치수 두께 0.035 길이 0.237 폭 0.163  꽂을 x [2.485, 2.565, 2.405, 2.325]
2026-09-17T05:54:27Z [10,547ms] [Warning] [isaacsim.sensors.camera.camera] 'verticalAperture' (1.5290800094604493) and 'horizontalAperture' (2.0954999923706055) are inconsistent with the pixel resolution aspect ratio (1.7777777777777777). Setting 'verticalAperture' to 1.1787187457084656 to ensure square pixels.
2026-09-17T05:54:27Z [10,551ms] [Warning] [isaacsim.sensors.camera.camera] 'verticalAperture' (1.5290800094604493) and 'horizontalAperture' (2.0954999923706055) are inconsistent with the pixel resolution aspect ratio (1.7777777777777777). Setting 'verticalAperture' to 1.1787187457084656 to ensure square pixels.
[93m[Lula] Joint 'panda_finger_joint2' is specified as a mimic joint, but its control chain ['panda_finger_joint2' -> 'panda_finger_joint1'] terminates with a joint ['panda_finger_joint1'] that is not a c-space coordinate. Mimic attributes will be ignored.
[0m2026-09-17T05:54:27Z [10,972ms] [Error] [omni.kit.app._impl] [py stderr]: ### 데크(트레이) 홈 자세 IK True: [2.774, -0.254, 0.176, -1.928, 0.044, 1.68, -0.987]
2026-09-17T05:54:27Z [10,972ms] [Error] [omni.kit.app._impl] [py stderr]: ### ----- 계획 (칸 → 꽂을 위치) -----
2026-09-17T05:54:27Z [10,990ms] [Error] [omni.kit.app._impl] [py stderr]: ### 작업 0: 칸 0 (x 2.172) → 서가 x 2.485  OK 최대 인접변화 0.091 rad
2026-09-17T05:54:27Z [11,008ms] [Error] [omni.kit.app._impl] [py stderr]: ### 작업 1: 칸 1 (x 2.248) → 서가 x 2.565  OK 최대 인접변화 0.091 rad
2026-09-17T05:54:27Z [11,023ms] [Error] [omni.kit.app._impl] [py stderr]: ### 작업 2: 칸 2 (x 2.322) → 서가 x 2.405  OK 최대 인접변화 0.091 rad
2026-09-17T05:54:27Z [11,038ms] [Error] [omni.kit.app._impl] [py stderr]: ### 작업 3: 칸 3 (x 2.397) → 서가 x 2.325  OK 최대 인접변화 0.091 rad
2026-09-17T05:54:28Z [11,090ms] [Warning] [rtx.postprocessing.plugin] DLSS increasing input dimensions: Render resolution of (480, 270) is below minimal input resolution of 300.
2026-09-17T05:54:28Z [11,175ms] [Error] [omni.kit.app._impl] [py stderr]: ### step     0 → start:set_gripper
2026-09-17T05:54:28Z [11,217ms] [Warning] [omni.syntheticdata.plugin] OgnSdPostRenderVarToHost : rendervar copy from texture directly to host buffer is counter-performant. Please use copy from texture to device buffer first.
2026-09-17T05:54:28Z [11,230ms] [Error] [omni.kit.app._impl] [py stderr]: ### step    19 → idle
2026-09-17T05:54:28Z [11,232ms] [Error] [omni.kit.app._impl] [py stderr]: ### step    20 → move_joint
2026-09-17T05:54:28Z [11,498ms] [Error] [omni.kit.app._impl] [py stderr]: ### step   107 → idle
2026-09-17T05:54:28Z [11,501ms] [Error] [omni.kit.app._impl] [py stderr]: ### step   108 → move_joint
2026-09-17T05:54:29Z [12,255ms] [Error] [omni.kit.app._impl] [py stderr]: ### step   385 → idle
2026-09-17T05:54:29Z [12,257ms] [Error] [omni.kit.app._impl] [py stderr]: ### step   386 → move_joint
2026-09-17T05:54:29Z [12,331ms] [Error] [omni.kit.app._impl] [py stderr]: ### step   413 → idle
2026-09-17T05:54:29Z [12,332ms] [Error] [omni.kit.app._impl] [py stderr]: ### step   414 → j0:set_gripper
2026-09-17T05:54:29Z [12,378ms] [Error] [omni.kit.app._impl] [py stderr]: ### step   431 → j0:approach
2026-09-17T05:54:29Z [12,618ms] [Error] [omni.kit.app._impl] [py stderr]: ### step   511 → j0:down
2026-09-17T05:54:29Z [12,784ms] [Error] [omni.kit.app._impl] [py stderr]: ### step   574 → j0:set_gripper
2026-09-17T05:54:29Z [12,850ms] [Warning] [carb] Client gpu.foundation.plugin has acquired [gpu::unstable::IMemoryBudgetManagerFactory v0.1] 100 times. Consider accessing this interface with carb::getCachedInterface() (Performance warning)
2026-09-17T05:54:29Z [12,863ms] [Error] [omni.kit.app._impl] [py stderr]: ### step   610 → j0:attach
2026-09-17T05:54:29Z [12,895ms] [Error] [omni.kit.app._impl] [py stderr]: ### step   611 → j0:lift
2026-09-17T05:54:30Z [13,148ms] [Error] [omni.kit.app._impl] [py stderr]: ### step   696 → j0:carry_rotate
2026-09-17T05:54:35Z [19,024ms] [Error] [omni.kit.app._impl] [py stderr]: ### step  1126 → j0:wedge
2026-09-17T05:54:36Z [19,843ms] [Error] [omni.kit.app._impl] [py stderr]: ### step  1187 → j0:detach
2026-09-17T05:54:36Z [19,846ms] [Error] [omni.kit.app._impl] [py stderr]: ### step  1188 → j0:set_gripper
2026-09-17T05:54:36Z [19,902ms] [Error] [omni.kit.app._impl] [py stderr]: ### step  1212 → j0:wait
2026-09-17T05:54:36Z [19,939ms] [Error] [omni.kit.app._impl] [py stderr]: ### step  1236 → j0:back
2026-09-17T05:54:36Z [20,028ms] [Error] [omni.kit.app._impl] [py stderr]: ### step  1263 → j0:set_gripper
2026-09-17T05:54:37Z [20,097ms] [Error] [omni.kit.app._impl] [py stderr]: ### step  1291 → j0:touch
2026-09-17T05:54:37Z [20,115ms] [Error] [omni.kit.app._impl] [py stderr]: ### step  1301 → j0:push
2026-09-17T05:54:37Z [20,373ms] [Error] [omni.kit.app._impl] [py stderr]: ### step  1390 → j0:wait
2026-09-17T05:54:37Z [20,422ms] [Error] [omni.kit.app._impl] [py stderr]: ### step  1408 → j0:retreat
2026-09-17T05:54:37Z [20,582ms] [Error] [omni.kit.app._impl] [py stderr]: ### step  1464 → j0:set_gripper
2026-09-17T05:54:37Z [20,647ms] [Error] [omni.kit.app._impl] [py stderr]: ### step  1486 → j0:return
2026-09-17T05:54:38Z [21,254ms] [Error] [omni.kit.app._impl] [py stderr]: ### step  1714 → idle
2026-09-17T05:54:38Z [21,257ms] [Error] [omni.kit.app._impl] [py stderr]: ### step  1715 → j1:set_gripper
2026-09-17T05:54:38Z [21,300ms] [Error] [omni.kit.app._impl] [py stderr]: ### step  1732 → j1:approach
2026-09-17T05:54:38Z [21,506ms] [Error] [omni.kit.app._impl] [py stderr]: ### step  1806 → j1:down
2026-09-17T05:54:38Z [21,708ms] [Error] [omni.kit.app._impl] [py stderr]: ### step  1877 → j1:set_gripper
2026-09-17T05:54:38Z [21,784ms] [Error] [omni.kit.app._impl] [py stderr]: ### step  1913 → j1:attach
2026-09-17T05:54:38Z [21,813ms] [Error] [omni.kit.app._impl] [py stderr]: ### step  1914 → j1:lift
2026-09-17T05:54:39Z [22,086ms] [Error] [omni.kit.app._impl] [py stderr]: ### step  2006 → j1:carry_rotate
2026-09-17T05:54:44Z [27,813ms] [Error] [omni.kit.app._impl] [py stderr]: ### step  2424 → j1:wedge
2026-09-17T05:54:45Z [28,835ms] [Error] [omni.kit.app._impl] [py stderr]: ### step  2499 → j1:detach
2026-09-17T05:54:45Z [28,838ms] [Error] [omni.kit.app._impl] [py stderr]: ### step  2500 → j1:set_gripper
2026-09-17T05:54:45Z [28,910ms] [Error] [omni.kit.app._impl] [py stderr]: ### step  2524 → j1:wait
2026-09-17T05:54:45Z [28,933ms] [Error] [omni.kit.app._impl] [py stderr]: ### step  2548 → j1:back
2026-09-17T05:54:45Z [29,035ms] [Error] [omni.kit.app._impl] [py stderr]: ### step  2580 → j1:set_gripper
2026-09-17T05:54:46Z [29,096ms] [Error] [omni.kit.app._impl] [py stderr]: ### step  2608 → j1:touch
2026-09-17T05:54:46Z [29,131ms] [Error] [omni.kit.app._impl] [py stderr]: ### step  2620 → j1:push
2026-09-17T05:54:46Z [29,427ms] [Error] [omni.kit.app._impl] [py stderr]: ### step  2723 → j1:wait
2026-09-17T05:54:46Z [29,475ms] [Error] [omni.kit.app._impl] [py stderr]: ### step  2741 → j1:retreat
2026-09-17T05:54:46Z [29,672ms] [Error] [omni.kit.app._impl] [py stderr]: ### step  2808 → j1:set_gripper
2026-09-17T05:54:46Z [29,723ms] [Error] [omni.kit.app._impl] [py stderr]: ### step  2830 → j1:return
2026-09-17T05:54:47Z [30,379ms] [Error] [omni.kit.app._impl] [py stderr]: ### step  3067 → idle
2026-09-17T05:54:47Z [30,381ms] [Error] [omni.kit.app._impl] [py stderr]: ### step  3068 → j2:set_gripper
2026-09-17T05:54:47Z [30,422ms] [Error] [omni.kit.app._impl] [py stderr]: ### step  3085 → j2:approach
2026-09-17T05:54:47Z [30,629ms] [Error] [omni.kit.app._impl] [py stderr]: ### step  3161 → j2:down
2026-09-17T05:54:47Z [30,859ms] [Error] [omni.kit.app._impl] [py stderr]: ### step  3241 → j2:set_gripper
2026-09-17T05:54:47Z [30,934ms] [Error] [omni.kit.app._impl] [py stderr]: ### step  3277 → j2:attach
2026-09-17T05:54:47Z [30,964ms] [Error] [omni.kit.app._impl] [py stderr]: ### step  3278 → j2:lift
2026-09-17T05:54:48Z [31,270ms] [Error] [omni.kit.app._impl] [py stderr]: ### step  3381 → j2:carry_rotate
2026-09-17T05:54:53Z [36,166ms] [Error] [omni.kit.app._impl] [py stderr]: ### step  3739 → j2:wedge
2026-09-17T05:54:53Z [36,790ms] [Error] [omni.kit.app._impl] [py stderr]: ### step  3786 → j2:detach
2026-09-17T05:54:53Z [36,794ms] [Error] [omni.kit.app._impl] [py stderr]: ### step  3787 → j2:set_gripper
2026-09-17T05:54:53Z [36,863ms] [Error] [omni.kit.app._impl] [py stderr]: ### step  3811 → j2:wait
2026-09-17T05:54:53Z [36,884ms] [Error] [omni.kit.app._impl] [py stderr]: ### step  3835 → j2:back
2026-09-17T05:54:53Z [36,955ms] [Error] [omni.kit.app._impl] [py stderr]: ### step  3856 → j2:set_gripper
2026-09-17T05:54:53Z [37,017ms] [Error] [omni.kit.app._impl] [py stderr]: ### step  3884 → j2:touch
2026-09-17T05:54:54Z [37,044ms] [Error] [omni.kit.app._impl] [py stderr]: ### step  3891 → j2:push
2026-09-17T05:54:54Z [37,256ms] [Error] [omni.kit.app._impl] [py stderr]: ### step  3968 → j2:wait
2026-09-17T05:54:54Z [37,304ms] [Error] [omni.kit.app._impl] [py stderr]: ### step  3986 → j2:retreat
2026-09-17T05:54:54Z [37,424ms] [Error] [omni.kit.app._impl] [py stderr]: ### step  4030 → j2:set_gripper
2026-09-17T05:54:54Z [37,492ms] [Error] [omni.kit.app._impl] [py stderr]: ### step  4052 → j2:return
2026-09-17T05:54:55Z [38,077ms] [Error] [omni.kit.app._impl] [py stderr]: ### step  4272 → idle
2026-09-17T05:54:55Z [38,079ms] [Error] [omni.kit.app._impl] [py stderr]: ### step  4273 → j3:set_gripper
2026-09-17T05:54:55Z [38,130ms] [Error] [omni.kit.app._impl] [py stderr]: ### step  4290 → j3:approach
2026-09-17T05:54:55Z [38,332ms] [Error] [omni.kit.app._impl] [py stderr]: ### step  4365 → j3:down
2026-09-17T05:54:55Z [38,593ms] [Error] [omni.kit.app._impl] [py stderr]: ### step  4458 → j3:set_gripper
2026-09-17T05:54:55Z [38,664ms] [Error] [omni.kit.app._impl] [py stderr]: ### step  4494 → j3:attach
2026-09-17T05:54:55Z [38,694ms] [Error] [omni.kit.app._impl] [py stderr]: ### step  4495 → j3:lift
2026-09-17T05:54:56Z [39,054ms] [Error] [omni.kit.app._impl] [py stderr]: ### step  4613 → j3:carry_rotate
2026-09-17T05:55:01Z [44,441ms] [Error] [omni.kit.app._impl] [py stderr]: ### step  5005 → j3:wedge
2026-09-17T05:55:01Z [44,995ms] [Error] [omni.kit.app._impl] [py stderr]: ### step  5047 → j3:detach
2026-09-17T05:55:01Z [44,998ms] [Error] [omni.kit.app._impl] [py stderr]: ### step  5048 → j3:set_gripper
2026-09-17T05:55:02Z [45,187ms] [Error] [omni.kit.app._impl] [py stderr]: ### step  5072 → j3:wait
2026-09-17T05:55:02Z [45,216ms] [Error] [omni.kit.app._impl] [py stderr]: ### step  5096 → j3:back
2026-09-17T05:55:02Z [45,292ms] [Error] [omni.kit.app._impl] [py stderr]: ### step  5117 → j3:set_gripper
2026-09-17T05:55:02Z [45,364ms] [Error] [omni.kit.app._impl] [py stderr]: ### step  5145 → j3:touch
2026-09-17T05:55:02Z [45,382ms] [Error] [omni.kit.app._impl] [py stderr]: ### step  5151 → j3:push
2026-09-17T05:55:02Z [45,599ms] [Error] [omni.kit.app._impl] [py stderr]: ### step  5225 → j3:wait
2026-09-17T05:55:02Z [45,652ms] [Error] [omni.kit.app._impl] [py stderr]: ### step  5243 → j3:retreat
2026-09-17T05:55:02Z [45,773ms] [Error] [omni.kit.app._impl] [py stderr]: ### step  5285 → j3:set_gripper
2026-09-17T05:55:02Z [45,827ms] [Error] [omni.kit.app._impl] [py stderr]: ### step  5307 → j3:return
2026-09-17T05:55:03Z [46,464ms] [Error] [omni.kit.app._impl] [py stderr]: ### step  5522 → idle
2026-09-17T05:55:03Z [46,464ms] [Error] [omni.kit.app._impl] [py stderr]: ### 전체 완료 step 5522
2026-09-17T05:55:03Z [46,528ms] [Error] [omni.kit.app._impl] [py stderr]: ### 작업 0: 성공  M0  세움 True 깊이 True 책등 y -2.551(목표 -2.555) x 2.486(목표 2.485)
2026-09-17T05:55:03Z [46,528ms] [Error] [omni.kit.app._impl] [py stderr]: ### 작업 1: 성공  M0  세움 True 깊이 True 책등 y -2.551(목표 -2.555) x 2.566(목표 2.565)
2026-09-17T05:55:03Z [46,528ms] [Error] [omni.kit.app._impl] [py stderr]: ### 작업 2: 성공  M0  세움 True 깊이 True 책등 y -2.551(목표 -2.555) x 2.405(목표 2.405)
2026-09-17T05:55:03Z [46,528ms] [Error] [omni.kit.app._impl] [py stderr]: ### 작업 3: 성공  M0  세움 True 깊이 True 책등 y -2.551(목표 -2.555) x 2.324(목표 2.325)
2026-09-17T05:55:03Z [46,528ms] [Error] [omni.kit.app._impl] [py stderr]: ### 작업별 소요(초, 마지막 단계 시작까지): {0: 17.9, 1: 18.6, 2: 16.4, 3: 17.2}  전체 92.0
2026-09-17T05:55:03Z [46,528ms] [Error] [omni.kit.app._impl] [py stderr]: ### 관절 각속도: 최대 한계의 126%, 80% 초과 53스텝
2026-09-17T05:55:03Z [46,528ms] [Error] [omni.kit.app._impl] [py stderr]: ### 결과: 4/4 성공
[47.722s] Simulation App Shutting Down
MB_DONE
