[Info] [carb] Logging to file: /home/rokey/isaacsim/kit/logs/Kit/Isaac-Sim Python/5.1/kit_20260917_145935.log
2026-09-17T05:59:36Z [0ms] [Warning] [carb.crashreporter-breakpad.plugin] [previous crash] preventing upload of minidump due to user opt-out: '/home/rokey/isaacsim/kit/data/Kit/Isaac-Sim Python/5.1/fc99d165-c9ea-41c6-bf8abab5-b7340e51.dmp'
2026-09-17T05:59:36Z [0ms] [Warning] [carb.crashreporter-breakpad.plugin] [previous crash] preventing upload of minidump due to user opt-out: '/home/rokey/isaacsim/kit/data/Kit/Isaac-Sim Python/5.1/be7a1636-ad49-4711-a04b3693-1c0c4f8f.dmp'
[0.026s] [ext: omni.kit.async_engine-0.0.3] startup
[0.175s] [ext: omni.metrics.core-0.0.3] startup
[0.175s] [ext: omni.client.lib-1.1.0] startup
[0.182s] [ext: omni.blobkey-1.1.2] startup
[0.182s] [ext: omni.stats-1.0.1] startup
[0.183s] [ext: omni.datastore-0.0.0] startup
[0.186s] [ext: omni.client-1.3.0] startup
[0.189s] [ext: omni.ujitso.default-1.0.0] startup
[0.190s] [ext: omni.hsscclient-1.1.2] startup
[0.192s] [ext: omni.gpu_foundation.shadercache.vulkan-1.0.0] startup
[0.193s] [ext: omni.assets.plugins-0.0.0] startup
[0.193s] [ext: omni.gpu_foundation-0.0.0] startup
[0.197s] [ext: carb.windowing.plugins-1.0.0] startup
2026-09-17T05:59:36Z [188ms] [Warning] [carb.windowing-glfw.plugin] GLFW initialization failed.
2026-09-17T05:59:36Z [188ms] [Warning] [carb] Failed to startup plugin carb.windowing-glfw.plugin (interfaces: [carb::windowing::IGLContext v1.0],[carb::windowing::IWindowing v1.5]) (impl: carb.windowing-glfw.plugin)
[0.197s] [ext: omni.kit.renderer.init-0.0.0] startup
2026-09-17T05:59:36Z [198ms] [Warning] [omni.platforminfo.plugin] failed to open the default display.  Can't verify X Server version.
2026-09-17T05:59:36Z [590ms] [Warning] [gpu.foundation.plugin] Skipping unsupported non-NVIDIA GPU: Intel(R) Graphics (ARL)
2026-09-17T05:59:36Z [590ms] [Warning] [gpu.foundation.plugin] Skipping unsupported non-NVIDIA GPU: Intel(R) Graphics (ARL)

|---------------------------------------------------------------------------------------------|
| Driver Version: 580.173.02    | Graphics API: Vulkan
|=============================================================================================|
| GPU | Name                             | Active | LDA | GPU Memory | Vendor-ID | LUID       |
|     |                                  |        |     |            | Device-ID | UUID       |
|     |                                  |        |     |            | Bus-ID    |            |
|---------------------------------------------------------------------------------------------|
| 0   | NVIDIA GeForce RTX 5080 Laptop.. | Yes: 0 |     | 16303   MB | 10de      | 0          |
|     |                                  |        |     |            | 2c19      | 507b5eb6.. |
|     |                                  |        |     |            | 1         |            |
|---------------------------------------------------------------------------------------------|
| 1   | Intel(R) Graphics (ARL)          |        |     | 47779   MB | 8086      | 0          |
|     |                                  |        |     |            | 7d67      | 8680677d.. |
|     |                                  |        |     |            | 0         |            |
|=============================================================================================|
| OS: 24.04.4 LTS (Noble Numbat) ubuntu, Version: 24.04.4, Kernel: 6.14.0-27-generic
| Processor: Intel(R) Core(TM) Ultra 9 275HX
| Cores: 24 | Logical Cores: 24
|---------------------------------------------------------------------------------------------|
| Total Memory (MB): 63706 | Free Memory: 57728
| Total Page/Swap (MB): 8191 | Free Page/Swap: 8191
|---------------------------------------------------------------------------------------------|
2026-09-17T05:59:36Z [915ms] [Warning] [gpu.foundation.plugin] CPU performance profile is set to powersave. This profile sets the CPU to the lowest frequency reducing performance.
2026-09-17T05:59:36Z [924ms] [Warning] [gpu.foundation.plugin] PCIe link width current (8) and maximum (16) for device 0 don't match.
2026-09-17T05:59:36Z [924ms] [Warning] [gpu.foundation.plugin] IOMMU is enabled.
2026-09-17T05:59:36Z [924ms] [Warning] [gpu.foundation.plugin] Detected IOMMU is enabled. Running CUDA peer-to-peer bandwidth and latency validation.
Unidirectional P2P=Enabled Bandwidth (P2P Writes) Matrix (GB/s)
   D\D     0 
     0 519.45 
P2P=Enabled Latency (P2P Writes) Matrix (us)
   GPU     0 
     0   2.06 

   CPU     0 
     0   1.63 
[1.059s] [ext: omni.kit.pipapi-0.0.0] startup
[1.060s] [ext: omni.kit.pip_archive-0.0.0] startup
[1.060s] [ext: omni.pip.compute-1.6.3] startup
[1.061s] [ext: omni.materialx.libs-1.0.7] startup
[1.065s] [ext: omni.pip.cloud-1.4.3] startup
[1.067s] [ext: omni.isaac.core_archive-3.0.0] startup
[1.068s] [ext: omni.usd.config-1.0.6] startup
[1.069s] [ext: omni.gpucompute.plugins-0.0.0] startup
[1.069s] [ext: omni.usd.libs-1.0.1] startup
[1.111s] [ext: omni.kit.telemetry-0.5.2] startup
[1.130s] [ext: omni.mdl-56.0.3] startup
[1.175s] [ext: omni.iray.libs-0.0.0] startup
[1.179s] [ext: omni.mdl.neuraylib-0.2.12] startup
[1.181s] [ext: omni.kit.usd.mdl-1.1.5] startup
[1.239s] [ext: omni.isaac.ml_archive-3.0.4] startup
[1.239s] [ext: omni.kit.loop-isaac-1.3.7] startup
[1.240s] [ext: omni.kit.test-2.0.1] startup
[1.270s] [ext: omni.appwindow-1.1.10] startup
2026-09-17T05:59:37Z [1,261ms] [Warning] [carb.windowing-glfw.plugin] GLFW initialization failed.
2026-09-17T05:59:37Z [1,261ms] [Warning] [carb] Failed to startup plugin carb.windowing-glfw.plugin (interfaces: [carb::windowing::IGLContext v1.0],[carb::windowing::IWindowing v1.5]) (impl: carb.windowing-glfw.plugin)
[1.271s] [ext: omni.kit.renderer.core-1.1.0] startup
2026-09-17T05:59:37Z [1,278ms] [Warning] [carb.windowing-glfw.plugin] GLFW initialization failed.
2026-09-17T05:59:37Z [1,278ms] [Warning] [carb] Failed to startup plugin carb.windowing-glfw.plugin (interfaces: [carb::windowing::IGLContext v1.0],[carb::windowing::IWindowing v1.5]) (impl: carb.windowing-glfw.plugin)
2026-09-17T05:59:37Z [1,284ms] [Warning] [carb.windowing-glfw.plugin] GLFW initialization failed.
2026-09-17T05:59:37Z [1,284ms] [Warning] [carb] Failed to startup plugin carb.windowing-glfw.plugin (interfaces: [carb::windowing::IGLContext v1.0],[carb::windowing::IWindowing v1.5]) (impl: carb.windowing-glfw.plugin)
[1.294s] [ext: omni.kit.renderer.capture-0.0.0] startup
[1.295s] [ext: omni.kit.renderer.imgui-2.0.5] startup
2026-09-17T05:59:37Z [1,288ms] [Warning] [carb.windowing-glfw.plugin] GLFW initialization failed.
2026-09-17T05:59:37Z [1,288ms] [Warning] [carb] Failed to startup plugin carb.windowing-glfw.plugin (interfaces: [carb::windowing::IGLContext v1.0],[carb::windowing::IWindowing v1.5]) (impl: carb.windowing-glfw.plugin)
2026-09-17T05:59:37Z [1,289ms] [Warning] [carb.windowing-glfw.plugin] GLFW initialization failed.
2026-09-17T05:59:37Z [1,289ms] [Warning] [carb] Failed to startup plugin carb.windowing-glfw.plugin (interfaces: [carb::windowing::IGLContext v1.0],[carb::windowing::IWindowing v1.5]) (impl: carb.windowing-glfw.plugin)
2026-09-17T05:59:37Z [1,289ms] [Warning] [carb.windowing-glfw.plugin] GLFW initialization failed.
2026-09-17T05:59:37Z [1,289ms] [Warning] [carb] Failed to startup plugin carb.windowing-glfw.plugin (interfaces: [carb::windowing::IGLContext v1.0],[carb::windowing::IWindowing v1.5]) (impl: carb.windowing-glfw.plugin)
[1.338s] [ext: omni.ui-2.27.1] startup
[1.344s] [ext: omni.kit.mainwindow-1.0.3] startup
[1.344s] [ext: carb.audio-0.1.0] startup
[1.346s] [ext: omni.uiaudio-1.0.0] startup
[1.347s] [ext: omni.kit.uiapp-0.0.0] startup
[1.347s] [ext: omni.usd.schema.metrics.assembler-107.3.1] startup
[1.348s] [ext: omni.usd.schema.audio-0.0.0] startup
[1.350s] [ext: omni.anim.graph.schema-107.3.3] startup
[1.355s] [ext: omni.usd_resolver-1.0.0] startup
[1.357s] [ext: omni.usd.core-1.5.3] startup
[1.358s] [ext: omni.usd.schema.render_settings.rtx-0.0.0] startup
[1.371s] [ext: omni.usd.schema.semantics-0.0.0] startup
[1.372s] [ext: isaacsim.robot.schema-3.6.0] startup
[1.376s] [ext: omni.usd.schema.geospatial-0.0.0] startup
[1.377s] [ext: omni.usd.schema.anim-0.0.0] startup
[1.385s] [ext: omni.kit.window.popup_dialog-2.0.24] startup
[1.387s] [ext: usdrt.scenegraph-7.6.1] startup
[1.408s] [ext: omni.timeline-1.0.14] startup
[1.409s] [ext: omni.resourcemonitor-107.0.1] startup
[1.410s] [ext: omni.activity.core-1.0.3] startup
[1.411s] [ext: omni.kit.widget.nucleus_connector-2.0.1] startup
[1.412s] [ext: omni.hydra.usdrt_delegate-7.5.1] startup
[1.415s] [ext: omni.kit.actions.core-1.0.0] startup
[1.416s] [ext: omni.graph.exec-0.9.6] startup
[1.416s] [ext: omni.kit.commands-1.4.10] startup
[1.418s] [ext: omni.kit.usd_undo-0.1.8] startup
[1.418s] [ext: omni.kit.exec.core-0.13.4] startup
[1.419s] [ext: omni.kit.audiodeviceenum-1.0.2] startup
[1.420s] [ext: omni.hydra.scene_delegate-0.3.4] startup
[1.422s] [ext: omni.usd-1.13.10] startup
[1.438s] [ext: omni.kit.asset_converter-5.0.17] startup
[1.444s] [ext: omni.usd.schema.flow-107.1.1] startup
[1.444s] [ext: omni.usd.schema.omnigraph-1.0.0] startup
[1.447s] [ext: omni.usd.schema.omni_sensors-0.0.0] startup
[1.447s] [ext: omni.anim.navigation.schema-107.3.3] startup
[1.449s] [ext: omni.inspect-1.0.2] startup
[1.450s] [ext: omni.kit.notification_manager-1.0.10] startup
[1.450s] [ext: omni.graph.core-2.184.5] startup
[1.452s] [ext: isaacsim.core.deprecation_manager-0.2.7] startup
[1.452s] [ext: omni.usd.schema.physx-107.3.26] startup
[1.470s] [ext: omni.usd.schema.isaac-3.0.5] startup
[1.470s] [ext: omni.usd.schema.omniscripting-1.0.0] startup
[1.473s] [ext: omni.usd.schema.omni_lens_distortion-0.0.0] startup
[1.473s] [ext: omni.kvdb-107.3.26] startup
[1.474s] [ext: omni.usdphysics-107.3.26] startup
[1.475s] [ext: omni.physx.foundation-107.3.26] startup
[1.476s] [ext: omni.localcache-107.3.26] startup
[1.476s] [ext: omni.convexdecomposition-107.3.26] startup
[1.478s] [ext: omni.physx.cooking-107.3.26] startup
[1.479s] [ext: omni.physx-107.3.26] startup
[1.485s] [ext: omni.physics-107.3.26] startup
[1.486s] [ext: omni.kit.usd.layers-2.2.11] startup
[1.491s] [ext: omni.physics.physx-107.3.26] startup
2026-09-17T05:59:37Z [1,482ms] [Warning] [carb] Acquiring non optional plugin interface which is not listed as dependency: [omni::physx::IPhysxBenchmarks v1.0] (plugin: <default plugin>), by client: omni.physics.physx.plugin. Add it to CARB_PLUGIN_IMPL_DEPS() macro of a client.
[1.492s] [ext: omni.physics.stageupdate-107.3.26] startup
[1.493s] [ext: omni.kit.numpy.common-0.1.3] startup
[1.493s] [ext: isaacsim.core.version-2.0.6] startup
[1.494s] [ext: omni.isaac.dynamic_control-2.0.7] startup
2026-09-17T05:59:37Z [1,487ms] [Warning] [omni.isaac.dynamic_control] omni.isaac.dynamic_control is deprecated as of Isaac Sim 4.5. No action is needed from end-users.
[1.497s] [ext: isaacsim.storage.native-1.5.1] startup
[1.497s] [ext: omni.kit.menu.core-1.1.2] startup
[1.498s] [ext: omni.kit.helper.file_utils-0.1.9] startup
[1.499s] [ext: omni.usd.metrics.assembler-107.3.1] startup
[1.503s] [ext: omni.kit.widget.context_menu-1.2.5] startup
[1.503s] [ext: omni.warp.core-1.8.2] startup
[1.614s] [ext: omni.usd.metrics.assembler.physics-107.3.26] startup
[1.615s] [ext: omni.physics.tensors-107.3.26] startup
[1.618s] [ext: omni.kit.context_menu-1.8.6] startup
[1.619s] [ext: omni.kit.clipboard-1.0.5] startup
[1.619s] [ext: isaacsim.core.utils-3.5.1] startup
[1.621s] [ext: omni.kit.widget.filebrowser-2.12.3] startup
[1.623s] [ext: omni.kit.widget.options_menu-1.1.6] startup
[1.625s] [ext: omni.kit.widget.path_field-2.0.11] startup
[1.625s] [ext: omni.index.libs-380600.8087.0] startup
[1.625s] [ext: omni.ui.scene-1.11.5] startup
[1.628s] [ext: omni.kit.widget.options_button-1.0.3] startup
[1.628s] [ext: omni.kit.widget.browser_bar-2.0.10] startup
[1.629s] [ext: omni.index-1.0.1] startup
[1.629s] [ext: omni.hydra.rtx.shadercache.vulkan-1.0.0] startup
[1.630s] [ext: omni.kit.window.filepicker-2.13.4] startup
[1.637s] [ext: omni.volume-0.5.2] startup
[1.638s] [ext: omni.ujitso.client-0.0.0] startup
[1.639s] [ext: omni.graph.tools-1.79.2] startup
[1.651s] [ext: omni.graph.image.core-0.6.1] startup
[1.652s] [ext: omni.hydra.rtx-1.0.0] startup
2026-09-17T05:59:37Z [1,652ms] [Warning] [omni.log] Source: omni.hydra was already registered.
[1.669s] [ext: omni.kit.window.file_importer-1.1.18] startup
[1.670s] [ext: omni.kit.menu.utils-2.0.5] startup
[1.674s] [ext: omni.graph.image.nodes-1.3.1] startup
[1.675s] [ext: omni.kit.widget.searchable_combobox-1.0.6] startup
[1.675s] [ext: omni.kit.hydra_texture-1.4.6] startup
[1.677s] [ext: omni.kit.material.library-2.0.7] startup
[1.680s] [ext: omni.hydra.engine.stats-1.0.3] startup
[1.681s] [ext: omni.kit.viewport.scene_camera_model-1.0.6] startup
[1.683s] [ext: omni.kit.widget.settings-1.2.6] startup
[1.684s] [ext: omni.kit.viewport.legacy_gizmos-1.0.19] startup
[1.686s] [ext: omni.kit.widget.viewport-107.1.3] startup
[1.688s] [ext: omni.kit.viewport.registry-104.0.6] startup
[1.688s] [ext: omni.kit.raycast.query-1.1.0] startup
[1.690s] [ext: omni.physx.tensors-107.3.26] startup
[1.694s] [ext: omni.kit.window.drop_support-1.0.5] startup
[1.694s] [ext: omni.kit.primitive.mesh-1.0.17] startup
[1.696s] [ext: omni.kit.viewport.window-107.2.0] startup
[1.706s] [ext: omni.kit.window.preferences-1.8.0] startup
[1.709s] [ext: isaacsim.core.simulation_manager-1.4.4] startup
[2.433s] [ext: omni.graph.action_core-1.1.7] startup
[2.434s] [ext: omni.graph-1.141.2] startup
[2.458s] [ext: omni.kit.viewport.utility-1.1.2] startup
[2.459s] [ext: omni.kit.viewport.menubar.core-107.2.1] startup
[2.467s] [ext: isaacsim.core.prims-0.6.1] startup
[2.482s] [ext: omni.graph.action_nodes-1.50.4] startup
[2.484s] [ext: omni.kit.stage_template.core-1.1.22] startup
[2.486s] [ext: omni.syntheticdata-0.6.13] startup
[2.504s] [ext: omni.graph.nodes-1.170.10] startup
[2.510s] [ext: omni.graph.action-1.130.0] startup
[2.512s] [ext: omni.kit.stage_templates-2.0.0] startup
[2.516s] [ext: omni.kit.widget.filter-1.1.4] startup
[2.517s] [ext: omni.kit.widget.graph-2.0.0] startup
[2.528s] [ext: omni.kit.property.adapter.core-1.0.2] startup
[2.541s] [ext: omni.kit.window.file_exporter-1.0.33] startup
[2.543s] [ext: omni.kit.widget.searchfield-1.1.8] startup
[2.545s] [ext: omni.kit.hotkeys.core-1.3.10] startup
[2.546s] [ext: omni.kit.graph.delegate.default-1.2.3] startup
[2.547s] [ext: omni.kit.property.adapter.fabric-1.0.3] startup
[2.548s] [ext: omni.kit.widget.stage-3.1.4] startup
[2.555s] [ext: omni.kit.property.adapter.usd-1.0.2] startup
[2.556s] [ext: omni.kit.graph.editor.core-1.5.3] startup
[2.557s] [ext: omni.kit.widget.material_preview-1.0.16] startup
[2.558s] [ext: omni.kit.widget.highlight_label-1.0.3] startup
[2.560s] [ext: omni.kit.window.file-2.0.5] startup
[2.561s] [ext: omni.kit.window.content_browser_registry-0.0.6] startup
[2.562s] [ext: omni.kit.window.property-1.12.1] startup
[2.564s] [ext: omni.kit.window.content_browser-3.1.3] startup
[2.571s] [ext: omni.kit.graph.usd.commands-1.3.1] startup
[2.572s] [ext: omni.kit.property.usd-4.5.12] startup
[2.578s] [ext: omni.graph.ui_nodes-1.50.5] startup
[2.580s] [ext: omni.videoencoding-0.1.2] startup
[2.582s] [ext: omni.kit.window.material_graph-1.9.1] startup
[2.590s] [ext: omni.warp-1.8.2] startup
[2.595s] [ext: isaacsim.core.api-4.8.0] startup
[2.609s] [ext: omni.graph.scriptnode-1.50.0] startup
[2.612s] [ext: isaacsim.test.docstring-1.1.0] startup
[2.620s] [ext: isaacsim.core.experimental.utils-0.3.0] startup
[2.648s] [ext: omni.replicator.core-1.12.27] startup
2026-09-17T05:59:38Z [2,655ms] [Warning] [pxr.Semantics] pxr.Semantics is deprecated - please use Semantics instead
2026-09-17T05:59:38Z [2,716ms] [Warning] [omni.graph.core.plugin] Found duplicate of category 'Replicator' - was 'Annotators', adding 'Fabric Reader'
2026-09-17T05:59:38Z [2,716ms] [Warning] [omni.graph.core.plugin] Category 'Replicator' not accepted on node type 'omni.replicator.core.FabricReader' in extension 'omni.replicator.core'
2026-09-17T05:59:38Z [2,716ms] [Warning] [omni.replicator.core.scripts.extension] No material configuration file, adding configuration to material settings directly.
[2.727s] [ext: isaacsim.core.experimental.prims-0.8.1] startup
[2.753s] [ext: omni.kit.window.extensions-1.4.27] startup
[2.764s] [ext: isaacsim.core.experimental.objects-0.4.0] startup
[2.768s] [ext: omni.ui_query-1.1.8] startup
[2.771s] [ext: omni.kit.manipulator.viewport-107.0.1] startup
[2.774s] [ext: isaacsim.robot.surface_gripper-3.3.1] startup
[2.777s] [ext: omni.kit.ui_test-1.3.7] startup
[2.781s] [ext: omni.graph.visualization.nodes-2.1.3] startup
[2.793s] [ext: isaacsim.robot_motion.lula-4.0.8] startup
[2.803s] [ext: isaacsim.core.nodes-3.4.3] startup
[2.810s] [ext: isaacsim.gui.components-1.2.1] startup
[2.819s] [ext: isaacsim.robot_motion.motion_generation-8.0.26] startup
[2.834s] [ext: isaacsim.robot.manipulators-3.3.6] startup
[2.838s] [ext: isaacsim.core.experimental.materials-0.4.0] startup
[2.852s] [ext: isaacsim.robot.manipulators.examples-1.1.2] startup
[2.861s] [ext: isaacsim.cortex.framework-1.0.12] startup
[2.866s] [ext: isaacsim.cortex.behaviors-2.0.14] startup
[2.870s] [ext: omni.isaac.cortex.sample_behaviors-2.0.5] startup
2026-09-17T05:59:38Z [2,862ms] [Warning] [omni.isaac.cortex] omni.isaac.cortex has been deprecated in favor of isaacsim.cortex.framework. Please update your code accordingly.
2026-09-17T05:59:38Z [2,863ms] [Warning] [omni.isaac.cortex.sample_behaviors] omni.isaac.cortex.sample_behaviors has been deprecated in favor of isaacsim.cortex.behaviors. Please update your code accordingly.
[2.872s] [ext: omni.kit.widget.zoombar-1.0.6] startup
[2.875s] [ext: isaacsim.gui.content_browser-0.1.11] startup
[2.879s] [ext: omni.kit.browser.core-2.3.13] startup
[2.888s] [ext: omni.kit.widget.stage_icons-1.0.8] startup
[2.890s] [ext: omni.kit.widget.prompt-1.0.7] startup
[2.891s] [ext: omni.kit.usd.collect-2.4.5] startup
[2.893s] [ext: omni.kit.browser.folder.core-1.10.9] startup
[2.900s] [ext: omni.kit.window.stage-2.6.1] startup
[2.904s] [ext: omni.kit.usdz_export-1.0.9] startup
[2.906s] [ext: omni.kit.tool.collect-2.2.18] startup
[3.010s] [ext: omni.kit.menu.stage-1.2.7] startup
[3.012s] [ext: omni.kit.tool.asset_importer-4.3.2] startup
[3.105s] [ext: isaacsim.robot.wheeled_robots-4.0.24] startup
[3.204s] [ext: isaacsim.examples.browser-0.2.1] startup
[3.209s] [ext: isaacsim.asset.importer.urdf-2.4.30] startup
[3.285s] [ext: omni.isaac.wheeled_robots-3.0.7] startup
2026-09-17T05:59:39Z [3,278ms] [Warning] [omni.isaac.wheeled_robots] omni.isaac.wheeled_robots has been deprecated in favor of isaacsim.robot.wheeled_robots. Please update your code accordingly.
2026-09-17T05:59:39Z [3,278ms] [Warning] [omni.isaac.wheeled_robots.controllers] omni.isaac.wheeled_robots has been deprecated in favor of isaacsim.robot.wheeled_robots. Please update your code accordingly.
2026-09-17T05:59:39Z [3,278ms] [Warning] [omni.isaac.wheeled_robots.controllers.ackermann_controller] omni.isaac.wheeled_robots has been deprecated in favor of isaacsim.robot.wheeled_robots. Please update your code accordingly.
2026-09-17T05:59:39Z [3,278ms] [Warning] [omni.isaac.wheeled_robots.controllers.differential_controller] omni.isaac.wheeled_robots has been deprecated in favor of isaacsim.robot.wheeled_robots. Please update your code accordingly.
2026-09-17T05:59:39Z [3,278ms] [Warning] [omni.isaac.wheeled_robots.controllers.holonomic_controller] omni.isaac.wheeled_robots has been deprecated in favor of isaacsim.robot.wheeled_robots. Please update your code accordingly.
2026-09-17T05:59:39Z [3,278ms] [Warning] [omni.isaac.wheeled_robots.controllers.quintic_path_planner] omni.isaac.wheeled_robots has been deprecated in favor of isaacsim.robot.wheeled_robots. Please update your code accordingly.
2026-09-17T05:59:39Z [3,278ms] [Warning] [omni.isaac.wheeled_robots.controllers.stanley_control] omni.isaac.wheeled_robots has been deprecated in favor of isaacsim.robot.wheeled_robots. Please update your code accordingly.
2026-09-17T05:59:39Z [3,278ms] [Warning] [omni.isaac.wheeled_robots.controllers.wheel_base_pose_controller] omni.isaac.wheeled_robots has been deprecated in favor of isaacsim.robot.wheeled_robots. Please update your code accordingly.
2026-09-17T05:59:39Z [3,278ms] [Warning] [omni.isaac.wheeled_robots.impl] omni.isaac.wheeled_robots has been deprecated in favor of isaacsim.robot.wheeled_robots. Please update your code accordingly.
2026-09-17T05:59:39Z [3,278ms] [Warning] [omni.isaac.wheeled_robots.robots] omni.isaac.wheeled_robots has been deprecated in favor of isaacsim.robot.wheeled_robots. Please update your code accordingly.
2026-09-17T05:59:39Z [3,278ms] [Warning] [omni.isaac.wheeled_robots.robots.holonomic_robot_usd_setup] omni.isaac.wheeled_robots has been deprecated in favor of isaacsim.robot.wheeled_robots. Please update your code accordingly.
2026-09-17T05:59:39Z [3,278ms] [Warning] [omni.isaac.wheeled_robots.robots.wheeled_robot] omni.isaac.wheeled_robots has been deprecated in favor of isaacsim.robot.wheeled_robots. Please update your code accordingly.
[3.287s] [ext: isaacsim.simulation_app-2.12.2] startup
[3.287s] [ext: omni.isaac.franka-1.0.7] startup
2026-09-17T05:59:39Z [3,280ms] [Warning] [omni.isaac.franka] omni.isaac.franka has been deprecated in favor of isaacsim.robot.manipulators.examples.franka. Please update your code accordingly.
2026-09-17T05:59:39Z [3,281ms] [Warning] [omni.isaac.franka.franka] omni.isaac.franka has been deprecated in favor of isaacsim.robot.manipulators.examples.franka. Please update your code accordingly.
2026-09-17T05:59:39Z [3,295ms] [Warning] [omni.isaac.franka.kinematics_solver] omni.isaac.franka has been deprecated in favor of isaacsim.robot.manipulators.examples.franka. Please update your code accordingly.
[3.304s] [ext: omni.isaac.kit-2.0.6] startup
2026-09-17T05:59:39Z [3,301ms] [Warning] [omni.isaac.kit] omni.isaac.kit has been deprecated in favor of isaacsim.simulation_app. Please update your code accordingly.
[3.310s] [ext: omni.kit.selection-0.1.6] startup
[3.311s] [ext: omni.isaac.lula-4.0.6] startup
2026-09-17T05:59:39Z [3,302ms] [Warning] [omni.isaac.lula] omni.isaac.lula has been deprecated in favor of isaacsim.robot_motion.lula. Please update your code accordingly.
[3.312s] [ext: isaacsim.robot_motion.lula_test_widget-1.0.12] startup
[3.314s] [ext: isaacsim.asset.browser-1.3.23] startup
[3.367s] [ext: omni.kit.viewport.actions-107.0.2] startup
[3.371s] [ext: isaacsim.gui.menu-2.4.4] startup
[3.375s] [ext: omni.isaac.manipulators-3.0.7] startup
2026-09-17T05:59:39Z [3,367ms] [Warning] [omni.isaac.manipulators] omni.isaac.manipulators has been deprecated in favor of isaacsim.robot.manipulators. Please update your code accordingly.
2026-09-17T05:59:39Z [3,368ms] [Warning] [omni.isaac.manipulators.controllers] omni.isaac.manipulators has been deprecated in favor of isaacsim.robot.manipulators. Please update your code accordingly.
2026-09-17T05:59:39Z [3,368ms] [Warning] [omni.isaac.manipulators.controllers.pick_place_controller] omni.isaac.manipulators has been deprecated in favor of isaacsim.robot.manipulators. Please update your code accordingly.
2026-09-17T05:59:39Z [3,368ms] [Warning] [omni.isaac.manipulators.controllers.stacking_controller] omni.isaac.manipulators has been deprecated in favor of isaacsim.robot.manipulators. Please update your code accordingly.
2026-09-17T05:59:39Z [3,368ms] [Warning] [omni.isaac.manipulators.grippers] omni.isaac.manipulators has been deprecated in favor of isaacsim.robot.manipulators. Please update your code accordingly.
2026-09-17T05:59:39Z [3,368ms] [Warning] [omni.isaac.manipulators.grippers.gripper] omni.isaac.manipulators has been deprecated in favor of isaacsim.robot.manipulators. Please update your code accordingly.
2026-09-17T05:59:39Z [3,368ms] [Warning] [omni.isaac.manipulators.grippers.parallel_gripper] omni.isaac.manipulators has been deprecated in favor of isaacsim.robot.manipulators. Please update your code accordingly.
2026-09-17T05:59:39Z [3,368ms] [Warning] [omni.isaac.manipulators.grippers.surface_gripper] omni.isaac.manipulators has been deprecated in favor of isaacsim.robot.manipulators. Please update your code accordingly.
2026-09-17T05:59:39Z [3,368ms] [Warning] [omni.isaac.manipulators.manipulators] omni.isaac.manipulators has been deprecated in favor of isaacsim.robot.manipulators. Please update your code accordingly.
2026-09-17T05:59:39Z [3,368ms] [Warning] [omni.isaac.manipulators.manipulators.single_manipulator] omni.isaac.manipulators has been deprecated in favor of isaacsim.robot.manipulators. Please update your code accordingly.
[3.378s] [ext: omni.isaac.lula_test_widget-1.0.6] startup
2026-09-17T05:59:39Z [3,372ms] [Warning] [omni.isaac.lula_test_widget] omni.isaac.lula_test_widget has been deprecated in favor of isaacsim.robot_motion.lula_test_widget. Please update your code accordingly.
[3.382s] [ext: omni.isaac.asset_browser-1.0.6] startup
2026-09-17T05:59:39Z [3,373ms] [Warning] [omni.isaac.asset_browser] omni.isaac.asset_browser has been deprecated in favor of isaacsim.asset.browser. Please update your code accordingly.
[3.383s] [ext: omni.kit.viewport.menubar.display-107.0.3] startup
[3.388s] [ext: omni.isaac.menu-1.0.6] startup
2026-09-17T05:59:39Z [3,379ms] [Warning] [omni.isaac.menu] omni.isaac.menu has been deprecated in favor of isaacsim.gui.menu. Please update your code accordingly.
[3.389s] [ext: omni.isaac.motion_generation-8.0.7] startup
2026-09-17T05:59:39Z [3,381ms] [Warning] [omni.isaac.motion_generation] omni.isaac.motion_generation has been deprecated in favor of isaacsim.robot_motion.motion_generation. Please update your code accordingly.
2026-09-17T05:59:39Z [3,381ms] [Warning] [omni.isaac.motion_generation.articulation_kinematics_solver] omni.isaac.motion_generation has been deprecated in favor of isaacsim.robot_motion.motion_generation. Please update your code accordingly.
2026-09-17T05:59:39Z [3,381ms] [Warning] [omni.isaac.motion_generation.articulation_motion_policy] omni.isaac.motion_generation has been deprecated in favor of isaacsim.robot_motion.motion_generation. Please update your code accordingly.
2026-09-17T05:59:39Z [3,381ms] [Warning] [omni.isaac.motion_generation.articulation_trajectory] omni.isaac.motion_generation has been deprecated in favor of isaacsim.robot_motion.motion_generation. Please update your code accordingly.
2026-09-17T05:59:39Z [3,381ms] [Warning] [omni.isaac.motion_generation.kinematics_interface] omni.isaac.motion_generation has been deprecated in favor of isaacsim.robot_motion.motion_generation. Please update your code accordingly.
2026-09-17T05:59:39Z [3,381ms] [Warning] [omni.isaac.motion_generation.lula] omni.isaac.motion_generation has been deprecated in favor of isaacsim.robot_motion.motion_generation. Please update your code accordingly.
2026-09-17T05:59:39Z [3,381ms] [Warning] [omni.isaac.motion_generation.lula.kinematics] omni.isaac.motion_generation has been deprecated in favor of isaacsim.robot_motion.motion_generation. Please update your code accordingly.
2026-09-17T05:59:39Z [3,381ms] [Warning] [omni.isaac.motion_generation.lula.motion_policies] omni.isaac.motion_generation has been deprecated in favor of isaacsim.robot_motion.motion_generation. Please update your code accordingly.
2026-09-17T05:59:39Z [3,381ms] [Warning] [omni.isaac.motion_generation.lula.path_planners] omni.isaac.motion_generation has been deprecated in favor of isaacsim.robot_motion.motion_generation. Please update your code accordingly.
2026-09-17T05:59:39Z [3,381ms] [Warning] [omni.isaac.motion_generation.lula.trajectory_generator] omni.isaac.motion_generation has been deprecated in favor of isaacsim.robot_motion.motion_generation. Please update your code accordingly.
2026-09-17T05:59:39Z [3,381ms] [Warning] [omni.isaac.motion_generation.motion_policy_controller] omni.isaac.motion_generation has been deprecated in favor of isaacsim.robot_motion.motion_generation. Please update your code accordingly.
2026-09-17T05:59:39Z [3,382ms] [Warning] [omni.isaac.motion_generation.motion_policy_interface] omni.isaac.motion_generation has been deprecated in favor of isaacsim.robot_motion.motion_generation. Please update your code accordingly.
2026-09-17T05:59:39Z [3,382ms] [Warning] [omni.isaac.motion_generation.path_planner_visualizer] omni.isaac.motion_generation has been deprecated in favor of isaacsim.robot_motion.motion_generation. Please update your code accordingly.
2026-09-17T05:59:39Z [3,383ms] [Warning] [omni.isaac.motion_generation.path_planning_interface] omni.isaac.motion_generation has been deprecated in favor of isaacsim.robot_motion.motion_generation. Please update your code accordingly.
2026-09-17T05:59:39Z [3,383ms] [Warning] [omni.isaac.motion_generation.trajectory] omni.isaac.motion_generation has been deprecated in favor of isaacsim.robot_motion.motion_generation. Please update your code accordingly.
2026-09-17T05:59:39Z [3,383ms] [Warning] [omni.isaac.motion_generation.world_interface] omni.isaac.motion_generation has been deprecated in favor of isaacsim.robot_motion.motion_generation. Please update your code accordingly.
[3.392s] [ext: omni.isaac.assets_check-0.3.13] startup
2026-09-17T05:59:39Z [3,383ms] [Warning] [omni.isaac.assets_check] omni.isaac.assets_check has been deprecated in favor of isaacsim.asset.browser. Please update your code accordingly.
[3.392s] [ext: isaacsim.gui.sensors.icon-2.0.3] startup
[3.402s] [ext: isaacsim.asset.importer.mjcf-2.5.13] startup
[3.406s] [ext: omni.sensors.nv.common-3.0.0] startup
[3.411s] [ext: isaacsim.sensors.physics-0.4.3] startup
[3.415s] [ext: omni.sensors.net-1.0.0] startup
[3.418s] [ext: omni.isaac.nucleus-1.0.6] startup
2026-09-17T05:59:39Z [3,410ms] [Warning] [omni.isaac.nucleus] omni.isaac.nucleus has been deprecated in favor of isaacsim.storage.native. Please update your code accordingly.
2026-09-17T05:59:39Z [3,410ms] [Warning] [omni.isaac.nucleus.nucleus] omni.isaac.nucleus.nucleus has been deprecated in favor of isaacsim.storage.native. Please update your code accordingly.
[3.420s] [ext: omni.sensors.nv.materials-2.0.0] startup
[3.424s] [ext: isaacsim.robot.policy.examples-4.1.11] startup
[3.425s] [ext: omni.sensors.nv.wpm-3.0.0] startup
[3.428s] [ext: omni.sensors.nv.lidar-3.0.0] startup
[3.432s] [ext: isaacsim.util.debug_draw-3.1.0] startup
[3.436s] [ext: omni.sensors.nv.radar-3.0.0] startup
[3.438s] [ext: omni.sensors.nv.ids-2.0.0] startup
[3.439s] [ext: isaacsim.core.cloner-1.4.10] startup
[3.440s] [ext: isaacsim.sensors.physx-2.3.2] startup
[3.443s] [ext: isaacsim.sensors.rtx-15.8.4] startup
[3.447s] [ext: isaacsim.sensors.camera-1.3.6] startup
[3.454s] [ext: omni.isaac.quadruped-3.0.7] startup
2026-09-17T05:59:39Z [3,447ms] [Warning] [omni.isaac.quadruped] omni.isaac.quadruped has been deprecated in favor of isaacsim.robot.policy.examples. Please update your code accordingly.
[3.456s] [ext: omni.isaac.cloner-1.0.7] startup
2026-09-17T05:59:39Z [3,449ms] [Warning] [omni.isaac.cloner] omni.isaac.cloner has been deprecated in favor of isaacsim.core.cloner. Please update your code accordingly.
[3.460s] [ext: omni.isaac.range_sensor-4.0.6] startup
2026-09-17T05:59:39Z [3,454ms] [Warning] [omni.isaac.range_sensor] omni.isaac.range_sensor has been deprecated in favor of isaacsim.sensors.physx. Please update your code accordingly.
2026-09-17T05:59:39Z [3,454ms] [Warning] [omni.isaac.range_sensor.commands] omni.isaac.range_sensor.commands has been deprecated in favor of isaacsim.sensors.physx.commands. Please update your code accordingly.
[3.464s] [ext: omni.isaac.sensor-13.0.7] startup
2026-09-17T05:59:39Z [3,458ms] [Warning] [omni.isaac.sensor] omni.isaac.sensor has been deprecated in favor of isaacsim.sensors.camera, isaacsim.sensors.physics, isaacsim.sensors.physx, and isaacsim.sensors.rtx. Please update your code accordingly.
2026-09-17T05:59:39Z [3,458ms] [Warning] [omni.isaac.sensor.camera] omni.isaac.sensor.camera has been deprecated in favor of isaacsim.sensors.camera.camera. Please update your code accordingly.
2026-09-17T05:59:39Z [3,458ms] [Warning] [omni.isaac.sensor.camera_view] omni.isaac.sensor.camera_view has been deprecated in favor of isaacsim.sensors.camera.camera_view. Please update your code accordingly.
2026-09-17T05:59:39Z [3,458ms] [Warning] [omni.isaac.sensor.commands] omni.isaac.sensor.commands has been deprecated in favor of isaacsim.sensors.physics.commands, isaacsim.sensors.physx.commands, and isaacsim.sensors.rtx.commands. Please update your code accordingly.
2026-09-17T05:59:39Z [3,460ms] [Warning] [omni.isaac.sensor.contact_sensor] omni.isaac.sensor.contact_sensor has been deprecated in favor of isaacsim.sensors.physics.contact_sensor. Please update your code accordingly.
2026-09-17T05:59:39Z [3,460ms] [Warning] [omni.isaac.sensor.imu_sensor] omni.isaac.sensor.imu_sensor has been deprecated in favor of isaacsim.sensors.physics.imu_sensor. Please update your code accordingly.
2026-09-17T05:59:39Z [3,460ms] [Warning] [omni.isaac.sensor.lidar_rtx] omni.isaac.sensor.lidar_rtx has been deprecated in favor of isaacsim.sensors.rtx.lidar_rtx. Please update your code accordingly.
2026-09-17T05:59:39Z [3,460ms] [Warning] [omni.isaac.sensor.rotating_lidar_physX] omni.isaac.sensor.imu_sensor has been deprecated in favor of isaacsim.sensors.physix.rotating_lidar_physX. Please update your code accordingly.
2026-09-17T05:59:39Z [3,461ms] [Warning] [omni.isaac.sensor.scripts.samples.contact_sensor] omni.isaac.sensor.scripts.samples.contact_sensor has been deprecated in favor of isaacsim.sensors.physics.scripts.samples.contact_sensor. Please update your code accordingly.
2026-09-17T05:59:39Z [3,461ms] [Warning] [omni.isaac.sensor.scripts.samples.imu_sensor] omni.isaac.sensor.scripts.samples.imu_sensor has been deprecated in favor of isaacsim.sensors.physics.scripts.samples.imu_sensor. Please update your code accordingly.
2026-09-17T05:59:39Z [3,461ms] [Warning] [omni.isaac.sensor.scripts.samples.lightbeam_sensor] omni.isaac.sensor.scripts.samples.lightbeam_sensor has been deprecated in favor of isaacsim.sensors.physx.scripts.samples.lightbeam_sensor. Please update your code accordingly.
[3.470s] [ext: omni.kit.menu.create-2.0.1] startup
[3.473s] [ext: omni.kit.widget.toolbar-2.0.1] startup
[3.482s] [ext: omni.kit.manipulator.transform-107.0.0] startup
[3.486s] [ext: omni.isaac.core-4.0.7] startup
2026-09-17T05:59:39Z [3,477ms] [Warning] [omni.isaac.core.physics_context.physics_context] omni.isaac.core.physics_context.physics_context has been deprecated in favor of isaacsim.core.api.physics_context.physics_context. Please update your code accordingly.
2026-09-17T05:59:39Z [3,478ms] [Warning] [omni.isaac.core.simulation_context.simulation_context] omni.isaac.core.simulation_context.simulation_context has been deprecated in favor of isaacsim.core.api.simulation_context.simulation_context. Please update your code accordingly.
2026-09-17T05:59:39Z [3,478ms] [Warning] [omni.isaac.core.world.world] omni.isaac.core.world.world has been deprecated in favor of isaacsim.core.api.world.world. Please update your code accordingly.
2026-09-17T05:59:39Z [3,478ms] [Warning] [omni.isaac.core] omni.isaac.core has been deprecated in favor of isaacsim.core.api. Please update your code accordingly.
[3.487s] [ext: omni.kit.scripting-107.3.2] startup
[3.491s] [ext: omni.kit.manipulator.tool.snap-1.5.13] startup
[3.494s] [ext: omni.kit.manipulator.selector-1.1.3] startup
[3.495s] [ext: isaacsim.app.about-2.0.11] startup
[3.499s] [ext: isaacsim.replicator.behavior-1.1.16] startup
[3.499s] [ext: omni.kit.viewport.manipulator.transform-107.0.4] startup
[3.502s] [ext: omni.isaac.window.about-2.0.7] startup
2026-09-17T05:59:39Z [3,494ms] [Warning] [omni.isaac.window.about] omni.isaac.window.about has been deprecated in favor of isaacsim.app.about. Please update your code accordingly.
2026-09-17T05:59:39Z [3,494ms] [Warning] [omni.isaac.window.about.about] omni.isaac.window.about.about has been deprecated in favor of isaacsim.app.about.about. Please update your code accordingly.
[3.503s] [ext: omni.fabric.commands-1.1.6] startup
[3.505s] [ext: omni.kit.manipulator.prim.core-107.0.8] startup
[3.509s] [ext: omni.kit.property.audio-1.0.16] startup
[3.510s] [ext: omni.kit.property.camera-1.0.10] startup
[3.512s] [ext: omni.kit.property.geometry-2.0.4] startup
[3.514s] [ext: omni.hydra.scene_api-0.1.2] startup
[3.517s] [ext: omni.kit.property.light-1.0.12] startup
[3.535s] [ext: omni.kit.manipulator.prim.fabric-107.0.4] startup
[3.537s] [ext: omni.kit.manipulator.prim.usd-107.0.3] startup
[3.538s] [ext: omni.kit.property.material-1.11.9] startup
[3.542s] [ext: omni.kit.property.render-1.2.1] startup
[3.543s] [ext: omni.kit.property.transform-1.5.13] startup
[3.546s] [ext: isaacsim.gui.property-1.1.3] startup
[3.548s] [ext: omni.kit.manipulator.camera-106.0.4] startup
[3.550s] [ext: omni.kit.manipulator.prim-107.0.0] startup
[3.551s] [ext: omni.isaac.surface_gripper-2.0.6] startup
2026-09-17T05:59:39Z [3,542ms] [Warning] [omni.isaac.surface_gripper] omni.isaac.surface_gripper has been deprecated in favor of isaacsim.robot.surface_gripper. Please update your code accordingly.
[3.551s] [ext: omni.kit.manipulator.selection-106.0.1] startup
[3.553s] [ext: omni.kit.property.bundle-1.4.1] startup
[3.554s] [ext: omni.kit.property.isaac-1.0.6] startup
2026-09-17T05:59:39Z [3,546ms] [Warning] [omni.kit.property.isaac] omni.kit.property.isaac has been deprecated in favor of isaacsim.gui.property. Please update your code accordingly.
2026-09-17T05:59:39Z [3,547ms] [Warning] [omni.kit.property.isaac.widgets] omni.kit.property.isaac.widgets has been deprecated in favor of isaacsim.gui.property.widgets. Please update your code accordingly.
[3.556s] [ext: omni.isaac.universal_robots-1.0.6] startup
2026-09-17T05:59:39Z [3,548ms] [Warning] [omni.isaac.universal_robots] omni.isaac.universal_robots has been deprecated in favor of isaacsim.robot.manipulators.examples.universal_robots. Please update your code accordingly.
2026-09-17T05:59:39Z [3,548ms] [Warning] [omni.isaac.universal_robots.kinematics_solver] omni.isaac.franka has been deprecated in favor of isaacsim.robot.manipulators.examples.universal_robots. Please update your code accordingly.
2026-09-17T05:59:39Z [3,549ms] [Warning] [omni.isaac.universal_robots.ur10] omni.isaac.franka has been deprecated in favor of isaacsim.robot.manipulators.examples.universal_robots. Please update your code accordingly.
[3.558s] [ext: omni.isaac.core_nodes-2.0.6] startup
2026-09-17T05:59:39Z [3,551ms] [Warning] [omni.isaac.core_nodes] omni.isaac.core_nodes has been deprecated in favor of isaacsim.core.nodes. Please update your code accordingly.
[3.560s] [ext: omni.kit.viewport.menubar.camera-107.0.6] startup
[3.565s] [ext: omni.kit.viewport.menubar.lighting-107.3.1] startup
[3.567s] [ext: isaacsim.replicator.writers-1.0.17] startup
[3.575s] [ext: omni.kit.viewport.menubar.render-107.0.10] startup
[3.579s] [ext: omni.kit.viewport.menubar.settings-107.0.3] startup
[3.584s] [ext: omni.kit.window.console-1.1.4] startup
[3.588s] [ext: isaacsim.replicator.domain_randomization-1.0.16] startup
[3.591s] [ext: isaacsim.replicator.examples-1.3.6] startup
[3.593s] [ext: omni.ocio-0.1.1] startup
[3.595s] [ext: omni.rtx.window.settings-0.6.19] startup
[3.603s] [ext: omni.kit.window.status_bar-0.1.9] startup
[3.608s] [ext: omni.kit.window.toolbar-2.0.0] startup
[3.614s] [ext: omni.replicator.isaac-2.0.8] startup
2026-09-17T05:59:39Z [3,606ms] [Warning] [omni.replicator.isaac] omni.replicator.isaac has been deprecated in favor of isaacsim.replicator.domain_randomization, isaacsim.replicator.examples, isaacsim.replicator.writers. Please update your code accordingly.
[3.615s] [ext: omni.replicator.replicator_yaml-2.0.11] startup
[3.626s] [ext: omni.rtx.settings.core-0.6.5] startup
[3.630s] [ext: omni.usd.metrics.assembler.ui-107.3.1] startup
[3.637s] [ext: omni.isaac.utils-2.0.6] startup
[3.638s] [ext: semantics.schema.editor-2.0.2] startup
[3.642s] [ext: omni.kit.ui.actions-1.0.5] startup
[3.643s] [ext: semantics.schema.property-2.0.1] startup
[3.644s] [ext: omni.isaac.version-2.0.7] startup
2026-09-17T05:59:39Z [3,636ms] [Warning] [omni.isaac.version] omni.isaac.version has been deprecated in favor of isaacsim.core.version. Please update your code accordingly.
[3.645s] [ext: omni.isaac.cortex-1.0.5] startup
[3.645s] [ext: omni.anim.curve.core-1.3.1] startup
[3.652s] [ext: isaacsim.core.throttling-2.2.2] startup
[3.655s] [ext: omni.kit.menu.common-2.0.1] startup
[3.657s] [ext: isaacsim.exp.base-5.1.0] startup
[3.657s] [ext: isaacsim.exp.base.python-5.1.0] startup
[3.658s] Simulation App Starting
2026-09-17T05:59:39Z [3,734ms] [Warning] [omni.fabric.plugin] Warning: attribute viewPickingId not found for bucket id 9

2026-09-17T05:59:39Z [3,767ms] [Warning] [usdrt.population.plugin] [UsdNoticeHandler] Unhandled attribute type VtArray<std::string> (prim attribute: omni:rtx:material:db:flattener:reflection_roughness_constant)
2026-09-17T05:59:39Z [3,767ms] [Warning] [usdrt.population.plugin] [UsdNoticeHandler] Unhandled attribute type VtArray<std::string> (prim attribute: omni:rtx:material:db:flattener:ior_constant)
2026-09-17T05:59:39Z [3,767ms] [Warning] [usdrt.population.plugin] [UsdNoticeHandler] Unhandled attribute type VtArray<std::string> (prim attribute: omni:rtx:material:db:flattener:transmittance_color)
[3.782s] app ready
[5.734s] Simulation App Startup Complete
2026-09-17T05:59:44Z [8,212ms] [Warning] [omni.fabric.plugin] Warning: attribute evaluatedTranslations not found for bucket id 9

2026-09-17T05:59:46Z [10,385ms] [Error] [omni.kit.app._impl] [py stderr]: ### 트레이 칸 6개 간격 0.075  칸 x [2.172, 2.248, 2.322, 2.397, 2.472, 2.547]
2026-09-17T05:59:46Z [10,490ms] [Error] [omni.kit.app._impl] [py stderr]: ### 책 치수 두께 0.035 길이 0.237 폭 0.163  꽂을 x [2.485, 2.565, 2.405, 2.325]
2026-09-17T05:59:46Z [10,493ms] [Warning] [isaacsim.sensors.camera.camera] 'verticalAperture' (1.5290800094604493) and 'horizontalAperture' (2.0954999923706055) are inconsistent with the pixel resolution aspect ratio (1.7777777777777777). Setting 'verticalAperture' to 1.1787187457084656 to ensure square pixels.
2026-09-17T05:59:46Z [10,498ms] [Warning] [isaacsim.sensors.camera.camera] 'verticalAperture' (1.5290800094604493) and 'horizontalAperture' (2.0954999923706055) are inconsistent with the pixel resolution aspect ratio (1.7777777777777777). Setting 'verticalAperture' to 1.1787187457084656 to ensure square pixels.
[93m[Lula] Joint 'panda_finger_joint2' is specified as a mimic joint, but its control chain ['panda_finger_joint2' -> 'panda_finger_joint1'] terminates with a joint ['panda_finger_joint1'] that is not a c-space coordinate. Mimic attributes will be ignored.
[0m2026-09-17T05:59:46Z [10,885ms] [Error] [omni.kit.app._impl] [py stderr]: ### 데크(트레이) 홈 자세 IK True: [2.774, -0.254, 0.176, -1.928, 0.044, 1.68, -0.987]
2026-09-17T05:59:46Z [10,885ms] [Error] [omni.kit.app._impl] [py stderr]: ### ----- 계획 (칸 → 꽂을 위치) -----
2026-09-17T05:59:46Z [10,902ms] [Error] [omni.kit.app._impl] [py stderr]: ### 작업 0: 칸 0 (x 2.172) → 서가 x 2.485  OK 최대 인접변화 0.091 rad
2026-09-17T05:59:46Z [10,921ms] [Error] [omni.kit.app._impl] [py stderr]: ### 작업 1: 칸 1 (x 2.248) → 서가 x 2.565  OK 최대 인접변화 0.091 rad
2026-09-17T05:59:46Z [10,935ms] [Error] [omni.kit.app._impl] [py stderr]: ### 작업 2: 칸 2 (x 2.322) → 서가 x 2.405  OK 최대 인접변화 0.091 rad
2026-09-17T05:59:46Z [10,949ms] [Error] [omni.kit.app._impl] [py stderr]: ### 작업 3: 칸 3 (x 2.397) → 서가 x 2.325  OK 최대 인접변화 0.091 rad
2026-09-17T05:59:47Z [11,009ms] [Warning] [rtx.postprocessing.plugin] DLSS increasing input dimensions: Render resolution of (480, 270) is below minimal input resolution of 300.
2026-09-17T05:59:47Z [11,092ms] [Error] [omni.kit.app._impl] [py stderr]: ### step     0 → start:set_gripper
2026-09-17T05:59:47Z [11,137ms] [Warning] [omni.syntheticdata.plugin] OgnSdPostRenderVarToHost : rendervar copy from texture directly to host buffer is counter-performant. Please use copy from texture to device buffer first.
2026-09-17T05:59:47Z [11,149ms] [Error] [omni.kit.app._impl] [py stderr]: ### step    19 → idle
2026-09-17T05:59:47Z [11,151ms] [Error] [omni.kit.app._impl] [py stderr]: ### step    20 → move_joint
2026-09-17T05:59:47Z [11,421ms] [Error] [omni.kit.app._impl] [py stderr]: ### step   107 → idle
2026-09-17T05:59:47Z [11,423ms] [Error] [omni.kit.app._impl] [py stderr]: ### step   108 → move_joint
2026-09-17T05:59:48Z [12,208ms] [Error] [omni.kit.app._impl] [py stderr]: ### step   385 → idle
2026-09-17T05:59:48Z [12,210ms] [Error] [omni.kit.app._impl] [py stderr]: ### step   386 → move_joint
2026-09-17T05:59:48Z [12,291ms] [Error] [omni.kit.app._impl] [py stderr]: ### step   413 → idle
2026-09-17T05:59:48Z [12,293ms] [Error] [omni.kit.app._impl] [py stderr]: ### step   414 → j0:set_gripper
2026-09-17T05:59:48Z [12,342ms] [Error] [omni.kit.app._impl] [py stderr]: ### step   431 → j0:approach
2026-09-17T05:59:48Z [12,577ms] [Error] [omni.kit.app._impl] [py stderr]: ### step   511 → j0:down
2026-09-17T05:59:48Z [12,769ms] [Error] [omni.kit.app._impl] [py stderr]: ### step   574 → j0:set_gripper
2026-09-17T05:59:48Z [12,838ms] [Warning] [carb] Client gpu.foundation.plugin has acquired [gpu::unstable::IMemoryBudgetManagerFactory v0.1] 100 times. Consider accessing this interface with carb::getCachedInterface() (Performance warning)
2026-09-17T05:59:48Z [12,852ms] [Error] [omni.kit.app._impl] [py stderr]: ### step   610 → j0:attach
2026-09-17T05:59:48Z [12,883ms] [Error] [omni.kit.app._impl] [py stderr]: ### step   611 → j0:lift
2026-09-17T05:59:49Z [13,152ms] [Error] [omni.kit.app._impl] [py stderr]: ### step   696 → j0:carry_rotate
2026-09-17T05:59:54Z [18,741ms] [Error] [omni.kit.app._impl] [py stderr]: ### step  1126 → j0:wedge
2026-09-17T05:59:55Z [19,519ms] [Error] [omni.kit.app._impl] [py stderr]: ### step  1187 → j0:detach
2026-09-17T05:59:55Z [19,522ms] [Error] [omni.kit.app._impl] [py stderr]: ### step  1188 → j0:set_gripper
2026-09-17T05:59:55Z [19,590ms] [Error] [omni.kit.app._impl] [py stderr]: ### step  1212 → j0:wait
2026-09-17T05:59:55Z [19,631ms] [Error] [omni.kit.app._impl] [py stderr]: ### step  1236 → j0:back
2026-09-17T05:59:55Z [19,711ms] [Error] [omni.kit.app._impl] [py stderr]: ### step  1263 → j0:set_gripper
2026-09-17T05:59:55Z [19,779ms] [Error] [omni.kit.app._impl] [py stderr]: ### step  1291 → j0:touch
2026-09-17T05:59:55Z [19,797ms] [Error] [omni.kit.app._impl] [py stderr]: ### step  1301 → j0:push
2026-09-17T05:59:56Z [20,067ms] [Error] [omni.kit.app._impl] [py stderr]: ### step  1390 → j0:wait
2026-09-17T05:59:56Z [20,121ms] [Error] [omni.kit.app._impl] [py stderr]: ### step  1408 → j0:retreat
2026-09-17T05:59:56Z [20,286ms] [Error] [omni.kit.app._impl] [py stderr]: ### step  1464 → j0:set_gripper
2026-09-17T05:59:56Z [20,358ms] [Error] [omni.kit.app._impl] [py stderr]: ### step  1486 → j0:return
2026-09-17T05:59:56Z [20,998ms] [Error] [omni.kit.app._impl] [py stderr]: ### step  1714 → idle
2026-09-17T05:59:56Z [20,999ms] [Error] [omni.kit.app._impl] [py stderr]: ### step  1715 → j1:set_gripper
2026-09-17T05:59:57Z [21,046ms] [Error] [omni.kit.app._impl] [py stderr]: ### step  1732 → j1:approach
2026-09-17T05:59:57Z [21,269ms] [Error] [omni.kit.app._impl] [py stderr]: ### step  1806 → j1:down
2026-09-17T05:59:57Z [21,484ms] [Error] [omni.kit.app._impl] [py stderr]: ### step  1877 → j1:set_gripper
2026-09-17T05:59:57Z [21,563ms] [Error] [omni.kit.app._impl] [py stderr]: ### step  1913 → j1:attach
2026-09-17T05:59:57Z [21,591ms] [Error] [omni.kit.app._impl] [py stderr]: ### step  1914 → j1:lift
2026-09-17T05:59:57Z [21,868ms] [Error] [omni.kit.app._impl] [py stderr]: ### step  2006 → j1:carry_rotate
2026-09-17T06:00:03Z [27,276ms] [Error] [omni.kit.app._impl] [py stderr]: ### step  2424 → j1:wedge
2026-09-17T06:00:04Z [28,249ms] [Error] [omni.kit.app._impl] [py stderr]: ### step  2499 → j1:detach
2026-09-17T06:00:04Z [28,252ms] [Error] [omni.kit.app._impl] [py stderr]: ### step  2500 → j1:set_gripper
2026-09-17T06:00:04Z [28,325ms] [Error] [omni.kit.app._impl] [py stderr]: ### step  2524 → j1:wait
2026-09-17T06:00:04Z [28,349ms] [Error] [omni.kit.app._impl] [py stderr]: ### step  2548 → j1:back
2026-09-17T06:00:04Z [28,452ms] [Error] [omni.kit.app._impl] [py stderr]: ### step  2580 → j1:set_gripper
2026-09-17T06:00:04Z [28,523ms] [Error] [omni.kit.app._impl] [py stderr]: ### step  2608 → j1:touch
2026-09-17T06:00:04Z [28,559ms] [Error] [omni.kit.app._impl] [py stderr]: ### step  2620 → j1:push
2026-09-17T06:00:04Z [28,870ms] [Error] [omni.kit.app._impl] [py stderr]: ### step  2723 → j1:wait
2026-09-17T06:00:04Z [28,922ms] [Error] [omni.kit.app._impl] [py stderr]: ### step  2741 → j1:retreat
2026-09-17T06:00:05Z [29,117ms] [Error] [omni.kit.app._impl] [py stderr]: ### step  2808 → j1:set_gripper
2026-09-17T06:00:05Z [29,173ms] [Error] [omni.kit.app._impl] [py stderr]: ### step  2830 → j1:return
2026-09-17T06:00:05Z [29,854ms] [Error] [omni.kit.app._impl] [py stderr]: ### step  3067 → idle
2026-09-17T06:00:05Z [29,856ms] [Error] [omni.kit.app._impl] [py stderr]: ### step  3068 → j2:set_gripper
2026-09-17T06:00:05Z [29,904ms] [Error] [omni.kit.app._impl] [py stderr]: ### step  3085 → j2:approach
2026-09-17T06:00:06Z [30,126ms] [Error] [omni.kit.app._impl] [py stderr]: ### step  3161 → j2:down
2026-09-17T06:00:06Z [30,374ms] [Error] [omni.kit.app._impl] [py stderr]: ### step  3241 → j2:set_gripper
2026-09-17T06:00:06Z [30,464ms] [Error] [omni.kit.app._impl] [py stderr]: ### step  3277 → j2:attach
2026-09-17T06:00:06Z [30,493ms] [Error] [omni.kit.app._impl] [py stderr]: ### step  3278 → j2:lift
2026-09-17T06:00:06Z [30,805ms] [Error] [omni.kit.app._impl] [py stderr]: ### step  3381 → j2:carry_rotate
2026-09-17T06:00:11Z [35,442ms] [Error] [omni.kit.app._impl] [py stderr]: ### step  3739 → j2:wedge
2026-09-17T06:00:12Z [36,036ms] [Error] [omni.kit.app._impl] [py stderr]: ### step  3786 → j2:detach
2026-09-17T06:00:12Z [36,038ms] [Error] [omni.kit.app._impl] [py stderr]: ### step  3787 → j2:set_gripper
2026-09-17T06:00:12Z [36,111ms] [Error] [omni.kit.app._impl] [py stderr]: ### step  3811 → j2:wait
2026-09-17T06:00:12Z [36,135ms] [Error] [omni.kit.app._impl] [py stderr]: ### step  3835 → j2:back
2026-09-17T06:00:12Z [36,208ms] [Error] [omni.kit.app._impl] [py stderr]: ### step  3856 → j2:set_gripper
2026-09-17T06:00:12Z [36,271ms] [Error] [omni.kit.app._impl] [py stderr]: ### step  3884 → j2:touch
2026-09-17T06:00:12Z [36,299ms] [Error] [omni.kit.app._impl] [py stderr]: ### step  3891 → j2:push
2026-09-17T06:00:12Z [36,518ms] [Error] [omni.kit.app._impl] [py stderr]: ### step  3968 → j2:wait
2026-09-17T06:00:12Z [36,569ms] [Error] [omni.kit.app._impl] [py stderr]: ### step  3986 → j2:retreat
2026-09-17T06:00:12Z [36,693ms] [Error] [omni.kit.app._impl] [py stderr]: ### step  4030 → j2:set_gripper
2026-09-17T06:00:12Z [36,760ms] [Error] [omni.kit.app._impl] [py stderr]: ### step  4052 → j2:return
2026-09-17T06:00:13Z [37,377ms] [Error] [omni.kit.app._impl] [py stderr]: ### step  4272 → idle
2026-09-17T06:00:13Z [37,379ms] [Error] [omni.kit.app._impl] [py stderr]: ### step  4273 → j3:set_gripper
2026-09-17T06:00:13Z [37,429ms] [Error] [omni.kit.app._impl] [py stderr]: ### step  4290 → j3:approach
2026-09-17T06:00:13Z [37,641ms] [Error] [omni.kit.app._impl] [py stderr]: ### step  4365 → j3:down
2026-09-17T06:00:13Z [37,919ms] [Error] [omni.kit.app._impl] [py stderr]: ### step  4458 → j3:set_gripper
2026-09-17T06:00:14Z [38,002ms] [Error] [omni.kit.app._impl] [py stderr]: ### step  4494 → j3:attach
2026-09-17T06:00:14Z [38,031ms] [Error] [omni.kit.app._impl] [py stderr]: ### step  4495 → j3:lift
2026-09-17T06:00:14Z [38,403ms] [Error] [omni.kit.app._impl] [py stderr]: ### step  4613 → j3:carry_rotate
2026-09-17T06:00:19Z [43,430ms] [Error] [omni.kit.app._impl] [py stderr]: ### step  5005 → j3:wedge
2026-09-17T06:00:19Z [43,968ms] [Error] [omni.kit.app._impl] [py stderr]: ### step  5047 → j3:detach
2026-09-17T06:00:19Z [43,970ms] [Error] [omni.kit.app._impl] [py stderr]: ### step  5048 → j3:set_gripper
2026-09-17T06:00:20Z [44,046ms] [Error] [omni.kit.app._impl] [py stderr]: ### step  5072 → j3:wait
2026-09-17T06:00:20Z [44,069ms] [Error] [omni.kit.app._impl] [py stderr]: ### step  5096 → j3:back
2026-09-17T06:00:20Z [44,141ms] [Error] [omni.kit.app._impl] [py stderr]: ### step  5117 → j3:set_gripper
2026-09-17T06:00:20Z [44,208ms] [Error] [omni.kit.app._impl] [py stderr]: ### step  5145 → j3:touch
2026-09-17T06:00:20Z [44,225ms] [Error] [omni.kit.app._impl] [py stderr]: ### step  5151 → j3:push
2026-09-17T06:00:20Z [44,445ms] [Error] [omni.kit.app._impl] [py stderr]: ### step  5225 → j3:wait
2026-09-17T06:00:20Z [44,499ms] [Error] [omni.kit.app._impl] [py stderr]: ### step  5243 → j3:retreat
2026-09-17T06:00:20Z [44,618ms] [Error] [omni.kit.app._impl] [py stderr]: ### step  5285 → j3:set_gripper
2026-09-17T06:00:20Z [44,671ms] [Error] [omni.kit.app._impl] [py stderr]: ### step  5307 → j3:return
2026-09-17T06:00:21Z [45,295ms] [Error] [omni.kit.app._impl] [py stderr]: ### step  5522 → idle
2026-09-17T06:00:21Z [45,295ms] [Error] [omni.kit.app._impl] [py stderr]: ### 전체 완료 step 5522
2026-09-17T06:00:21Z [45,355ms] [Error] [omni.kit.app._impl] [py stderr]: ### 작업 0: 성공  M0  세움 True 깊이 True 책등 y -2.551(목표 -2.555) x 2.486(목표 2.485)
2026-09-17T06:00:21Z [45,356ms] [Error] [omni.kit.app._impl] [py stderr]: ### 작업 1: 성공  M0  세움 True 깊이 True 책등 y -2.551(목표 -2.555) x 2.566(목표 2.565)
2026-09-17T06:00:21Z [45,356ms] [Error] [omni.kit.app._impl] [py stderr]: ### 작업 2: 성공  M0  세움 True 깊이 True 책등 y -2.551(목표 -2.555) x 2.405(목표 2.405)
2026-09-17T06:00:21Z [45,356ms] [Error] [omni.kit.app._impl] [py stderr]: ### 작업 3: 성공  M0  세움 True 깊이 True 책등 y -2.551(목표 -2.555) x 2.324(목표 2.325)
2026-09-17T06:00:21Z [45,356ms] [Error] [omni.kit.app._impl] [py stderr]: ### 작업별 소요(초, 마지막 단계 시작까지): {0: 17.9, 1: 18.6, 2: 16.4, 3: 17.2}  전체 92.0
2026-09-17T06:00:21Z [45,356ms] [Error] [omni.kit.app._impl] [py stderr]: ### 관절 각속도: 최대 한계의 126%, 80% 초과 53스텝
2026-09-17T06:00:21Z [45,356ms] [Error] [omni.kit.app._impl] [py stderr]: ###   80% 초과 구간 move_joint j7: 53스텝 최대 126%
2026-09-17T06:00:21Z [45,356ms] [Error] [omni.kit.app._impl] [py stderr]: ### 결과: 4/4 성공
[46.566s] Simulation App Shutting Down
MB_DONE
