[Info] [carb] Logging to file: /home/rokey/isaacsim/kit/logs/Kit/Isaac-Sim Python/5.1/kit_20260917_173523.log
2026-09-17T08:35:23Z [0ms] [Warning] [carb.crashreporter-breakpad.plugin] [previous crash] preventing upload of minidump due to user opt-out: '/home/rokey/isaacsim/kit/data/Kit/Isaac-Sim Python/5.1/fc99d165-c9ea-41c6-bf8abab5-b7340e51.dmp'
2026-09-17T08:35:23Z [0ms] [Warning] [carb.crashreporter-breakpad.plugin] [previous crash] preventing upload of minidump due to user opt-out: '/home/rokey/isaacsim/kit/data/Kit/Isaac-Sim Python/5.1/be7a1636-ad49-4711-a04b3693-1c0c4f8f.dmp'
[0.026s] [ext: omni.kit.async_engine-0.0.3] startup
[0.179s] [ext: omni.metrics.core-0.0.3] startup
[0.179s] [ext: omni.client.lib-1.1.0] startup
[0.186s] [ext: omni.blobkey-1.1.2] startup
[0.186s] [ext: omni.stats-1.0.1] startup
[0.187s] [ext: omni.datastore-0.0.0] startup
[0.190s] [ext: omni.client-1.3.0] startup
[0.193s] [ext: omni.ujitso.default-1.0.0] startup
[0.194s] [ext: omni.hsscclient-1.1.2] startup
[0.196s] [ext: omni.gpu_foundation.shadercache.vulkan-1.0.0] startup
[0.197s] [ext: omni.assets.plugins-0.0.0] startup
[0.197s] [ext: omni.gpu_foundation-0.0.0] startup
[0.201s] [ext: carb.windowing.plugins-1.0.0] startup
2026-09-17T08:35:23Z [192ms] [Warning] [carb.windowing-glfw.plugin] GLFW initialization failed.
2026-09-17T08:35:23Z [192ms] [Warning] [carb] Failed to startup plugin carb.windowing-glfw.plugin (interfaces: [carb::windowing::IGLContext v1.0],[carb::windowing::IWindowing v1.5]) (impl: carb.windowing-glfw.plugin)
[0.202s] [ext: omni.kit.renderer.init-0.0.0] startup
2026-09-17T08:35:23Z [202ms] [Warning] [omni.platforminfo.plugin] failed to open the default display.  Can't verify X Server version.
2026-09-17T08:35:23Z [583ms] [Warning] [gpu.foundation.plugin] Skipping unsupported non-NVIDIA GPU: Intel(R) Graphics (ARL)
2026-09-17T08:35:23Z [583ms] [Warning] [gpu.foundation.plugin] Skipping unsupported non-NVIDIA GPU: Intel(R) Graphics (ARL)

|---------------------------------------------------------------------------------------------|
| Driver Version: 580.173.02    | Graphics API: Vulkan
|=============================================================================================|
| GPU | Name                             | Active | LDA | GPU Memory | Vendor-ID | LUID       |
|     |                                  |        |     |            | Device-ID | UUID       |
|     |                                  |        |     |            | Bus-ID    |            |
|---------------------------------------------------------------------------------------------|
| 0   | NVIDIA GeForce RTX 5080 Laptop.. | Yes: 0 |     | 16303   MB | 10de      | 0          |
|     |                                  |        |     |            | 2c19      | 507b5eb6.. |
|     |                                  |        |     |            | 1         |            |
|---------------------------------------------------------------------------------------------|
| 1   | Intel(R) Graphics (ARL)          |        |     | 47779   MB | 8086      | 0          |
|     |                                  |        |     |            | 7d67      | 8680677d.. |
|     |                                  |        |     |            | 0         |            |
|=============================================================================================|
| OS: 24.04.4 LTS (Noble Numbat) ubuntu, Version: 24.04.4, Kernel: 6.14.0-27-generic
| Processor: Intel(R) Core(TM) Ultra 9 275HX
| Cores: 24 | Logical Cores: 24
|---------------------------------------------------------------------------------------------|
| Total Memory (MB): 63706 | Free Memory: 57498
| Total Page/Swap (MB): 8191 | Free Page/Swap: 8191
|---------------------------------------------------------------------------------------------|
2026-09-17T08:35:24Z [921ms] [Warning] [gpu.foundation.plugin] CPU performance profile is set to powersave. This profile sets the CPU to the lowest frequency reducing performance.
2026-09-17T08:35:24Z [930ms] [Warning] [gpu.foundation.plugin] PCIe link width current (8) and maximum (16) for device 0 don't match.
2026-09-17T08:35:24Z [930ms] [Warning] [gpu.foundation.plugin] IOMMU is enabled.
2026-09-17T08:35:24Z [930ms] [Warning] [gpu.foundation.plugin] Detected IOMMU is enabled. Running CUDA peer-to-peer bandwidth and latency validation.
Unidirectional P2P=Enabled Bandwidth (P2P Writes) Matrix (GB/s)
   D\D     0 
     0 518.93 
P2P=Enabled Latency (P2P Writes) Matrix (us)
   GPU     0 
     0   2.06 

   CPU     0 
     0   1.62 
[1.072s] [ext: omni.kit.pipapi-0.0.0] startup
[1.073s] [ext: omni.kit.pip_archive-0.0.0] startup
[1.073s] [ext: omni.pip.compute-1.6.3] startup
[1.073s] [ext: omni.materialx.libs-1.0.7] startup
[1.077s] [ext: omni.pip.cloud-1.4.3] startup
[1.079s] [ext: omni.isaac.core_archive-3.0.0] startup
[1.079s] [ext: omni.usd.config-1.0.6] startup
[1.081s] [ext: omni.gpucompute.plugins-0.0.0] startup
[1.081s] [ext: omni.usd.libs-1.0.1] startup
[1.123s] [ext: omni.kit.telemetry-0.5.2] startup
[1.140s] [ext: omni.mdl-56.0.3] startup
[1.187s] [ext: omni.iray.libs-0.0.0] startup
[1.191s] [ext: omni.mdl.neuraylib-0.2.12] startup
[1.192s] [ext: omni.kit.usd.mdl-1.1.5] startup
[1.251s] [ext: omni.isaac.ml_archive-3.0.4] startup
[1.251s] [ext: omni.kit.loop-isaac-1.3.7] startup
[1.251s] [ext: omni.kit.test-2.0.1] startup
[1.281s] [ext: omni.appwindow-1.1.10] startup
2026-09-17T08:35:24Z [1,272ms] [Warning] [carb.windowing-glfw.plugin] GLFW initialization failed.
2026-09-17T08:35:24Z [1,272ms] [Warning] [carb] Failed to startup plugin carb.windowing-glfw.plugin (interfaces: [carb::windowing::IGLContext v1.0],[carb::windowing::IWindowing v1.5]) (impl: carb.windowing-glfw.plugin)
[1.282s] [ext: omni.kit.renderer.core-1.1.0] startup
2026-09-17T08:35:24Z [1,289ms] [Warning] [carb.windowing-glfw.plugin] GLFW initialization failed.
2026-09-17T08:35:24Z [1,289ms] [Warning] [carb] Failed to startup plugin carb.windowing-glfw.plugin (interfaces: [carb::windowing::IGLContext v1.0],[carb::windowing::IWindowing v1.5]) (impl: carb.windowing-glfw.plugin)
2026-09-17T08:35:24Z [1,296ms] [Warning] [carb.windowing-glfw.plugin] GLFW initialization failed.
2026-09-17T08:35:24Z [1,296ms] [Warning] [carb] Failed to startup plugin carb.windowing-glfw.plugin (interfaces: [carb::windowing::IGLContext v1.0],[carb::windowing::IWindowing v1.5]) (impl: carb.windowing-glfw.plugin)
[1.306s] [ext: omni.kit.renderer.capture-0.0.0] startup
[1.307s] [ext: omni.kit.renderer.imgui-2.0.5] startup
2026-09-17T08:35:24Z [1,299ms] [Warning] [carb.windowing-glfw.plugin] GLFW initialization failed.
2026-09-17T08:35:24Z [1,299ms] [Warning] [carb] Failed to startup plugin carb.windowing-glfw.plugin (interfaces: [carb::windowing::IGLContext v1.0],[carb::windowing::IWindowing v1.5]) (impl: carb.windowing-glfw.plugin)
2026-09-17T08:35:24Z [1,300ms] [Warning] [carb.windowing-glfw.plugin] GLFW initialization failed.
2026-09-17T08:35:24Z [1,300ms] [Warning] [carb] Failed to startup plugin carb.windowing-glfw.plugin (interfaces: [carb::windowing::IGLContext v1.0],[carb::windowing::IWindowing v1.5]) (impl: carb.windowing-glfw.plugin)
2026-09-17T08:35:24Z [1,301ms] [Warning] [carb.windowing-glfw.plugin] GLFW initialization failed.
2026-09-17T08:35:24Z [1,301ms] [Warning] [carb] Failed to startup plugin carb.windowing-glfw.plugin (interfaces: [carb::windowing::IGLContext v1.0],[carb::windowing::IWindowing v1.5]) (impl: carb.windowing-glfw.plugin)
[1.349s] [ext: omni.ui-2.27.1] startup
[1.355s] [ext: omni.kit.mainwindow-1.0.3] startup
[1.356s] [ext: carb.audio-0.1.0] startup
[1.358s] [ext: omni.uiaudio-1.0.0] startup
[1.358s] [ext: omni.kit.uiapp-0.0.0] startup
[1.358s] [ext: omni.usd.schema.metrics.assembler-107.3.1] startup
[1.359s] [ext: omni.usd.schema.audio-0.0.0] startup
[1.361s] [ext: omni.anim.graph.schema-107.3.3] startup
[1.367s] [ext: omni.usd_resolver-1.0.0] startup
[1.368s] [ext: omni.usd.core-1.5.3] startup
[1.370s] [ext: omni.usd.schema.render_settings.rtx-0.0.0] startup
[1.383s] [ext: omni.usd.schema.semantics-0.0.0] startup
[1.384s] [ext: isaacsim.robot.schema-3.6.0] startup
[1.388s] [ext: omni.usd.schema.geospatial-0.0.0] startup
[1.389s] [ext: omni.usd.schema.anim-0.0.0] startup
[1.397s] [ext: omni.kit.window.popup_dialog-2.0.24] startup
[1.399s] [ext: usdrt.scenegraph-7.6.1] startup
[1.420s] [ext: omni.timeline-1.0.14] startup
[1.421s] [ext: omni.resourcemonitor-107.0.1] startup
[1.422s] [ext: omni.activity.core-1.0.3] startup
[1.423s] [ext: omni.kit.widget.nucleus_connector-2.0.1] startup
[1.424s] [ext: omni.hydra.usdrt_delegate-7.5.1] startup
[1.427s] [ext: omni.kit.actions.core-1.0.0] startup
[1.428s] [ext: omni.graph.exec-0.9.6] startup
[1.429s] [ext: omni.kit.commands-1.4.10] startup
[1.430s] [ext: omni.kit.usd_undo-0.1.8] startup
[1.431s] [ext: omni.kit.exec.core-0.13.4] startup
[1.431s] [ext: omni.kit.audiodeviceenum-1.0.2] startup
[1.432s] [ext: omni.hydra.scene_delegate-0.3.4] startup
[1.434s] [ext: omni.usd-1.13.10] startup
[1.448s] [ext: omni.kit.asset_converter-5.0.17] startup
[1.454s] [ext: omni.usd.schema.flow-107.1.1] startup
[1.455s] [ext: omni.usd.schema.omnigraph-1.0.0] startup
[1.458s] [ext: omni.usd.schema.omni_sensors-0.0.0] startup
[1.458s] [ext: omni.anim.navigation.schema-107.3.3] startup
[1.460s] [ext: omni.inspect-1.0.2] startup
[1.460s] [ext: omni.kit.notification_manager-1.0.10] startup
[1.461s] [ext: omni.graph.core-2.184.5] startup
[1.463s] [ext: isaacsim.core.deprecation_manager-0.2.7] startup
[1.463s] [ext: omni.usd.schema.physx-107.3.26] startup
[1.482s] [ext: omni.usd.schema.isaac-3.0.5] startup
[1.482s] [ext: omni.usd.schema.omniscripting-1.0.0] startup
[1.484s] [ext: omni.usd.schema.omni_lens_distortion-0.0.0] startup
[1.484s] [ext: omni.kvdb-107.3.26] startup
[1.485s] [ext: omni.usdphysics-107.3.26] startup
[1.486s] [ext: omni.physx.foundation-107.3.26] startup
[1.487s] [ext: omni.localcache-107.3.26] startup
[1.488s] [ext: omni.convexdecomposition-107.3.26] startup
[1.489s] [ext: omni.physx.cooking-107.3.26] startup
[1.491s] [ext: omni.physx-107.3.26] startup
[1.496s] [ext: omni.physics-107.3.26] startup
[1.498s] [ext: omni.kit.usd.layers-2.2.11] startup
[1.502s] [ext: omni.physics.physx-107.3.26] startup
2026-09-17T08:35:24Z [1,494ms] [Warning] [carb] Acquiring non optional plugin interface which is not listed as dependency: [omni::physx::IPhysxBenchmarks v1.0] (plugin: <default plugin>), by client: omni.physics.physx.plugin. Add it to CARB_PLUGIN_IMPL_DEPS() macro of a client.
[1.503s] [ext: omni.physics.stageupdate-107.3.26] startup
[1.504s] [ext: omni.kit.numpy.common-0.1.3] startup
[1.505s] [ext: isaacsim.core.version-2.0.6] startup
[1.505s] [ext: omni.isaac.dynamic_control-2.0.7] startup
2026-09-17T08:35:24Z [1,499ms] [Warning] [omni.isaac.dynamic_control] omni.isaac.dynamic_control is deprecated as of Isaac Sim 4.5. No action is needed from end-users.
[1.508s] [ext: isaacsim.storage.native-1.5.1] startup
[1.509s] [ext: omni.kit.menu.core-1.1.2] startup
[1.509s] [ext: omni.kit.helper.file_utils-0.1.9] startup
[1.510s] [ext: omni.usd.metrics.assembler-107.3.1] startup
[1.514s] [ext: omni.kit.widget.context_menu-1.2.5] startup
[1.515s] [ext: omni.warp.core-1.8.2] startup
[1.626s] [ext: omni.usd.metrics.assembler.physics-107.3.26] startup
[1.627s] [ext: omni.physics.tensors-107.3.26] startup
[1.631s] [ext: omni.kit.context_menu-1.8.6] startup
[1.632s] [ext: omni.kit.clipboard-1.0.5] startup
[1.632s] [ext: isaacsim.core.utils-3.5.1] startup
[1.633s] [ext: omni.kit.widget.filebrowser-2.12.3] startup
[1.636s] [ext: omni.kit.widget.options_menu-1.1.6] startup
[1.637s] [ext: omni.kit.widget.path_field-2.0.11] startup
[1.638s] [ext: omni.index.libs-380600.8087.0] startup
[1.638s] [ext: omni.ui.scene-1.11.5] startup
[1.640s] [ext: omni.kit.widget.options_button-1.0.3] startup
[1.641s] [ext: omni.kit.widget.browser_bar-2.0.10] startup
[1.641s] [ext: omni.index-1.0.1] startup
[1.641s] [ext: omni.hydra.rtx.shadercache.vulkan-1.0.0] startup
[1.642s] [ext: omni.kit.window.filepicker-2.13.4] startup
[1.649s] [ext: omni.volume-0.5.2] startup
[1.650s] [ext: omni.ujitso.client-0.0.0] startup
[1.651s] [ext: omni.graph.tools-1.79.2] startup
[1.663s] [ext: omni.graph.image.core-0.6.1] startup
[1.663s] [ext: omni.hydra.rtx-1.0.0] startup
2026-09-17T08:35:24Z [1,664ms] [Warning] [omni.log] Source: omni.hydra was already registered.
[1.681s] [ext: omni.kit.window.file_importer-1.1.18] startup
[1.682s] [ext: omni.kit.menu.utils-2.0.5] startup
[1.686s] [ext: omni.graph.image.nodes-1.3.1] startup
[1.687s] [ext: omni.kit.widget.searchable_combobox-1.0.6] startup
[1.687s] [ext: omni.kit.hydra_texture-1.4.6] startup
[1.689s] [ext: omni.kit.material.library-2.0.7] startup
[1.692s] [ext: omni.hydra.engine.stats-1.0.3] startup
[1.693s] [ext: omni.kit.viewport.scene_camera_model-1.0.6] startup
[1.695s] [ext: omni.kit.widget.settings-1.2.6] startup
[1.696s] [ext: omni.kit.viewport.legacy_gizmos-1.0.19] startup
[1.698s] [ext: omni.kit.widget.viewport-107.1.3] startup
[1.700s] [ext: omni.kit.viewport.registry-104.0.6] startup
[1.700s] [ext: omni.kit.raycast.query-1.1.0] startup
[1.702s] [ext: omni.physx.tensors-107.3.26] startup
[1.706s] [ext: omni.kit.window.drop_support-1.0.5] startup
[1.706s] [ext: omni.kit.primitive.mesh-1.0.17] startup
[1.708s] [ext: omni.kit.viewport.window-107.2.0] startup
[1.718s] [ext: omni.kit.window.preferences-1.8.0] startup
[1.721s] [ext: isaacsim.core.simulation_manager-1.4.4] startup
[2.444s] [ext: omni.graph.action_core-1.1.7] startup
[2.445s] [ext: omni.graph-1.141.2] startup
[2.469s] [ext: omni.kit.viewport.utility-1.1.2] startup
[2.469s] [ext: omni.kit.viewport.menubar.core-107.2.1] startup
[2.477s] [ext: isaacsim.core.prims-0.6.1] startup
[2.492s] [ext: omni.graph.action_nodes-1.50.4] startup
[2.495s] [ext: omni.kit.stage_template.core-1.1.22] startup
[2.497s] [ext: omni.syntheticdata-0.6.13] startup
[2.514s] [ext: omni.graph.nodes-1.170.10] startup
[2.521s] [ext: omni.graph.action-1.130.0] startup
[2.522s] [ext: omni.kit.stage_templates-2.0.0] startup
[2.527s] [ext: omni.kit.widget.filter-1.1.4] startup
[2.528s] [ext: omni.kit.widget.graph-2.0.0] startup
[2.540s] [ext: omni.kit.property.adapter.core-1.0.2] startup
[2.543s] [ext: omni.kit.window.file_exporter-1.0.33] startup
[2.545s] [ext: omni.kit.widget.searchfield-1.1.8] startup
[2.550s] [ext: omni.kit.hotkeys.core-1.3.10] startup
[2.557s] [ext: omni.kit.graph.delegate.default-1.2.3] startup
[2.567s] [ext: omni.kit.property.adapter.fabric-1.0.3] startup
[2.568s] [ext: omni.kit.widget.stage-3.1.4] startup
[2.575s] [ext: omni.kit.property.adapter.usd-1.0.2] startup
[2.576s] [ext: omni.kit.graph.editor.core-1.5.3] startup
[2.578s] [ext: omni.kit.widget.material_preview-1.0.16] startup
[2.579s] [ext: omni.kit.widget.highlight_label-1.0.3] startup
[2.580s] [ext: omni.kit.window.file-2.0.5] startup
[2.582s] [ext: omni.kit.window.content_browser_registry-0.0.6] startup
[2.583s] [ext: omni.kit.window.property-1.12.1] startup
[2.584s] [ext: omni.kit.window.content_browser-3.1.3] startup
[2.591s] [ext: omni.kit.graph.usd.commands-1.3.1] startup
[2.592s] [ext: omni.kit.property.usd-4.5.12] startup
[2.598s] [ext: omni.graph.ui_nodes-1.50.5] startup
[2.600s] [ext: omni.videoencoding-0.1.2] startup
[2.602s] [ext: omni.kit.window.material_graph-1.9.1] startup
[2.610s] [ext: omni.warp-1.8.2] startup
[2.614s] [ext: isaacsim.core.api-4.8.0] startup
[2.629s] [ext: omni.graph.scriptnode-1.50.0] startup
[2.632s] [ext: isaacsim.test.docstring-1.1.0] startup
[2.642s] [ext: isaacsim.core.experimental.utils-0.3.0] startup
[2.645s] [ext: omni.replicator.core-1.12.27] startup
2026-09-17T08:35:25Z [2,661ms] [Warning] [pxr.Semantics] pxr.Semantics is deprecated - please use Semantics instead
2026-09-17T08:35:26Z [2,743ms] [Warning] [omni.graph.core.plugin] Found duplicate of category 'Replicator' - was 'Annotators', adding 'Fabric Reader'
2026-09-17T08:35:26Z [2,743ms] [Warning] [omni.graph.core.plugin] Category 'Replicator' not accepted on node type 'omni.replicator.core.FabricReader' in extension 'omni.replicator.core'
2026-09-17T08:35:26Z [2,744ms] [Warning] [omni.replicator.core.scripts.extension] No material configuration file, adding configuration to material settings directly.
[2.755s] [ext: isaacsim.core.experimental.prims-0.8.1] startup
[2.781s] [ext: omni.kit.window.extensions-1.4.27] startup
[2.793s] [ext: isaacsim.core.experimental.objects-0.4.0] startup
[2.801s] [ext: omni.ui_query-1.1.8] startup
[2.804s] [ext: omni.kit.manipulator.viewport-107.0.1] startup
[2.806s] [ext: isaacsim.robot.surface_gripper-3.3.1] startup
[2.809s] [ext: omni.kit.ui_test-1.3.7] startup
[2.813s] [ext: omni.graph.visualization.nodes-2.1.3] startup
[2.837s] [ext: isaacsim.robot_motion.lula-4.0.8] startup
[2.844s] [ext: isaacsim.core.nodes-3.4.3] startup
[2.850s] [ext: isaacsim.gui.components-1.2.1] startup
[2.862s] [ext: isaacsim.robot_motion.motion_generation-8.0.26] startup
[2.901s] [ext: isaacsim.robot.manipulators-3.3.6] startup
[3.004s] [ext: isaacsim.core.experimental.materials-0.4.0] startup
[3.162s] [ext: isaacsim.robot.manipulators.examples-1.1.2] startup
[3.166s] [ext: isaacsim.cortex.framework-1.0.12] startup
[3.171s] [ext: isaacsim.cortex.behaviors-2.0.14] startup
[3.176s] [ext: omni.isaac.cortex.sample_behaviors-2.0.5] startup
2026-09-17T08:35:26Z [3,173ms] [Warning] [omni.isaac.cortex] omni.isaac.cortex has been deprecated in favor of isaacsim.cortex.framework. Please update your code accordingly.
2026-09-17T08:35:26Z [3,173ms] [Warning] [omni.isaac.cortex.sample_behaviors] omni.isaac.cortex.sample_behaviors has been deprecated in favor of isaacsim.cortex.behaviors. Please update your code accordingly.
[3.183s] [ext: omni.kit.widget.zoombar-1.0.6] startup
[3.190s] [ext: isaacsim.gui.content_browser-0.1.11] startup
[3.193s] [ext: omni.kit.browser.core-2.3.13] startup
[3.204s] [ext: omni.kit.widget.stage_icons-1.0.8] startup
[3.208s] [ext: omni.kit.widget.prompt-1.0.7] startup
[3.210s] [ext: omni.kit.usd.collect-2.4.5] startup
[3.220s] [ext: omni.kit.browser.folder.core-1.10.9] startup
[3.227s] [ext: omni.kit.window.stage-2.6.1] startup
[3.233s] [ext: omni.kit.usdz_export-1.0.9] startup
[3.235s] [ext: omni.kit.tool.collect-2.2.18] startup
[3.237s] [ext: omni.kit.menu.stage-1.2.7] startup
[3.239s] [ext: omni.kit.tool.asset_importer-4.3.2] startup
[3.242s] [ext: isaacsim.robot.wheeled_robots-4.0.24] startup
[3.245s] [ext: isaacsim.examples.browser-0.2.1] startup
[3.248s] [ext: isaacsim.asset.importer.urdf-2.4.30] startup
[3.293s] [ext: omni.isaac.wheeled_robots-3.0.7] startup
2026-09-17T08:35:26Z [3,284ms] [Warning] [omni.isaac.wheeled_robots] omni.isaac.wheeled_robots has been deprecated in favor of isaacsim.robot.wheeled_robots. Please update your code accordingly.
2026-09-17T08:35:26Z [3,285ms] [Warning] [omni.isaac.wheeled_robots.controllers] omni.isaac.wheeled_robots has been deprecated in favor of isaacsim.robot.wheeled_robots. Please update your code accordingly.
2026-09-17T08:35:26Z [3,285ms] [Warning] [omni.isaac.wheeled_robots.controllers.ackermann_controller] omni.isaac.wheeled_robots has been deprecated in favor of isaacsim.robot.wheeled_robots. Please update your code accordingly.
2026-09-17T08:35:26Z [3,285ms] [Warning] [omni.isaac.wheeled_robots.controllers.differential_controller] omni.isaac.wheeled_robots has been deprecated in favor of isaacsim.robot.wheeled_robots. Please update your code accordingly.
2026-09-17T08:35:26Z [3,285ms] [Warning] [omni.isaac.wheeled_robots.controllers.holonomic_controller] omni.isaac.wheeled_robots has been deprecated in favor of isaacsim.robot.wheeled_robots. Please update your code accordingly.
2026-09-17T08:35:26Z [3,285ms] [Warning] [omni.isaac.wheeled_robots.controllers.quintic_path_planner] omni.isaac.wheeled_robots has been deprecated in favor of isaacsim.robot.wheeled_robots. Please update your code accordingly.
2026-09-17T08:35:26Z [3,285ms] [Warning] [omni.isaac.wheeled_robots.controllers.stanley_control] omni.isaac.wheeled_robots has been deprecated in favor of isaacsim.robot.wheeled_robots. Please update your code accordingly.
2026-09-17T08:35:26Z [3,285ms] [Warning] [omni.isaac.wheeled_robots.controllers.wheel_base_pose_controller] omni.isaac.wheeled_robots has been deprecated in favor of isaacsim.robot.wheeled_robots. Please update your code accordingly.
2026-09-17T08:35:26Z [3,285ms] [Warning] [omni.isaac.wheeled_robots.impl] omni.isaac.wheeled_robots has been deprecated in favor of isaacsim.robot.wheeled_robots. Please update your code accordingly.
2026-09-17T08:35:26Z [3,285ms] [Warning] [omni.isaac.wheeled_robots.robots] omni.isaac.wheeled_robots has been deprecated in favor of isaacsim.robot.wheeled_robots. Please update your code accordingly.
2026-09-17T08:35:26Z [3,286ms] [Warning] [omni.isaac.wheeled_robots.robots.holonomic_robot_usd_setup] omni.isaac.wheeled_robots has been deprecated in favor of isaacsim.robot.wheeled_robots. Please update your code accordingly.
2026-09-17T08:35:26Z [3,286ms] [Warning] [omni.isaac.wheeled_robots.robots.wheeled_robot] omni.isaac.wheeled_robots has been deprecated in favor of isaacsim.robot.wheeled_robots. Please update your code accordingly.
[3.295s] [ext: isaacsim.simulation_app-2.12.2] startup
[3.295s] [ext: omni.isaac.franka-1.0.7] startup
2026-09-17T08:35:26Z [3,289ms] [Warning] [omni.isaac.franka] omni.isaac.franka has been deprecated in favor of isaacsim.robot.manipulators.examples.franka. Please update your code accordingly.
2026-09-17T08:35:26Z [3,290ms] [Warning] [omni.isaac.franka.franka] omni.isaac.franka has been deprecated in favor of isaacsim.robot.manipulators.examples.franka. Please update your code accordingly.
2026-09-17T08:35:26Z [3,306ms] [Warning] [omni.isaac.franka.kinematics_solver] omni.isaac.franka has been deprecated in favor of isaacsim.robot.manipulators.examples.franka. Please update your code accordingly.
[3.316s] [ext: omni.isaac.kit-2.0.6] startup
2026-09-17T08:35:26Z [3,307ms] [Warning] [omni.isaac.kit] omni.isaac.kit has been deprecated in favor of isaacsim.simulation_app. Please update your code accordingly.
[3.316s] [ext: omni.kit.selection-0.1.6] startup
[3.319s] [ext: omni.isaac.lula-4.0.6] startup
2026-09-17T08:35:26Z [3,310ms] [Warning] [omni.isaac.lula] omni.isaac.lula has been deprecated in favor of isaacsim.robot_motion.lula. Please update your code accordingly.
[3.320s] [ext: isaacsim.robot_motion.lula_test_widget-1.0.12] startup
[3.323s] [ext: isaacsim.asset.browser-1.3.23] startup
[3.372s] [ext: omni.kit.viewport.actions-107.0.2] startup
[3.376s] [ext: isaacsim.gui.menu-2.4.4] startup
[3.380s] [ext: omni.isaac.manipulators-3.0.7] startup
2026-09-17T08:35:26Z [3,372ms] [Warning] [omni.isaac.manipulators] omni.isaac.manipulators has been deprecated in favor of isaacsim.robot.manipulators. Please update your code accordingly.
2026-09-17T08:35:26Z [3,372ms] [Warning] [omni.isaac.manipulators.controllers] omni.isaac.manipulators has been deprecated in favor of isaacsim.robot.manipulators. Please update your code accordingly.
2026-09-17T08:35:26Z [3,372ms] [Warning] [omni.isaac.manipulators.controllers.pick_place_controller] omni.isaac.manipulators has been deprecated in favor of isaacsim.robot.manipulators. Please update your code accordingly.
2026-09-17T08:35:26Z [3,373ms] [Warning] [omni.isaac.manipulators.controllers.stacking_controller] omni.isaac.manipulators has been deprecated in favor of isaacsim.robot.manipulators. Please update your code accordingly.
2026-09-17T08:35:26Z [3,373ms] [Warning] [omni.isaac.manipulators.grippers] omni.isaac.manipulators has been deprecated in favor of isaacsim.robot.manipulators. Please update your code accordingly.
2026-09-17T08:35:26Z [3,373ms] [Warning] [omni.isaac.manipulators.grippers.gripper] omni.isaac.manipulators has been deprecated in favor of isaacsim.robot.manipulators. Please update your code accordingly.
2026-09-17T08:35:26Z [3,373ms] [Warning] [omni.isaac.manipulators.grippers.parallel_gripper] omni.isaac.manipulators has been deprecated in favor of isaacsim.robot.manipulators. Please update your code accordingly.
2026-09-17T08:35:26Z [3,373ms] [Warning] [omni.isaac.manipulators.grippers.surface_gripper] omni.isaac.manipulators has been deprecated in favor of isaacsim.robot.manipulators. Please update your code accordingly.
2026-09-17T08:35:26Z [3,373ms] [Warning] [omni.isaac.manipulators.manipulators] omni.isaac.manipulators has been deprecated in favor of isaacsim.robot.manipulators. Please update your code accordingly.
2026-09-17T08:35:26Z [3,373ms] [Warning] [omni.isaac.manipulators.manipulators.single_manipulator] omni.isaac.manipulators has been deprecated in favor of isaacsim.robot.manipulators. Please update your code accordingly.
[3.383s] [ext: omni.isaac.lula_test_widget-1.0.6] startup
2026-09-17T08:35:26Z [3,374ms] [Warning] [omni.isaac.lula_test_widget] omni.isaac.lula_test_widget has been deprecated in favor of isaacsim.robot_motion.lula_test_widget. Please update your code accordingly.
[3.383s] [ext: omni.isaac.asset_browser-1.0.6] startup
2026-09-17T08:35:26Z [3,375ms] [Warning] [omni.isaac.asset_browser] omni.isaac.asset_browser has been deprecated in favor of isaacsim.asset.browser. Please update your code accordingly.
[3.387s] [ext: omni.kit.viewport.menubar.display-107.0.3] startup
[3.391s] [ext: omni.isaac.menu-1.0.6] startup
2026-09-17T08:35:26Z [3,383ms] [Warning] [omni.isaac.menu] omni.isaac.menu has been deprecated in favor of isaacsim.gui.menu. Please update your code accordingly.
[3.392s] [ext: omni.isaac.motion_generation-8.0.7] startup
2026-09-17T08:35:26Z [3,386ms] [Warning] [omni.isaac.motion_generation] omni.isaac.motion_generation has been deprecated in favor of isaacsim.robot_motion.motion_generation. Please update your code accordingly.
2026-09-17T08:35:26Z [3,386ms] [Warning] [omni.isaac.motion_generation.articulation_kinematics_solver] omni.isaac.motion_generation has been deprecated in favor of isaacsim.robot_motion.motion_generation. Please update your code accordingly.
2026-09-17T08:35:26Z [3,386ms] [Warning] [omni.isaac.motion_generation.articulation_motion_policy] omni.isaac.motion_generation has been deprecated in favor of isaacsim.robot_motion.motion_generation. Please update your code accordingly.
2026-09-17T08:35:26Z [3,388ms] [Warning] [omni.isaac.motion_generation.articulation_trajectory] omni.isaac.motion_generation has been deprecated in favor of isaacsim.robot_motion.motion_generation. Please update your code accordingly.
2026-09-17T08:35:26Z [3,388ms] [Warning] [omni.isaac.motion_generation.kinematics_interface] omni.isaac.motion_generation has been deprecated in favor of isaacsim.robot_motion.motion_generation. Please update your code accordingly.
2026-09-17T08:35:26Z [3,388ms] [Warning] [omni.isaac.motion_generation.lula] omni.isaac.motion_generation has been deprecated in favor of isaacsim.robot_motion.motion_generation. Please update your code accordingly.
2026-09-17T08:35:26Z [3,388ms] [Warning] [omni.isaac.motion_generation.lula.kinematics] omni.isaac.motion_generation has been deprecated in favor of isaacsim.robot_motion.motion_generation. Please update your code accordingly.
2026-09-17T08:35:26Z [3,388ms] [Warning] [omni.isaac.motion_generation.lula.motion_policies] omni.isaac.motion_generation has been deprecated in favor of isaacsim.robot_motion.motion_generation. Please update your code accordingly.
2026-09-17T08:35:26Z [3,388ms] [Warning] [omni.isaac.motion_generation.lula.path_planners] omni.isaac.motion_generation has been deprecated in favor of isaacsim.robot_motion.motion_generation. Please update your code accordingly.
2026-09-17T08:35:26Z [3,388ms] [Warning] [omni.isaac.motion_generation.lula.trajectory_generator] omni.isaac.motion_generation has been deprecated in favor of isaacsim.robot_motion.motion_generation. Please update your code accordingly.
2026-09-17T08:35:26Z [3,388ms] [Warning] [omni.isaac.motion_generation.motion_policy_controller] omni.isaac.motion_generation has been deprecated in favor of isaacsim.robot_motion.motion_generation. Please update your code accordingly.
2026-09-17T08:35:26Z [3,388ms] [Warning] [omni.isaac.motion_generation.motion_policy_interface] omni.isaac.motion_generation has been deprecated in favor of isaacsim.robot_motion.motion_generation. Please update your code accordingly.
2026-09-17T08:35:26Z [3,388ms] [Warning] [omni.isaac.motion_generation.path_planner_visualizer] omni.isaac.motion_generation has been deprecated in favor of isaacsim.robot_motion.motion_generation. Please update your code accordingly.
2026-09-17T08:35:26Z [3,388ms] [Warning] [omni.isaac.motion_generation.path_planning_interface] omni.isaac.motion_generation has been deprecated in favor of isaacsim.robot_motion.motion_generation. Please update your code accordingly.
2026-09-17T08:35:26Z [3,388ms] [Warning] [omni.isaac.motion_generation.trajectory] omni.isaac.motion_generation has been deprecated in favor of isaacsim.robot_motion.motion_generation. Please update your code accordingly.
2026-09-17T08:35:26Z [3,388ms] [Warning] [omni.isaac.motion_generation.world_interface] omni.isaac.motion_generation has been deprecated in favor of isaacsim.robot_motion.motion_generation. Please update your code accordingly.
[3.398s] [ext: omni.isaac.assets_check-0.3.13] startup
2026-09-17T08:35:26Z [3,390ms] [Warning] [omni.isaac.assets_check] omni.isaac.assets_check has been deprecated in favor of isaacsim.asset.browser. Please update your code accordingly.
[3.399s] [ext: isaacsim.gui.sensors.icon-2.0.3] startup
[3.407s] [ext: isaacsim.asset.importer.mjcf-2.5.13] startup
[3.411s] [ext: omni.sensors.nv.common-3.0.0] startup
[3.417s] [ext: isaacsim.sensors.physics-0.4.3] startup
[3.421s] [ext: omni.sensors.net-1.0.0] startup
[3.424s] [ext: omni.isaac.nucleus-1.0.6] startup
2026-09-17T08:35:26Z [3,415ms] [Warning] [omni.isaac.nucleus] omni.isaac.nucleus has been deprecated in favor of isaacsim.storage.native. Please update your code accordingly.
2026-09-17T08:35:26Z [3,415ms] [Warning] [omni.isaac.nucleus.nucleus] omni.isaac.nucleus.nucleus has been deprecated in favor of isaacsim.storage.native. Please update your code accordingly.
[3.425s] [ext: omni.sensors.nv.materials-2.0.0] startup
[3.428s] [ext: isaacsim.robot.policy.examples-4.1.11] startup
[3.430s] [ext: omni.sensors.nv.wpm-3.0.0] startup
[3.432s] [ext: omni.sensors.nv.lidar-3.0.0] startup
[3.436s] [ext: isaacsim.util.debug_draw-3.1.0] startup
[3.440s] [ext: omni.sensors.nv.radar-3.0.0] startup
[3.442s] [ext: omni.sensors.nv.ids-2.0.0] startup
[3.443s] [ext: isaacsim.core.cloner-1.4.10] startup
[3.444s] [ext: isaacsim.sensors.physx-2.3.2] startup
[3.447s] [ext: isaacsim.sensors.rtx-15.8.4] startup
[3.453s] [ext: isaacsim.sensors.camera-1.3.6] startup
[3.458s] [ext: omni.isaac.quadruped-3.0.7] startup
2026-09-17T08:35:26Z [3,451ms] [Warning] [omni.isaac.quadruped] omni.isaac.quadruped has been deprecated in favor of isaacsim.robot.policy.examples. Please update your code accordingly.
[3.460s] [ext: omni.isaac.cloner-1.0.7] startup
2026-09-17T08:35:26Z [3,455ms] [Warning] [omni.isaac.cloner] omni.isaac.cloner has been deprecated in favor of isaacsim.core.cloner. Please update your code accordingly.
[3.464s] [ext: omni.isaac.range_sensor-4.0.6] startup
2026-09-17T08:35:26Z [3,457ms] [Warning] [omni.isaac.range_sensor] omni.isaac.range_sensor has been deprecated in favor of isaacsim.sensors.physx. Please update your code accordingly.
2026-09-17T08:35:26Z [3,457ms] [Warning] [omni.isaac.range_sensor.commands] omni.isaac.range_sensor.commands has been deprecated in favor of isaacsim.sensors.physx.commands. Please update your code accordingly.
[3.468s] [ext: omni.isaac.sensor-13.0.7] startup
2026-09-17T08:35:26Z [3,462ms] [Warning] [omni.isaac.sensor] omni.isaac.sensor has been deprecated in favor of isaacsim.sensors.camera, isaacsim.sensors.physics, isaacsim.sensors.physx, and isaacsim.sensors.rtx. Please update your code accordingly.
2026-09-17T08:35:26Z [3,462ms] [Warning] [omni.isaac.sensor.camera] omni.isaac.sensor.camera has been deprecated in favor of isaacsim.sensors.camera.camera. Please update your code accordingly.
2026-09-17T08:35:26Z [3,463ms] [Warning] [omni.isaac.sensor.camera_view] omni.isaac.sensor.camera_view has been deprecated in favor of isaacsim.sensors.camera.camera_view. Please update your code accordingly.
2026-09-17T08:35:26Z [3,463ms] [Warning] [omni.isaac.sensor.commands] omni.isaac.sensor.commands has been deprecated in favor of isaacsim.sensors.physics.commands, isaacsim.sensors.physx.commands, and isaacsim.sensors.rtx.commands. Please update your code accordingly.
2026-09-17T08:35:26Z [3,463ms] [Warning] [omni.isaac.sensor.contact_sensor] omni.isaac.sensor.contact_sensor has been deprecated in favor of isaacsim.sensors.physics.contact_sensor. Please update your code accordingly.
2026-09-17T08:35:26Z [3,464ms] [Warning] [omni.isaac.sensor.imu_sensor] omni.isaac.sensor.imu_sensor has been deprecated in favor of isaacsim.sensors.physics.imu_sensor. Please update your code accordingly.
2026-09-17T08:35:26Z [3,464ms] [Warning] [omni.isaac.sensor.lidar_rtx] omni.isaac.sensor.lidar_rtx has been deprecated in favor of isaacsim.sensors.rtx.lidar_rtx. Please update your code accordingly.
2026-09-17T08:35:26Z [3,464ms] [Warning] [omni.isaac.sensor.rotating_lidar_physX] omni.isaac.sensor.imu_sensor has been deprecated in favor of isaacsim.sensors.physix.rotating_lidar_physX. Please update your code accordingly.
2026-09-17T08:35:26Z [3,465ms] [Warning] [omni.isaac.sensor.scripts.samples.contact_sensor] omni.isaac.sensor.scripts.samples.contact_sensor has been deprecated in favor of isaacsim.sensors.physics.scripts.samples.contact_sensor. Please update your code accordingly.
2026-09-17T08:35:26Z [3,465ms] [Warning] [omni.isaac.sensor.scripts.samples.imu_sensor] omni.isaac.sensor.scripts.samples.imu_sensor has been deprecated in favor of isaacsim.sensors.physics.scripts.samples.imu_sensor. Please update your code accordingly.
2026-09-17T08:35:26Z [3,466ms] [Warning] [omni.isaac.sensor.scripts.samples.lightbeam_sensor] omni.isaac.sensor.scripts.samples.lightbeam_sensor has been deprecated in favor of isaacsim.sensors.physx.scripts.samples.lightbeam_sensor. Please update your code accordingly.
[3.475s] [ext: omni.kit.menu.create-2.0.1] startup
[3.478s] [ext: omni.kit.widget.toolbar-2.0.1] startup
[3.488s] [ext: omni.kit.manipulator.transform-107.0.0] startup
[3.491s] [ext: omni.isaac.core-4.0.7] startup
2026-09-17T08:35:26Z [3,483ms] [Warning] [omni.isaac.core.physics_context.physics_context] omni.isaac.core.physics_context.physics_context has been deprecated in favor of isaacsim.core.api.physics_context.physics_context. Please update your code accordingly.
2026-09-17T08:35:26Z [3,483ms] [Warning] [omni.isaac.core.simulation_context.simulation_context] omni.isaac.core.simulation_context.simulation_context has been deprecated in favor of isaacsim.core.api.simulation_context.simulation_context. Please update your code accordingly.
2026-09-17T08:35:26Z [3,483ms] [Warning] [omni.isaac.core.world.world] omni.isaac.core.world.world has been deprecated in favor of isaacsim.core.api.world.world. Please update your code accordingly.
2026-09-17T08:35:26Z [3,483ms] [Warning] [omni.isaac.core] omni.isaac.core has been deprecated in favor of isaacsim.core.api. Please update your code accordingly.
[3.493s] [ext: omni.kit.scripting-107.3.2] startup
[3.497s] [ext: omni.kit.manipulator.tool.snap-1.5.13] startup
[3.500s] [ext: omni.kit.manipulator.selector-1.1.3] startup
[3.501s] [ext: isaacsim.app.about-2.0.11] startup
[3.505s] [ext: isaacsim.replicator.behavior-1.1.16] startup
[3.506s] [ext: omni.kit.viewport.manipulator.transform-107.0.4] startup
[3.508s] [ext: omni.isaac.window.about-2.0.7] startup
2026-09-17T08:35:26Z [3,500ms] [Warning] [omni.isaac.window.about] omni.isaac.window.about has been deprecated in favor of isaacsim.app.about. Please update your code accordingly.
2026-09-17T08:35:26Z [3,500ms] [Warning] [omni.isaac.window.about.about] omni.isaac.window.about.about has been deprecated in favor of isaacsim.app.about.about. Please update your code accordingly.
[3.509s] [ext: omni.fabric.commands-1.1.6] startup
[3.512s] [ext: omni.kit.manipulator.prim.core-107.0.8] startup
[3.516s] [ext: omni.kit.property.audio-1.0.16] startup
[3.517s] [ext: omni.kit.property.camera-1.0.10] startup
[3.518s] [ext: omni.kit.property.geometry-2.0.4] startup
[3.521s] [ext: omni.hydra.scene_api-0.1.2] startup
[3.523s] [ext: omni.kit.property.light-1.0.12] startup
[3.535s] [ext: omni.kit.manipulator.prim.fabric-107.0.4] startup
[3.537s] [ext: omni.kit.manipulator.prim.usd-107.0.3] startup
[3.538s] [ext: omni.kit.property.material-1.11.9] startup
[3.542s] [ext: omni.kit.property.render-1.2.1] startup
[3.543s] [ext: omni.kit.property.transform-1.5.13] startup
[3.546s] [ext: isaacsim.gui.property-1.1.3] startup
[3.548s] [ext: omni.kit.manipulator.camera-106.0.4] startup
[3.550s] [ext: omni.kit.manipulator.prim-107.0.0] startup
[3.550s] [ext: omni.isaac.surface_gripper-2.0.6] startup
2026-09-17T08:35:26Z [3,541ms] [Warning] [omni.isaac.surface_gripper] omni.isaac.surface_gripper has been deprecated in favor of isaacsim.robot.surface_gripper. Please update your code accordingly.
[3.551s] [ext: omni.kit.manipulator.selection-106.0.1] startup
[3.554s] [ext: omni.kit.property.bundle-1.4.1] startup
[3.555s] [ext: omni.kit.property.isaac-1.0.6] startup
2026-09-17T08:35:26Z [3,547ms] [Warning] [omni.kit.property.isaac] omni.kit.property.isaac has been deprecated in favor of isaacsim.gui.property. Please update your code accordingly.
2026-09-17T08:35:26Z [3,547ms] [Warning] [omni.kit.property.isaac.widgets] omni.kit.property.isaac.widgets has been deprecated in favor of isaacsim.gui.property.widgets. Please update your code accordingly.
[3.556s] [ext: omni.isaac.universal_robots-1.0.6] startup
2026-09-17T08:35:26Z [3,547ms] [Warning] [omni.isaac.universal_robots] omni.isaac.universal_robots has been deprecated in favor of isaacsim.robot.manipulators.examples.universal_robots. Please update your code accordingly.
2026-09-17T08:35:26Z [3,547ms] [Warning] [omni.isaac.universal_robots.kinematics_solver] omni.isaac.franka has been deprecated in favor of isaacsim.robot.manipulators.examples.universal_robots. Please update your code accordingly.
2026-09-17T08:35:26Z [3,548ms] [Warning] [omni.isaac.universal_robots.ur10] omni.isaac.franka has been deprecated in favor of isaacsim.robot.manipulators.examples.universal_robots. Please update your code accordingly.
[3.558s] [ext: omni.isaac.core_nodes-2.0.6] startup
2026-09-17T08:35:26Z [3,550ms] [Warning] [omni.isaac.core_nodes] omni.isaac.core_nodes has been deprecated in favor of isaacsim.core.nodes. Please update your code accordingly.
[3.560s] [ext: omni.kit.viewport.menubar.camera-107.0.6] startup
[3.566s] [ext: omni.kit.viewport.menubar.lighting-107.3.1] startup
[3.567s] [ext: isaacsim.replicator.writers-1.0.17] startup
[3.576s] [ext: omni.kit.viewport.menubar.render-107.0.10] startup
[3.579s] [ext: omni.kit.viewport.menubar.settings-107.0.3] startup
[3.584s] [ext: omni.kit.window.console-1.1.4] startup
[3.588s] [ext: isaacsim.replicator.domain_randomization-1.0.16] startup
[3.590s] [ext: isaacsim.replicator.examples-1.3.6] startup
[3.593s] [ext: omni.ocio-0.1.1] startup
[3.595s] [ext: omni.rtx.window.settings-0.6.19] startup
[3.604s] [ext: omni.kit.window.status_bar-0.1.9] startup
[3.609s] [ext: omni.kit.window.toolbar-2.0.0] startup
[3.618s] [ext: omni.replicator.isaac-2.0.8] startup
2026-09-17T08:35:26Z [3,610ms] [Warning] [omni.replicator.isaac] omni.replicator.isaac has been deprecated in favor of isaacsim.replicator.domain_randomization, isaacsim.replicator.examples, isaacsim.replicator.writers. Please update your code accordingly.
[3.619s] [ext: omni.replicator.replicator_yaml-2.0.11] startup
[3.630s] [ext: omni.rtx.settings.core-0.6.5] startup
[3.633s] [ext: omni.usd.metrics.assembler.ui-107.3.1] startup
[3.642s] [ext: omni.isaac.utils-2.0.6] startup
[3.643s] [ext: semantics.schema.editor-2.0.2] startup
[3.647s] [ext: omni.kit.ui.actions-1.0.5] startup
[3.648s] [ext: semantics.schema.property-2.0.1] startup
[3.650s] [ext: omni.isaac.version-2.0.7] startup
2026-09-17T08:35:26Z [3,641ms] [Warning] [omni.isaac.version] omni.isaac.version has been deprecated in favor of isaacsim.core.version. Please update your code accordingly.
[3.651s] [ext: omni.isaac.cortex-1.0.5] startup
[3.652s] [ext: omni.anim.curve.core-1.3.1] startup
[3.659s] [ext: isaacsim.core.throttling-2.2.2] startup
[3.661s] [ext: omni.kit.menu.common-2.0.1] startup
[3.662s] [ext: isaacsim.exp.base-5.1.0] startup
[3.663s] [ext: isaacsim.exp.base.python-5.1.0] startup
[3.664s] Simulation App Starting
2026-09-17T08:35:27Z [3,742ms] [Warning] [omni.fabric.plugin] Warning: attribute viewportHandle not found for bucket id 9

2026-09-17T08:35:27Z [3,764ms] [Warning] [usdrt.population.plugin] [UsdNoticeHandler] Unhandled attribute type VtArray<std::string> (prim attribute: omni:rtx:material:db:flattener:transmittance_color)
2026-09-17T08:35:27Z [3,764ms] [Warning] [usdrt.population.plugin] [UsdNoticeHandler] Unhandled attribute type VtArray<std::string> (prim attribute: omni:rtx:material:db:flattener:reflection_roughness_constant)
2026-09-17T08:35:27Z [3,764ms] [Warning] [usdrt.population.plugin] [UsdNoticeHandler] Unhandled attribute type VtArray<std::string> (prim attribute: omni:rtx:material:db:flattener:ior_constant)
[3.780s] app ready
[5.642s] Simulation App Startup Complete
2026-09-17T08:35:30Z [7,405ms] [Warning] [omni.fabric.plugin] Warning: attribute evaluatedTranslations not found for bucket id a

[93m[Lula] Joint 'panda_finger_joint2' is specified as a mimic joint, but its control chain ['panda_finger_joint2' -> 'panda_finger_joint1'] terminates with a joint ['panda_finger_joint1'] that is not a c-space coordinate. Mimic attributes will be ignored.
[0m2026-09-17T08:35:33Z [10,010ms] [Error] [omni.kit.app._impl] [py stderr]: ### 장면 준비: 트레이 칸 6개, 책 6권, 치수 두께 0.035 길이 0.237 폭 0.163, 홈 IK True
2026-09-17T08:35:33Z [10,017ms] [Error] [omni.kit.app._impl] [py stderr]: ### 고정·물체 충돌체 40개, 서가 앞면 y -2.575
2026-09-17T08:35:34Z [10,876ms] [Error] [omni.kit.app._impl] [py stderr]: ### 후보 48개: IK 48 / 겹침 없음 41 / 4칸 모두 화면 안 0 / 모두 통과 0
2026-09-17T08:35:34Z [10,876ms] [Error] [omni.kit.app._impl] [py stderr]: ###   d 0.22 z 0.62 tilt  0: 겹침 0 화면안 False 홈거리 1.88 []
2026-09-17T08:35:34Z [10,876ms] [Error] [omni.kit.app._impl] [py stderr]: ###   d 0.22 z 0.62 tilt 15: 겹침 0 화면안 False 홈거리 1.72 []
2026-09-17T08:35:34Z [10,876ms] [Error] [omni.kit.app._impl] [py stderr]: ###   d 0.22 z 0.62 tilt 30: 겹침 0 화면안 False 홈거리 1.52 []
2026-09-17T08:35:34Z [10,876ms] [Error] [omni.kit.app._impl] [py stderr]: ###   d 0.22 z 0.70 tilt  0: 겹침 0 화면안 False 홈거리 1.83 []
2026-09-17T08:35:34Z [10,876ms] [Error] [omni.kit.app._impl] [py stderr]: ###   d 0.22 z 0.70 tilt 15: 겹침 0 화면안 False 홈거리 1.63 []
2026-09-17T08:35:34Z [10,876ms] [Error] [omni.kit.app._impl] [py stderr]: ###   d 0.22 z 0.70 tilt 30: 겹침 0 화면안 False 홈거리 1.38 []
2026-09-17T08:35:34Z [10,876ms] [Error] [omni.kit.app._impl] [py stderr]: ###   d 0.22 z 0.78 tilt  0: 겹침 0 화면안 False 홈거리 1.78 []
2026-09-17T08:35:34Z [10,876ms] [Error] [omni.kit.app._impl] [py stderr]: ###   d 0.22 z 0.78 tilt 15: 겹침 0 화면안 False 홈거리 1.54 []
2026-09-17T08:35:34Z [10,876ms] [Error] [omni.kit.app._impl] [py stderr]: ###   d 0.22 z 0.78 tilt 30: 겹침 1 화면안 False 홈거리 1.26 [('panda_link3', 'book_shelf_001')]
2026-09-17T08:35:34Z [10,876ms] [Error] [omni.kit.app._impl] [py stderr]: ###   d 0.22 z 0.86 tilt  0: 겹침 1 화면안 False 홈거리 1.73 [('panda_link3', 'book_shelf_001')]
2026-09-17T08:35:34Z [10,876ms] [Error] [omni.kit.app._impl] [py stderr]: ###   d 0.22 z 0.86 tilt 15: 겹침 2 화면안 False 홈거리 1.45 [('panda_link3', 'book_shelf_001'), ('panda_link4', 'book_shelf_001')]
2026-09-17T08:35:34Z [10,876ms] [Error] [omni.kit.app._impl] [py stderr]: ###   d 0.22 z 0.86 tilt 30: 겹침 2 화면안 False 홈거리 1.16 [('panda_link3', 'book_shelf_001'), ('panda_link4', 'book_shelf_001')]
2026-09-17T08:35:34Z [10,876ms] [Error] [omni.kit.app._impl] [py stderr]: ###   d 0.26 z 0.62 tilt  0: 겹침 2 화면안 False 홈거리 1.78 [('panda_link3', 'book_shelf_001'), ('panda_link4', 'book_shelf_001')]
2026-09-17T08:35:34Z [10,876ms] [Error] [omni.kit.app._impl] [py stderr]: ###   d 0.26 z 0.62 tilt 15: 겹침 2 화면안 False 홈거리 1.64 [('panda_link3', 'book_shelf_001'), ('panda_link4', 'book_shelf_001')]
2026-09-17T08:35:34Z [10,876ms] [Error] [omni.kit.app._impl] [py stderr]: ###   d 0.26 z 0.62 tilt 30: 겹침 1 화면안 False 홈거리 1.45 [('panda_link3', 'book_shelf_001')]
2026-09-17T08:35:34Z [10,876ms] [Error] [omni.kit.app._impl] [py stderr]: ###   d 0.26 z 0.70 tilt  0: 겹침 0 화면안 False 홈거리 1.74 []
2026-09-17T08:35:34Z [10,876ms] [Error] [omni.kit.app._impl] [py stderr]: ###   d 0.26 z 0.70 tilt 15: 겹침 0 화면안 False 홈거리 1.54 []
2026-09-17T08:35:34Z [10,876ms] [Error] [omni.kit.app._impl] [py stderr]: ###   d 0.26 z 0.70 tilt 30: 겹침 0 화면안 False 홈거리 1.31 []
2026-09-17T08:35:34Z [10,876ms] [Error] [omni.kit.app._impl] [py stderr]: ###   d 0.26 z 0.78 tilt  0: 겹침 0 화면안 False 홈거리 1.70 []
2026-09-17T08:35:34Z [10,876ms] [Error] [omni.kit.app._impl] [py stderr]: ###   d 0.26 z 0.78 tilt 15: 겹침 0 화면안 False 홈거리 1.46 []
2026-09-17T08:35:34Z [10,876ms] [Error] [omni.kit.app._impl] [py stderr]: ###   d 0.26 z 0.78 tilt 30: 겹침 0 화면안 False 홈거리 1.19 []
2026-09-17T08:35:34Z [10,876ms] [Error] [omni.kit.app._impl] [py stderr]: ###   d 0.26 z 0.86 tilt  0: 겹침 0 화면안 False 홈거리 1.66 []
2026-09-17T08:35:34Z [10,876ms] [Error] [omni.kit.app._impl] [py stderr]: ###   d 0.26 z 0.86 tilt 15: 겹침 0 화면안 False 홈거리 1.39 []
2026-09-17T08:35:34Z [10,876ms] [Error] [omni.kit.app._impl] [py stderr]: ###   d 0.26 z 0.86 tilt 30: 겹침 0 화면안 False 홈거리 1.11 []
2026-09-17T08:35:34Z [10,876ms] [Error] [omni.kit.app._impl] [py stderr]: ###   d 0.30 z 0.62 tilt  0: 겹침 0 화면안 False 홈거리 1.68 []
2026-09-17T08:35:34Z [10,876ms] [Error] [omni.kit.app._impl] [py stderr]: ###   d 0.30 z 0.62 tilt 15: 겹침 0 화면안 False 홈거리 1.54 []
2026-09-17T08:35:34Z [10,876ms] [Error] [omni.kit.app._impl] [py stderr]: ###   d 0.30 z 0.62 tilt 30: 겹침 0 화면안 False 홈거리 1.35 []
2026-09-17T08:35:34Z [10,876ms] [Error] [omni.kit.app._impl] [py stderr]: ###   d 0.30 z 0.70 tilt  0: 겹침 0 화면안 False 홈거리 1.64 []
2026-09-17T08:35:34Z [10,876ms] [Error] [omni.kit.app._impl] [py stderr]: ###   d 0.30 z 0.70 tilt 15: 겹침 0 화면안 False 홈거리 1.45 []
2026-09-17T08:35:34Z [10,876ms] [Error] [omni.kit.app._impl] [py stderr]: ###   d 0.30 z 0.70 tilt 30: 겹침 0 화면안 False 홈거리 1.22 []
2026-09-17T08:35:34Z [10,876ms] [Error] [omni.kit.app._impl] [py stderr]: ###   d 0.30 z 0.78 tilt  0: 겹침 0 화면안 False 홈거리 1.61 []
2026-09-17T08:35:34Z [10,876ms] [Error] [omni.kit.app._impl] [py stderr]: ###   d 0.30 z 0.78 tilt 15: 겹침 0 화면안 False 홈거리 1.38 []
2026-09-17T08:35:34Z [10,876ms] [Error] [omni.kit.app._impl] [py stderr]: ###   d 0.30 z 0.78 tilt 30: 겹침 0 화면안 False 홈거리 1.13 []
2026-09-17T08:35:34Z [10,876ms] [Error] [omni.kit.app._impl] [py stderr]: ###   d 0.30 z 0.86 tilt  0: 겹침 0 화면안 False 홈거리 1.58 []
2026-09-17T08:35:34Z [10,876ms] [Error] [omni.kit.app._impl] [py stderr]: ###   d 0.30 z 0.86 tilt 15: 겹침 0 화면안 False 홈거리 1.33 []
2026-09-17T08:35:34Z [10,876ms] [Error] [omni.kit.app._impl] [py stderr]: ###   d 0.30 z 0.86 tilt 30: 겹침 0 화면안 False 홈거리 1.06 []
2026-09-17T08:35:34Z [10,876ms] [Error] [omni.kit.app._impl] [py stderr]: ###   d 0.34 z 0.62 tilt  0: 겹침 0 화면안 False 홈거리 1.57 []
2026-09-17T08:35:34Z [10,876ms] [Error] [omni.kit.app._impl] [py stderr]: ###   d 0.34 z 0.62 tilt 15: 겹침 0 화면안 False 홈거리 1.43 []
2026-09-17T08:35:34Z [10,876ms] [Error] [omni.kit.app._impl] [py stderr]: ###   d 0.34 z 0.62 tilt 30: 겹침 0 화면안 False 홈거리 1.25 []
2026-09-17T08:35:34Z [10,876ms] [Error] [omni.kit.app._impl] [py stderr]: ###   d 0.34 z 0.70 tilt  0: 겹침 0 화면안 False 홈거리 1.54 []
2026-09-17T08:35:34Z [10,876ms] [Error] [omni.kit.app._impl] [py stderr]: ###   d 0.34 z 0.70 tilt 15: 겹침 0 화면안 False 홈거리 1.35 []
2026-09-17T08:35:34Z [10,876ms] [Error] [omni.kit.app._impl] [py stderr]: ###   d 0.34 z 0.70 tilt 30: 겹침 0 화면안 False 홈거리 1.13 []
2026-09-17T08:35:34Z [10,876ms] [Error] [omni.kit.app._impl] [py stderr]: ###   d 0.34 z 0.78 tilt  0: 겹침 0 화면안 False 홈거리 1.52 []
2026-09-17T08:35:34Z [10,876ms] [Error] [omni.kit.app._impl] [py stderr]: ###   d 0.34 z 0.78 tilt 15: 겹침 0 화면안 False 홈거리 1.30 []
2026-09-17T08:35:34Z [10,876ms] [Error] [omni.kit.app._impl] [py stderr]: ###   d 0.34 z 0.78 tilt 30: 겹침 0 화면안 False 홈거리 1.05 []
2026-09-17T08:35:34Z [10,876ms] [Error] [omni.kit.app._impl] [py stderr]: ###   d 0.34 z 0.86 tilt  0: 겹침 0 화면안 False 홈거리 1.50 []
2026-09-17T08:35:34Z [10,876ms] [Error] [omni.kit.app._impl] [py stderr]: ###   d 0.34 z 0.86 tilt 15: 겹침 0 화면안 False 홈거리 1.26 []
2026-09-17T08:35:34Z [10,876ms] [Error] [omni.kit.app._impl] [py stderr]: ###   d 0.34 z 0.86 tilt 30: 겹침 0 화면안 False 홈거리 1.00 []
2026-09-17T08:35:34Z [10,879ms] [Error] [omni.kit.app._impl] [py stderr]: ### 통과 후보 없음
[10.966s] Simulation App Shutting Down
