[37;1m2026-09-29 04:53:12.454 [31;1m[[37;1mXMLProfileManager[31;1m Error] [37mCould not extract any profile[34;1m -> Function [36mextractProfiles[m
[INFO] [1790625192.506790069] [manipulation_node]: PlaceBook /place_book executor=sim profile=default tray_slots=6 status=/robot/status perception_bridge=True
[INFO] [1790625260.122556847] [manipulation_node]: 베이스 회전 명령 전송 (목표 yaw +0°, 서가 거리 0.444)
[INFO] [1790625264.246964441] [manipulation_node]: 베이스 회전 완료
[INFO] [1790625291.177312051] [manipulation_node]: [스캔캐시] 저장 — 관측 7개 (/World/bookshelves_main/shelf_brown__book_shelf_01)
[INFO] [1790625291.177578191] [manipulation_node]: 빈칸 깊이: 관측 y 0.624 → 칸중심 0.724 · 앞면 실측 0.444 → 칸중심 0.544 (차이 +180 mm) — **앞면 쪽을 쓴다** [slot_y_from_shelf_front]
[INFO] [1790625291.177736995] [manipulation_node]: 빈칸 관측 버림 (서가 밖): (-0.782, 0.506, 0.266) 서가 x -0.66~0.66 y 0.41~0.80 z -0.33~2.19
[INFO] [1790625291.177882935] [manipulation_node]: 빈칸 관측 버림 (서가 밖): (-0.783, 0.488, 0.190) 서가 x -0.66~0.66 y 0.41~0.80 z -0.33~2.19
[INFO] [1790625291.178110651] [manipulation_node]: 빈칸 깊이: 관측 y 0.523 → 칸중심 0.623 · 앞면 실측 0.444 → 칸중심 0.544 (차이 +79 mm) — **앞면 쪽을 쓴다** [slot_y_from_shelf_front]
[INFO] [1790625291.178354368] [manipulation_node]: 빈칸 깊이: 관측 y 0.510 → 칸중심 0.610 · 앞면 실측 0.444 → 칸중심 0.544 (차이 +66 mm) — **앞면 쪽을 쓴다** [slot_y_from_shelf_front]
[INFO] [1790625291.178592484] [manipulation_node]: 빈칸 깊이: 관측 y 0.539 → 칸중심 0.638 · 앞면 실측 0.444 → 칸중심 0.544 (차이 +95 mm) — **앞면 쪽을 쓴다** [slot_y_from_shelf_front]
[INFO] [1790625291.178963324] [manipulation_node]: 빈칸 x: 검출 +0.2588 → 실측 빈칸 중심 +0.2733 (+14.5 mm, 빈칸 폭 95.8 mm, 책 두께 35.2 mm, 남는 여유 한쪽 30.3 mm, 판 상대높이 +0.000 m) [slot_x_snap_to_gap]
[INFO] [1790625291.179316991] [manipulation_node]: [배정] 책 35.2 mm → 칸 95.8 mm (여유 합 60.6 mm)
[INFO] [1790625291.179642956] [manipulation_node]: 빈칸 선택: 책 사이 틈 관측 (0.273, 0.523, 0.356) → 칸 중심 y 0.544, z 0.340 (판 높이로 스냅); 꽂기 전 차체를 옆으로 +0.623 m 옮겨 틈을 x -0.35 에 둔다
[INFO] [1790625291.180016531] [manipulation_node]: 빈 슬롯 스캔 완료: (-0.35, 0.5439, 0.3399), 삽입깊이 0.300m
[INFO] [1790625291.183133410] [manipulation_node]: 베이스 회전 명령 전송 (목표 yaw +0°, 서가 거리 0.444)
[INFO] [1790625297.244833924] [manipulation_node]: 베이스 회전 완료
[WARN] [1790625297.345506339] [manipulation_node]: 책 관측이 안 정해진다: 관측 1개가 책 1권에 흩어져 있다 — 가장 많이 본 것도 1개뿐이라 (필요 2) 어느 것이 튄 값인지 알 수 없다 — 더 본다
[WARN] [1790625297.446060729] [manipulation_node]: 책 관측이 안 정해진다: 관측 1개가 책 1권에 흩어져 있다 — 가장 많이 본 것도 1개뿐이라 (필요 2) 어느 것이 튄 값인지 알 수 없다 — 더 본다
[WARN] [1790625297.546511210] [manipulation_node]: 책 관측이 안 정해진다: 관측 1개가 책 1권에 흩어져 있다 — 가장 많이 본 것도 1개뿐이라 (필요 2) 어느 것이 튄 값인지 알 수 없다 — 더 본다
[WARN] [1790625297.646991939] [manipulation_node]: 책 관측이 안 정해진다: 관측 1개가 책 1권에 흩어져 있다 — 가장 많이 본 것도 1개뿐이라 (필요 2) 어느 것이 튄 값인지 알 수 없다 — 더 본다
[WARN] [1790625297.747442089] [manipulation_node]: 책 관측이 안 정해진다: 관측 1개가 책 1권에 흩어져 있다 — 가장 많이 본 것도 1개뿐이라 (필요 2) 어느 것이 튄 값인지 알 수 없다 — 더 본다
[INFO] [1790625297.847962774] [manipulation_node]: 책 좌표 정함 (-0.3589, -0.0011, +0.2104) — 관측 2개 · 책 1권 · 고른 책 2개 (x 흔들림 3 mm) → 축마다 중앙값
[INFO] [1790625297.848519200] [manipulation_node]: 작업 job_2389526b39bf book=book_003 트레이 칸 0 파지 [-0.35888514450723397, -0.0011289832032951586, 0.13455328498484195] (vision) → (-0.35, 0.5438500024676323, 0.3399) 삽입 속도 0.030 m/s
[INFO] [1790625411.335901468] [manipulation_node]: 빈칸 실측이 낡았다 (배치 1회째) — 다음 판은 다시 스캔해야 한다. 트레이 쓴 칸 [0] / 전체 6
[INFO] [1790625411.336160553] [manipulation_node]: PlaceBook 성공 job=job_2389526b39bf code=0(OK) phase= 배치 확인
[INFO] [1790625411.341880732] [manipulation_node]: 베이스 회전 명령 전송 (목표 yaw +0°, 서가 거리 0.444)
[INFO] [1790625415.885230077] [manipulation_node]: 베이스 회전 완료
[INFO] [1790625415.885442102] [manipulation_node]: [스캔캐시] 후보 — 관측 7개 (/World/bookshelves_main/shelf_brown__book_shelf_01). 팔 스윕 생략, 빈칸만 다시 잰다
[INFO] [1790625420.103500613] [manipulation_node]: [스캔캐시] 사용 — 관측 7개 (/World/bookshelves_main/shelf_brown__book_shelf_01)
[INFO] [1790625420.103749538] [manipulation_node]: 빈칸 깊이: 관측 y 0.624 → 칸중심 0.724 · 앞면 실측 0.444 → 칸중심 0.544 (차이 +180 mm) — **앞면 쪽을 쓴다** [slot_y_from_shelf_front]
[INFO] [1790625420.103898613] [manipulation_node]: 빈칸 관측 버림 (서가 밖): (-0.782, 0.506, 0.266) 서가 x -0.66~0.66 y 0.41~0.80 z -0.33~2.19
[INFO] [1790625420.104102302] [manipulation_node]: 빈칸 관측 버림 (서가 밖): (-0.783, 0.488, 0.190) 서가 x -0.66~0.66 y 0.41~0.80 z -0.33~2.19
[INFO] [1790625420.104375163] [manipulation_node]: 빈칸 깊이: 관측 y 0.523 → 칸중심 0.623 · 앞면 실측 0.444 → 칸중심 0.544 (차이 +79 mm) — **앞면 쪽을 쓴다** [slot_y_from_shelf_front]
[INFO] [1790625420.104542893] [manipulation_node]: 빈칸 깊이: 관측 y 0.510 → 칸중심 0.610 · 앞면 실측 0.444 → 칸중심 0.544 (차이 +66 mm) — **앞면 쪽을 쓴다** [slot_y_from_shelf_front]
[INFO] [1790625420.104698180] [manipulation_node]: 빈칸 깊이: 관측 y 0.539 → 칸중심 0.638 · 앞면 실측 0.444 → 칸중심 0.544 (차이 +95 mm) — **앞면 쪽을 쓴다** [slot_y_from_shelf_front]
[WARN] [1790625420.104980609] [manipulation_node]: **판을 옮긴다** — 가리킨 판에 자리가 없다 (들어가는 빈칸이 없다 — 실측 빈칸 3개 중 가장 넓은 것이 33.3 mm 인데 책 두께 35.2 mm 에 양쪽 여유 5.0 mm 씩이면 45.2 mm 가 필요하다). 상대 +0.544 m 판의 81 mm 칸으로 간다 (여유 한쪽 22.7 mm). **높이도 그 판 것으로 바꿔야 한다**  칸 중심 z +0.3399 → +0.8839
[INFO] [1790625420.105231358] [manipulation_node]: 빈칸 x: 검출 +0.2588 → 실측 빈칸 중심 -0.4007 (-659.6 mm, 빈칸 폭 80.5 mm, 책 두께 35.2 mm, 남는 여유 한쪽 22.7 mm, 판 상대높이 +0.544 m) [slot_x_snap_to_gap]
[INFO] [1790625420.105530058] [manipulation_node]: [배정] 책 35.2 mm → 칸 80.5 mm (여유 합 45.3 mm)
[INFO] [1790625420.105836503] [manipulation_node]: 빈칸 선택: 책 사이 틈 관측 (-0.401, 0.523, 0.356) → 칸 중심 y 0.544, z 0.884 (판 높이로 스냅); 꽂기 전 차체를 옆으로 -0.051 m 옮겨 틈을 x -0.35 에 둔다
[INFO] [1790625420.106221939] [manipulation_node]: 빈 슬롯 스캔 완료: (-0.35, 0.5439, 0.8839), 삽입깊이 0.300m
[INFO] [1790625420.108888559] [manipulation_node]: 베이스 회전 명령 전송 (목표 yaw +0°, 서가 거리 0.444)
[INFO] [1790625420.835477551] [manipulation_node]: 베이스 회전 완료
[WARN] [1790625421.036132083] [manipulation_node]: 책 관측이 안 정해진다: 관측 1개가 책 1권에 흩어져 있다 — 가장 많이 본 것도 1개뿐이라 (필요 2) 어느 것이 튄 값인지 알 수 없다 — 더 본다
[WARN] [1790625421.136627616] [manipulation_node]: 책 관측이 안 정해진다: 관측 1개가 책 1권에 흩어져 있다 — 가장 많이 본 것도 1개뿐이라 (필요 2) 어느 것이 튄 값인지 알 수 없다 — 더 본다
[WARN] [1790625421.237084465] [manipulation_node]: 책 관측이 안 정해진다: 관측 1개가 책 1권에 흩어져 있다 — 가장 많이 본 것도 1개뿐이라 (필요 2) 어느 것이 튄 값인지 알 수 없다 — 더 본다
[WARN] [1790625421.337618702] [manipulation_node]: 책 관측이 안 정해진다: 관측 1개가 책 1권에 흩어져 있다 — 가장 많이 본 것도 1개뿐이라 (필요 2) 어느 것이 튄 값인지 알 수 없다 — 더 본다
[INFO] [1790625421.438202223] [manipulation_node]: 책 좌표 정함 (-0.3421, -0.1034, +0.2115) — 관측 2개 · 책 1권 · 고른 책 2개 (x 흔들림 0 mm) → 축마다 중앙값
[INFO] [1790625421.438782290] [manipulation_node]: 작업 job_2389526b39bf book=book_004 트레이 칸 1 파지 [-0.3420934545527423, -0.10343295182913616, 0.1356924855696934] (vision) → (-0.35, 0.5438500024676323, 0.8839) 삽입 속도 0.030 m/s
[INFO] [1790625533.987964079] [manipulation_node]: 빈칸 실측이 낡았다 (배치 2회째) — 다음 판은 다시 스캔해야 한다. 트레이 쓴 칸 [0, 1] / 전체 6
[INFO] [1790625533.988266146] [manipulation_node]: PlaceBook 성공 job=job_2389526b39bf code=0(OK) phase= 배치 확인
[INFO] [1790625560.008951773] [manipulation_node]: 베이스 회전 명령 전송 (목표 yaw +0°, 서가 거리 0.444)
[INFO] [1790625561.941317878] [manipulation_node]: 베이스 회전 완료
[INFO] [1790625561.941507009] [manipulation_node]: [스캔캐시] 후보 — 관측 7개 (/World/bookshelves_main/shelf_brown__book_shelf_01). 팔 스윕 생략, 빈칸만 다시 잰다
[INFO] [1790625566.873541201] [manipulation_node]: [스캔캐시] 무효 — 서가가 바뀜 /World/bookshelves_main/shelf_brown__book_shelf_01 → /World/bookshelves_main/shelf_brown__book_shelf_11. 스윕한다
[INFO] [1790625589.857202895] [manipulation_node]: [스캔캐시] 저장 — 관측 10개 (/World/bookshelves_main/shelf_brown__book_shelf_11)
[INFO] [1790625589.857431582] [manipulation_node]: 빈칸 관측 버림 (서가 밖): (-0.782, 2.612, 1.382) 서가 x -0.66~0.66 y 0.41~0.80 z -0.33~2.19
[INFO] [1790625589.857654317] [manipulation_node]: 빈칸 깊이: 관측 y 0.555 → 칸중심 0.655 · 앞면 실측 0.444 → 칸중심 0.544 (차이 +111 mm) — **앞면 쪽을 쓴다** [slot_y_from_shelf_front]
[INFO] [1790625589.857928451] [manipulation_node]: 빈칸 깊이: 관측 y 0.542 → 칸중심 0.642 · 앞면 실측 0.444 → 칸중심 0.544 (차이 +98 mm) — **앞면 쪽을 쓴다** [slot_y_from_shelf_front]
[INFO] [1790625589.858166055] [manipulation_node]: 빈칸 깊이: 관측 y 0.612 → 칸중심 0.712 · 앞면 실측 0.444 → 칸중심 0.544 (차이 +168 mm) — **앞면 쪽을 쓴다** [slot_y_from_shelf_front]
[INFO] [1790625589.858395373] [manipulation_node]: 빈칸 깊이: 관측 y 0.548 → 칸중심 0.648 · 앞면 실측 0.444 → 칸중심 0.544 (차이 +104 mm) — **앞면 쪽을 쓴다** [slot_y_from_shelf_front]
[INFO] [1790625589.858554427] [manipulation_node]: 빈칸 관측 버림 (서가 밖): (-0.787, 0.516, 0.186) 서가 x -0.66~0.66 y 0.41~0.80 z -0.33~2.19
[INFO] [1790625589.858732577] [manipulation_node]: 빈칸 깊이: 관측 y 0.491 → 칸중심 0.591 · 앞면 실측 0.444 → 칸중심 0.544 (차이 +47 mm) — **앞면 쪽을 쓴다** [slot_y_from_shelf_front]
[INFO] [1790625589.858916248] [manipulation_node]: 빈칸 깊이: 관측 y 0.490 → 칸중심 0.590 · 앞면 실측 0.444 → 칸중심 0.544 (차이 +46 mm) — **앞면 쪽을 쓴다** [slot_y_from_shelf_front]
[INFO] [1790625589.859138102] [manipulation_node]: 빈칸 깊이: 관측 y 0.502 → 칸중심 0.602 · 앞면 실측 0.444 → 칸중심 0.544 (차이 +58 mm) — **앞면 쪽을 쓴다** [slot_y_from_shelf_front]
[INFO] [1790625589.859318657] [manipulation_node]: 빈칸 깊이: 관측 y 0.502 → 칸중심 0.602 · 앞면 실측 0.444 → 칸중심 0.544 (차이 +58 mm) — **앞면 쪽을 쓴다** [slot_y_from_shelf_front]
[INFO] [1790625589.859567302] [manipulation_node]: 빈칸 x: 검출 -0.0595 → 실측 빈칸 중심 -0.0896 (-30.0 mm, 빈칸 폭 85.9 mm, 책 두께 35.2 mm, 남는 여유 한쪽 25.4 mm, 판 상대높이 +0.000 m) [slot_x_snap_to_gap]
[INFO] [1790625589.859799546] [manipulation_node]: [배정] 책 35.2 mm → 칸 85.9 mm (여유 합 50.7 mm)
[INFO] [1790625589.860045475] [manipulation_node]: 빈칸 선택: 책 사이 틈 관측 (-0.090, 0.502, 0.359) → 칸 중심 y 0.544, z 0.340 (판 높이로 스냅); 꽂기 전 차체를 옆으로 +0.260 m 옮겨 틈을 x -0.35 에 둔다
[INFO] [1790625589.860297858] [manipulation_node]: 빈 슬롯 스캔 완료: (-0.35, 0.5439, 0.3399), 삽입깊이 0.300m
[INFO] [1790625589.863059885] [manipulation_node]: 베이스 회전 명령 전송 (목표 yaw +0°, 서가 거리 0.444)
[INFO] [1790625591.792541975] [manipulation_node]: 베이스 회전 완료
[WARN] [1790625592.393588547] [manipulation_node]: 책 관측이 안 정해진다: 관측 1개가 책 1권에 흩어져 있다 — 가장 많이 본 것도 1개뿐이라 (필요 2) 어느 것이 튄 값인지 알 수 없다 — 더 본다
[WARN] [1790625592.494031496] [manipulation_node]: 책 관측이 안 정해진다: 관측 1개가 책 1권에 흩어져 있다 — 가장 많이 본 것도 1개뿐이라 (필요 2) 어느 것이 튄 값인지 알 수 없다 — 더 본다
[WARN] [1790625592.594481498] [manipulation_node]: 책 관측이 안 정해진다: 관측 1개가 책 1권에 흩어져 있다 — 가장 많이 본 것도 1개뿐이라 (필요 2) 어느 것이 튄 값인지 알 수 없다 — 더 본다
[WARN] [1790625592.695074583] [manipulation_node]: 책 관측이 안 정해진다: 관측 1개가 책 1권에 흩어져 있다 — 가장 많이 본 것도 1개뿐이라 (필요 2) 어느 것이 튄 값인지 알 수 없다 — 더 본다
[WARN] [1790625592.795526900] [manipulation_node]: 책 관측이 안 정해진다: 관측 1개가 책 1권에 흩어져 있다 — 가장 많이 본 것도 1개뿐이라 (필요 2) 어느 것이 튄 값인지 알 수 없다 — 더 본다
[INFO] [1790625592.896001730] [manipulation_node]: 책 좌표 정함 (-0.3155, +0.0770, +0.2142) — 관측 2개 · 책 1권 · 고른 책 2개 (x 흔들림 6 mm) → 축마다 중앙값
[INFO] [1790625592.896465315] [manipulation_node]: 작업 job_2389526b39bf book=book_001 트레이 칸 2 파지 [-0.31548362909908434, 0.07697420260138743, 0.13834024444097043] (vision) → (-0.35, 0.5438500024676323, 0.3399) 삽입 속도 0.030 m/s
[INFO] [1790625702.732104298] [manipulation_node]: 빈칸 실측이 낡았다 (배치 3회째) — 다음 판은 다시 스캔해야 한다. 트레이 쓴 칸 [0, 1, 2] / 전체 6
[INFO] [1790625702.732379154] [manipulation_node]: PlaceBook 성공 job=job_2389526b39bf code=0(OK) phase= 배치 확인
[INFO] [1790625702.738852437] [manipulation_node]: 베이스 회전 명령 전송 (목표 yaw +0°, 서가 거리 0.444)
[INFO] [1790625704.513504966] [manipulation_node]: 베이스 회전 완료
[INFO] [1790625704.513676735] [manipulation_node]: [스캔캐시] 후보 — 관측 10개 (/World/bookshelves_main/shelf_brown__book_shelf_11). 팔 스윕 생략, 빈칸만 다시 잰다
[INFO] [1790625708.753442831] [manipulation_node]: [스캔캐시] 사용 — 관측 10개 (/World/bookshelves_main/shelf_brown__book_shelf_11)
[INFO] [1790625708.753762371] [manipulation_node]: 빈칸 관측 버림 (서가 밖): (-0.782, 2.612, 1.382) 서가 x -0.66~0.66 y 0.41~0.80 z -0.33~2.19
[INFO] [1790625708.754024973] [manipulation_node]: 빈칸 깊이: 관측 y 0.555 → 칸중심 0.655 · 앞면 실측 0.444 → 칸중심 0.544 (차이 +111 mm) — **앞면 쪽을 쓴다** [slot_y_from_shelf_front]
[INFO] [1790625708.754235957] [manipulation_node]: 빈칸 깊이: 관측 y 0.542 → 칸중심 0.642 · 앞면 실측 0.444 → 칸중심 0.544 (차이 +98 mm) — **앞면 쪽을 쓴다** [slot_y_from_shelf_front]
[INFO] [1790625708.754389009] [manipulation_node]: 빈칸 깊이: 관측 y 0.612 → 칸중심 0.712 · 앞면 실측 0.444 → 칸중심 0.544 (차이 +168 mm) — **앞면 쪽을 쓴다** [slot_y_from_shelf_front]
[INFO] [1790625708.754549125] [manipulation_node]: 빈칸 깊이: 관측 y 0.548 → 칸중심 0.648 · 앞면 실측 0.444 → 칸중심 0.544 (차이 +104 mm) — **앞면 쪽을 쓴다** [slot_y_from_shelf_front]
[INFO] [1790625708.754717627] [manipulation_node]: 빈칸 관측 버림 (서가 밖): (-0.787, 0.516, 0.186) 서가 x -0.66~0.66 y 0.41~0.80 z -0.33~2.19
[INFO] [1790625708.754897211] [manipulation_node]: 빈칸 깊이: 관측 y 0.491 → 칸중심 0.591 · 앞면 실측 0.444 → 칸중심 0.544 (차이 +47 mm) — **앞면 쪽을 쓴다** [slot_y_from_shelf_front]
[INFO] [1790625708.755083767] [manipulation_node]: 빈칸 깊이: 관측 y 0.490 → 칸중심 0.590 · 앞면 실측 0.444 → 칸중심 0.544 (차이 +46 mm) — **앞면 쪽을 쓴다** [slot_y_from_shelf_front]
[INFO] [1790625708.755268390] [manipulation_node]: 빈칸 깊이: 관측 y 0.502 → 칸중심 0.602 · 앞면 실측 0.444 → 칸중심 0.544 (차이 +58 mm) — **앞면 쪽을 쓴다** [slot_y_from_shelf_front]
[INFO] [1790625708.755448074] [manipulation_node]: 빈칸 깊이: 관측 y 0.502 → 칸중심 0.602 · 앞면 실측 0.444 → 칸중심 0.544 (차이 +58 mm) — **앞면 쪽을 쓴다** [slot_y_from_shelf_front]
[WARN] [1790625708.755698753] [manipulation_node]: **판을 옮긴다** — 가리킨 판에 자리가 없다 (들어가는 빈칸이 없다 — 실측 빈칸 2개 중 가장 넓은 것이 21.8 mm 인데 책 두께 35.2 mm 에 양쪽 여유 5.0 mm 씩이면 45.2 mm 가 필요하다). 상대 +0.544 m 판의 83 mm 칸으로 간다 (여유 한쪽 23.9 mm). **높이도 그 판 것으로 바꿔야 한다**  칸 중심 z +0.3399 → +0.8839
[INFO] [1790625708.755919424] [manipulation_node]: 빈칸 x: 검출 -0.0595 → 실측 빈칸 중심 +0.1387 (+198.3 mm, 빈칸 폭 82.9 mm, 책 두께 35.2 mm, 남는 여유 한쪽 23.9 mm, 판 상대높이 +0.544 m) [slot_x_snap_to_gap]
[INFO] [1790625708.756144194] [manipulation_node]: [배정] 책 35.2 mm → 칸 82.9 mm (여유 합 47.7 mm)
[INFO] [1790625708.756390355] [manipulation_node]: 빈칸 선택: 책 사이 틈 관측 (0.139, 0.502, 0.359) → 칸 중심 y 0.544, z 0.884 (판 높이로 스냅); 꽂기 전 차체를 옆으로 +0.489 m 옮겨 틈을 x -0.35 에 둔다
[INFO] [1790625708.756770110] [manipulation_node]: 빈 슬롯 스캔 완료: (-0.35, 0.5439, 0.8839), 삽입깊이 0.300m
[INFO] [1790625708.759706082] [manipulation_node]: 베이스 회전 명령 전송 (목표 yaw +0°, 서가 거리 0.444)
[INFO] [1790625712.202809383] [manipulation_node]: 베이스 회전 완료
[WARN] [1790625712.403432973] [manipulation_node]: 책 관측이 안 정해진다: 관측 1개가 책 1권에 흩어져 있다 — 가장 많이 본 것도 1개뿐이라 (필요 2) 어느 것이 튄 값인지 알 수 없다 — 더 본다
[WARN] [1790625712.503888538] [manipulation_node]: 책 관측이 안 정해진다: 관측 1개가 책 1권에 흩어져 있다 — 가장 많이 본 것도 1개뿐이라 (필요 2) 어느 것이 튄 값인지 알 수 없다 — 더 본다
[WARN] [1790625712.604327171] [manipulation_node]: 책 관측이 안 정해진다: 관측 1개가 책 1권에 흩어져 있다 — 가장 많이 본 것도 1개뿐이라 (필요 2) 어느 것이 튄 값인지 알 수 없다 — 더 본다
[WARN] [1790625712.704758119] [manipulation_node]: 책 관측이 안 정해진다: 관측 1개가 책 1권에 흩어져 있다 — 가장 많이 본 것도 1개뿐이라 (필요 2) 어느 것이 튄 값인지 알 수 없다 — 더 본다
[INFO] [1790625712.805366676] [manipulation_node]: 책 좌표 정함 (-0.3462, -0.1807, +0.1875) — 관측 2개 · 책 1권 · 고른 책 2개 (x 흔들림 0 mm) → 축마다 중앙값
[INFO] [1790625712.805875629] [manipulation_node]: 작업 job_2389526b39bf book=book_002 트레이 칸 3 파지 [-0.3462225453988569, -0.1807006746308249, 0.11163530816500222] (vision) → (-0.35, 0.5438500024676323, 0.8839) 삽입 속도 0.030 m/s
[INFO] [1790625822.253190530] [manipulation_node]: 빈칸 실측이 낡았다 (배치 4회째) — 다음 판은 다시 스캔해야 한다. 트레이 쓴 칸 [0, 1, 2, 3] / 전체 6
[INFO] [1790625822.253485534] [manipulation_node]: PlaceBook 성공 job=job_2389526b39bf code=0(OK) phase= 배치 확인
